[2026-04-24T12:48:46-04:00] bootstrap_admin_ui: Session data before resolution: platform_admin=true, platform_role=super_admin, user_id=7
[2026-04-24T12:48:46-04:00] bootstrap_admin_ui: Identity resolved: source=platform_session, is_authenticated=true, user_id=7, is_platform_admin=true
[2026-04-24T12:49:14-04:00] bootstrap_admin_ui: Session data before resolution: platform_admin=true, platform_role=super_admin, user_id=7
[2026-04-24T12:49:14-04:00] bootstrap_admin_ui: Identity resolved: source=platform_session, is_authenticated=true, user_id=7, is_platform_admin=true
[2026-04-24T12:49:17-04:00] bootstrap_admin_ui: Session data before resolution: platform_admin=true, platform_role=super_admin, user_id=7
[2026-04-24T12:49:17-04:00] bootstrap_admin_ui: Identity resolved: source=platform_session, is_authenticated=true, user_id=7, is_platform_admin=true
[2026-04-24T12:49:17-04:00] bootstrap_admin_ui: Session data before resolution: platform_admin=true, platform_role=super_admin, user_id=7
[2026-04-24T12:49:17-04:00] bootstrap_admin_ui: Identity resolved: source=platform_session, is_authenticated=true, user_id=7, is_platform_admin=true
[2026-04-24T12:49:22-04:00] bootstrap_admin_ui: Session data before resolution: platform_admin=true, platform_role=super_admin, user_id=7
[2026-04-24T12:49:22-04:00] bootstrap_admin_ui: Identity resolved: source=platform_session, is_authenticated=true, user_id=7, is_platform_admin=true
[2026-04-24T12:49:24-04:00] bootstrap_admin_ui: Session data before resolution: platform_admin=true, platform_role=super_admin, user_id=7
[2026-04-24T12:49:24-04:00] bootstrap_admin_ui: Identity resolved: source=platform_session, is_authenticated=true, user_id=7, is_platform_admin=true
[2026-04-24T12:49:25-04:00] bootstrap_admin_ui: Session data before resolution: platform_admin=true, platform_role=super_admin, user_id=7
[2026-04-24T12:49:25-04:00] bootstrap_admin_ui: Identity resolved: source=platform_session, is_authenticated=true, user_id=7, is_platform_admin=true
[2026-04-24T12:49:28-04:00] bootstrap_admin_ui: Session data before resolution: platform_admin=true, platform_role=super_admin, user_id=7
[2026-04-24T12:49:28-04:00] bootstrap_admin_ui: Identity resolved: source=platform_session, is_authenticated=true, user_id=7, is_platform_admin=true
[2026-04-24T12:49:28-04:00] bootstrap_admin_ui: Session data before resolution: platform_admin=true, platform_role=super_admin, user_id=7
[2026-04-24T12:49:28-04:00] bootstrap_admin_ui: Identity resolved: source=platform_session, is_authenticated=true, user_id=7, is_platform_admin=true
[2026-04-24T12:49:31-04:00] bootstrap_admin_ui: Session data before resolution: platform_admin=true, platform_role=super_admin, user_id=7
[2026-04-24T12:49:31-04:00] bootstrap_admin_ui: Identity resolved: source=platform_session, is_authenticated=true, user_id=7, is_platform_admin=true
[2026-04-24T12:49:31-04:00] bootstrap_admin_ui: Session data before resolution: platform_admin=true, platform_role=super_admin, user_id=7
[2026-04-24T12:49:31-04:00] bootstrap_admin_ui: Identity resolved: source=platform_session, is_authenticated=true, user_id=7, is_platform_admin=true
[2026-04-24T12:49:31-04:00] bootstrap_admin_ui: Session data before resolution: platform_admin=true, platform_role=super_admin, user_id=7
[2026-04-24T12:49:31-04:00] bootstrap_admin_ui: Identity resolved: source=platform_session, is_authenticated=true, user_id=7, is_platform_admin=true
[2026-04-24T12:49:35-04:00] bootstrap_admin_ui: Session data before resolution: platform_admin=true, platform_role=super_admin, user_id=7
[2026-04-24T12:49:35-04:00] bootstrap_admin_ui: Identity resolved: source=platform_session, is_authenticated=true, user_id=7, is_platform_admin=true
[2026-04-24T12:49:35-04:00] bootstrap_admin_ui: Session data before resolution: platform_admin=true, platform_role=super_admin, user_id=7
[2026-04-24T12:49:35-04:00] bootstrap_admin_ui: Identity resolved: source=platform_session, is_authenticated=true, user_id=7, is_platform_admin=true
[2026-04-24T12:49:38-04:00] bootstrap_admin_ui: Session data before resolution: platform_admin=true, platform_role=super_admin, user_id=7
[2026-04-24T12:49:38-04:00] bootstrap_admin_ui: Identity resolved: source=platform_session, is_authenticated=true, user_id=7, is_platform_admin=true
[2026-04-24T12:49:38-04:00] bootstrap_admin_ui: Session data before resolution: platform_admin=true, platform_role=super_admin, user_id=7
[2026-04-24T12:49:38-04:00] bootstrap_admin_ui: Identity resolved: source=platform_session, is_authenticated=true, user_id=7, is_platform_admin=true
[2026-04-24T12:49:38-04:00] bootstrap_admin_ui: Session data before resolution: platform_admin=true, platform_role=super_admin, user_id=7
[2026-04-24T12:49:38-04:00] bootstrap_admin_ui: Identity resolved: source=platform_session, is_authenticated=true, user_id=7, is_platform_admin=true
[2026-04-24T12:49:45-04:00] bootstrap_admin_ui: Session data before resolution: platform_admin=true, platform_role=super_admin, user_id=7
[2026-04-24T12:49:45-04:00] bootstrap_admin_ui: Identity resolved: source=platform_session, is_authenticated=true, user_id=7, is_platform_admin=true
[2026-04-24T12:49:45-04:00] bootstrap_admin_ui: Session data before resolution: platform_admin=true, platform_role=super_admin, user_id=7
[2026-04-24T12:49:45-04:00] bootstrap_admin_ui: Identity resolved: source=platform_session, is_authenticated=true, user_id=7, is_platform_admin=true
[2026-04-24T12:49:51-04:00] bootstrap_admin_ui: Session data before resolution: platform_admin=true, platform_role=super_admin, user_id=7
[2026-04-24T12:49:51-04:00] bootstrap_admin_ui: Identity resolved: source=platform_session, is_authenticated=true, user_id=7, is_platform_admin=true
[2026-04-24T12:49:51-04:00] bootstrap_admin_ui: Session data before resolution: platform_admin=true, platform_role=super_admin, user_id=7
[2026-04-24T12:49:51-04:00] bootstrap_admin_ui: Identity resolved: source=platform_session, is_authenticated=true, user_id=7, is_platform_admin=true
[2026-04-24T12:49:58-04:00] bootstrap_admin_ui: Session data before resolution: platform_admin=true, platform_role=super_admin, user_id=7
[2026-04-24T12:49:58-04:00] bootstrap_admin_ui: Identity resolved: source=platform_session, is_authenticated=true, user_id=7, is_platform_admin=true
[2026-04-24T12:50:05-04:00] bootstrap_admin_ui: Session data before resolution: platform_admin=true, platform_role=super_admin, user_id=7
[2026-04-24T12:50:05-04:00] bootstrap_admin_ui: Identity resolved: source=platform_session, is_authenticated=true, user_id=7, is_platform_admin=true
[2026-04-24T12:50:05-04:00] bootstrap_admin_ui: Session data before resolution: platform_admin=true, platform_role=super_admin, user_id=7
[2026-04-24T12:50:05-04:00] bootstrap_admin_ui: Identity resolved: source=platform_session, is_authenticated=true, user_id=7, is_platform_admin=true
[2026-04-25T02:29:06-04:00] bootstrap_admin_ui: Session data before resolution: platform_admin=true, platform_role=super_admin, user_id=7
[2026-04-25T02:29:06-04:00] bootstrap_admin_ui: Identity resolved: source=platform_session, is_authenticated=true, user_id=7, is_platform_admin=true
[2026-04-25T02:29:25-04:00] bootstrap_admin_ui: Session data before resolution: platform_admin=true, platform_role=super_admin, user_id=7
[2026-04-25T02:29:25-04:00] bootstrap_admin_ui: Identity resolved: source=platform_session, is_authenticated=true, user_id=7, is_platform_admin=true
[2026-04-25T02:29:31-04:00] bootstrap_admin_ui: Session data before resolution: platform_admin=true, platform_role=super_admin, user_id=7
[2026-04-25T02:29:31-04:00] bootstrap_admin_ui: Identity resolved: source=platform_session, is_authenticated=true, user_id=7, is_platform_admin=true
[2026-04-25T02:29:33-04:00] bootstrap_admin_ui: Session data before resolution: platform_admin=true, platform_role=super_admin, user_id=7
[2026-04-25T02:29:33-04:00] bootstrap_admin_ui: Identity resolved: source=platform_session, is_authenticated=true, user_id=7, is_platform_admin=true
[2026-04-25T02:29:35-04:00] bootstrap_admin_ui: Session data before resolution: platform_admin=true, platform_role=super_admin, user_id=7
[2026-04-25T02:29:35-04:00] bootstrap_admin_ui: Identity resolved: source=platform_session, is_authenticated=true, user_id=7, is_platform_admin=true
[2026-04-25T02:29:37-04:00] bootstrap_admin_ui: Session data before resolution: platform_admin=true, platform_role=super_admin, user_id=7
[2026-04-25T02:29:37-04:00] bootstrap_admin_ui: Identity resolved: source=platform_session, is_authenticated=true, user_id=7, is_platform_admin=true
[2026-04-25T02:29:41-04:00] bootstrap_admin_ui: Session data before resolution: platform_admin=true, platform_role=super_admin, user_id=7
[2026-04-25T02:29:41-04:00] bootstrap_admin_ui: Identity resolved: source=platform_session, is_authenticated=true, user_id=7, is_platform_admin=true
[2026-04-25T02:29:43-04:00] bootstrap_admin_ui: Session data before resolution: platform_admin=true, platform_role=super_admin, user_id=7
[2026-04-25T02:29:43-04:00] bootstrap_admin_ui: Identity resolved: source=platform_session, is_authenticated=true, user_id=7, is_platform_admin=true
[2026-04-25T02:30:11-04:00] bootstrap_admin_ui: Session data before resolution: platform_admin=true, platform_role=super_admin, user_id=7
[2026-04-25T02:30:11-04:00] bootstrap_admin_ui: Identity resolved: source=platform_session, is_authenticated=true, user_id=7, is_platform_admin=true
[2026-04-25T02:30:13-04:00] bootstrap_admin_ui: Session data before resolution: platform_admin=true, platform_role=super_admin, user_id=7
[2026-04-25T02:30:13-04:00] bootstrap_admin_ui: Identity resolved: source=platform_session, is_authenticated=true, user_id=7, is_platform_admin=true
[2026-04-25T02:30:13-04:00] bootstrap_admin_ui: Session data before resolution: platform_admin=true, platform_role=super_admin, user_id=7
[2026-04-25T02:30:13-04:00] bootstrap_admin_ui: Identity resolved: source=platform_session, is_authenticated=true, user_id=7, is_platform_admin=true
[2026-04-25T02:30:56-04:00] bootstrap_admin_ui: Session data before resolution: platform_admin=true, platform_role=super_admin, user_id=7
[2026-04-25T02:30:56-04:00] bootstrap_admin_ui: Identity resolved: source=platform_session, is_authenticated=true, user_id=7, is_platform_admin=true
[2026-04-25T02:35:36-04:00] bootstrap_admin_ui: Session data before resolution: platform_admin=true, platform_role=super_admin, user_id=7
[2026-04-25T02:35:36-04:00] bootstrap_admin_ui: Identity resolved: source=platform_session, is_authenticated=true, user_id=7, is_platform_admin=true, preferred_language=en
[2026-04-25T02:35:36-04:00] bootstrap_admin_ui: Final preferred_language: en
[2026-04-25T02:35:39-04:00] bootstrap_admin_ui: Session data before resolution: platform_admin=true, platform_role=super_admin, user_id=7
[2026-04-25T02:35:39-04:00] bootstrap_admin_ui: Identity resolved: source=platform_session, is_authenticated=true, user_id=7, is_platform_admin=true, preferred_language=en
[2026-04-25T02:35:39-04:00] bootstrap_admin_ui: Final preferred_language: en
[2026-04-25T02:35:41-04:00] bootstrap_admin_ui: Session data before resolution: platform_admin=true, platform_role=super_admin, user_id=7
[2026-04-25T02:35:41-04:00] bootstrap_admin_ui: Identity resolved: source=platform_session, is_authenticated=true, user_id=7, is_platform_admin=true, preferred_language=en
[2026-04-25T02:35:41-04:00] bootstrap_admin_ui: Final preferred_language: en
[2026-04-25T02:37:02-04:00] bootstrap_admin_ui: Session data before resolution: platform_admin=false, platform_role=null, user_id=null
[2026-04-25T02:37:02-04:00] bootstrap_admin_ui: Identity resolved: source=guest, is_authenticated=false, user_id=null, is_platform_admin=false, preferred_language=en
[2026-04-25T02:37:02-04:00] bootstrap_admin_ui: Final preferred_language: en
[2026-04-25T02:37:46-04:00] bootstrap_admin_ui: Session data before resolution: platform_admin=true, platform_role=super_admin, user_id=7
[2026-04-25T02:37:46-04:00] bootstrap_admin_ui: Identity resolved: source=platform_session, is_authenticated=true, user_id=7, is_platform_admin=true, preferred_language=en
[2026-04-25T02:37:46-04:00] bootstrap_admin_ui: Final preferred_language: en
[2026-04-25T02:37:50-04:00] bootstrap_admin_ui: Session data before resolution: platform_admin=true, platform_role=super_admin, user_id=7
[2026-04-25T02:37:50-04:00] bootstrap_admin_ui: Identity resolved: source=platform_session, is_authenticated=true, user_id=7, is_platform_admin=true, preferred_language=en
[2026-04-25T02:37:50-04:00] bootstrap_admin_ui: Final preferred_language: en
[2026-04-25T02:38:12-04:00] bootstrap_admin_ui: Session data before resolution: platform_admin=false, platform_role=null, user_id=7
[2026-04-25T02:38:12-04:00] bootstrap_admin_ui: Identity resolved: source=session, is_authenticated=true, user_id=7, is_platform_admin=false, preferred_language=ar
[2026-04-25T02:38:12-04:00] bootstrap_admin_ui: Final preferred_language: ar
[2026-04-25T02:38:21-04:00] bootstrap_admin_ui: Session data before resolution: platform_admin=false, platform_role=null, user_id=7
[2026-04-25T02:38:21-04:00] bootstrap_admin_ui: Identity resolved: source=session, is_authenticated=true, user_id=7, is_platform_admin=false, preferred_language=ar
[2026-04-25T02:38:21-04:00] bootstrap_admin_ui: Final preferred_language: ar
[2026-04-25T02:45:34-04:00] bootstrap_admin_ui: Session data before resolution: platform_admin=true, platform_role=super_admin, user_id=7
[2026-04-25T02:45:34-04:00] bootstrap_admin_ui: Identity resolved: source=platform_session, is_authenticated=true, user_id=7, is_platform_admin=true, preferred_language=ar
[2026-04-25T02:45:34-04:00] bootstrap_admin_ui: Final preferred_language: ar
[2026-04-25T02:45:44-04:00] bootstrap_admin_ui: Session data before resolution: platform_admin=true, platform_role=super_admin, user_id=7
[2026-04-25T02:45:44-04:00] bootstrap_admin_ui: Identity resolved: source=platform_session, is_authenticated=true, user_id=7, is_platform_admin=true, preferred_language=ar
[2026-04-25T02:45:44-04:00] bootstrap_admin_ui: Final preferred_language: ar
[2026-04-25T02:45:44-04:00] bootstrap_admin_ui: Session data before resolution: platform_admin=true, platform_role=super_admin, user_id=7
[2026-04-25T02:45:44-04:00] bootstrap_admin_ui: Identity resolved: source=platform_session, is_authenticated=true, user_id=7, is_platform_admin=true, preferred_language=ar
[2026-04-25T02:45:44-04:00] bootstrap_admin_ui: Final preferred_language: ar
[2026-04-25T02:45:54-04:00] bootstrap_admin_ui: Session data before resolution: platform_admin=true, platform_role=super_admin, user_id=7
[2026-04-25T02:45:54-04:00] bootstrap_admin_ui: Identity resolved: source=platform_session, is_authenticated=true, user_id=7, is_platform_admin=true, preferred_language=ar
[2026-04-25T02:45:54-04:00] bootstrap_admin_ui: Final preferred_language: ar
[2026-04-25T02:45:55-04:00] bootstrap_admin_ui: Session data before resolution: platform_admin=true, platform_role=super_admin, user_id=7
[2026-04-25T02:45:55-04:00] bootstrap_admin_ui: Identity resolved: source=platform_session, is_authenticated=true, user_id=7, is_platform_admin=true, preferred_language=ar
[2026-04-25T02:45:55-04:00] bootstrap_admin_ui: Final preferred_language: ar
[2026-04-25T02:45:57-04:00] bootstrap_admin_ui: Session data before resolution: platform_admin=true, platform_role=super_admin, user_id=7
[2026-04-25T02:45:57-04:00] bootstrap_admin_ui: Identity resolved: source=platform_session, is_authenticated=true, user_id=7, is_platform_admin=true, preferred_language=ar
[2026-04-25T02:45:57-04:00] bootstrap_admin_ui: Final preferred_language: ar
[2026-04-25T02:45:57-04:00] bootstrap_admin_ui: Session data before resolution: platform_admin=true, platform_role=super_admin, user_id=7
[2026-04-25T02:45:57-04:00] bootstrap_admin_ui: Identity resolved: source=platform_session, is_authenticated=true, user_id=7, is_platform_admin=true, preferred_language=ar
[2026-04-25T02:45:57-04:00] bootstrap_admin_ui: Final preferred_language: ar
[2026-04-25T02:45:59-04:00] bootstrap_admin_ui: Session data before resolution: platform_admin=true, platform_role=super_admin, user_id=7
[2026-04-25T02:45:59-04:00] bootstrap_admin_ui: Identity resolved: source=platform_session, is_authenticated=true, user_id=7, is_platform_admin=true, preferred_language=ar
[2026-04-25T02:45:59-04:00] bootstrap_admin_ui: Final preferred_language: ar
[2026-04-25T02:45:59-04:00] bootstrap_admin_ui: Session data before resolution: platform_admin=true, platform_role=super_admin, user_id=7
[2026-04-25T02:45:59-04:00] bootstrap_admin_ui: Identity resolved: source=platform_session, is_authenticated=true, user_id=7, is_platform_admin=true, preferred_language=ar
[2026-04-25T02:45:59-04:00] bootstrap_admin_ui: Final preferred_language: ar
[2026-04-25T02:46:05-04:00] bootstrap_admin_ui: Session data before resolution: platform_admin=true, platform_role=super_admin, user_id=7
[2026-04-25T02:46:05-04:00] bootstrap_admin_ui: Identity resolved: source=platform_session, is_authenticated=true, user_id=7, is_platform_admin=true, preferred_language=ar
[2026-04-25T02:46:05-04:00] bootstrap_admin_ui: Final preferred_language: ar
[2026-04-25T02:46:05-04:00] bootstrap_admin_ui: Session data before resolution: platform_admin=true, platform_role=super_admin, user_id=7
[2026-04-25T02:46:05-04:00] bootstrap_admin_ui: Identity resolved: source=platform_session, is_authenticated=true, user_id=7, is_platform_admin=true, preferred_language=ar
[2026-04-25T02:46:05-04:00] bootstrap_admin_ui: Final preferred_language: ar
[2026-04-25T02:46:06-04:00] bootstrap_admin_ui: Session data before resolution: platform_admin=true, platform_role=super_admin, user_id=7
[2026-04-25T02:46:06-04:00] bootstrap_admin_ui: Identity resolved: source=platform_session, is_authenticated=true, user_id=7, is_platform_admin=true, preferred_language=ar
[2026-04-25T02:46:06-04:00] bootstrap_admin_ui: Final preferred_language: ar
[2026-04-25T02:46:07-04:00] bootstrap_admin_ui: Session data before resolution: platform_admin=true, platform_role=super_admin, user_id=7
[2026-04-25T02:46:07-04:00] bootstrap_admin_ui: Identity resolved: source=platform_session, is_authenticated=true, user_id=7, is_platform_admin=true, preferred_language=ar
[2026-04-25T02:46:07-04:00] bootstrap_admin_ui: Final preferred_language: ar
[2026-04-25T03:15:12-04:00] bootstrap_admin_ui: Session data before resolution: platform_admin=true, platform_role=super_admin, user_id=7
[2026-04-25T03:15:12-04:00] bootstrap_admin_ui: Identity resolved: source=platform_session, is_authenticated=true, user_id=7, is_platform_admin=true, preferred_language=ar
[2026-04-25T03:15:12-04:00] bootstrap_admin_ui: Final preferred_language: ar
[2026-04-25T03:48:50-04:00] bootstrap_admin_ui: Session data before resolution: platform_admin=true, platform_role=super_admin, user_id=7
[2026-04-25T03:48:50-04:00] bootstrap_admin_ui: Identity resolved: source=platform_session, is_authenticated=true, user_id=7, is_platform_admin=true, preferred_language=ar
[2026-04-25T03:48:50-04:00] bootstrap_admin_ui: Final preferred_language: ar
[2026-04-25T04:11:54-04:00] bootstrap_admin_ui: Session data before resolution: platform_admin=true, platform_role=super_admin, user_id=41
[2026-04-25T04:11:54-04:00] bootstrap_admin_ui: Identity resolved: source=platform_session, is_authenticated=true, user_id=41, is_platform_admin=true, preferred_language=en
[2026-04-25T04:11:54-04:00] bootstrap_admin_ui: Final preferred_language: en
[2026-04-25T05:16:49-04:00] bootstrap_admin_ui: Session data before resolution: platform_admin=true, platform_role=super_admin, user_id=41
[2026-04-25T05:16:49-04:00] bootstrap_admin_ui: Identity resolved: source=platform_session, is_authenticated=true, user_id=41, is_platform_admin=true, preferred_language=en
[2026-04-25T05:16:49-04:00] bootstrap_admin_ui: Final preferred_language: en
[2026-04-25T05:32:00-04:00] bootstrap_admin_ui: Session data before resolution: platform_admin=true, platform_role=super_admin, user_id=41
[2026-04-25T05:32:00-04:00] bootstrap_admin_ui: Identity resolved: source=platform_session, is_authenticated=true, user_id=41, is_platform_admin=true, preferred_language=en
[2026-04-25T05:32:00-04:00] bootstrap_admin_ui: Final preferred_language: en
[2026-04-25T07:16:46-04:00] bootstrap_admin_ui: Session data before resolution: platform_admin=true, platform_role=super_admin, user_id=41
[2026-04-25T07:16:46-04:00] bootstrap_admin_ui: Identity resolved: source=platform_session, is_authenticated=true, user_id=41, is_platform_admin=true, preferred_language=en
[2026-04-25T07:16:46-04:00] bootstrap_admin_ui: Final preferred_language: en
[2026-04-25T07:16:50-04:00] bootstrap_admin_ui: Session data before resolution: platform_admin=true, platform_role=super_admin, user_id=41
[2026-04-25T07:16:50-04:00] bootstrap_admin_ui: Identity resolved: source=platform_session, is_authenticated=true, user_id=41, is_platform_admin=true, preferred_language=en
[2026-04-25T07:16:50-04:00] bootstrap_admin_ui: Final preferred_language: en
[2026-04-25T07:16:50-04:00] bootstrap_admin_ui: Session data before resolution: platform_admin=true, platform_role=super_admin, user_id=41
[2026-04-25T07:16:50-04:00] bootstrap_admin_ui: Identity resolved: source=platform_session, is_authenticated=true, user_id=41, is_platform_admin=true, preferred_language=en
[2026-04-25T07:16:50-04:00] bootstrap_admin_ui: Final preferred_language: en
[2026-04-25T07:17:00-04:00] bootstrap_admin_ui: Session data before resolution: platform_admin=true, platform_role=super_admin, user_id=41
[2026-04-25T07:17:00-04:00] bootstrap_admin_ui: Identity resolved: source=platform_session, is_authenticated=true, user_id=41, is_platform_admin=true, preferred_language=en
[2026-04-25T07:17:00-04:00] bootstrap_admin_ui: Final preferred_language: en
[2026-04-25T07:17:01-04:00] bootstrap_admin_ui: Session data before resolution: platform_admin=true, platform_role=super_admin, user_id=41
[2026-04-25T07:17:01-04:00] bootstrap_admin_ui: Identity resolved: source=platform_session, is_authenticated=true, user_id=41, is_platform_admin=true, preferred_language=en
[2026-04-25T07:17:01-04:00] bootstrap_admin_ui: Final preferred_language: en
[2026-04-25T07:17:01-04:00] bootstrap_admin_ui: Session data before resolution: platform_admin=true, platform_role=super_admin, user_id=41
[2026-04-25T07:17:01-04:00] bootstrap_admin_ui: Identity resolved: source=platform_session, is_authenticated=true, user_id=41, is_platform_admin=true, preferred_language=en
[2026-04-25T07:17:01-04:00] bootstrap_admin_ui: Final preferred_language: en
[2026-04-25T07:17:31-04:00] bootstrap_admin_ui: Session data before resolution: platform_admin=true, platform_role=super_admin, user_id=41
[2026-04-25T07:17:31-04:00] bootstrap_admin_ui: Identity resolved: source=platform_session, is_authenticated=true, user_id=41, is_platform_admin=true, preferred_language=en
[2026-04-25T07:17:31-04:00] bootstrap_admin_ui: Final preferred_language: en
[2026-04-25T07:17:31-04:00] bootstrap_admin_ui: Session data before resolution: platform_admin=true, platform_role=super_admin, user_id=41
[2026-04-25T07:17:31-04:00] bootstrap_admin_ui: Identity resolved: source=platform_session, is_authenticated=true, user_id=41, is_platform_admin=true, preferred_language=en
[2026-04-25T07:17:31-04:00] bootstrap_admin_ui: Final preferred_language: en
[2026-04-25T07:17:31-04:00] bootstrap_admin_ui: Session data before resolution: platform_admin=true, platform_role=super_admin, user_id=41
[2026-04-25T07:17:31-04:00] bootstrap_admin_ui: Identity resolved: source=platform_session, is_authenticated=true, user_id=41, is_platform_admin=true, preferred_language=en
[2026-04-25T07:17:31-04:00] bootstrap_admin_ui: Final preferred_language: en
[2026-04-25T07:17:36-04:00] bootstrap_admin_ui: Session data before resolution: platform_admin=true, platform_role=super_admin, user_id=41
[2026-04-25T07:17:36-04:00] bootstrap_admin_ui: Identity resolved: source=platform_session, is_authenticated=true, user_id=41, is_platform_admin=true, preferred_language=en
[2026-04-25T07:17:36-04:00] bootstrap_admin_ui: Final preferred_language: en
[2026-04-25T07:17:36-04:00] bootstrap_admin_ui: Session data before resolution: platform_admin=true, platform_role=super_admin, user_id=41
[2026-04-25T07:17:36-04:00] bootstrap_admin_ui: Identity resolved: source=platform_session, is_authenticated=true, user_id=41, is_platform_admin=true, preferred_language=en
[2026-04-25T07:17:36-04:00] bootstrap_admin_ui: Final preferred_language: en
[2026-04-25T07:18:09-04:00] bootstrap_admin_ui: Session data before resolution: platform_admin=true, platform_role=super_admin, user_id=41
[2026-04-25T07:18:09-04:00] bootstrap_admin_ui: Identity resolved: source=platform_session, is_authenticated=true, user_id=41, is_platform_admin=true, preferred_language=en
[2026-04-25T07:18:09-04:00] bootstrap_admin_ui: Final preferred_language: en
[2026-04-25T07:18:09-04:00] bootstrap_admin_ui: Session data before resolution: platform_admin=true, platform_role=super_admin, user_id=41
[2026-04-25T07:18:09-04:00] bootstrap_admin_ui: Identity resolved: source=platform_session, is_authenticated=true, user_id=41, is_platform_admin=true, preferred_language=en
[2026-04-25T07:18:09-04:00] bootstrap_admin_ui: Final preferred_language: en
[2026-04-25T07:32:52-04:00] bootstrap_admin_ui: Session data before resolution: platform_admin=true, platform_role=super_admin, user_id=41
[2026-04-25T07:32:52-04:00] bootstrap_admin_ui: Identity resolved: source=platform_session, is_authenticated=true, user_id=41, is_platform_admin=true, preferred_language=en
[2026-04-25T07:32:52-04:00] bootstrap_admin_ui: Final preferred_language: en
[2026-04-25T07:32:58-04:00] bootstrap_admin_ui: Session data before resolution: platform_admin=true, platform_role=super_admin, user_id=41
[2026-04-25T07:32:58-04:00] bootstrap_admin_ui: Identity resolved: source=platform_session, is_authenticated=true, user_id=41, is_platform_admin=true, preferred_language=en
[2026-04-25T07:32:58-04:00] bootstrap_admin_ui: Final preferred_language: en
[2026-04-25T07:32:58-04:00] bootstrap_admin_ui: Session data before resolution: platform_admin=true, platform_role=super_admin, user_id=41
[2026-04-25T07:32:58-04:00] bootstrap_admin_ui: Identity resolved: source=platform_session, is_authenticated=true, user_id=41, is_platform_admin=true, preferred_language=en
[2026-04-25T07:32:58-04:00] bootstrap_admin_ui: Final preferred_language: en
[2026-04-25T07:33:07-04:00] bootstrap_admin_ui: Session data before resolution: platform_admin=true, platform_role=super_admin, user_id=41
[2026-04-25T07:33:07-04:00] bootstrap_admin_ui: Identity resolved: source=platform_session, is_authenticated=true, user_id=41, is_platform_admin=true, preferred_language=en
[2026-04-25T07:33:07-04:00] bootstrap_admin_ui: Final preferred_language: en
[2026-04-25T07:33:07-04:00] bootstrap_admin_ui: Session data before resolution: platform_admin=true, platform_role=super_admin, user_id=41
[2026-04-25T07:33:07-04:00] bootstrap_admin_ui: Identity resolved: source=platform_session, is_authenticated=true, user_id=41, is_platform_admin=true, preferred_language=en
[2026-04-25T07:33:07-04:00] bootstrap_admin_ui: Final preferred_language: en
[2026-04-25T07:33:19-04:00] bootstrap_admin_ui: Session data before resolution: platform_admin=true, platform_role=super_admin, user_id=41
[2026-04-25T07:33:19-04:00] bootstrap_admin_ui: Identity resolved: source=platform_session, is_authenticated=true, user_id=41, is_platform_admin=true, preferred_language=en
[2026-04-25T07:33:19-04:00] bootstrap_admin_ui: Final preferred_language: en
[2026-04-25T07:33:19-04:00] bootstrap_admin_ui: Session data before resolution: platform_admin=true, platform_role=super_admin, user_id=41
[2026-04-25T07:33:19-04:00] bootstrap_admin_ui: Identity resolved: source=platform_session, is_authenticated=true, user_id=41, is_platform_admin=true, preferred_language=en
[2026-04-25T07:33:19-04:00] bootstrap_admin_ui: Final preferred_language: en
[2026-04-25T07:33:19-04:00] bootstrap_admin_ui: Session data before resolution: platform_admin=true, platform_role=super_admin, user_id=41
[2026-04-25T07:33:19-04:00] bootstrap_admin_ui: Identity resolved: source=platform_session, is_authenticated=true, user_id=41, is_platform_admin=true, preferred_language=en
[2026-04-25T07:33:19-04:00] bootstrap_admin_ui: Final preferred_language: en
[2026-04-25T07:33:33-04:00] bootstrap_admin_ui: Session data before resolution: platform_admin=true, platform_role=super_admin, user_id=41
[2026-04-25T07:33:33-04:00] bootstrap_admin_ui: Identity resolved: source=platform_session, is_authenticated=true, user_id=41, is_platform_admin=true, preferred_language=en
[2026-04-25T07:33:33-04:00] bootstrap_admin_ui: Final preferred_language: en
[2026-04-25T07:33:33-04:00] bootstrap_admin_ui: Session data before resolution: platform_admin=true, platform_role=super_admin, user_id=41
[2026-04-25T07:33:33-04:00] bootstrap_admin_ui: Identity resolved: source=platform_session, is_authenticated=true, user_id=41, is_platform_admin=true, preferred_language=en
[2026-04-25T07:33:33-04:00] bootstrap_admin_ui: Final preferred_language: en
[2026-04-25T07:33:55-04:00] bootstrap_admin_ui: Session data before resolution: platform_admin=true, platform_role=super_admin, user_id=41
[2026-04-25T07:33:55-04:00] bootstrap_admin_ui: Identity resolved: source=platform_session, is_authenticated=true, user_id=41, is_platform_admin=true, preferred_language=en
[2026-04-25T07:33:55-04:00] bootstrap_admin_ui: Final preferred_language: en
[2026-04-25T07:33:55-04:00] bootstrap_admin_ui: Session data before resolution: platform_admin=true, platform_role=super_admin, user_id=41
[2026-04-25T07:33:55-04:00] bootstrap_admin_ui: Identity resolved: source=platform_session, is_authenticated=true, user_id=41, is_platform_admin=true, preferred_language=en
[2026-04-25T07:33:55-04:00] bootstrap_admin_ui: Final preferred_language: en
[2026-04-25T07:56:31-04:00] bootstrap_admin_ui: Session data before resolution: platform_admin=false, platform_role=null, user_id=1
[2026-04-25T07:56:31-04:00] bootstrap_admin_ui: Identity resolved: source=session, is_authenticated=true, user_id=1, is_platform_admin=false, preferred_language=en
[2026-04-25T07:56:31-04:00] bootstrap_admin_ui: Final preferred_language: en
[2026-04-25T08:09:43-04:00] bootstrap_admin_ui: Session data before resolution: platform_admin=false, platform_role=null, user_id=7
[2026-04-25T08:09:43-04:00] bootstrap_admin_ui: Identity resolved: source=session, is_authenticated=true, user_id=7, is_platform_admin=false, preferred_language=ar
[2026-04-25T08:09:43-04:00] bootstrap_admin_ui: Final preferred_language: ar
[2026-04-25T08:09:47-04:00] bootstrap_admin_ui: Session data before resolution: platform_admin=false, platform_role=null, user_id=7
[2026-04-25T08:09:47-04:00] bootstrap_admin_ui: Identity resolved: source=session, is_authenticated=true, user_id=7, is_platform_admin=false, preferred_language=ar
[2026-04-25T08:09:47-04:00] bootstrap_admin_ui: Final preferred_language: ar
[2026-04-25T08:09:47-04:00] bootstrap_admin_ui: Session data before resolution: platform_admin=false, platform_role=null, user_id=7
[2026-04-25T08:09:47-04:00] bootstrap_admin_ui: Identity resolved: source=session, is_authenticated=true, user_id=7, is_platform_admin=false, preferred_language=ar
[2026-04-25T08:09:47-04:00] bootstrap_admin_ui: Final preferred_language: ar
[2026-04-25T08:09:53-04:00] bootstrap_admin_ui: Session data before resolution: platform_admin=false, platform_role=null, user_id=7
[2026-04-25T08:09:53-04:00] bootstrap_admin_ui: Identity resolved: source=session, is_authenticated=true, user_id=7, is_platform_admin=false, preferred_language=ar
[2026-04-25T08:09:53-04:00] bootstrap_admin_ui: Final preferred_language: ar
[2026-04-25T08:09:54-04:00] bootstrap_admin_ui: Session data before resolution: platform_admin=false, platform_role=null, user_id=7
[2026-04-25T08:09:54-04:00] bootstrap_admin_ui: Identity resolved: source=session, is_authenticated=true, user_id=7, is_platform_admin=false, preferred_language=ar
[2026-04-25T08:09:54-04:00] bootstrap_admin_ui: Final preferred_language: ar
[2026-04-25T08:10:00-04:00] bootstrap_admin_ui: Session data before resolution: platform_admin=false, platform_role=null, user_id=7
[2026-04-25T08:10:00-04:00] bootstrap_admin_ui: Identity resolved: source=session, is_authenticated=true, user_id=7, is_platform_admin=false, preferred_language=ar
[2026-04-25T08:10:00-04:00] bootstrap_admin_ui: Final preferred_language: ar
[2026-04-25T08:10:01-04:00] bootstrap_admin_ui: Session data before resolution: platform_admin=false, platform_role=null, user_id=7
[2026-04-25T08:10:01-04:00] bootstrap_admin_ui: Identity resolved: source=session, is_authenticated=true, user_id=7, is_platform_admin=false, preferred_language=ar
[2026-04-25T08:10:01-04:00] bootstrap_admin_ui: Final preferred_language: ar
[2026-04-25T08:10:06-04:00] bootstrap_admin_ui: Session data before resolution: platform_admin=false, platform_role=null, user_id=7
[2026-04-25T08:10:06-04:00] bootstrap_admin_ui: Identity resolved: source=session, is_authenticated=true, user_id=7, is_platform_admin=false, preferred_language=ar
[2026-04-25T08:10:06-04:00] bootstrap_admin_ui: Final preferred_language: ar
[2026-04-25T08:10:07-04:00] bootstrap_admin_ui: Session data before resolution: platform_admin=false, platform_role=null, user_id=7
[2026-04-25T08:10:07-04:00] bootstrap_admin_ui: Identity resolved: source=session, is_authenticated=true, user_id=7, is_platform_admin=false, preferred_language=ar
[2026-04-25T08:10:07-04:00] bootstrap_admin_ui: Final preferred_language: ar
[2026-04-25T08:18:27-04:00] bootstrap_admin_ui: Session data before resolution: platform_admin=true, platform_role=super_admin, user_id=7
[2026-04-25T08:18:27-04:00] bootstrap_admin_ui: Identity resolved: source=platform_session, is_authenticated=true, user_id=7, is_platform_admin=true, preferred_language=en
[2026-04-25T08:18:27-04:00] bootstrap_admin_ui: Final preferred_language: en
[2026-04-25T08:18:37-04:00] bootstrap_admin_ui: Session data before resolution: platform_admin=true, platform_role=super_admin, user_id=7
[2026-04-25T08:18:37-04:00] bootstrap_admin_ui: Identity resolved: source=platform_session, is_authenticated=true, user_id=7, is_platform_admin=true, preferred_language=en
[2026-04-25T08:18:37-04:00] bootstrap_admin_ui: Final preferred_language: en
[2026-04-25T08:18:37-04:00] bootstrap_admin_ui: Session data before resolution: platform_admin=true, platform_role=super_admin, user_id=7
[2026-04-25T08:18:37-04:00] bootstrap_admin_ui: Identity resolved: source=platform_session, is_authenticated=true, user_id=7, is_platform_admin=true, preferred_language=en
[2026-04-25T08:18:37-04:00] bootstrap_admin_ui: Final preferred_language: en
[2026-04-25T08:18:45-04:00] bootstrap_admin_ui: Session data before resolution: platform_admin=true, platform_role=super_admin, user_id=7
[2026-04-25T08:18:45-04:00] bootstrap_admin_ui: Identity resolved: source=platform_session, is_authenticated=true, user_id=7, is_platform_admin=true, preferred_language=en
[2026-04-25T08:18:45-04:00] bootstrap_admin_ui: Final preferred_language: en
[2026-04-25T08:18:45-04:00] bootstrap_admin_ui: Session data before resolution: platform_admin=true, platform_role=super_admin, user_id=7
[2026-04-25T08:18:45-04:00] bootstrap_admin_ui: Identity resolved: source=platform_session, is_authenticated=true, user_id=7, is_platform_admin=true, preferred_language=en
[2026-04-25T08:18:45-04:00] bootstrap_admin_ui: Final preferred_language: en
[2026-04-25T08:20:01-04:00] bootstrap_admin_ui: Session data before resolution: platform_admin=true, platform_role=super_admin, user_id=7
[2026-04-25T08:20:01-04:00] bootstrap_admin_ui: Identity resolved: source=platform_session, is_authenticated=true, user_id=7, is_platform_admin=true, preferred_language=en
[2026-04-25T08:20:01-04:00] bootstrap_admin_ui: Final preferred_language: en
[2026-04-25T08:20:02-04:00] bootstrap_admin_ui: Session data before resolution: platform_admin=true, platform_role=super_admin, user_id=7
[2026-04-25T08:20:02-04:00] bootstrap_admin_ui: Identity resolved: source=platform_session, is_authenticated=true, user_id=7, is_platform_admin=true, preferred_language=en
[2026-04-25T08:20:02-04:00] bootstrap_admin_ui: Final preferred_language: en
[2026-04-25T08:20:26-04:00] bootstrap_admin_ui: Session data before resolution: platform_admin=true, platform_role=super_admin, user_id=7
[2026-04-25T08:20:26-04:00] bootstrap_admin_ui: Identity resolved: source=platform_session, is_authenticated=true, user_id=7, is_platform_admin=true, preferred_language=en
[2026-04-25T08:20:26-04:00] bootstrap_admin_ui: Final preferred_language: en
[2026-04-25T08:32:00-04:00] bootstrap_admin_ui: Session data before resolution: platform_admin=true, platform_role=super_admin, user_id=7
[2026-04-25T08:32:00-04:00] bootstrap_admin_ui: Identity resolved: source=platform_session, is_authenticated=true, user_id=7, is_platform_admin=true, preferred_language=en
[2026-04-25T08:32:00-04:00] bootstrap_admin_ui: Final preferred_language: en
[2026-04-25T08:32:04-04:00] bootstrap_admin_ui: Session data before resolution: platform_admin=true, platform_role=super_admin, user_id=7
[2026-04-25T08:32:04-04:00] bootstrap_admin_ui: Identity resolved: source=platform_session, is_authenticated=true, user_id=7, is_platform_admin=true, preferred_language=en
[2026-04-25T08:32:04-04:00] bootstrap_admin_ui: Final preferred_language: en
[2026-04-25T08:32:04-04:00] bootstrap_admin_ui: Session data before resolution: platform_admin=true, platform_role=super_admin, user_id=7
[2026-04-25T08:32:04-04:00] bootstrap_admin_ui: Identity resolved: source=platform_session, is_authenticated=true, user_id=7, is_platform_admin=true, preferred_language=en
[2026-04-25T08:32:04-04:00] bootstrap_admin_ui: Final preferred_language: en
[2026-04-25T08:32:06-04:00] bootstrap_admin_ui: Session data before resolution: platform_admin=true, platform_role=super_admin, user_id=7
[2026-04-25T08:32:06-04:00] bootstrap_admin_ui: Identity resolved: source=platform_session, is_authenticated=true, user_id=7, is_platform_admin=true, preferred_language=en
[2026-04-25T08:32:06-04:00] bootstrap_admin_ui: Final preferred_language: en
[2026-04-25T08:32:21-04:00] bootstrap_admin_ui: Session data before resolution: platform_admin=true, platform_role=super_admin, user_id=7
[2026-04-25T08:32:21-04:00] bootstrap_admin_ui: Identity resolved: source=platform_session, is_authenticated=true, user_id=7, is_platform_admin=true, preferred_language=en
[2026-04-25T08:32:21-04:00] bootstrap_admin_ui: Final preferred_language: en
[2026-04-25T08:32:25-04:00] bootstrap_admin_ui: Session data before resolution: platform_admin=true, platform_role=super_admin, user_id=7
[2026-04-25T08:32:25-04:00] bootstrap_admin_ui: Identity resolved: source=platform_session, is_authenticated=true, user_id=7, is_platform_admin=true, preferred_language=en
[2026-04-25T08:32:25-04:00] bootstrap_admin_ui: Final preferred_language: en
[2026-04-25T08:32:25-04:00] bootstrap_admin_ui: Session data before resolution: platform_admin=true, platform_role=super_admin, user_id=7
[2026-04-25T08:32:25-04:00] bootstrap_admin_ui: Identity resolved: source=platform_session, is_authenticated=true, user_id=7, is_platform_admin=true, preferred_language=en
[2026-04-25T08:32:25-04:00] bootstrap_admin_ui: Final preferred_language: en
[2026-04-25T08:32:27-04:00] bootstrap_admin_ui: Session data before resolution: platform_admin=true, platform_role=super_admin, user_id=7
[2026-04-25T08:32:27-04:00] bootstrap_admin_ui: Identity resolved: source=platform_session, is_authenticated=true, user_id=7, is_platform_admin=true, preferred_language=en
[2026-04-25T08:32:27-04:00] bootstrap_admin_ui: Final preferred_language: en
[2026-04-25T08:32:34-04:00] bootstrap_admin_ui: Session data before resolution: platform_admin=true, platform_role=super_admin, user_id=7
[2026-04-25T08:32:34-04:00] bootstrap_admin_ui: Identity resolved: source=platform_session, is_authenticated=true, user_id=7, is_platform_admin=true, preferred_language=en
[2026-04-25T08:32:34-04:00] bootstrap_admin_ui: Final preferred_language: en
[2026-04-25T08:32:34-04:00] bootstrap_admin_ui: Session data before resolution: platform_admin=true, platform_role=super_admin, user_id=7
[2026-04-25T08:32:34-04:00] bootstrap_admin_ui: Identity resolved: source=platform_session, is_authenticated=true, user_id=7, is_platform_admin=true, preferred_language=en
[2026-04-25T08:32:34-04:00] bootstrap_admin_ui: Final preferred_language: en
[2026-04-25T08:32:41-04:00] bootstrap_admin_ui: Session data before resolution: platform_admin=true, platform_role=super_admin, user_id=7
[2026-04-25T08:32:41-04:00] bootstrap_admin_ui: Identity resolved: source=platform_session, is_authenticated=true, user_id=7, is_platform_admin=true, preferred_language=en
[2026-04-25T08:32:41-04:00] bootstrap_admin_ui: Final preferred_language: en
[2026-04-25T08:32:42-04:00] bootstrap_admin_ui: Session data before resolution: platform_admin=true, platform_role=super_admin, user_id=7
[2026-04-25T08:32:42-04:00] bootstrap_admin_ui: Identity resolved: source=platform_session, is_authenticated=true, user_id=7, is_platform_admin=true, preferred_language=en
[2026-04-25T08:32:42-04:00] bootstrap_admin_ui: Final preferred_language: en
[2026-04-25T08:32:45-04:00] bootstrap_admin_ui: Session data before resolution: platform_admin=true, platform_role=super_admin, user_id=7
[2026-04-25T08:32:45-04:00] bootstrap_admin_ui: Identity resolved: source=platform_session, is_authenticated=true, user_id=7, is_platform_admin=true, preferred_language=en
[2026-04-25T08:32:45-04:00] bootstrap_admin_ui: Final preferred_language: en
[2026-04-25T08:33:09-04:00] bootstrap_admin_ui: Session data before resolution: platform_admin=true, platform_role=super_admin, user_id=7
[2026-04-25T08:33:09-04:00] bootstrap_admin_ui: Identity resolved: source=platform_session, is_authenticated=true, user_id=7, is_platform_admin=true, preferred_language=en
[2026-04-25T08:33:09-04:00] bootstrap_admin_ui: Final preferred_language: en
[2026-04-25T08:33:09-04:00] bootstrap_admin_ui: Session data before resolution: platform_admin=true, platform_role=super_admin, user_id=7
[2026-04-25T08:33:09-04:00] bootstrap_admin_ui: Identity resolved: source=platform_session, is_authenticated=true, user_id=7, is_platform_admin=true, preferred_language=en
[2026-04-25T08:33:09-04:00] bootstrap_admin_ui: Final preferred_language: en
[2026-04-25T08:53:10-04:00] bootstrap_admin_ui: Session data before resolution: platform_admin=true, platform_role=super_admin, user_id=7, session_id=hl84e28iagvtv6ghjr3f713c5o
[2026-04-25T08:53:10-04:00] bootstrap_admin_ui: Identity resolved: source=platform_session, is_authenticated=true, user_id=7, is_platform_admin=true, preferred_language=en
[2026-04-25T08:53:10-04:00] bootstrap_admin_ui: Final preferred_language: en
[2026-04-25T08:53:13-04:00] bootstrap_admin_ui: Session data before resolution: platform_admin=true, platform_role=super_admin, user_id=7, session_id=hl84e28iagvtv6ghjr3f713c5o
[2026-04-25T08:53:13-04:00] bootstrap_admin_ui: Identity resolved: source=platform_session, is_authenticated=true, user_id=7, is_platform_admin=true, preferred_language=en
[2026-04-25T08:53:13-04:00] bootstrap_admin_ui: Final preferred_language: en
[2026-04-25T08:53:14-04:00] bootstrap_admin_ui: Session data before resolution: platform_admin=true, platform_role=super_admin, user_id=7, session_id=hl84e28iagvtv6ghjr3f713c5o
[2026-04-25T08:53:14-04:00] bootstrap_admin_ui: Identity resolved: source=platform_session, is_authenticated=true, user_id=7, is_platform_admin=true, preferred_language=en
[2026-04-25T08:53:14-04:00] bootstrap_admin_ui: Final preferred_language: en
[2026-04-25T08:53:20-04:00] bootstrap_admin_ui: Session data before resolution: platform_admin=true, platform_role=super_admin, user_id=7, session_id=hl84e28iagvtv6ghjr3f713c5o
[2026-04-25T08:53:20-04:00] bootstrap_admin_ui: Identity resolved: source=platform_session, is_authenticated=true, user_id=7, is_platform_admin=true, preferred_language=en
[2026-04-25T08:53:20-04:00] bootstrap_admin_ui: Final preferred_language: en
[2026-04-25T08:53:20-04:00] bootstrap_admin_ui: Session data before resolution: platform_admin=true, platform_role=super_admin, user_id=7, session_id=hl84e28iagvtv6ghjr3f713c5o
[2026-04-25T08:53:20-04:00] bootstrap_admin_ui: Identity resolved: source=platform_session, is_authenticated=true, user_id=7, is_platform_admin=true, preferred_language=en
[2026-04-25T08:53:20-04:00] bootstrap_admin_ui: Final preferred_language: en
[2026-04-25T08:53:26-04:00] bootstrap_admin_ui: Session data before resolution: platform_admin=true, platform_role=super_admin, user_id=7, session_id=hl84e28iagvtv6ghjr3f713c5o
[2026-04-25T08:53:26-04:00] bootstrap_admin_ui: Identity resolved: source=platform_session, is_authenticated=true, user_id=7, is_platform_admin=true, preferred_language=en
[2026-04-25T08:53:26-04:00] bootstrap_admin_ui: Final preferred_language: en
[2026-04-25T08:53:27-04:00] bootstrap_admin_ui: Session data before resolution: platform_admin=true, platform_role=super_admin, user_id=7, session_id=hl84e28iagvtv6ghjr3f713c5o
[2026-04-25T08:53:27-04:00] bootstrap_admin_ui: Identity resolved: source=platform_session, is_authenticated=true, user_id=7, is_platform_admin=true, preferred_language=en
[2026-04-25T08:53:27-04:00] bootstrap_admin_ui: Final preferred_language: en
[2026-04-25T08:53:39-04:00] bootstrap_admin_ui: Session data before resolution: platform_admin=true, platform_role=super_admin, user_id=7, session_id=hl84e28iagvtv6ghjr3f713c5o
[2026-04-25T08:53:39-04:00] bootstrap_admin_ui: Identity resolved: source=platform_session, is_authenticated=true, user_id=7, is_platform_admin=true, preferred_language=en
[2026-04-25T08:53:39-04:00] bootstrap_admin_ui: Final preferred_language: en
[2026-04-25T08:53:39-04:00] bootstrap_admin_ui: Session data before resolution: platform_admin=true, platform_role=super_admin, user_id=7, session_id=hl84e28iagvtv6ghjr3f713c5o
[2026-04-25T08:53:39-04:00] bootstrap_admin_ui: Identity resolved: source=platform_session, is_authenticated=true, user_id=7, is_platform_admin=true, preferred_language=en
[2026-04-25T08:53:39-04:00] bootstrap_admin_ui: Final preferred_language: en
[2026-04-25T08:53:40-04:00] bootstrap_admin_ui: Session data before resolution: platform_admin=true, platform_role=super_admin, user_id=7, session_id=hl84e28iagvtv6ghjr3f713c5o
[2026-04-25T08:53:40-04:00] bootstrap_admin_ui: Identity resolved: source=platform_session, is_authenticated=true, user_id=7, is_platform_admin=true, preferred_language=en
[2026-04-25T08:53:40-04:00] bootstrap_admin_ui: Final preferred_language: en
[2026-04-25T08:55:17-04:00] bootstrap_admin_ui: Session data before resolution: platform_admin=true, platform_role=super_admin, user_id=7, session_id=hl84e28iagvtv6ghjr3f713c5o
[2026-04-25T08:55:17-04:00] bootstrap_admin_ui: Identity resolved: source=platform_session, is_authenticated=true, user_id=7, is_platform_admin=true, preferred_language=en
[2026-04-25T08:55:17-04:00] bootstrap_admin_ui: Final preferred_language: en
[2026-04-25T08:55:51-04:00] bootstrap_admin_ui: Session data before resolution: platform_admin=false, platform_role=null, user_id=39, session_id=4sdemop77hjl9speg83qautqvb
[2026-04-25T08:55:51-04:00] bootstrap_admin_ui: Identity resolved: source=session, is_authenticated=true, user_id=39, is_platform_admin=false, preferred_language=en
[2026-04-25T08:55:51-04:00] bootstrap_admin_ui: Final preferred_language: en
[2026-04-25T08:55:54-04:00] bootstrap_admin_ui: Session data before resolution: platform_admin=false, platform_role=null, user_id=39, session_id=4sdemop77hjl9speg83qautqvb
[2026-04-25T08:55:54-04:00] bootstrap_admin_ui: Identity resolved: source=session, is_authenticated=true, user_id=39, is_platform_admin=false, preferred_language=en
[2026-04-25T08:55:54-04:00] bootstrap_admin_ui: Final preferred_language: en
[2026-04-25T08:55:54-04:00] bootstrap_admin_ui: Session data before resolution: platform_admin=false, platform_role=null, user_id=39, session_id=4sdemop77hjl9speg83qautqvb
[2026-04-25T08:55:54-04:00] bootstrap_admin_ui: Identity resolved: source=session, is_authenticated=true, user_id=39, is_platform_admin=false, preferred_language=en
[2026-04-25T08:55:54-04:00] bootstrap_admin_ui: Final preferred_language: en
[2026-04-25T08:55:58-04:00] bootstrap_admin_ui: Session data before resolution: platform_admin=false, platform_role=null, user_id=39, session_id=4sdemop77hjl9speg83qautqvb
[2026-04-25T08:55:58-04:00] bootstrap_admin_ui: Identity resolved: source=session, is_authenticated=true, user_id=39, is_platform_admin=false, preferred_language=en
[2026-04-25T08:55:58-04:00] bootstrap_admin_ui: Final preferred_language: en
[2026-04-25T08:55:58-04:00] bootstrap_admin_ui: Session data before resolution: platform_admin=false, platform_role=null, user_id=39, session_id=4sdemop77hjl9speg83qautqvb
[2026-04-25T08:55:58-04:00] bootstrap_admin_ui: Identity resolved: source=session, is_authenticated=true, user_id=39, is_platform_admin=false, preferred_language=en
[2026-04-25T08:55:58-04:00] bootstrap_admin_ui: Final preferred_language: en
[2026-04-25T08:56:01-04:00] bootstrap_admin_ui: Session data before resolution: platform_admin=false, platform_role=null, user_id=39, session_id=4sdemop77hjl9speg83qautqvb
[2026-04-25T08:56:01-04:00] bootstrap_admin_ui: Identity resolved: source=session, is_authenticated=true, user_id=39, is_platform_admin=false, preferred_language=en
[2026-04-25T08:56:01-04:00] bootstrap_admin_ui: Final preferred_language: en
[2026-04-25T08:56:01-04:00] bootstrap_admin_ui: Session data before resolution: platform_admin=false, platform_role=null, user_id=39, session_id=4sdemop77hjl9speg83qautqvb
[2026-04-25T08:56:01-04:00] bootstrap_admin_ui: Identity resolved: source=session, is_authenticated=true, user_id=39, is_platform_admin=false, preferred_language=en
[2026-04-25T08:56:01-04:00] bootstrap_admin_ui: Final preferred_language: en
[2026-04-25T08:56:05-04:00] bootstrap_admin_ui: Session data before resolution: platform_admin=false, platform_role=null, user_id=39, session_id=4sdemop77hjl9speg83qautqvb
[2026-04-25T08:56:05-04:00] bootstrap_admin_ui: Identity resolved: source=session, is_authenticated=true, user_id=39, is_platform_admin=false, preferred_language=en
[2026-04-25T08:56:05-04:00] bootstrap_admin_ui: Final preferred_language: en
[2026-04-25T08:56:05-04:00] bootstrap_admin_ui: Session data before resolution: platform_admin=false, platform_role=null, user_id=39, session_id=4sdemop77hjl9speg83qautqvb
[2026-04-25T08:56:05-04:00] bootstrap_admin_ui: Identity resolved: source=session, is_authenticated=true, user_id=39, is_platform_admin=false, preferred_language=en
[2026-04-25T08:56:05-04:00] bootstrap_admin_ui: Final preferred_language: en
[2026-04-25T08:56:07-04:00] bootstrap_admin_ui: Session data before resolution: platform_admin=false, platform_role=null, user_id=39, session_id=4sdemop77hjl9speg83qautqvb
[2026-04-25T08:56:07-04:00] bootstrap_admin_ui: Identity resolved: source=session, is_authenticated=true, user_id=39, is_platform_admin=false, preferred_language=en
[2026-04-25T08:56:07-04:00] bootstrap_admin_ui: Final preferred_language: en
[2026-04-25T08:56:07-04:00] bootstrap_admin_ui: Session data before resolution: platform_admin=false, platform_role=null, user_id=39, session_id=4sdemop77hjl9speg83qautqvb
[2026-04-25T08:56:07-04:00] bootstrap_admin_ui: Identity resolved: source=session, is_authenticated=true, user_id=39, is_platform_admin=false, preferred_language=en
[2026-04-25T08:56:07-04:00] bootstrap_admin_ui: Final preferred_language: en
[2026-04-25T08:56:09-04:00] bootstrap_admin_ui: Session data before resolution: platform_admin=false, platform_role=null, user_id=39, session_id=4sdemop77hjl9speg83qautqvb
[2026-04-25T08:56:09-04:00] bootstrap_admin_ui: Identity resolved: source=session, is_authenticated=true, user_id=39, is_platform_admin=false, preferred_language=en
[2026-04-25T08:56:09-04:00] bootstrap_admin_ui: Final preferred_language: en
[2026-04-25T08:56:09-04:00] bootstrap_admin_ui: Session data before resolution: platform_admin=false, platform_role=null, user_id=39, session_id=4sdemop77hjl9speg83qautqvb
[2026-04-25T08:56:09-04:00] bootstrap_admin_ui: Identity resolved: source=session, is_authenticated=true, user_id=39, is_platform_admin=false, preferred_language=en
[2026-04-25T08:56:09-04:00] bootstrap_admin_ui: Final preferred_language: en
[2026-04-25T08:56:11-04:00] bootstrap_admin_ui: Session data before resolution: platform_admin=false, platform_role=null, user_id=39, session_id=4sdemop77hjl9speg83qautqvb
[2026-04-25T08:56:11-04:00] bootstrap_admin_ui: Identity resolved: source=session, is_authenticated=true, user_id=39, is_platform_admin=false, preferred_language=en
[2026-04-25T08:56:11-04:00] bootstrap_admin_ui: Final preferred_language: en
[2026-04-25T08:56:11-04:00] bootstrap_admin_ui: Session data before resolution: platform_admin=false, platform_role=null, user_id=39, session_id=4sdemop77hjl9speg83qautqvb
[2026-04-25T08:56:11-04:00] bootstrap_admin_ui: Identity resolved: source=session, is_authenticated=true, user_id=39, is_platform_admin=false, preferred_language=en
[2026-04-25T08:56:11-04:00] bootstrap_admin_ui: Final preferred_language: en
[2026-04-25T08:56:13-04:00] bootstrap_admin_ui: Session data before resolution: platform_admin=false, platform_role=null, user_id=39, session_id=4sdemop77hjl9speg83qautqvb
[2026-04-25T08:56:13-04:00] bootstrap_admin_ui: Identity resolved: source=session, is_authenticated=true, user_id=39, is_platform_admin=false, preferred_language=en
[2026-04-25T08:56:13-04:00] bootstrap_admin_ui: Final preferred_language: en
[2026-04-25T08:56:15-04:00] bootstrap_admin_ui: Session data before resolution: platform_admin=false, platform_role=null, user_id=39, session_id=4sdemop77hjl9speg83qautqvb
[2026-04-25T08:56:15-04:00] bootstrap_admin_ui: Identity resolved: source=session, is_authenticated=true, user_id=39, is_platform_admin=false, preferred_language=en
[2026-04-25T08:56:15-04:00] bootstrap_admin_ui: Final preferred_language: en
[2026-04-25T08:56:15-04:00] bootstrap_admin_ui: Session data before resolution: platform_admin=false, platform_role=null, user_id=39, session_id=4sdemop77hjl9speg83qautqvb
[2026-04-25T08:56:15-04:00] bootstrap_admin_ui: Identity resolved: source=session, is_authenticated=true, user_id=39, is_platform_admin=false, preferred_language=en
[2026-04-25T08:56:15-04:00] bootstrap_admin_ui: Final preferred_language: en
[2026-04-25T08:56:22-04:00] bootstrap_admin_ui: Session data before resolution: platform_admin=false, platform_role=null, user_id=39, session_id=4sdemop77hjl9speg83qautqvb
[2026-04-25T08:56:22-04:00] bootstrap_admin_ui: Identity resolved: source=session, is_authenticated=true, user_id=39, is_platform_admin=false, preferred_language=en
[2026-04-25T08:56:22-04:00] bootstrap_admin_ui: Final preferred_language: en
[2026-04-25T08:56:22-04:00] bootstrap_admin_ui: Session data before resolution: platform_admin=false, platform_role=null, user_id=39, session_id=4sdemop77hjl9speg83qautqvb
[2026-04-25T08:56:22-04:00] bootstrap_admin_ui: Identity resolved: source=session, is_authenticated=true, user_id=39, is_platform_admin=false, preferred_language=en
[2026-04-25T08:56:22-04:00] bootstrap_admin_ui: Final preferred_language: en
[2026-04-25T08:56:23-04:00] bootstrap_admin_ui: Session data before resolution: platform_admin=false, platform_role=null, user_id=39, session_id=4sdemop77hjl9speg83qautqvb
[2026-04-25T08:56:23-04:00] bootstrap_admin_ui: Identity resolved: source=session, is_authenticated=true, user_id=39, is_platform_admin=false, preferred_language=en
[2026-04-25T08:56:23-04:00] bootstrap_admin_ui: Final preferred_language: en
[2026-04-25T08:56:23-04:00] bootstrap_admin_ui: Session data before resolution: platform_admin=false, platform_role=null, user_id=39, session_id=4sdemop77hjl9speg83qautqvb
[2026-04-25T08:56:23-04:00] bootstrap_admin_ui: Identity resolved: source=session, is_authenticated=true, user_id=39, is_platform_admin=false, preferred_language=en
[2026-04-25T08:56:23-04:00] bootstrap_admin_ui: Final preferred_language: en
[2026-04-25T08:56:25-04:00] bootstrap_admin_ui: Session data before resolution: platform_admin=false, platform_role=null, user_id=39, session_id=4sdemop77hjl9speg83qautqvb
[2026-04-25T08:56:25-04:00] bootstrap_admin_ui: Identity resolved: source=session, is_authenticated=true, user_id=39, is_platform_admin=false, preferred_language=en
[2026-04-25T08:56:25-04:00] bootstrap_admin_ui: Final preferred_language: en
[2026-04-25T08:56:25-04:00] bootstrap_admin_ui: Session data before resolution: platform_admin=false, platform_role=null, user_id=39, session_id=4sdemop77hjl9speg83qautqvb
[2026-04-25T08:56:25-04:00] bootstrap_admin_ui: Identity resolved: source=session, is_authenticated=true, user_id=39, is_platform_admin=false, preferred_language=en
[2026-04-25T08:56:25-04:00] bootstrap_admin_ui: Final preferred_language: en
[2026-04-25T08:56:27-04:00] bootstrap_admin_ui: Session data before resolution: platform_admin=false, platform_role=null, user_id=39, session_id=4sdemop77hjl9speg83qautqvb
[2026-04-25T08:56:27-04:00] bootstrap_admin_ui: Identity resolved: source=session, is_authenticated=true, user_id=39, is_platform_admin=false, preferred_language=en
[2026-04-25T08:56:27-04:00] bootstrap_admin_ui: Final preferred_language: en
[2026-04-25T08:56:27-04:00] bootstrap_admin_ui: Session data before resolution: platform_admin=false, platform_role=null, user_id=39, session_id=4sdemop77hjl9speg83qautqvb
[2026-04-25T08:56:27-04:00] bootstrap_admin_ui: Identity resolved: source=session, is_authenticated=true, user_id=39, is_platform_admin=false, preferred_language=en
[2026-04-25T08:56:27-04:00] bootstrap_admin_ui: Final preferred_language: en
[2026-04-25T08:56:29-04:00] bootstrap_admin_ui: Session data before resolution: platform_admin=false, platform_role=null, user_id=39, session_id=4sdemop77hjl9speg83qautqvb
[2026-04-25T08:56:29-04:00] bootstrap_admin_ui: Identity resolved: source=session, is_authenticated=true, user_id=39, is_platform_admin=false, preferred_language=en
[2026-04-25T08:56:29-04:00] bootstrap_admin_ui: Final preferred_language: en
[2026-04-25T08:56:29-04:00] bootstrap_admin_ui: Session data before resolution: platform_admin=false, platform_role=null, user_id=39, session_id=4sdemop77hjl9speg83qautqvb
[2026-04-25T08:56:29-04:00] bootstrap_admin_ui: Identity resolved: source=session, is_authenticated=true, user_id=39, is_platform_admin=false, preferred_language=en
[2026-04-25T08:56:29-04:00] bootstrap_admin_ui: Final preferred_language: en
[2026-04-25T08:56:30-04:00] bootstrap_admin_ui: Session data before resolution: platform_admin=false, platform_role=null, user_id=39, session_id=4sdemop77hjl9speg83qautqvb
[2026-04-25T08:56:30-04:00] bootstrap_admin_ui: Identity resolved: source=session, is_authenticated=true, user_id=39, is_platform_admin=false, preferred_language=en
[2026-04-25T08:56:30-04:00] bootstrap_admin_ui: Final preferred_language: en
[2026-04-25T08:56:30-04:00] bootstrap_admin_ui: Session data before resolution: platform_admin=false, platform_role=null, user_id=39, session_id=4sdemop77hjl9speg83qautqvb
[2026-04-25T08:56:30-04:00] bootstrap_admin_ui: Identity resolved: source=session, is_authenticated=true, user_id=39, is_platform_admin=false, preferred_language=en
[2026-04-25T08:56:30-04:00] bootstrap_admin_ui: Final preferred_language: en
[2026-04-25T08:56:34-04:00] bootstrap_admin_ui: Session data before resolution: platform_admin=false, platform_role=null, user_id=39, session_id=4sdemop77hjl9speg83qautqvb
[2026-04-25T08:56:34-04:00] bootstrap_admin_ui: Identity resolved: source=session, is_authenticated=true, user_id=39, is_platform_admin=false, preferred_language=en
[2026-04-25T08:56:34-04:00] bootstrap_admin_ui: Final preferred_language: en
[2026-04-25T08:56:34-04:00] bootstrap_admin_ui: Session data before resolution: platform_admin=false, platform_role=null, user_id=39, session_id=4sdemop77hjl9speg83qautqvb
[2026-04-25T08:56:34-04:00] bootstrap_admin_ui: Identity resolved: source=session, is_authenticated=true, user_id=39, is_platform_admin=false, preferred_language=en
[2026-04-25T08:56:34-04:00] bootstrap_admin_ui: Final preferred_language: en
[2026-04-25T08:57:11-04:00] bootstrap_admin_ui: Session data before resolution: platform_admin=false, platform_role=null, user_id=39, session_id=20qpnnfiot5d6nuceufesl4e4p
[2026-04-25T08:57:11-04:00] bootstrap_admin_ui: Identity resolved: source=session, is_authenticated=true, user_id=39, is_platform_admin=false, preferred_language=en
[2026-04-25T08:57:11-04:00] bootstrap_admin_ui: Final preferred_language: en
[2026-04-25T08:57:39-04:00] bootstrap_admin_ui: Session data before resolution: platform_admin=false, platform_role=null, user_id=39, session_id=20qpnnfiot5d6nuceufesl4e4p
[2026-04-25T08:57:39-04:00] bootstrap_admin_ui: Identity resolved: source=session, is_authenticated=true, user_id=39, is_platform_admin=false, preferred_language=en
[2026-04-25T08:57:39-04:00] bootstrap_admin_ui: Final preferred_language: en
[2026-04-25T08:57:40-04:00] bootstrap_admin_ui: Session data before resolution: platform_admin=false, platform_role=null, user_id=39, session_id=20qpnnfiot5d6nuceufesl4e4p
[2026-04-25T08:57:40-04:00] bootstrap_admin_ui: Identity resolved: source=session, is_authenticated=true, user_id=39, is_platform_admin=false, preferred_language=en
[2026-04-25T08:57:40-04:00] bootstrap_admin_ui: Final preferred_language: en
[2026-04-25T08:57:42-04:00] bootstrap_admin_ui: Session data before resolution: platform_admin=false, platform_role=null, user_id=39, session_id=20qpnnfiot5d6nuceufesl4e4p
[2026-04-25T08:57:42-04:00] bootstrap_admin_ui: Identity resolved: source=session, is_authenticated=true, user_id=39, is_platform_admin=false, preferred_language=en
[2026-04-25T08:57:42-04:00] bootstrap_admin_ui: Final preferred_language: en
[2026-04-25T08:57:43-04:00] bootstrap_admin_ui: Session data before resolution: platform_admin=false, platform_role=null, user_id=39, session_id=20qpnnfiot5d6nuceufesl4e4p
[2026-04-25T08:57:43-04:00] bootstrap_admin_ui: Identity resolved: source=session, is_authenticated=true, user_id=39, is_platform_admin=false, preferred_language=en
[2026-04-25T08:57:43-04:00] bootstrap_admin_ui: Final preferred_language: en
[2026-04-25T08:57:44-04:00] bootstrap_admin_ui: Session data before resolution: platform_admin=false, platform_role=null, user_id=39, session_id=20qpnnfiot5d6nuceufesl4e4p
[2026-04-25T08:57:44-04:00] bootstrap_admin_ui: Identity resolved: source=session, is_authenticated=true, user_id=39, is_platform_admin=false, preferred_language=en
[2026-04-25T08:57:44-04:00] bootstrap_admin_ui: Final preferred_language: en
[2026-04-25T08:57:45-04:00] bootstrap_admin_ui: Session data before resolution: platform_admin=false, platform_role=null, user_id=39, session_id=20qpnnfiot5d6nuceufesl4e4p
[2026-04-25T08:57:45-04:00] bootstrap_admin_ui: Identity resolved: source=session, is_authenticated=true, user_id=39, is_platform_admin=false, preferred_language=en
[2026-04-25T08:57:45-04:00] bootstrap_admin_ui: Final preferred_language: en
[2026-04-25T08:57:46-04:00] bootstrap_admin_ui: Session data before resolution: platform_admin=false, platform_role=null, user_id=39, session_id=20qpnnfiot5d6nuceufesl4e4p
[2026-04-25T08:57:46-04:00] bootstrap_admin_ui: Identity resolved: source=session, is_authenticated=true, user_id=39, is_platform_admin=false, preferred_language=en
[2026-04-25T08:57:46-04:00] bootstrap_admin_ui: Final preferred_language: en
[2026-04-25T08:57:46-04:00] bootstrap_admin_ui: Session data before resolution: platform_admin=false, platform_role=null, user_id=39, session_id=20qpnnfiot5d6nuceufesl4e4p
[2026-04-25T08:57:46-04:00] bootstrap_admin_ui: Identity resolved: source=session, is_authenticated=true, user_id=39, is_platform_admin=false, preferred_language=en
[2026-04-25T08:57:46-04:00] bootstrap_admin_ui: Final preferred_language: en
[2026-04-25T08:57:52-04:00] bootstrap_admin_ui: Session data before resolution: platform_admin=false, platform_role=null, user_id=39, session_id=20qpnnfiot5d6nuceufesl4e4p
[2026-04-25T08:57:52-04:00] bootstrap_admin_ui: Identity resolved: source=session, is_authenticated=true, user_id=39, is_platform_admin=false, preferred_language=en
[2026-04-25T08:57:52-04:00] bootstrap_admin_ui: Final preferred_language: en
[2026-04-25T08:57:52-04:00] bootstrap_admin_ui: Session data before resolution: platform_admin=false, platform_role=null, user_id=39, session_id=20qpnnfiot5d6nuceufesl4e4p
[2026-04-25T08:57:52-04:00] bootstrap_admin_ui: Identity resolved: source=session, is_authenticated=true, user_id=39, is_platform_admin=false, preferred_language=en
[2026-04-25T08:57:52-04:00] bootstrap_admin_ui: Final preferred_language: en
[2026-04-25T08:57:53-04:00] bootstrap_admin_ui: Session data before resolution: platform_admin=false, platform_role=null, user_id=39, session_id=20qpnnfiot5d6nuceufesl4e4p
[2026-04-25T08:57:53-04:00] bootstrap_admin_ui: Identity resolved: source=session, is_authenticated=true, user_id=39, is_platform_admin=false, preferred_language=en
[2026-04-25T08:57:53-04:00] bootstrap_admin_ui: Final preferred_language: en
[2026-04-25T08:57:53-04:00] bootstrap_admin_ui: Session data before resolution: platform_admin=false, platform_role=null, user_id=39, session_id=20qpnnfiot5d6nuceufesl4e4p
[2026-04-25T08:57:53-04:00] bootstrap_admin_ui: Identity resolved: source=session, is_authenticated=true, user_id=39, is_platform_admin=false, preferred_language=en
[2026-04-25T08:57:53-04:00] bootstrap_admin_ui: Final preferred_language: en
[2026-04-25T08:59:46-04:00] bootstrap_admin_ui: Session data before resolution: platform_admin=false, platform_role=null, user_id=39, session_id=20qpnnfiot5d6nuceufesl4e4p
[2026-04-25T08:59:46-04:00] bootstrap_admin_ui: Identity resolved: source=session, is_authenticated=true, user_id=39, is_platform_admin=false, preferred_language=en
[2026-04-25T08:59:46-04:00] bootstrap_admin_ui: Final preferred_language: en
[2026-04-25T08:59:49-04:00] bootstrap_admin_ui: Session data before resolution: platform_admin=false, platform_role=null, user_id=39, session_id=20qpnnfiot5d6nuceufesl4e4p
[2026-04-25T08:59:49-04:00] bootstrap_admin_ui: Identity resolved: source=session, is_authenticated=true, user_id=39, is_platform_admin=false, preferred_language=en
[2026-04-25T08:59:49-04:00] bootstrap_admin_ui: Final preferred_language: en
[2026-04-25T08:59:49-04:00] bootstrap_admin_ui: Session data before resolution: platform_admin=false, platform_role=null, user_id=39, session_id=20qpnnfiot5d6nuceufesl4e4p
[2026-04-25T08:59:49-04:00] bootstrap_admin_ui: Identity resolved: source=session, is_authenticated=true, user_id=39, is_platform_admin=false, preferred_language=en
[2026-04-25T08:59:49-04:00] bootstrap_admin_ui: Final preferred_language: en
[2026-04-25T08:59:50-04:00] bootstrap_admin_ui: Session data before resolution: platform_admin=false, platform_role=null, user_id=39, session_id=20qpnnfiot5d6nuceufesl4e4p
[2026-04-25T08:59:50-04:00] bootstrap_admin_ui: Identity resolved: source=session, is_authenticated=true, user_id=39, is_platform_admin=false, preferred_language=en
[2026-04-25T08:59:50-04:00] bootstrap_admin_ui: Final preferred_language: en
[2026-04-25T08:59:50-04:00] bootstrap_admin_ui: Session data before resolution: platform_admin=false, platform_role=null, user_id=39, session_id=20qpnnfiot5d6nuceufesl4e4p
[2026-04-25T08:59:50-04:00] bootstrap_admin_ui: Identity resolved: source=session, is_authenticated=true, user_id=39, is_platform_admin=false, preferred_language=en
[2026-04-25T08:59:50-04:00] bootstrap_admin_ui: Final preferred_language: en
[2026-04-25T08:59:51-04:00] bootstrap_admin_ui: Session data before resolution: platform_admin=false, platform_role=null, user_id=39, session_id=20qpnnfiot5d6nuceufesl4e4p
[2026-04-25T08:59:51-04:00] bootstrap_admin_ui: Identity resolved: source=session, is_authenticated=true, user_id=39, is_platform_admin=false, preferred_language=en
[2026-04-25T08:59:51-04:00] bootstrap_admin_ui: Final preferred_language: en
[2026-04-25T08:59:51-04:00] bootstrap_admin_ui: Session data before resolution: platform_admin=false, platform_role=null, user_id=39, session_id=20qpnnfiot5d6nuceufesl4e4p
[2026-04-25T08:59:51-04:00] bootstrap_admin_ui: Identity resolved: source=session, is_authenticated=true, user_id=39, is_platform_admin=false, preferred_language=en
[2026-04-25T08:59:51-04:00] bootstrap_admin_ui: Final preferred_language: en
[2026-04-25T08:59:54-04:00] bootstrap_admin_ui: Session data before resolution: platform_admin=false, platform_role=null, user_id=39, session_id=20qpnnfiot5d6nuceufesl4e4p
[2026-04-25T08:59:54-04:00] bootstrap_admin_ui: Identity resolved: source=session, is_authenticated=true, user_id=39, is_platform_admin=false, preferred_language=en
[2026-04-25T08:59:54-04:00] bootstrap_admin_ui: Final preferred_language: en
[2026-04-25T08:59:54-04:00] bootstrap_admin_ui: Session data before resolution: platform_admin=false, platform_role=null, user_id=39, session_id=20qpnnfiot5d6nuceufesl4e4p
[2026-04-25T08:59:54-04:00] bootstrap_admin_ui: Identity resolved: source=session, is_authenticated=true, user_id=39, is_platform_admin=false, preferred_language=en
[2026-04-25T08:59:54-04:00] bootstrap_admin_ui: Final preferred_language: en
[2026-04-25T08:59:55-04:00] bootstrap_admin_ui: Session data before resolution: platform_admin=false, platform_role=null, user_id=39, session_id=20qpnnfiot5d6nuceufesl4e4p
[2026-04-25T08:59:55-04:00] bootstrap_admin_ui: Identity resolved: source=session, is_authenticated=true, user_id=39, is_platform_admin=false, preferred_language=en
[2026-04-25T08:59:55-04:00] bootstrap_admin_ui: Final preferred_language: en
[2026-04-25T08:59:55-04:00] bootstrap_admin_ui: Session data before resolution: platform_admin=false, platform_role=null, user_id=39, session_id=20qpnnfiot5d6nuceufesl4e4p
[2026-04-25T08:59:55-04:00] bootstrap_admin_ui: Identity resolved: source=session, is_authenticated=true, user_id=39, is_platform_admin=false, preferred_language=en
[2026-04-25T08:59:55-04:00] bootstrap_admin_ui: Final preferred_language: en
[2026-04-25T08:59:56-04:00] bootstrap_admin_ui: Session data before resolution: platform_admin=false, platform_role=null, user_id=39, session_id=20qpnnfiot5d6nuceufesl4e4p
[2026-04-25T08:59:56-04:00] bootstrap_admin_ui: Identity resolved: source=session, is_authenticated=true, user_id=39, is_platform_admin=false, preferred_language=en
[2026-04-25T08:59:56-04:00] bootstrap_admin_ui: Final preferred_language: en
[2026-04-25T08:59:57-04:00] bootstrap_admin_ui: Session data before resolution: platform_admin=false, platform_role=null, user_id=39, session_id=20qpnnfiot5d6nuceufesl4e4p
[2026-04-25T08:59:57-04:00] bootstrap_admin_ui: Identity resolved: source=session, is_authenticated=true, user_id=39, is_platform_admin=false, preferred_language=en
[2026-04-25T08:59:57-04:00] bootstrap_admin_ui: Final preferred_language: en
[2026-04-25T09:00:19-04:00] bootstrap_admin_ui: Session data before resolution: platform_admin=false, platform_role=null, user_id=1, session_id=mma7cqdvl04kqfjimevqfjc37b
[2026-04-25T09:00:19-04:00] bootstrap_admin_ui: Identity resolved: source=session, is_authenticated=true, user_id=1, is_platform_admin=false, preferred_language=en
[2026-04-25T09:00:19-04:00] bootstrap_admin_ui: Final preferred_language: en
[2026-04-25T09:00:22-04:00] bootstrap_admin_ui: Session data before resolution: platform_admin=false, platform_role=null, user_id=1, session_id=mma7cqdvl04kqfjimevqfjc37b
[2026-04-25T09:00:22-04:00] bootstrap_admin_ui: Identity resolved: source=session, is_authenticated=true, user_id=1, is_platform_admin=false, preferred_language=en
[2026-04-25T09:00:22-04:00] bootstrap_admin_ui: Final preferred_language: en
[2026-04-25T09:00:22-04:00] bootstrap_admin_ui: Session data before resolution: platform_admin=false, platform_role=null, user_id=1, session_id=mma7cqdvl04kqfjimevqfjc37b
[2026-04-25T09:00:22-04:00] bootstrap_admin_ui: Identity resolved: source=session, is_authenticated=true, user_id=1, is_platform_admin=false, preferred_language=en
[2026-04-25T09:00:22-04:00] bootstrap_admin_ui: Final preferred_language: en
[2026-04-25T09:00:25-04:00] bootstrap_admin_ui: Session data before resolution: platform_admin=false, platform_role=null, user_id=1, session_id=mma7cqdvl04kqfjimevqfjc37b
[2026-04-25T09:00:25-04:00] bootstrap_admin_ui: Identity resolved: source=session, is_authenticated=true, user_id=1, is_platform_admin=false, preferred_language=en
[2026-04-25T09:00:25-04:00] bootstrap_admin_ui: Final preferred_language: en
[2026-04-25T09:00:25-04:00] bootstrap_admin_ui: Session data before resolution: platform_admin=false, platform_role=null, user_id=1, session_id=mma7cqdvl04kqfjimevqfjc37b
[2026-04-25T09:00:25-04:00] bootstrap_admin_ui: Identity resolved: source=session, is_authenticated=true, user_id=1, is_platform_admin=false, preferred_language=en
[2026-04-25T09:00:25-04:00] bootstrap_admin_ui: Final preferred_language: en
[2026-04-25T09:00:26-04:00] bootstrap_admin_ui: Session data before resolution: platform_admin=false, platform_role=null, user_id=1, session_id=mma7cqdvl04kqfjimevqfjc37b
[2026-04-25T09:00:26-04:00] bootstrap_admin_ui: Identity resolved: source=session, is_authenticated=true, user_id=1, is_platform_admin=false, preferred_language=en
[2026-04-25T09:00:26-04:00] bootstrap_admin_ui: Final preferred_language: en
[2026-04-25T09:00:26-04:00] bootstrap_admin_ui: Session data before resolution: platform_admin=false, platform_role=null, user_id=1, session_id=mma7cqdvl04kqfjimevqfjc37b
[2026-04-25T09:00:26-04:00] bootstrap_admin_ui: Identity resolved: source=session, is_authenticated=true, user_id=1, is_platform_admin=false, preferred_language=en
[2026-04-25T09:00:26-04:00] bootstrap_admin_ui: Final preferred_language: en
[2026-04-25T09:00:28-04:00] bootstrap_admin_ui: Session data before resolution: platform_admin=false, platform_role=null, user_id=1, session_id=mma7cqdvl04kqfjimevqfjc37b
[2026-04-25T09:00:28-04:00] bootstrap_admin_ui: Identity resolved: source=session, is_authenticated=true, user_id=1, is_platform_admin=false, preferred_language=en
[2026-04-25T09:00:28-04:00] bootstrap_admin_ui: Final preferred_language: en
[2026-04-25T09:00:28-04:00] bootstrap_admin_ui: Session data before resolution: platform_admin=false, platform_role=null, user_id=1, session_id=mma7cqdvl04kqfjimevqfjc37b
[2026-04-25T09:00:28-04:00] bootstrap_admin_ui: Identity resolved: source=session, is_authenticated=true, user_id=1, is_platform_admin=false, preferred_language=en
[2026-04-25T09:00:28-04:00] bootstrap_admin_ui: Final preferred_language: en
[2026-04-25T09:00:29-04:00] bootstrap_admin_ui: Session data before resolution: platform_admin=false, platform_role=null, user_id=1, session_id=mma7cqdvl04kqfjimevqfjc37b
[2026-04-25T09:00:29-04:00] bootstrap_admin_ui: Identity resolved: source=session, is_authenticated=true, user_id=1, is_platform_admin=false, preferred_language=en
[2026-04-25T09:00:29-04:00] bootstrap_admin_ui: Final preferred_language: en
[2026-04-25T09:00:30-04:00] bootstrap_admin_ui: Session data before resolution: platform_admin=false, platform_role=null, user_id=1, session_id=mma7cqdvl04kqfjimevqfjc37b
[2026-04-25T09:00:30-04:00] bootstrap_admin_ui: Identity resolved: source=session, is_authenticated=true, user_id=1, is_platform_admin=false, preferred_language=en
[2026-04-25T09:00:30-04:00] bootstrap_admin_ui: Final preferred_language: en
[2026-04-25T09:00:31-04:00] bootstrap_admin_ui: Session data before resolution: platform_admin=false, platform_role=null, user_id=1, session_id=mma7cqdvl04kqfjimevqfjc37b
[2026-04-25T09:00:31-04:00] bootstrap_admin_ui: Identity resolved: source=session, is_authenticated=true, user_id=1, is_platform_admin=false, preferred_language=en
[2026-04-25T09:00:31-04:00] bootstrap_admin_ui: Final preferred_language: en
[2026-04-25T09:00:31-04:00] bootstrap_admin_ui: Session data before resolution: platform_admin=false, platform_role=null, user_id=1, session_id=mma7cqdvl04kqfjimevqfjc37b
[2026-04-25T09:00:31-04:00] bootstrap_admin_ui: Identity resolved: source=session, is_authenticated=true, user_id=1, is_platform_admin=false, preferred_language=en
[2026-04-25T09:00:31-04:00] bootstrap_admin_ui: Final preferred_language: en
[2026-04-25T09:00:38-04:00] bootstrap_admin_ui: Session data before resolution: platform_admin=false, platform_role=null, user_id=1, session_id=mma7cqdvl04kqfjimevqfjc37b
[2026-04-25T09:00:38-04:00] bootstrap_admin_ui: Identity resolved: source=session, is_authenticated=true, user_id=1, is_platform_admin=false, preferred_language=en
[2026-04-25T09:00:38-04:00] bootstrap_admin_ui: Final preferred_language: en
[2026-04-25T09:00:38-04:00] bootstrap_admin_ui: Session data before resolution: platform_admin=false, platform_role=null, user_id=1, session_id=mma7cqdvl04kqfjimevqfjc37b
[2026-04-25T09:00:38-04:00] bootstrap_admin_ui: Identity resolved: source=session, is_authenticated=true, user_id=1, is_platform_admin=false, preferred_language=en
[2026-04-25T09:00:38-04:00] bootstrap_admin_ui: Final preferred_language: en
[2026-04-25T09:00:39-04:00] bootstrap_admin_ui: Session data before resolution: platform_admin=false, platform_role=null, user_id=1, session_id=mma7cqdvl04kqfjimevqfjc37b
[2026-04-25T09:00:39-04:00] bootstrap_admin_ui: Identity resolved: source=session, is_authenticated=true, user_id=1, is_platform_admin=false, preferred_language=en
[2026-04-25T09:00:39-04:00] bootstrap_admin_ui: Final preferred_language: en
[2026-04-25T09:00:40-04:00] bootstrap_admin_ui: Session data before resolution: platform_admin=false, platform_role=null, user_id=1, session_id=mma7cqdvl04kqfjimevqfjc37b
[2026-04-25T09:00:40-04:00] bootstrap_admin_ui: Identity resolved: source=session, is_authenticated=true, user_id=1, is_platform_admin=false, preferred_language=en
[2026-04-25T09:00:40-04:00] bootstrap_admin_ui: Final preferred_language: en
[2026-04-25T09:00:43-04:00] bootstrap_admin_ui: Session data before resolution: platform_admin=false, platform_role=null, user_id=1, session_id=mma7cqdvl04kqfjimevqfjc37b
[2026-04-25T09:00:44-04:00] bootstrap_admin_ui: Identity resolved: source=session, is_authenticated=true, user_id=1, is_platform_admin=false, preferred_language=en
[2026-04-25T09:00:44-04:00] bootstrap_admin_ui: Final preferred_language: en
[2026-04-25T09:00:44-04:00] bootstrap_admin_ui: Session data before resolution: platform_admin=false, platform_role=null, user_id=1, session_id=mma7cqdvl04kqfjimevqfjc37b
[2026-04-25T09:00:44-04:00] bootstrap_admin_ui: Identity resolved: source=session, is_authenticated=true, user_id=1, is_platform_admin=false, preferred_language=en
[2026-04-25T09:00:44-04:00] bootstrap_admin_ui: Final preferred_language: en
[2026-04-25T09:00:45-04:00] bootstrap_admin_ui: Session data before resolution: platform_admin=false, platform_role=null, user_id=1, session_id=mma7cqdvl04kqfjimevqfjc37b
[2026-04-25T09:00:45-04:00] bootstrap_admin_ui: Identity resolved: source=session, is_authenticated=true, user_id=1, is_platform_admin=false, preferred_language=en
[2026-04-25T09:00:45-04:00] bootstrap_admin_ui: Final preferred_language: en
[2026-04-25T09:00:45-04:00] bootstrap_admin_ui: Session data before resolution: platform_admin=false, platform_role=null, user_id=1, session_id=mma7cqdvl04kqfjimevqfjc37b
[2026-04-25T09:00:45-04:00] bootstrap_admin_ui: Identity resolved: source=session, is_authenticated=true, user_id=1, is_platform_admin=false, preferred_language=en
[2026-04-25T09:00:45-04:00] bootstrap_admin_ui: Final preferred_language: en
[2026-04-25T09:00:46-04:00] bootstrap_admin_ui: Session data before resolution: platform_admin=false, platform_role=null, user_id=1, session_id=mma7cqdvl04kqfjimevqfjc37b
[2026-04-25T09:00:46-04:00] bootstrap_admin_ui: Identity resolved: source=session, is_authenticated=true, user_id=1, is_platform_admin=false, preferred_language=en
[2026-04-25T09:00:46-04:00] bootstrap_admin_ui: Final preferred_language: en
[2026-04-25T09:00:46-04:00] bootstrap_admin_ui: Session data before resolution: platform_admin=false, platform_role=null, user_id=1, session_id=mma7cqdvl04kqfjimevqfjc37b
[2026-04-25T09:00:46-04:00] bootstrap_admin_ui: Identity resolved: source=session, is_authenticated=true, user_id=1, is_platform_admin=false, preferred_language=en
[2026-04-25T09:00:46-04:00] bootstrap_admin_ui: Final preferred_language: en
[2026-04-25T09:00:48-04:00] bootstrap_admin_ui: Session data before resolution: platform_admin=false, platform_role=null, user_id=1, session_id=mma7cqdvl04kqfjimevqfjc37b
[2026-04-25T09:00:48-04:00] bootstrap_admin_ui: Identity resolved: source=session, is_authenticated=true, user_id=1, is_platform_admin=false, preferred_language=en
[2026-04-25T09:00:48-04:00] bootstrap_admin_ui: Final preferred_language: en
[2026-04-25T09:00:48-04:00] bootstrap_admin_ui: Session data before resolution: platform_admin=false, platform_role=null, user_id=1, session_id=mma7cqdvl04kqfjimevqfjc37b
[2026-04-25T09:00:48-04:00] bootstrap_admin_ui: Identity resolved: source=session, is_authenticated=true, user_id=1, is_platform_admin=false, preferred_language=en
[2026-04-25T09:00:48-04:00] bootstrap_admin_ui: Final preferred_language: en
[2026-04-25T09:01:57-04:00] bootstrap_admin_ui: Session data before resolution: platform_admin=false, platform_role=null, user_id=40, session_id=9bbjljiatsrj45spoqi99cn5a2
[2026-04-25T09:01:57-04:00] bootstrap_admin_ui: Identity resolved: source=session, is_authenticated=true, user_id=40, is_platform_admin=false, preferred_language=en
[2026-04-25T09:01:57-04:00] bootstrap_admin_ui: Final preferred_language: en
[2026-04-25T09:02:00-04:00] bootstrap_admin_ui: Session data before resolution: platform_admin=false, platform_role=null, user_id=40, session_id=9bbjljiatsrj45spoqi99cn5a2
[2026-04-25T09:02:00-04:00] bootstrap_admin_ui: Identity resolved: source=session, is_authenticated=true, user_id=40, is_platform_admin=false, preferred_language=en
[2026-04-25T09:02:00-04:00] bootstrap_admin_ui: Final preferred_language: en
[2026-04-25T09:02:04-04:00] bootstrap_admin_ui: Session data before resolution: platform_admin=false, platform_role=null, user_id=40, session_id=9bbjljiatsrj45spoqi99cn5a2
[2026-04-25T09:02:04-04:00] bootstrap_admin_ui: Identity resolved: source=session, is_authenticated=true, user_id=40, is_platform_admin=false, preferred_language=en
[2026-04-25T09:02:04-04:00] bootstrap_admin_ui: Final preferred_language: en
[2026-04-25T09:02:04-04:00] bootstrap_admin_ui: Session data before resolution: platform_admin=false, platform_role=null, user_id=40, session_id=9bbjljiatsrj45spoqi99cn5a2
[2026-04-25T09:02:04-04:00] bootstrap_admin_ui: Identity resolved: source=session, is_authenticated=true, user_id=40, is_platform_admin=false, preferred_language=en
[2026-04-25T09:02:04-04:00] bootstrap_admin_ui: Final preferred_language: en
[2026-04-25T09:02:05-04:00] bootstrap_admin_ui: Session data before resolution: platform_admin=false, platform_role=null, user_id=40, session_id=9bbjljiatsrj45spoqi99cn5a2
[2026-04-25T09:02:05-04:00] bootstrap_admin_ui: Identity resolved: source=session, is_authenticated=true, user_id=40, is_platform_admin=false, preferred_language=en
[2026-04-25T09:02:05-04:00] bootstrap_admin_ui: Final preferred_language: en
[2026-04-25T09:02:05-04:00] bootstrap_admin_ui: Session data before resolution: platform_admin=false, platform_role=null, user_id=40, session_id=9bbjljiatsrj45spoqi99cn5a2
[2026-04-25T09:02:05-04:00] bootstrap_admin_ui: Identity resolved: source=session, is_authenticated=true, user_id=40, is_platform_admin=false, preferred_language=en
[2026-04-25T09:02:05-04:00] bootstrap_admin_ui: Final preferred_language: en
[2026-04-25T09:02:07-04:00] bootstrap_admin_ui: Session data before resolution: platform_admin=false, platform_role=null, user_id=40, session_id=9bbjljiatsrj45spoqi99cn5a2
[2026-04-25T09:02:07-04:00] bootstrap_admin_ui: Identity resolved: source=session, is_authenticated=true, user_id=40, is_platform_admin=false, preferred_language=en
[2026-04-25T09:02:07-04:00] bootstrap_admin_ui: Final preferred_language: en
[2026-04-25T09:02:07-04:00] bootstrap_admin_ui: Session data before resolution: platform_admin=false, platform_role=null, user_id=40, session_id=9bbjljiatsrj45spoqi99cn5a2
[2026-04-25T09:02:07-04:00] bootstrap_admin_ui: Identity resolved: source=session, is_authenticated=true, user_id=40, is_platform_admin=false, preferred_language=en
[2026-04-25T09:02:07-04:00] bootstrap_admin_ui: Final preferred_language: en
[2026-04-25T09:02:08-04:00] bootstrap_admin_ui: Session data before resolution: platform_admin=false, platform_role=null, user_id=40, session_id=9bbjljiatsrj45spoqi99cn5a2
[2026-04-25T09:02:08-04:00] bootstrap_admin_ui: Identity resolved: source=session, is_authenticated=true, user_id=40, is_platform_admin=false, preferred_language=en
[2026-04-25T09:02:08-04:00] bootstrap_admin_ui: Final preferred_language: en
[2026-04-25T09:02:08-04:00] bootstrap_admin_ui: Session data before resolution: platform_admin=false, platform_role=null, user_id=40, session_id=9bbjljiatsrj45spoqi99cn5a2
[2026-04-25T09:02:08-04:00] bootstrap_admin_ui: Identity resolved: source=session, is_authenticated=true, user_id=40, is_platform_admin=false, preferred_language=en
[2026-04-25T09:02:08-04:00] bootstrap_admin_ui: Final preferred_language: en
[2026-04-25T09:02:10-04:00] bootstrap_admin_ui: Session data before resolution: platform_admin=false, platform_role=null, user_id=40, session_id=9bbjljiatsrj45spoqi99cn5a2
[2026-04-25T09:02:10-04:00] bootstrap_admin_ui: Identity resolved: source=session, is_authenticated=true, user_id=40, is_platform_admin=false, preferred_language=en
[2026-04-25T09:02:10-04:00] bootstrap_admin_ui: Final preferred_language: en
[2026-04-25T09:02:10-04:00] bootstrap_admin_ui: Session data before resolution: platform_admin=false, platform_role=null, user_id=40, session_id=9bbjljiatsrj45spoqi99cn5a2
[2026-04-25T09:02:10-04:00] bootstrap_admin_ui: Identity resolved: source=session, is_authenticated=true, user_id=40, is_platform_admin=false, preferred_language=en
[2026-04-25T09:02:10-04:00] bootstrap_admin_ui: Final preferred_language: en
[2026-04-25T09:03:02-04:00] bootstrap_admin_ui: Session data before resolution: platform_admin=false, platform_role=null, user_id=40, session_id=k03bpiebln1p9jvrd2stkuljf0
[2026-04-25T09:03:02-04:00] bootstrap_admin_ui: Identity resolved: source=session, is_authenticated=true, user_id=40, is_platform_admin=false, preferred_language=en
[2026-04-25T09:03:02-04:00] bootstrap_admin_ui: Final preferred_language: en
[2026-04-25T09:03:07-04:00] bootstrap_admin_ui: Session data before resolution: platform_admin=false, platform_role=null, user_id=40, session_id=k03bpiebln1p9jvrd2stkuljf0
[2026-04-25T09:03:07-04:00] bootstrap_admin_ui: Identity resolved: source=session, is_authenticated=true, user_id=40, is_platform_admin=false, preferred_language=en
[2026-04-25T09:03:07-04:00] bootstrap_admin_ui: Final preferred_language: en
[2026-04-25T09:03:07-04:00] bootstrap_admin_ui: Session data before resolution: platform_admin=false, platform_role=null, user_id=40, session_id=k03bpiebln1p9jvrd2stkuljf0
[2026-04-25T09:03:07-04:00] bootstrap_admin_ui: Identity resolved: source=session, is_authenticated=true, user_id=40, is_platform_admin=false, preferred_language=en
[2026-04-25T09:03:07-04:00] bootstrap_admin_ui: Final preferred_language: en
[2026-04-25T09:03:10-04:00] bootstrap_admin_ui: Session data before resolution: platform_admin=false, platform_role=null, user_id=40, session_id=k03bpiebln1p9jvrd2stkuljf0
[2026-04-25T09:03:10-04:00] bootstrap_admin_ui: Identity resolved: source=session, is_authenticated=true, user_id=40, is_platform_admin=false, preferred_language=en
[2026-04-25T09:03:10-04:00] bootstrap_admin_ui: Final preferred_language: en
[2026-04-25T09:03:10-04:00] bootstrap_admin_ui: Session data before resolution: platform_admin=false, platform_role=null, user_id=40, session_id=k03bpiebln1p9jvrd2stkuljf0
[2026-04-25T09:03:10-04:00] bootstrap_admin_ui: Identity resolved: source=session, is_authenticated=true, user_id=40, is_platform_admin=false, preferred_language=en
[2026-04-25T09:03:10-04:00] bootstrap_admin_ui: Final preferred_language: en
[2026-04-25T09:03:11-04:00] bootstrap_admin_ui: Session data before resolution: platform_admin=false, platform_role=null, user_id=40, session_id=k03bpiebln1p9jvrd2stkuljf0
[2026-04-25T09:03:11-04:00] bootstrap_admin_ui: Identity resolved: source=session, is_authenticated=true, user_id=40, is_platform_admin=false, preferred_language=en
[2026-04-25T09:03:11-04:00] bootstrap_admin_ui: Final preferred_language: en
[2026-04-25T09:03:12-04:00] bootstrap_admin_ui: Session data before resolution: platform_admin=false, platform_role=null, user_id=40, session_id=k03bpiebln1p9jvrd2stkuljf0
[2026-04-25T09:03:12-04:00] bootstrap_admin_ui: Identity resolved: source=session, is_authenticated=true, user_id=40, is_platform_admin=false, preferred_language=en
[2026-04-25T09:03:12-04:00] bootstrap_admin_ui: Final preferred_language: en
[2026-04-25T09:03:14-04:00] bootstrap_admin_ui: Session data before resolution: platform_admin=false, platform_role=null, user_id=40, session_id=k03bpiebln1p9jvrd2stkuljf0
[2026-04-25T09:03:14-04:00] bootstrap_admin_ui: Identity resolved: source=session, is_authenticated=true, user_id=40, is_platform_admin=false, preferred_language=en
[2026-04-25T09:03:14-04:00] bootstrap_admin_ui: Final preferred_language: en
[2026-04-25T09:03:14-04:00] bootstrap_admin_ui: Session data before resolution: platform_admin=false, platform_role=null, user_id=40, session_id=k03bpiebln1p9jvrd2stkuljf0
[2026-04-25T09:03:14-04:00] bootstrap_admin_ui: Identity resolved: source=session, is_authenticated=true, user_id=40, is_platform_admin=false, preferred_language=en
[2026-04-25T09:03:14-04:00] bootstrap_admin_ui: Final preferred_language: en
[2026-04-25T09:03:15-04:00] bootstrap_admin_ui: Session data before resolution: platform_admin=false, platform_role=null, user_id=40, session_id=k03bpiebln1p9jvrd2stkuljf0
[2026-04-25T09:03:15-04:00] bootstrap_admin_ui: Identity resolved: source=session, is_authenticated=true, user_id=40, is_platform_admin=false, preferred_language=en
[2026-04-25T09:03:15-04:00] bootstrap_admin_ui: Final preferred_language: en
[2026-04-25T09:03:15-04:00] bootstrap_admin_ui: Session data before resolution: platform_admin=false, platform_role=null, user_id=40, session_id=k03bpiebln1p9jvrd2stkuljf0
[2026-04-25T09:03:15-04:00] bootstrap_admin_ui: Identity resolved: source=session, is_authenticated=true, user_id=40, is_platform_admin=false, preferred_language=en
[2026-04-25T09:03:15-04:00] bootstrap_admin_ui: Final preferred_language: en
[2026-04-25T09:03:17-04:00] bootstrap_admin_ui: Session data before resolution: platform_admin=false, platform_role=null, user_id=40, session_id=k03bpiebln1p9jvrd2stkuljf0
[2026-04-25T09:03:17-04:00] bootstrap_admin_ui: Identity resolved: source=session, is_authenticated=true, user_id=40, is_platform_admin=false, preferred_language=en
[2026-04-25T09:03:17-04:00] bootstrap_admin_ui: Final preferred_language: en
[2026-04-25T09:03:17-04:00] bootstrap_admin_ui: Session data before resolution: platform_admin=false, platform_role=null, user_id=40, session_id=k03bpiebln1p9jvrd2stkuljf0
[2026-04-25T09:03:17-04:00] bootstrap_admin_ui: Identity resolved: source=session, is_authenticated=true, user_id=40, is_platform_admin=false, preferred_language=en
[2026-04-25T09:03:17-04:00] bootstrap_admin_ui: Final preferred_language: en
[2026-04-25T09:03:18-04:00] bootstrap_admin_ui: Session data before resolution: platform_admin=false, platform_role=null, user_id=40, session_id=k03bpiebln1p9jvrd2stkuljf0
[2026-04-25T09:03:18-04:00] bootstrap_admin_ui: Identity resolved: source=session, is_authenticated=true, user_id=40, is_platform_admin=false, preferred_language=en
[2026-04-25T09:03:18-04:00] bootstrap_admin_ui: Final preferred_language: en
[2026-04-25T09:03:18-04:00] bootstrap_admin_ui: Session data before resolution: platform_admin=false, platform_role=null, user_id=40, session_id=k03bpiebln1p9jvrd2stkuljf0
[2026-04-25T09:03:18-04:00] bootstrap_admin_ui: Identity resolved: source=session, is_authenticated=true, user_id=40, is_platform_admin=false, preferred_language=en
[2026-04-25T09:03:18-04:00] bootstrap_admin_ui: Final preferred_language: en
[2026-04-25T09:03:19-04:00] bootstrap_admin_ui: Session data before resolution: platform_admin=false, platform_role=null, user_id=40, session_id=k03bpiebln1p9jvrd2stkuljf0
[2026-04-25T09:03:19-04:00] bootstrap_admin_ui: Identity resolved: source=session, is_authenticated=true, user_id=40, is_platform_admin=false, preferred_language=en
[2026-04-25T09:03:19-04:00] bootstrap_admin_ui: Final preferred_language: en
[2026-04-25T09:03:19-04:00] bootstrap_admin_ui: Session data before resolution: platform_admin=false, platform_role=null, user_id=40, session_id=k03bpiebln1p9jvrd2stkuljf0
[2026-04-25T09:03:19-04:00] bootstrap_admin_ui: Identity resolved: source=session, is_authenticated=true, user_id=40, is_platform_admin=false, preferred_language=en
[2026-04-25T09:03:19-04:00] bootstrap_admin_ui: Final preferred_language: en
[2026-04-25T09:03:22-04:00] bootstrap_admin_ui: Session data before resolution: platform_admin=false, platform_role=null, user_id=40, session_id=k03bpiebln1p9jvrd2stkuljf0
[2026-04-25T09:03:22-04:00] bootstrap_admin_ui: Identity resolved: source=session, is_authenticated=true, user_id=40, is_platform_admin=false, preferred_language=en
[2026-04-25T09:03:22-04:00] bootstrap_admin_ui: Final preferred_language: en
[2026-04-25T09:03:22-04:00] bootstrap_admin_ui: Session data before resolution: platform_admin=false, platform_role=null, user_id=40, session_id=k03bpiebln1p9jvrd2stkuljf0
[2026-04-25T09:03:22-04:00] bootstrap_admin_ui: Identity resolved: source=session, is_authenticated=true, user_id=40, is_platform_admin=false, preferred_language=en
[2026-04-25T09:03:22-04:00] bootstrap_admin_ui: Final preferred_language: en
[2026-04-25T09:04:27-04:00] bootstrap_admin_ui: Session data before resolution: platform_admin=false, platform_role=null, user_id=40, session_id=k03bpiebln1p9jvrd2stkuljf0
[2026-04-25T09:04:27-04:00] bootstrap_admin_ui: Identity resolved: source=session, is_authenticated=true, user_id=40, is_platform_admin=false, preferred_language=en
[2026-04-25T09:04:27-04:00] bootstrap_admin_ui: Final preferred_language: en
[2026-04-25T09:05:02-04:00] bootstrap_admin_ui: Session data before resolution: platform_admin=false, platform_role=null, user_id=40, session_id=pp3a2b5hlea026bjthg5qhqago
[2026-04-25T09:05:02-04:00] bootstrap_admin_ui: Identity resolved: source=session, is_authenticated=true, user_id=40, is_platform_admin=false, preferred_language=en
[2026-04-25T09:05:02-04:00] bootstrap_admin_ui: Final preferred_language: en
[2026-04-25T09:05:05-04:00] bootstrap_admin_ui: Session data before resolution: platform_admin=false, platform_role=null, user_id=40, session_id=pp3a2b5hlea026bjthg5qhqago
[2026-04-25T09:05:05-04:00] bootstrap_admin_ui: Identity resolved: source=session, is_authenticated=true, user_id=40, is_platform_admin=false, preferred_language=en
[2026-04-25T09:05:05-04:00] bootstrap_admin_ui: Final preferred_language: en
[2026-04-25T09:05:05-04:00] bootstrap_admin_ui: Session data before resolution: platform_admin=false, platform_role=null, user_id=40, session_id=pp3a2b5hlea026bjthg5qhqago
[2026-04-25T09:05:05-04:00] bootstrap_admin_ui: Identity resolved: source=session, is_authenticated=true, user_id=40, is_platform_admin=false, preferred_language=en
[2026-04-25T09:05:05-04:00] bootstrap_admin_ui: Final preferred_language: en
[2026-04-25T09:05:08-04:00] bootstrap_admin_ui: Session data before resolution: platform_admin=false, platform_role=null, user_id=40, session_id=pp3a2b5hlea026bjthg5qhqago
[2026-04-25T09:05:08-04:00] bootstrap_admin_ui: Identity resolved: source=session, is_authenticated=true, user_id=40, is_platform_admin=false, preferred_language=en
[2026-04-25T09:05:08-04:00] bootstrap_admin_ui: Final preferred_language: en
[2026-04-25T09:05:08-04:00] bootstrap_admin_ui: Session data before resolution: platform_admin=false, platform_role=null, user_id=40, session_id=pp3a2b5hlea026bjthg5qhqago
[2026-04-25T09:05:08-04:00] bootstrap_admin_ui: Identity resolved: source=session, is_authenticated=true, user_id=40, is_platform_admin=false, preferred_language=en
[2026-04-25T09:05:08-04:00] bootstrap_admin_ui: Final preferred_language: en
[2026-04-25T09:05:10-04:00] bootstrap_admin_ui: Session data before resolution: platform_admin=false, platform_role=null, user_id=40, session_id=pp3a2b5hlea026bjthg5qhqago
[2026-04-25T09:05:10-04:00] bootstrap_admin_ui: Identity resolved: source=session, is_authenticated=true, user_id=40, is_platform_admin=false, preferred_language=en
[2026-04-25T09:05:10-04:00] bootstrap_admin_ui: Final preferred_language: en
[2026-04-25T09:05:11-04:00] bootstrap_admin_ui: Session data before resolution: platform_admin=false, platform_role=null, user_id=40, session_id=pp3a2b5hlea026bjthg5qhqago
[2026-04-25T09:05:11-04:00] bootstrap_admin_ui: Identity resolved: source=session, is_authenticated=true, user_id=40, is_platform_admin=false, preferred_language=en
[2026-04-25T09:05:11-04:00] bootstrap_admin_ui: Final preferred_language: en
[2026-04-25T09:05:14-04:00] bootstrap_admin_ui: Session data before resolution: platform_admin=false, platform_role=null, user_id=40, session_id=pp3a2b5hlea026bjthg5qhqago
[2026-04-25T09:05:14-04:00] bootstrap_admin_ui: Identity resolved: source=session, is_authenticated=true, user_id=40, is_platform_admin=false, preferred_language=en
[2026-04-25T09:05:14-04:00] bootstrap_admin_ui: Final preferred_language: en
[2026-04-25T09:05:14-04:00] bootstrap_admin_ui: Session data before resolution: platform_admin=false, platform_role=null, user_id=40, session_id=pp3a2b5hlea026bjthg5qhqago
[2026-04-25T09:05:14-04:00] bootstrap_admin_ui: Identity resolved: source=session, is_authenticated=true, user_id=40, is_platform_admin=false, preferred_language=en
[2026-04-25T09:05:14-04:00] bootstrap_admin_ui: Final preferred_language: en
[2026-04-25T09:05:14-04:00] bootstrap_admin_ui: Session data before resolution: platform_admin=false, platform_role=null, user_id=40, session_id=pp3a2b5hlea026bjthg5qhqago
[2026-04-25T09:05:14-04:00] bootstrap_admin_ui: Identity resolved: source=session, is_authenticated=true, user_id=40, is_platform_admin=false, preferred_language=en
[2026-04-25T09:05:14-04:00] bootstrap_admin_ui: Final preferred_language: en
[2026-04-25T09:05:24-04:00] bootstrap_admin_ui: Session data before resolution: platform_admin=false, platform_role=null, user_id=40, session_id=pp3a2b5hlea026bjthg5qhqago
[2026-04-25T09:05:24-04:00] bootstrap_admin_ui: Identity resolved: source=session, is_authenticated=true, user_id=40, is_platform_admin=false, preferred_language=en
[2026-04-25T09:05:24-04:00] bootstrap_admin_ui: Final preferred_language: en
[2026-04-25T09:05:24-04:00] bootstrap_admin_ui: Session data before resolution: platform_admin=false, platform_role=null, user_id=40, session_id=pp3a2b5hlea026bjthg5qhqago
[2026-04-25T09:05:24-04:00] bootstrap_admin_ui: Identity resolved: source=session, is_authenticated=true, user_id=40, is_platform_admin=false, preferred_language=en
[2026-04-25T09:05:24-04:00] bootstrap_admin_ui: Final preferred_language: en
[2026-04-25T09:05:24-04:00] bootstrap_admin_ui: Session data before resolution: platform_admin=false, platform_role=null, user_id=40, session_id=pp3a2b5hlea026bjthg5qhqago
[2026-04-25T09:05:24-04:00] bootstrap_admin_ui: Identity resolved: source=session, is_authenticated=true, user_id=40, is_platform_admin=false, preferred_language=en
[2026-04-25T09:05:24-04:00] bootstrap_admin_ui: Final preferred_language: en
[2026-04-25T09:05:26-04:00] bootstrap_admin_ui: Session data before resolution: platform_admin=false, platform_role=null, user_id=40, session_id=pp3a2b5hlea026bjthg5qhqago
[2026-04-25T09:05:26-04:00] bootstrap_admin_ui: Identity resolved: source=session, is_authenticated=true, user_id=40, is_platform_admin=false, preferred_language=en
[2026-04-25T09:05:26-04:00] bootstrap_admin_ui: Final preferred_language: en
[2026-04-25T09:05:27-04:00] bootstrap_admin_ui: Session data before resolution: platform_admin=false, platform_role=null, user_id=40, session_id=pp3a2b5hlea026bjthg5qhqago
[2026-04-25T09:05:27-04:00] bootstrap_admin_ui: Identity resolved: source=session, is_authenticated=true, user_id=40, is_platform_admin=false, preferred_language=en
[2026-04-25T09:05:27-04:00] bootstrap_admin_ui: Final preferred_language: en
[2026-04-25T09:05:28-04:00] bootstrap_admin_ui: Session data before resolution: platform_admin=false, platform_role=null, user_id=40, session_id=pp3a2b5hlea026bjthg5qhqago
[2026-04-25T09:05:28-04:00] bootstrap_admin_ui: Identity resolved: source=session, is_authenticated=true, user_id=40, is_platform_admin=false, preferred_language=en
[2026-04-25T09:05:28-04:00] bootstrap_admin_ui: Final preferred_language: en
[2026-04-25T09:05:28-04:00] bootstrap_admin_ui: Session data before resolution: platform_admin=false, platform_role=null, user_id=40, session_id=pp3a2b5hlea026bjthg5qhqago
[2026-04-25T09:05:28-04:00] bootstrap_admin_ui: Identity resolved: source=session, is_authenticated=true, user_id=40, is_platform_admin=false, preferred_language=en
[2026-04-25T09:05:28-04:00] bootstrap_admin_ui: Final preferred_language: en
[2026-04-25T09:05:28-04:00] bootstrap_admin_ui: Session data before resolution: platform_admin=false, platform_role=null, user_id=40, session_id=pp3a2b5hlea026bjthg5qhqago
[2026-04-25T09:05:28-04:00] bootstrap_admin_ui: Identity resolved: source=session, is_authenticated=true, user_id=40, is_platform_admin=false, preferred_language=en
[2026-04-25T09:05:28-04:00] bootstrap_admin_ui: Final preferred_language: en
[2026-04-25T09:05:31-04:00] bootstrap_admin_ui: Session data before resolution: platform_admin=false, platform_role=null, user_id=40, session_id=pp3a2b5hlea026bjthg5qhqago
[2026-04-25T09:05:31-04:00] bootstrap_admin_ui: Identity resolved: source=session, is_authenticated=true, user_id=40, is_platform_admin=false, preferred_language=en
[2026-04-25T09:05:31-04:00] bootstrap_admin_ui: Final preferred_language: en
[2026-04-25T09:05:31-04:00] bootstrap_admin_ui: Session data before resolution: platform_admin=false, platform_role=null, user_id=40, session_id=pp3a2b5hlea026bjthg5qhqago
[2026-04-25T09:05:31-04:00] bootstrap_admin_ui: Identity resolved: source=session, is_authenticated=true, user_id=40, is_platform_admin=false, preferred_language=en
[2026-04-25T09:05:31-04:00] bootstrap_admin_ui: Final preferred_language: en
[2026-04-25T09:05:36-04:00] bootstrap_admin_ui: Session data before resolution: platform_admin=false, platform_role=null, user_id=40, session_id=pp3a2b5hlea026bjthg5qhqago
[2026-04-25T09:05:36-04:00] bootstrap_admin_ui: Identity resolved: source=session, is_authenticated=true, user_id=40, is_platform_admin=false, preferred_language=en
[2026-04-25T09:05:36-04:00] bootstrap_admin_ui: Final preferred_language: en
[2026-04-25T09:05:36-04:00] bootstrap_admin_ui: Session data before resolution: platform_admin=false, platform_role=null, user_id=40, session_id=pp3a2b5hlea026bjthg5qhqago
[2026-04-25T09:05:36-04:00] bootstrap_admin_ui: Identity resolved: source=session, is_authenticated=true, user_id=40, is_platform_admin=false, preferred_language=en
[2026-04-25T09:05:36-04:00] bootstrap_admin_ui: Final preferred_language: en
[2026-04-25T09:06:45-04:00] bootstrap_admin_ui: Session data before resolution: platform_admin=false, platform_role=null, user_id=40, session_id=pp3a2b5hlea026bjthg5qhqago
[2026-04-25T09:06:45-04:00] bootstrap_admin_ui: Identity resolved: source=session, is_authenticated=true, user_id=40, is_platform_admin=false, preferred_language=en
[2026-04-25T09:06:45-04:00] bootstrap_admin_ui: Final preferred_language: en
[2026-04-25T09:06:45-04:00] bootstrap_admin_ui: Session data before resolution: platform_admin=false, platform_role=null, user_id=40, session_id=pp3a2b5hlea026bjthg5qhqago
[2026-04-25T09:06:45-04:00] bootstrap_admin_ui: Identity resolved: source=session, is_authenticated=true, user_id=40, is_platform_admin=false, preferred_language=en
[2026-04-25T09:06:45-04:00] bootstrap_admin_ui: Final preferred_language: en
[2026-04-25T09:07:21-04:00] bootstrap_admin_ui: Session data before resolution: platform_admin=false, platform_role=null, user_id=40, session_id=pp3a2b5hlea026bjthg5qhqago
[2026-04-25T09:07:21-04:00] bootstrap_admin_ui: Identity resolved: source=session, is_authenticated=true, user_id=40, is_platform_admin=false, preferred_language=en
[2026-04-25T09:07:21-04:00] bootstrap_admin_ui: Final preferred_language: en
[2026-04-25T09:07:21-04:00] bootstrap_admin_ui: Session data before resolution: platform_admin=false, platform_role=null, user_id=40, session_id=pp3a2b5hlea026bjthg5qhqago
[2026-04-25T09:07:21-04:00] bootstrap_admin_ui: Identity resolved: source=session, is_authenticated=true, user_id=40, is_platform_admin=false, preferred_language=en
[2026-04-25T09:07:21-04:00] bootstrap_admin_ui: Final preferred_language: en
[2026-04-25T09:11:58-04:00] bootstrap_admin_ui: Session data before resolution: platform_admin=false, platform_role=null, user_id=null, session_id=h5vcm6cqcd9gh0g1tehc4b3tjb
[2026-04-25T09:11:58-04:00] bootstrap_admin_ui: Identity resolved: source=guest, is_authenticated=false, user_id=null, is_platform_admin=false, preferred_language=en
[2026-04-25T09:11:58-04:00] bootstrap_admin_ui: Final preferred_language: en
[2026-04-25T09:15:38-04:00] bootstrap_admin_ui: Session data before resolution: platform_admin=false, platform_role=null, user_id=40, session_id=pp3a2b5hlea026bjthg5qhqago
[2026-04-25T09:15:38-04:00] bootstrap_admin_ui: Identity resolved: source=session, is_authenticated=true, user_id=40, is_platform_admin=false, preferred_language=en
[2026-04-25T09:15:38-04:00] bootstrap_admin_ui: Final preferred_language: en
[2026-04-25T09:16:15-04:00] bootstrap_admin_ui: Session data before resolution: platform_admin=false, platform_role=null, user_id=40, session_id=pp3a2b5hlea026bjthg5qhqago
[2026-04-25T09:16:15-04:00] bootstrap_admin_ui: Identity resolved: source=session, is_authenticated=true, user_id=40, is_platform_admin=false, preferred_language=en
[2026-04-25T09:16:15-04:00] bootstrap_admin_ui: Final preferred_language: en
[2026-04-25T09:20:32-04:00] bootstrap_admin_ui: Session data before resolution: platform_admin=false, platform_role=null, user_id=40, session_id=pp3a2b5hlea026bjthg5qhqago
[2026-04-25T09:20:32-04:00] bootstrap_admin_ui: Identity resolved: source=session, is_authenticated=true, user_id=40, is_platform_admin=false, preferred_language=en
[2026-04-25T09:20:32-04:00] bootstrap_admin_ui: Final preferred_language: en
[2026-04-25T09:26:01-04:00] bootstrap_admin_ui: Session data before resolution: platform_admin=false, platform_role=null, user_id=null, session_id=g0rmbd8fud7lpnq1qdvisu9c2f
[2026-04-25T09:26:01-04:00] bootstrap_admin_ui: Identity resolved: source=guest, is_authenticated=false, user_id=null, is_platform_admin=false, preferred_language=en
[2026-04-25T09:26:01-04:00] bootstrap_admin_ui: Final preferred_language: en
[2026-04-25T09:26:33-04:00] bootstrap_admin_ui: Session data before resolution: platform_admin=false, platform_role=null, user_id=40, session_id=pp3a2b5hlea026bjthg5qhqago
[2026-04-25T09:26:33-04:00] bootstrap_admin_ui: Identity resolved: source=session, is_authenticated=true, user_id=40, is_platform_admin=false, preferred_language=en
[2026-04-25T09:26:33-04:00] bootstrap_admin_ui: Final preferred_language: en
[2026-04-25T09:26:36-04:00] bootstrap_admin_ui: Session data before resolution: platform_admin=false, platform_role=null, user_id=40, session_id=pp3a2b5hlea026bjthg5qhqago
[2026-04-25T09:26:36-04:00] bootstrap_admin_ui: Identity resolved: source=session, is_authenticated=true, user_id=40, is_platform_admin=false, preferred_language=en
[2026-04-25T09:26:36-04:00] bootstrap_admin_ui: Final preferred_language: en
[2026-04-25T09:26:37-04:00] bootstrap_admin_ui: Session data before resolution: platform_admin=false, platform_role=null, user_id=40, session_id=pp3a2b5hlea026bjthg5qhqago
[2026-04-25T09:26:37-04:00] bootstrap_admin_ui: Identity resolved: source=session, is_authenticated=true, user_id=40, is_platform_admin=false, preferred_language=en
[2026-04-25T09:26:37-04:00] bootstrap_admin_ui: Final preferred_language: en
[2026-04-25T09:34:39-04:00] bootstrap_admin_ui: Session data before resolution: platform_admin=false, platform_role=null, user_id=40, session_id=pp3a2b5hlea026bjthg5qhqago
[2026-04-25T09:34:39-04:00] bootstrap_admin_ui: Identity resolved: source=session, is_authenticated=true, user_id=40, is_platform_admin=false, preferred_language=en
[2026-04-25T09:34:39-04:00] bootstrap_admin_ui: Final preferred_language: en
[2026-04-25T09:42:17-04:00] bootstrap_admin_ui: Session data before resolution: platform_admin=false, platform_role=null, user_id=40, session_id=pp3a2b5hlea026bjthg5qhqago
[2026-04-25T09:42:17-04:00] bootstrap_admin_ui: Identity resolved: source=session, is_authenticated=true, user_id=40, is_platform_admin=false, preferred_language=en
[2026-04-25T09:42:17-04:00] bootstrap_admin_ui: Final preferred_language: en
[2026-04-25T09:42:22-04:00] bootstrap_admin_ui: Session data before resolution: platform_admin=false, platform_role=null, user_id=40, session_id=pp3a2b5hlea026bjthg5qhqago
[2026-04-25T09:42:22-04:00] bootstrap_admin_ui: Identity resolved: source=session, is_authenticated=true, user_id=40, is_platform_admin=false, preferred_language=en
[2026-04-25T09:42:22-04:00] bootstrap_admin_ui: Final preferred_language: en
[2026-04-25T09:42:22-04:00] bootstrap_admin_ui: Session data before resolution: platform_admin=false, platform_role=null, user_id=40, session_id=pp3a2b5hlea026bjthg5qhqago
[2026-04-25T09:42:22-04:00] bootstrap_admin_ui: Identity resolved: source=session, is_authenticated=true, user_id=40, is_platform_admin=false, preferred_language=en
[2026-04-25T09:42:22-04:00] bootstrap_admin_ui: Final preferred_language: en
[2026-04-25T09:42:49-04:00] bootstrap_admin_ui: Session data before resolution: platform_admin=false, platform_role=null, user_id=40, session_id=pp3a2b5hlea026bjthg5qhqago
[2026-04-25T09:42:49-04:00] bootstrap_admin_ui: Identity resolved: source=session, is_authenticated=true, user_id=40, is_platform_admin=false, preferred_language=en
[2026-04-25T09:42:49-04:00] bootstrap_admin_ui: Final preferred_language: en
[2026-04-25T09:42:49-04:00] bootstrap_admin_ui: Session data before resolution: platform_admin=false, platform_role=null, user_id=40, session_id=pp3a2b5hlea026bjthg5qhqago
[2026-04-25T09:42:49-04:00] bootstrap_admin_ui: Identity resolved: source=session, is_authenticated=true, user_id=40, is_platform_admin=false, preferred_language=en
[2026-04-25T09:42:49-04:00] bootstrap_admin_ui: Final preferred_language: en
[2026-04-25T09:54:21-04:00] bootstrap_admin_ui: Session data before resolution: platform_admin=false, platform_role=null, user_id=40, session_id=pp3a2b5hlea026bjthg5qhqago
[2026-04-25T09:54:21-04:00] bootstrap_admin_ui: Identity resolved: source=session, is_authenticated=true, user_id=40, is_platform_admin=false, preferred_language=en
[2026-04-25T09:54:21-04:00] bootstrap_admin_ui: Final preferred_language: en
[2026-04-25T09:54:26-04:00] bootstrap_admin_ui: Session data before resolution: platform_admin=false, platform_role=null, user_id=40, session_id=pp3a2b5hlea026bjthg5qhqago
[2026-04-25T09:54:26-04:00] bootstrap_admin_ui: Identity resolved: source=session, is_authenticated=true, user_id=40, is_platform_admin=false, preferred_language=en
[2026-04-25T09:54:26-04:00] bootstrap_admin_ui: Final preferred_language: en
[2026-04-25T09:54:27-04:00] bootstrap_admin_ui: Session data before resolution: platform_admin=false, platform_role=null, user_id=40, session_id=pp3a2b5hlea026bjthg5qhqago
[2026-04-25T09:54:27-04:00] bootstrap_admin_ui: Identity resolved: source=session, is_authenticated=true, user_id=40, is_platform_admin=false, preferred_language=en
[2026-04-25T09:54:27-04:00] bootstrap_admin_ui: Final preferred_language: en
[2026-04-25T09:57:14-04:00] bootstrap_admin_ui: Session data before resolution: platform_admin=false, platform_role=null, user_id=40, session_id=pp3a2b5hlea026bjthg5qhqago
[2026-04-25T09:57:14-04:00] bootstrap_admin_ui: Identity resolved: source=session, is_authenticated=true, user_id=40, is_platform_admin=false, preferred_language=en
[2026-04-25T09:57:14-04:00] bootstrap_admin_ui: Final preferred_language: en
[2026-04-25T09:57:14-04:00] bootstrap_admin_ui: Session data before resolution: platform_admin=false, platform_role=null, user_id=40, session_id=pp3a2b5hlea026bjthg5qhqago
[2026-04-25T09:57:14-04:00] bootstrap_admin_ui: Identity resolved: source=session, is_authenticated=true, user_id=40, is_platform_admin=false, preferred_language=en
[2026-04-25T09:57:14-04:00] bootstrap_admin_ui: Final preferred_language: en
[2026-04-25T09:57:20-04:00] bootstrap_admin_ui: Session data before resolution: platform_admin=false, platform_role=null, user_id=40, session_id=pp3a2b5hlea026bjthg5qhqago
[2026-04-25T09:57:20-04:00] bootstrap_admin_ui: Identity resolved: source=session, is_authenticated=true, user_id=40, is_platform_admin=false, preferred_language=en
[2026-04-25T09:57:20-04:00] bootstrap_admin_ui: Final preferred_language: en
[2026-04-25T09:57:20-04:00] bootstrap_admin_ui: Session data before resolution: platform_admin=false, platform_role=null, user_id=40, session_id=pp3a2b5hlea026bjthg5qhqago
[2026-04-25T09:57:20-04:00] bootstrap_admin_ui: Identity resolved: source=session, is_authenticated=true, user_id=40, is_platform_admin=false, preferred_language=en
[2026-04-25T09:57:20-04:00] bootstrap_admin_ui: Final preferred_language: en
[2026-04-25T10:04:49-04:00] bootstrap_admin_ui: Session data before resolution: platform_admin=false, platform_role=null, user_id=40, session_id=pp3a2b5hlea026bjthg5qhqago
[2026-04-25T10:04:49-04:00] bootstrap_admin_ui: Identity resolved: source=session, is_authenticated=true, user_id=40, is_platform_admin=false, preferred_language=en
[2026-04-25T10:04:49-04:00] bootstrap_admin_ui: Final preferred_language: en
[2026-04-25T10:04:53-04:00] bootstrap_admin_ui: Session data before resolution: platform_admin=false, platform_role=null, user_id=40, session_id=pp3a2b5hlea026bjthg5qhqago
[2026-04-25T10:04:53-04:00] bootstrap_admin_ui: Identity resolved: source=session, is_authenticated=true, user_id=40, is_platform_admin=false, preferred_language=en
[2026-04-25T10:04:53-04:00] bootstrap_admin_ui: Final preferred_language: en
[2026-04-25T10:04:53-04:00] bootstrap_admin_ui: Session data before resolution: platform_admin=false, platform_role=null, user_id=40, session_id=pp3a2b5hlea026bjthg5qhqago
[2026-04-25T10:04:53-04:00] bootstrap_admin_ui: Identity resolved: source=session, is_authenticated=true, user_id=40, is_platform_admin=false, preferred_language=en
[2026-04-25T10:04:53-04:00] bootstrap_admin_ui: Final preferred_language: en
[2026-04-25T10:04:54-04:00] bootstrap_admin_ui: Session data before resolution: platform_admin=false, platform_role=null, user_id=40, session_id=pp3a2b5hlea026bjthg5qhqago
[2026-04-25T10:04:54-04:00] bootstrap_admin_ui: Identity resolved: source=session, is_authenticated=true, user_id=40, is_platform_admin=false, preferred_language=en
[2026-04-25T10:04:54-04:00] bootstrap_admin_ui: Final preferred_language: en
[2026-04-25T10:04:59-04:00] bootstrap_admin_ui: Session data before resolution: platform_admin=false, platform_role=null, user_id=40, session_id=pp3a2b5hlea026bjthg5qhqago
[2026-04-25T10:04:59-04:00] bootstrap_admin_ui: Identity resolved: source=session, is_authenticated=true, user_id=40, is_platform_admin=false, preferred_language=en
[2026-04-25T10:04:59-04:00] bootstrap_admin_ui: Final preferred_language: en
[2026-04-25T10:04:59-04:00] bootstrap_admin_ui: Session data before resolution: platform_admin=false, platform_role=null, user_id=40, session_id=pp3a2b5hlea026bjthg5qhqago
[2026-04-25T10:04:59-04:00] bootstrap_admin_ui: Identity resolved: source=session, is_authenticated=true, user_id=40, is_platform_admin=false, preferred_language=en
[2026-04-25T10:04:59-04:00] bootstrap_admin_ui: Final preferred_language: en
[2026-04-25T10:07:03-04:00] bootstrap_admin_ui: Session data before resolution: platform_admin=false, platform_role=null, user_id=40, session_id=pp3a2b5hlea026bjthg5qhqago
[2026-04-25T10:07:03-04:00] bootstrap_admin_ui: Identity resolved: source=session, is_authenticated=true, user_id=40, is_platform_admin=false, preferred_language=en
[2026-04-25T10:07:03-04:00] bootstrap_admin_ui: Final preferred_language: en
[2026-04-25T10:07:08-04:00] bootstrap_admin_ui: Session data before resolution: platform_admin=false, platform_role=null, user_id=40, session_id=pp3a2b5hlea026bjthg5qhqago
[2026-04-25T10:07:08-04:00] bootstrap_admin_ui: Identity resolved: source=session, is_authenticated=true, user_id=40, is_platform_admin=false, preferred_language=en
[2026-04-25T10:07:08-04:00] bootstrap_admin_ui: Final preferred_language: en
[2026-04-25T10:07:08-04:00] bootstrap_admin_ui: Session data before resolution: platform_admin=false, platform_role=null, user_id=40, session_id=pp3a2b5hlea026bjthg5qhqago
[2026-04-25T10:07:08-04:00] bootstrap_admin_ui: Identity resolved: source=session, is_authenticated=true, user_id=40, is_platform_admin=false, preferred_language=en
[2026-04-25T10:07:08-04:00] bootstrap_admin_ui: Final preferred_language: en
[2026-04-25T10:18:13-04:00] bootstrap_admin_ui: Session data before resolution: platform_admin=false, platform_role=null, user_id=40, session_id=pp3a2b5hlea026bjthg5qhqago
[2026-04-25T10:18:13-04:00] bootstrap_admin_ui: Identity resolved: source=session, is_authenticated=true, user_id=40, is_platform_admin=false, preferred_language=en
[2026-04-25T10:18:13-04:00] bootstrap_admin_ui: Final preferred_language: en
[2026-04-25T10:18:17-04:00] bootstrap_admin_ui: Session data before resolution: platform_admin=false, platform_role=null, user_id=40, session_id=pp3a2b5hlea026bjthg5qhqago
[2026-04-25T10:18:17-04:00] bootstrap_admin_ui: Identity resolved: source=session, is_authenticated=true, user_id=40, is_platform_admin=false, preferred_language=en
[2026-04-25T10:18:17-04:00] bootstrap_admin_ui: Final preferred_language: en
[2026-04-25T10:22:11-04:00] bootstrap_admin_ui: Session data before resolution: platform_admin=false, platform_role=null, user_id=40, session_id=pp3a2b5hlea026bjthg5qhqago
[2026-04-25T10:22:11-04:00] bootstrap_admin_ui: Identity resolved: source=session, is_authenticated=true, user_id=40, is_platform_admin=false, preferred_language=en
[2026-04-25T10:22:11-04:00] bootstrap_admin_ui: Final preferred_language: en
[2026-04-25T10:22:16-04:00] bootstrap_admin_ui: Session data before resolution: platform_admin=false, platform_role=null, user_id=40, session_id=pp3a2b5hlea026bjthg5qhqago
[2026-04-25T10:22:16-04:00] bootstrap_admin_ui: Identity resolved: source=session, is_authenticated=true, user_id=40, is_platform_admin=false, preferred_language=en
[2026-04-25T10:22:16-04:00] bootstrap_admin_ui: Final preferred_language: en
[2026-04-25T10:22:23-04:00] bootstrap_admin_ui: Session data before resolution: platform_admin=false, platform_role=null, user_id=40, session_id=pp3a2b5hlea026bjthg5qhqago
[2026-04-25T10:22:23-04:00] bootstrap_admin_ui: Identity resolved: source=session, is_authenticated=true, user_id=40, is_platform_admin=false, preferred_language=en
[2026-04-25T10:22:23-04:00] bootstrap_admin_ui: Final preferred_language: en
[2026-04-25T10:22:23-04:00] bootstrap_admin_ui: Session data before resolution: platform_admin=false, platform_role=null, user_id=40, session_id=pp3a2b5hlea026bjthg5qhqago
[2026-04-25T10:22:23-04:00] bootstrap_admin_ui: Identity resolved: source=session, is_authenticated=true, user_id=40, is_platform_admin=false, preferred_language=en
[2026-04-25T10:22:23-04:00] bootstrap_admin_ui: Final preferred_language: en
[2026-04-25T10:22:24-04:00] bootstrap_admin_ui: Session data before resolution: platform_admin=false, platform_role=null, user_id=40, session_id=pp3a2b5hlea026bjthg5qhqago
[2026-04-25T10:22:24-04:00] bootstrap_admin_ui: Identity resolved: source=session, is_authenticated=true, user_id=40, is_platform_admin=false, preferred_language=en
[2026-04-25T10:22:24-04:00] bootstrap_admin_ui: Final preferred_language: en
[2026-04-25T10:22:24-04:00] bootstrap_admin_ui: Session data before resolution: platform_admin=false, platform_role=null, user_id=40, session_id=pp3a2b5hlea026bjthg5qhqago
[2026-04-25T10:22:24-04:00] bootstrap_admin_ui: Identity resolved: source=session, is_authenticated=true, user_id=40, is_platform_admin=false, preferred_language=en
[2026-04-25T10:22:24-04:00] bootstrap_admin_ui: Final preferred_language: en
[2026-04-25T10:30:30-04:00] bootstrap_admin_ui: Session data before resolution: platform_admin=false, platform_role=null, user_id=40, session_id=pp3a2b5hlea026bjthg5qhqago
[2026-04-25T10:30:30-04:00] bootstrap_admin_ui: Identity resolved: source=session, is_authenticated=true, user_id=40, is_platform_admin=false, preferred_language=en
[2026-04-25T10:30:30-04:00] bootstrap_admin_ui: Final preferred_language: en
[2026-04-25T10:30:30-04:00] bootstrap_admin_ui: Session data before resolution: platform_admin=false, platform_role=null, user_id=40, session_id=pp3a2b5hlea026bjthg5qhqago
[2026-04-25T10:30:30-04:00] bootstrap_admin_ui: Identity resolved: source=session, is_authenticated=true, user_id=40, is_platform_admin=false, preferred_language=en
[2026-04-25T10:30:30-04:00] bootstrap_admin_ui: Final preferred_language: en
[2026-04-25T10:31:00-04:00] bootstrap_admin_ui: Session data before resolution: platform_admin=true, platform_role=super_admin, user_id=7, session_id=150vo4ojmnnmeslnggq0c9dc6e
[2026-04-25T10:31:00-04:00] bootstrap_admin_ui: Identity resolved: source=platform_session, is_authenticated=true, user_id=7, is_platform_admin=true, preferred_language=en
[2026-04-25T10:31:00-04:00] bootstrap_admin_ui: Final preferred_language: en
[2026-04-25T10:31:02-04:00] bootstrap_admin_ui: Session data before resolution: platform_admin=true, platform_role=super_admin, user_id=7, session_id=150vo4ojmnnmeslnggq0c9dc6e
[2026-04-25T10:31:02-04:00] bootstrap_admin_ui: Identity resolved: source=platform_session, is_authenticated=true, user_id=7, is_platform_admin=true, preferred_language=en
[2026-04-25T10:31:02-04:00] bootstrap_admin_ui: Final preferred_language: en
[2026-04-25T10:31:03-04:00] bootstrap_admin_ui: Session data before resolution: platform_admin=true, platform_role=super_admin, user_id=7, session_id=150vo4ojmnnmeslnggq0c9dc6e
[2026-04-25T10:31:03-04:00] bootstrap_admin_ui: Identity resolved: source=platform_session, is_authenticated=true, user_id=7, is_platform_admin=true, preferred_language=en
[2026-04-25T10:31:03-04:00] bootstrap_admin_ui: Final preferred_language: en
[2026-04-25T10:31:03-04:00] bootstrap_admin_ui: Session data before resolution: platform_admin=true, platform_role=super_admin, user_id=7, session_id=150vo4ojmnnmeslnggq0c9dc6e
[2026-04-25T10:31:03-04:00] bootstrap_admin_ui: Identity resolved: source=platform_session, is_authenticated=true, user_id=7, is_platform_admin=true, preferred_language=en
[2026-04-25T10:31:03-04:00] bootstrap_admin_ui: Final preferred_language: en
[2026-04-25T10:31:06-04:00] bootstrap_admin_ui: Session data before resolution: platform_admin=true, platform_role=super_admin, user_id=7, session_id=150vo4ojmnnmeslnggq0c9dc6e
[2026-04-25T10:31:06-04:00] bootstrap_admin_ui: Identity resolved: source=platform_session, is_authenticated=true, user_id=7, is_platform_admin=true, preferred_language=en
[2026-04-25T10:31:06-04:00] bootstrap_admin_ui: Final preferred_language: en
[2026-04-25T10:31:06-04:00] bootstrap_admin_ui: Session data before resolution: platform_admin=true, platform_role=super_admin, user_id=7, session_id=150vo4ojmnnmeslnggq0c9dc6e
[2026-04-25T10:31:06-04:00] bootstrap_admin_ui: Identity resolved: source=platform_session, is_authenticated=true, user_id=7, is_platform_admin=true, preferred_language=en
[2026-04-25T10:31:06-04:00] bootstrap_admin_ui: Final preferred_language: en
[2026-04-25T10:31:07-04:00] bootstrap_admin_ui: Session data before resolution: platform_admin=true, platform_role=super_admin, user_id=7, session_id=150vo4ojmnnmeslnggq0c9dc6e
[2026-04-25T10:31:07-04:00] bootstrap_admin_ui: Identity resolved: source=platform_session, is_authenticated=true, user_id=7, is_platform_admin=true, preferred_language=en
[2026-04-25T10:31:07-04:00] bootstrap_admin_ui: Final preferred_language: en
[2026-04-25T10:31:07-04:00] bootstrap_admin_ui: Session data before resolution: platform_admin=true, platform_role=super_admin, user_id=7, session_id=150vo4ojmnnmeslnggq0c9dc6e
[2026-04-25T10:31:07-04:00] bootstrap_admin_ui: Identity resolved: source=platform_session, is_authenticated=true, user_id=7, is_platform_admin=true, preferred_language=en
[2026-04-25T10:31:07-04:00] bootstrap_admin_ui: Final preferred_language: en
[2026-04-25T10:31:30-04:00] bootstrap_admin_ui: Session data before resolution: platform_admin=true, platform_role=super_admin, user_id=7, session_id=150vo4ojmnnmeslnggq0c9dc6e
[2026-04-25T10:31:30-04:00] bootstrap_admin_ui: Identity resolved: source=platform_session, is_authenticated=true, user_id=7, is_platform_admin=true, preferred_language=en
[2026-04-25T10:31:30-04:00] bootstrap_admin_ui: Final preferred_language: en
[2026-04-25T10:31:30-04:00] bootstrap_admin_ui: Session data before resolution: platform_admin=true, platform_role=super_admin, user_id=7, session_id=150vo4ojmnnmeslnggq0c9dc6e
[2026-04-25T10:31:30-04:00] bootstrap_admin_ui: Identity resolved: source=platform_session, is_authenticated=true, user_id=7, is_platform_admin=true, preferred_language=en
[2026-04-25T10:31:30-04:00] bootstrap_admin_ui: Final preferred_language: en
[2026-04-25T10:31:30-04:00] bootstrap_admin_ui: Session data before resolution: platform_admin=true, platform_role=super_admin, user_id=7, session_id=150vo4ojmnnmeslnggq0c9dc6e
[2026-04-25T10:31:30-04:00] bootstrap_admin_ui: Identity resolved: source=platform_session, is_authenticated=true, user_id=7, is_platform_admin=true, preferred_language=en
[2026-04-25T10:31:30-04:00] bootstrap_admin_ui: Final preferred_language: en
[2026-04-25T10:31:56-04:00] bootstrap_admin_ui: Session data before resolution: platform_admin=false, platform_role=null, user_id=1, session_id=ggstaco7lb1v3ukqbvva8j11dq
[2026-04-25T10:31:56-04:00] bootstrap_admin_ui: Identity resolved: source=session, is_authenticated=true, user_id=1, is_platform_admin=false, preferred_language=en
[2026-04-25T10:31:56-04:00] bootstrap_admin_ui: Final preferred_language: en
[2026-04-25T10:32:00-04:00] bootstrap_admin_ui: Session data before resolution: platform_admin=false, platform_role=null, user_id=1, session_id=ggstaco7lb1v3ukqbvva8j11dq
[2026-04-25T10:32:00-04:00] bootstrap_admin_ui: Identity resolved: source=session, is_authenticated=true, user_id=1, is_platform_admin=false, preferred_language=en
[2026-04-25T10:32:00-04:00] bootstrap_admin_ui: Final preferred_language: en
[2026-04-25T10:32:00-04:00] bootstrap_admin_ui: Session data before resolution: platform_admin=false, platform_role=null, user_id=1, session_id=ggstaco7lb1v3ukqbvva8j11dq
[2026-04-25T10:32:00-04:00] bootstrap_admin_ui: Identity resolved: source=session, is_authenticated=true, user_id=1, is_platform_admin=false, preferred_language=en
[2026-04-25T10:32:00-04:00] bootstrap_admin_ui: Final preferred_language: en
[2026-04-25T10:32:02-04:00] bootstrap_admin_ui: Session data before resolution: platform_admin=false, platform_role=null, user_id=1, session_id=ggstaco7lb1v3ukqbvva8j11dq
[2026-04-25T10:32:02-04:00] bootstrap_admin_ui: Identity resolved: source=session, is_authenticated=true, user_id=1, is_platform_admin=false, preferred_language=en
[2026-04-25T10:32:02-04:00] bootstrap_admin_ui: Final preferred_language: en
[2026-04-25T10:32:02-04:00] bootstrap_admin_ui: Session data before resolution: platform_admin=false, platform_role=null, user_id=1, session_id=ggstaco7lb1v3ukqbvva8j11dq
[2026-04-25T10:32:02-04:00] bootstrap_admin_ui: Identity resolved: source=session, is_authenticated=true, user_id=1, is_platform_admin=false, preferred_language=en
[2026-04-25T10:32:02-04:00] bootstrap_admin_ui: Final preferred_language: en
[2026-04-25T10:32:03-04:00] bootstrap_admin_ui: Session data before resolution: platform_admin=false, platform_role=null, user_id=1, session_id=ggstaco7lb1v3ukqbvva8j11dq
[2026-04-25T10:32:03-04:00] bootstrap_admin_ui: Identity resolved: source=session, is_authenticated=true, user_id=1, is_platform_admin=false, preferred_language=en
[2026-04-25T10:32:03-04:00] bootstrap_admin_ui: Final preferred_language: en
[2026-04-25T10:32:03-04:00] bootstrap_admin_ui: Session data before resolution: platform_admin=false, platform_role=null, user_id=1, session_id=ggstaco7lb1v3ukqbvva8j11dq
[2026-04-25T10:32:03-04:00] bootstrap_admin_ui: Identity resolved: source=session, is_authenticated=true, user_id=1, is_platform_admin=false, preferred_language=en
[2026-04-25T10:32:03-04:00] bootstrap_admin_ui: Final preferred_language: en
[2026-04-25T10:32:06-04:00] bootstrap_admin_ui: Session data before resolution: platform_admin=false, platform_role=null, user_id=1, session_id=ggstaco7lb1v3ukqbvva8j11dq
[2026-04-25T10:32:06-04:00] bootstrap_admin_ui: Identity resolved: source=session, is_authenticated=true, user_id=1, is_platform_admin=false, preferred_language=en
[2026-04-25T10:32:06-04:00] bootstrap_admin_ui: Final preferred_language: en
[2026-04-25T10:32:06-04:00] bootstrap_admin_ui: Session data before resolution: platform_admin=false, platform_role=null, user_id=1, session_id=ggstaco7lb1v3ukqbvva8j11dq
[2026-04-25T10:32:06-04:00] bootstrap_admin_ui: Identity resolved: source=session, is_authenticated=true, user_id=1, is_platform_admin=false, preferred_language=en
[2026-04-25T10:32:06-04:00] bootstrap_admin_ui: Final preferred_language: en
[2026-04-25T10:32:07-04:00] bootstrap_admin_ui: Session data before resolution: platform_admin=false, platform_role=null, user_id=1, session_id=ggstaco7lb1v3ukqbvva8j11dq
[2026-04-25T10:32:07-04:00] bootstrap_admin_ui: Identity resolved: source=session, is_authenticated=true, user_id=1, is_platform_admin=false, preferred_language=en
[2026-04-25T10:32:07-04:00] bootstrap_admin_ui: Final preferred_language: en
[2026-04-25T10:32:08-04:00] bootstrap_admin_ui: Session data before resolution: platform_admin=false, platform_role=null, user_id=1, session_id=ggstaco7lb1v3ukqbvva8j11dq
[2026-04-25T10:32:08-04:00] bootstrap_admin_ui: Identity resolved: source=session, is_authenticated=true, user_id=1, is_platform_admin=false, preferred_language=en
[2026-04-25T10:32:08-04:00] bootstrap_admin_ui: Final preferred_language: en
[2026-04-25T10:32:09-04:00] bootstrap_admin_ui: Session data before resolution: platform_admin=false, platform_role=null, user_id=1, session_id=ggstaco7lb1v3ukqbvva8j11dq
[2026-04-25T10:32:09-04:00] bootstrap_admin_ui: Identity resolved: source=session, is_authenticated=true, user_id=1, is_platform_admin=false, preferred_language=en
[2026-04-25T10:32:09-04:00] bootstrap_admin_ui: Final preferred_language: en
[2026-04-25T10:32:09-04:00] bootstrap_admin_ui: Session data before resolution: platform_admin=false, platform_role=null, user_id=1, session_id=ggstaco7lb1v3ukqbvva8j11dq
[2026-04-25T10:32:09-04:00] bootstrap_admin_ui: Identity resolved: source=session, is_authenticated=true, user_id=1, is_platform_admin=false, preferred_language=en
[2026-04-25T10:32:09-04:00] bootstrap_admin_ui: Final preferred_language: en
[2026-04-25T10:32:11-04:00] bootstrap_admin_ui: Session data before resolution: platform_admin=false, platform_role=null, user_id=1, session_id=ggstaco7lb1v3ukqbvva8j11dq
[2026-04-25T10:32:11-04:00] bootstrap_admin_ui: Identity resolved: source=session, is_authenticated=true, user_id=1, is_platform_admin=false, preferred_language=en
[2026-04-25T10:32:11-04:00] bootstrap_admin_ui: Final preferred_language: en
[2026-04-25T10:32:11-04:00] bootstrap_admin_ui: Session data before resolution: platform_admin=false, platform_role=null, user_id=1, session_id=ggstaco7lb1v3ukqbvva8j11dq
[2026-04-25T10:32:11-04:00] bootstrap_admin_ui: Identity resolved: source=session, is_authenticated=true, user_id=1, is_platform_admin=false, preferred_language=en
[2026-04-25T10:32:11-04:00] bootstrap_admin_ui: Final preferred_language: en
[2026-04-25T10:32:31-04:00] bootstrap_admin_ui: Session data before resolution: platform_admin=false, platform_role=null, user_id=39, session_id=77hok8q2qm1dtkgmc1nf0dpfr5
[2026-04-25T10:32:31-04:00] bootstrap_admin_ui: Identity resolved: source=session, is_authenticated=true, user_id=39, is_platform_admin=false, preferred_language=en
[2026-04-25T10:32:31-04:00] bootstrap_admin_ui: Final preferred_language: en
[2026-04-25T10:32:34-04:00] bootstrap_admin_ui: Session data before resolution: platform_admin=false, platform_role=null, user_id=39, session_id=77hok8q2qm1dtkgmc1nf0dpfr5
[2026-04-25T10:32:34-04:00] bootstrap_admin_ui: Identity resolved: source=session, is_authenticated=true, user_id=39, is_platform_admin=false, preferred_language=en
[2026-04-25T10:32:34-04:00] bootstrap_admin_ui: Final preferred_language: en
[2026-04-25T10:32:35-04:00] bootstrap_admin_ui: Session data before resolution: platform_admin=false, platform_role=null, user_id=39, session_id=77hok8q2qm1dtkgmc1nf0dpfr5
[2026-04-25T10:32:35-04:00] bootstrap_admin_ui: Identity resolved: source=session, is_authenticated=true, user_id=39, is_platform_admin=false, preferred_language=en
[2026-04-25T10:32:35-04:00] bootstrap_admin_ui: Final preferred_language: en
[2026-04-25T10:32:35-04:00] bootstrap_admin_ui: Session data before resolution: platform_admin=false, platform_role=null, user_id=39, session_id=77hok8q2qm1dtkgmc1nf0dpfr5
[2026-04-25T10:32:35-04:00] bootstrap_admin_ui: Identity resolved: source=session, is_authenticated=true, user_id=39, is_platform_admin=false, preferred_language=en
[2026-04-25T10:32:35-04:00] bootstrap_admin_ui: Final preferred_language: en
[2026-04-25T10:32:50-04:00] bootstrap_admin_ui: Session data before resolution: platform_admin=false, platform_role=null, user_id=39, session_id=77hok8q2qm1dtkgmc1nf0dpfr5
[2026-04-25T10:32:50-04:00] bootstrap_admin_ui: Identity resolved: source=session, is_authenticated=true, user_id=39, is_platform_admin=false, preferred_language=en
[2026-04-25T10:32:50-04:00] bootstrap_admin_ui: Final preferred_language: en
[2026-04-25T10:32:50-04:00] bootstrap_admin_ui: Session data before resolution: platform_admin=false, platform_role=null, user_id=39, session_id=77hok8q2qm1dtkgmc1nf0dpfr5
[2026-04-25T10:32:50-04:00] bootstrap_admin_ui: Identity resolved: source=session, is_authenticated=true, user_id=39, is_platform_admin=false, preferred_language=en
[2026-04-25T10:32:50-04:00] bootstrap_admin_ui: Final preferred_language: en
[2026-04-25T10:32:50-04:00] bootstrap_admin_ui: Session data before resolution: platform_admin=false, platform_role=null, user_id=39, session_id=77hok8q2qm1dtkgmc1nf0dpfr5
[2026-04-25T10:32:50-04:00] bootstrap_admin_ui: Identity resolved: source=session, is_authenticated=true, user_id=39, is_platform_admin=false, preferred_language=en
[2026-04-25T10:32:50-04:00] bootstrap_admin_ui: Final preferred_language: en
[2026-04-25T10:32:50-04:00] bootstrap_admin_ui: Session data before resolution: platform_admin=false, platform_role=null, user_id=39, session_id=77hok8q2qm1dtkgmc1nf0dpfr5
[2026-04-25T10:32:50-04:00] bootstrap_admin_ui: Identity resolved: source=session, is_authenticated=true, user_id=39, is_platform_admin=false, preferred_language=en
[2026-04-25T10:32:50-04:00] bootstrap_admin_ui: Final preferred_language: en
[2026-04-25T10:32:56-04:00] bootstrap_admin_ui: Session data before resolution: platform_admin=false, platform_role=null, user_id=39, session_id=77hok8q2qm1dtkgmc1nf0dpfr5
[2026-04-25T10:32:56-04:00] bootstrap_admin_ui: Identity resolved: source=session, is_authenticated=true, user_id=39, is_platform_admin=false, preferred_language=en
[2026-04-25T10:32:56-04:00] bootstrap_admin_ui: Final preferred_language: en
[2026-04-25T10:34:00-04:00] bootstrap_admin_ui: Session data before resolution: platform_admin=false, platform_role=null, user_id=39, session_id=77hok8q2qm1dtkgmc1nf0dpfr5
[2026-04-25T10:34:00-04:00] bootstrap_admin_ui: Identity resolved: source=session, is_authenticated=true, user_id=39, is_platform_admin=false, preferred_language=en
[2026-04-25T10:34:00-04:00] bootstrap_admin_ui: Final preferred_language: en
[2026-04-25T10:34:00-04:00] bootstrap_admin_ui: Session data before resolution: platform_admin=false, platform_role=null, user_id=39, session_id=77hok8q2qm1dtkgmc1nf0dpfr5
[2026-04-25T10:34:00-04:00] bootstrap_admin_ui: Identity resolved: source=session, is_authenticated=true, user_id=39, is_platform_admin=false, preferred_language=en
[2026-04-25T10:34:00-04:00] bootstrap_admin_ui: Final preferred_language: en
[2026-04-25T10:34:01-04:00] bootstrap_admin_ui: Session data before resolution: platform_admin=false, platform_role=null, user_id=39, session_id=77hok8q2qm1dtkgmc1nf0dpfr5
[2026-04-25T10:34:01-04:00] bootstrap_admin_ui: Identity resolved: source=session, is_authenticated=true, user_id=39, is_platform_admin=false, preferred_language=en
[2026-04-25T10:34:01-04:00] bootstrap_admin_ui: Final preferred_language: en
[2026-04-25T10:34:03-04:00] bootstrap_admin_ui: Session data before resolution: platform_admin=false, platform_role=null, user_id=39, session_id=77hok8q2qm1dtkgmc1nf0dpfr5
[2026-04-25T10:34:03-04:00] bootstrap_admin_ui: Identity resolved: source=session, is_authenticated=true, user_id=39, is_platform_admin=false, preferred_language=en
[2026-04-25T10:34:03-04:00] bootstrap_admin_ui: Final preferred_language: en
[2026-04-25T10:34:53-04:00] bootstrap_admin_ui: Session data before resolution: platform_admin=false, platform_role=null, user_id=39, session_id=77hok8q2qm1dtkgmc1nf0dpfr5
[2026-04-25T10:34:53-04:00] bootstrap_admin_ui: Identity resolved: source=session, is_authenticated=true, user_id=39, is_platform_admin=false, preferred_language=en
[2026-04-25T10:34:53-04:00] bootstrap_admin_ui: Final preferred_language: en
[2026-04-25T10:34:53-04:00] bootstrap_admin_ui: Session data before resolution: platform_admin=false, platform_role=null, user_id=39, session_id=77hok8q2qm1dtkgmc1nf0dpfr5
[2026-04-25T10:34:53-04:00] bootstrap_admin_ui: Identity resolved: source=session, is_authenticated=true, user_id=39, is_platform_admin=false, preferred_language=en
[2026-04-25T10:34:53-04:00] bootstrap_admin_ui: Final preferred_language: en
[2026-04-25T10:34:54-04:00] bootstrap_admin_ui: Session data before resolution: platform_admin=false, platform_role=null, user_id=39, session_id=77hok8q2qm1dtkgmc1nf0dpfr5
[2026-04-25T10:34:54-04:00] bootstrap_admin_ui: Identity resolved: source=session, is_authenticated=true, user_id=39, is_platform_admin=false, preferred_language=en
[2026-04-25T10:34:54-04:00] bootstrap_admin_ui: Final preferred_language: en
[2026-04-25T10:34:55-04:00] bootstrap_admin_ui: Session data before resolution: platform_admin=false, platform_role=null, user_id=39, session_id=77hok8q2qm1dtkgmc1nf0dpfr5
[2026-04-25T10:34:55-04:00] bootstrap_admin_ui: Identity resolved: source=session, is_authenticated=true, user_id=39, is_platform_admin=false, preferred_language=en
[2026-04-25T10:34:55-04:00] bootstrap_admin_ui: Final preferred_language: en
[2026-04-25T10:47:38-04:00] bootstrap_admin_ui: Session data before resolution: platform_admin=false, platform_role=null, user_id=39, session_id=77hok8q2qm1dtkgmc1nf0dpfr5
[2026-04-25T10:47:38-04:00] bootstrap_admin_ui: Identity resolved: source=session, is_authenticated=true, user_id=39, is_platform_admin=false, preferred_language=en
[2026-04-25T10:47:38-04:00] bootstrap_admin_ui: Final preferred_language: en
[2026-04-25T10:48:16-04:00] bootstrap_admin_ui: Session data before resolution: platform_admin=false, platform_role=null, user_id=1, session_id=v5kod7t670nhb0ftd8a3fuv1ia
[2026-04-25T10:48:16-04:00] bootstrap_admin_ui: Identity resolved: source=session, is_authenticated=true, user_id=1, is_platform_admin=false, preferred_language=en
[2026-04-25T10:48:16-04:00] bootstrap_admin_ui: Final preferred_language: en
[2026-04-25T10:48:31-04:00] bootstrap_admin_ui: Session data before resolution: platform_admin=false, platform_role=null, user_id=1, session_id=v5kod7t670nhb0ftd8a3fuv1ia
[2026-04-25T10:48:31-04:00] bootstrap_admin_ui: Identity resolved: source=session, is_authenticated=true, user_id=1, is_platform_admin=false, preferred_language=en
[2026-04-25T10:48:31-04:00] bootstrap_admin_ui: Final preferred_language: en
[2026-04-25T10:48:31-04:00] bootstrap_admin_ui: Session data before resolution: platform_admin=false, platform_role=null, user_id=1, session_id=v5kod7t670nhb0ftd8a3fuv1ia
[2026-04-25T10:48:31-04:00] bootstrap_admin_ui: Identity resolved: source=session, is_authenticated=true, user_id=1, is_platform_admin=false, preferred_language=en
[2026-04-25T10:48:31-04:00] bootstrap_admin_ui: Final preferred_language: en
[2026-04-25T10:48:35-04:00] bootstrap_admin_ui: Session data before resolution: platform_admin=false, platform_role=null, user_id=1, session_id=v5kod7t670nhb0ftd8a3fuv1ia
[2026-04-25T10:48:35-04:00] bootstrap_admin_ui: Identity resolved: source=session, is_authenticated=true, user_id=1, is_platform_admin=false, preferred_language=en
[2026-04-25T10:48:35-04:00] bootstrap_admin_ui: Final preferred_language: en
[2026-04-25T10:48:35-04:00] bootstrap_admin_ui: Session data before resolution: platform_admin=false, platform_role=null, user_id=1, session_id=v5kod7t670nhb0ftd8a3fuv1ia
[2026-04-25T10:48:35-04:00] bootstrap_admin_ui: Identity resolved: source=session, is_authenticated=true, user_id=1, is_platform_admin=false, preferred_language=en
[2026-04-25T10:48:35-04:00] bootstrap_admin_ui: Final preferred_language: en
[2026-04-25T10:48:59-04:00] bootstrap_admin_ui: Session data before resolution: platform_admin=false, platform_role=null, user_id=1, session_id=v5kod7t670nhb0ftd8a3fuv1ia
[2026-04-25T10:48:59-04:00] bootstrap_admin_ui: Identity resolved: source=session, is_authenticated=true, user_id=1, is_platform_admin=false, preferred_language=en
[2026-04-25T10:48:59-04:00] bootstrap_admin_ui: Final preferred_language: en
[2026-04-25T10:49:27-04:00] bootstrap_admin_ui: Session data before resolution: platform_admin=false, platform_role=null, user_id=1, session_id=v5kod7t670nhb0ftd8a3fuv1ia
[2026-04-25T10:49:27-04:00] bootstrap_admin_ui: Identity resolved: source=session, is_authenticated=true, user_id=1, is_platform_admin=false, preferred_language=en
[2026-04-25T10:49:27-04:00] bootstrap_admin_ui: Final preferred_language: en
[2026-04-25T10:50:29-04:00] bootstrap_admin_ui: Session data before resolution: platform_admin=false, platform_role=null, user_id=1, session_id=v5kod7t670nhb0ftd8a3fuv1ia
[2026-04-25T10:50:29-04:00] bootstrap_admin_ui: Identity resolved: source=session, is_authenticated=true, user_id=1, is_platform_admin=false, preferred_language=en
[2026-04-25T10:50:29-04:00] bootstrap_admin_ui: Final preferred_language: en
[2026-04-25T10:50:47-04:00] bootstrap_admin_ui: Session data before resolution: platform_admin=false, platform_role=null, user_id=1, session_id=f53neb71c0vc7qsni5imn30jkj
[2026-04-25T10:50:47-04:00] bootstrap_admin_ui: Identity resolved: source=session, is_authenticated=true, user_id=1, is_platform_admin=false, preferred_language=en
[2026-04-25T10:50:47-04:00] bootstrap_admin_ui: Final preferred_language: en
[2026-04-25T10:50:53-04:00] bootstrap_admin_ui: Session data before resolution: platform_admin=false, platform_role=null, user_id=1, session_id=f53neb71c0vc7qsni5imn30jkj
[2026-04-25T10:50:53-04:00] bootstrap_admin_ui: Identity resolved: source=session, is_authenticated=true, user_id=1, is_platform_admin=false, preferred_language=en
[2026-04-25T10:50:53-04:00] bootstrap_admin_ui: Final preferred_language: en
[2026-04-25T10:51:15-04:00] bootstrap_admin_ui: Session data before resolution: platform_admin=false, platform_role=null, user_id=39, session_id=nrc2of9uh1bqr4g6dthemdrq98
[2026-04-25T10:51:15-04:00] bootstrap_admin_ui: Identity resolved: source=session, is_authenticated=true, user_id=39, is_platform_admin=false, preferred_language=en
[2026-04-25T10:51:15-04:00] bootstrap_admin_ui: Final preferred_language: en
[2026-04-25T10:51:20-04:00] bootstrap_admin_ui: Session data before resolution: platform_admin=false, platform_role=null, user_id=39, session_id=nrc2of9uh1bqr4g6dthemdrq98
[2026-04-25T10:51:20-04:00] bootstrap_admin_ui: Identity resolved: source=session, is_authenticated=true, user_id=39, is_platform_admin=false, preferred_language=en
[2026-04-25T10:51:20-04:00] bootstrap_admin_ui: Final preferred_language: en
[2026-04-25T10:51:27-04:00] bootstrap_admin_ui: Session data before resolution: platform_admin=false, platform_role=null, user_id=39, session_id=nrc2of9uh1bqr4g6dthemdrq98
[2026-04-25T10:51:27-04:00] bootstrap_admin_ui: Identity resolved: source=session, is_authenticated=true, user_id=39, is_platform_admin=false, preferred_language=en
[2026-04-25T10:51:27-04:00] bootstrap_admin_ui: Final preferred_language: en
[2026-04-25T10:51:27-04:00] bootstrap_admin_ui: Session data before resolution: platform_admin=false, platform_role=null, user_id=39, session_id=nrc2of9uh1bqr4g6dthemdrq98
[2026-04-25T10:51:27-04:00] bootstrap_admin_ui: Identity resolved: source=session, is_authenticated=true, user_id=39, is_platform_admin=false, preferred_language=en
[2026-04-25T10:51:27-04:00] bootstrap_admin_ui: Final preferred_language: en
[2026-04-25T10:51:28-04:00] bootstrap_admin_ui: Session data before resolution: platform_admin=false, platform_role=null, user_id=39, session_id=nrc2of9uh1bqr4g6dthemdrq98
[2026-04-25T10:51:28-04:00] bootstrap_admin_ui: Identity resolved: source=session, is_authenticated=true, user_id=39, is_platform_admin=false, preferred_language=en
[2026-04-25T10:51:28-04:00] bootstrap_admin_ui: Final preferred_language: en
[2026-04-25T10:51:43-04:00] bootstrap_admin_ui: Session data before resolution: platform_admin=false, platform_role=null, user_id=39, session_id=nrc2of9uh1bqr4g6dthemdrq98
[2026-04-25T10:51:43-04:00] bootstrap_admin_ui: Identity resolved: source=session, is_authenticated=true, user_id=39, is_platform_admin=false, preferred_language=en
[2026-04-25T10:51:43-04:00] bootstrap_admin_ui: Final preferred_language: en
[2026-04-25T10:51:43-04:00] bootstrap_admin_ui: Session data before resolution: platform_admin=false, platform_role=null, user_id=39, session_id=nrc2of9uh1bqr4g6dthemdrq98
[2026-04-25T10:51:43-04:00] bootstrap_admin_ui: Identity resolved: source=session, is_authenticated=true, user_id=39, is_platform_admin=false, preferred_language=en
[2026-04-25T10:51:43-04:00] bootstrap_admin_ui: Final preferred_language: en
[2026-04-25T10:51:44-04:00] bootstrap_admin_ui: Session data before resolution: platform_admin=false, platform_role=null, user_id=39, session_id=nrc2of9uh1bqr4g6dthemdrq98
[2026-04-25T10:51:44-04:00] bootstrap_admin_ui: Identity resolved: source=session, is_authenticated=true, user_id=39, is_platform_admin=false, preferred_language=en
[2026-04-25T10:51:44-04:00] bootstrap_admin_ui: Final preferred_language: en
[2026-04-25T10:51:44-04:00] bootstrap_admin_ui: Session data before resolution: platform_admin=false, platform_role=null, user_id=39, session_id=nrc2of9uh1bqr4g6dthemdrq98
[2026-04-25T10:51:44-04:00] bootstrap_admin_ui: Identity resolved: source=session, is_authenticated=true, user_id=39, is_platform_admin=false, preferred_language=en
[2026-04-25T10:51:44-04:00] bootstrap_admin_ui: Final preferred_language: en
[2026-04-25T10:52:17-04:00] bootstrap_admin_ui: Session data before resolution: platform_admin=false, platform_role=null, user_id=39, session_id=nrc2of9uh1bqr4g6dthemdrq98
[2026-04-25T10:52:17-04:00] bootstrap_admin_ui: Identity resolved: source=session, is_authenticated=true, user_id=39, is_platform_admin=false, preferred_language=en
[2026-04-25T10:52:17-04:00] bootstrap_admin_ui: Final preferred_language: en
[2026-04-25T10:53:05-04:00] bootstrap_admin_ui: Session data before resolution: platform_admin=false, platform_role=null, user_id=40, session_id=5h1aikp6e0ma5nbb6arte8bec0
[2026-04-25T10:53:05-04:00] bootstrap_admin_ui: Identity resolved: source=session, is_authenticated=true, user_id=40, is_platform_admin=false, preferred_language=en
[2026-04-25T10:53:05-04:00] bootstrap_admin_ui: Final preferred_language: en
[2026-04-25T10:53:09-04:00] bootstrap_admin_ui: Session data before resolution: platform_admin=false, platform_role=null, user_id=40, session_id=5h1aikp6e0ma5nbb6arte8bec0
[2026-04-25T10:53:09-04:00] bootstrap_admin_ui: Identity resolved: source=session, is_authenticated=true, user_id=40, is_platform_admin=false, preferred_language=en
[2026-04-25T10:53:09-04:00] bootstrap_admin_ui: Final preferred_language: en
[2026-04-25T10:53:10-04:00] bootstrap_admin_ui: Session data before resolution: platform_admin=false, platform_role=null, user_id=40, session_id=5h1aikp6e0ma5nbb6arte8bec0
[2026-04-25T10:53:10-04:00] bootstrap_admin_ui: Identity resolved: source=session, is_authenticated=true, user_id=40, is_platform_admin=false, preferred_language=en
[2026-04-25T10:53:10-04:00] bootstrap_admin_ui: Final preferred_language: en
[2026-04-25T10:53:10-04:00] bootstrap_admin_ui: Session data before resolution: platform_admin=false, platform_role=null, user_id=40, session_id=5h1aikp6e0ma5nbb6arte8bec0
[2026-04-25T10:53:10-04:00] bootstrap_admin_ui: Identity resolved: source=session, is_authenticated=true, user_id=40, is_platform_admin=false, preferred_language=en
[2026-04-25T10:53:10-04:00] bootstrap_admin_ui: Final preferred_language: en
[2026-04-25T10:59:50-04:00] bootstrap_admin_ui: Session data before resolution: platform_admin=false, platform_role=null, user_id=40, session_id=5h1aikp6e0ma5nbb6arte8bec0
[2026-04-25T10:59:50-04:00] bootstrap_admin_ui: Identity resolved: source=session, is_authenticated=true, user_id=40, is_platform_admin=false, preferred_language=en
[2026-04-25T10:59:50-04:00] bootstrap_admin_ui: Final preferred_language: en
[2026-04-25T10:59:56-04:00] bootstrap_admin_ui: Session data before resolution: platform_admin=false, platform_role=null, user_id=40, session_id=5h1aikp6e0ma5nbb6arte8bec0
[2026-04-25T10:59:56-04:00] bootstrap_admin_ui: Identity resolved: source=session, is_authenticated=true, user_id=40, is_platform_admin=false, preferred_language=en
[2026-04-25T10:59:56-04:00] bootstrap_admin_ui: Final preferred_language: en
[2026-04-25T10:59:56-04:00] bootstrap_admin_ui: Session data before resolution: platform_admin=false, platform_role=null, user_id=40, session_id=5h1aikp6e0ma5nbb6arte8bec0
[2026-04-25T10:59:56-04:00] bootstrap_admin_ui: Identity resolved: source=session, is_authenticated=true, user_id=40, is_platform_admin=false, preferred_language=en
[2026-04-25T10:59:56-04:00] bootstrap_admin_ui: Final preferred_language: en
[2026-04-25T10:59:59-04:00] bootstrap_admin_ui: Session data before resolution: platform_admin=false, platform_role=null, user_id=40, session_id=5h1aikp6e0ma5nbb6arte8bec0
[2026-04-25T10:59:59-04:00] bootstrap_admin_ui: Identity resolved: source=session, is_authenticated=true, user_id=40, is_platform_admin=false, preferred_language=en
[2026-04-25T10:59:59-04:00] bootstrap_admin_ui: Final preferred_language: en
[2026-04-25T10:59:59-04:00] bootstrap_admin_ui: Session data before resolution: platform_admin=false, platform_role=null, user_id=40, session_id=5h1aikp6e0ma5nbb6arte8bec0
[2026-04-25T10:59:59-04:00] bootstrap_admin_ui: Identity resolved: source=session, is_authenticated=true, user_id=40, is_platform_admin=false, preferred_language=en
[2026-04-25T10:59:59-04:00] bootstrap_admin_ui: Final preferred_language: en
[2026-04-25T11:00:00-04:00] bootstrap_admin_ui: Session data before resolution: platform_admin=false, platform_role=null, user_id=40, session_id=5h1aikp6e0ma5nbb6arte8bec0
[2026-04-25T11:00:00-04:00] bootstrap_admin_ui: Identity resolved: source=session, is_authenticated=true, user_id=40, is_platform_admin=false, preferred_language=en
[2026-04-25T11:00:00-04:00] bootstrap_admin_ui: Final preferred_language: en
[2026-04-25T11:00:00-04:00] bootstrap_admin_ui: Session data before resolution: platform_admin=false, platform_role=null, user_id=40, session_id=5h1aikp6e0ma5nbb6arte8bec0
[2026-04-25T11:00:00-04:00] bootstrap_admin_ui: Identity resolved: source=session, is_authenticated=true, user_id=40, is_platform_admin=false, preferred_language=en
[2026-04-25T11:00:00-04:00] bootstrap_admin_ui: Final preferred_language: en
[2026-04-25T11:00:06-04:00] bootstrap_admin_ui: Session data before resolution: platform_admin=false, platform_role=null, user_id=40, session_id=5h1aikp6e0ma5nbb6arte8bec0
[2026-04-25T11:00:06-04:00] bootstrap_admin_ui: Identity resolved: source=session, is_authenticated=true, user_id=40, is_platform_admin=false, preferred_language=en
[2026-04-25T11:00:06-04:00] bootstrap_admin_ui: Final preferred_language: en
[2026-04-25T11:00:06-04:00] bootstrap_admin_ui: Session data before resolution: platform_admin=false, platform_role=null, user_id=40, session_id=5h1aikp6e0ma5nbb6arte8bec0
[2026-04-25T11:00:06-04:00] bootstrap_admin_ui: Identity resolved: source=session, is_authenticated=true, user_id=40, is_platform_admin=false, preferred_language=en
[2026-04-25T11:00:06-04:00] bootstrap_admin_ui: Final preferred_language: en
[2026-04-25T11:00:06-04:00] bootstrap_admin_ui: Session data before resolution: platform_admin=false, platform_role=null, user_id=40, session_id=5h1aikp6e0ma5nbb6arte8bec0
[2026-04-25T11:00:06-04:00] bootstrap_admin_ui: Identity resolved: source=session, is_authenticated=true, user_id=40, is_platform_admin=false, preferred_language=en
[2026-04-25T11:00:06-04:00] bootstrap_admin_ui: Final preferred_language: en
[2026-04-25T11:00:19-04:00] bootstrap_admin_ui: Session data before resolution: platform_admin=false, platform_role=null, user_id=40, session_id=5h1aikp6e0ma5nbb6arte8bec0
[2026-04-25T11:00:19-04:00] bootstrap_admin_ui: Identity resolved: source=session, is_authenticated=true, user_id=40, is_platform_admin=false, preferred_language=en
[2026-04-25T11:00:19-04:00] bootstrap_admin_ui: Final preferred_language: en
[2026-04-25T11:00:27-04:00] bootstrap_admin_ui: Session data before resolution: platform_admin=false, platform_role=null, user_id=40, session_id=5h1aikp6e0ma5nbb6arte8bec0
[2026-04-25T11:00:27-04:00] bootstrap_admin_ui: Identity resolved: source=session, is_authenticated=true, user_id=40, is_platform_admin=false, preferred_language=en
[2026-04-25T11:00:27-04:00] bootstrap_admin_ui: Final preferred_language: en
[2026-04-25T11:00:27-04:00] bootstrap_admin_ui: Session data before resolution: platform_admin=false, platform_role=null, user_id=40, session_id=5h1aikp6e0ma5nbb6arte8bec0
[2026-04-25T11:00:27-04:00] bootstrap_admin_ui: Identity resolved: source=session, is_authenticated=true, user_id=40, is_platform_admin=false, preferred_language=en
[2026-04-25T11:00:27-04:00] bootstrap_admin_ui: Final preferred_language: en
[2026-04-25T11:00:28-04:00] bootstrap_admin_ui: Session data before resolution: platform_admin=false, platform_role=null, user_id=40, session_id=5h1aikp6e0ma5nbb6arte8bec0
[2026-04-25T11:00:28-04:00] bootstrap_admin_ui: Identity resolved: source=session, is_authenticated=true, user_id=40, is_platform_admin=false, preferred_language=en
[2026-04-25T11:00:28-04:00] bootstrap_admin_ui: Final preferred_language: en
[2026-04-25T11:00:36-04:00] bootstrap_admin_ui: Session data before resolution: platform_admin=false, platform_role=null, user_id=40, session_id=5h1aikp6e0ma5nbb6arte8bec0
[2026-04-25T11:00:36-04:00] bootstrap_admin_ui: Identity resolved: source=session, is_authenticated=true, user_id=40, is_platform_admin=false, preferred_language=en
[2026-04-25T11:00:36-04:00] bootstrap_admin_ui: Final preferred_language: en
[2026-04-25T11:00:36-04:00] bootstrap_admin_ui: Session data before resolution: platform_admin=false, platform_role=null, user_id=40, session_id=5h1aikp6e0ma5nbb6arte8bec0
[2026-04-25T11:00:36-04:00] bootstrap_admin_ui: Identity resolved: source=session, is_authenticated=true, user_id=40, is_platform_admin=false, preferred_language=en
[2026-04-25T11:00:36-04:00] bootstrap_admin_ui: Final preferred_language: en
[2026-04-25T11:00:36-04:00] bootstrap_admin_ui: Session data before resolution: platform_admin=false, platform_role=null, user_id=40, session_id=5h1aikp6e0ma5nbb6arte8bec0
[2026-04-25T11:00:36-04:00] bootstrap_admin_ui: Identity resolved: source=session, is_authenticated=true, user_id=40, is_platform_admin=false, preferred_language=en
[2026-04-25T11:00:36-04:00] bootstrap_admin_ui: Final preferred_language: en
[2026-04-25T11:01:06-04:00] bootstrap_admin_ui: Session data before resolution: platform_admin=false, platform_role=null, user_id=40, session_id=5h1aikp6e0ma5nbb6arte8bec0
[2026-04-25T11:01:06-04:00] bootstrap_admin_ui: Identity resolved: source=session, is_authenticated=true, user_id=40, is_platform_admin=false, preferred_language=en
[2026-04-25T11:01:06-04:00] bootstrap_admin_ui: Final preferred_language: en
[2026-04-25T11:01:41-04:00] bootstrap_admin_ui: Session data before resolution: platform_admin=false, platform_role=null, user_id=39, session_id=06o8hp5qvo77di54ge90h171p9
[2026-04-25T11:01:41-04:00] bootstrap_admin_ui: Identity resolved: source=session, is_authenticated=true, user_id=39, is_platform_admin=false, preferred_language=en
[2026-04-25T11:01:41-04:00] bootstrap_admin_ui: Final preferred_language: en
[2026-04-25T11:01:45-04:00] bootstrap_admin_ui: Session data before resolution: platform_admin=false, platform_role=null, user_id=39, session_id=06o8hp5qvo77di54ge90h171p9
[2026-04-25T11:01:45-04:00] bootstrap_admin_ui: Identity resolved: source=session, is_authenticated=true, user_id=39, is_platform_admin=false, preferred_language=en
[2026-04-25T11:01:45-04:00] bootstrap_admin_ui: Final preferred_language: en
[2026-04-25T11:01:46-04:00] bootstrap_admin_ui: Session data before resolution: platform_admin=false, platform_role=null, user_id=39, session_id=06o8hp5qvo77di54ge90h171p9
[2026-04-25T11:01:46-04:00] bootstrap_admin_ui: Identity resolved: source=session, is_authenticated=true, user_id=39, is_platform_admin=false, preferred_language=en
[2026-04-25T11:01:46-04:00] bootstrap_admin_ui: Final preferred_language: en
[2026-04-25T11:01:46-04:00] bootstrap_admin_ui: Session data before resolution: platform_admin=false, platform_role=null, user_id=39, session_id=06o8hp5qvo77di54ge90h171p9
[2026-04-25T11:01:46-04:00] bootstrap_admin_ui: Identity resolved: source=session, is_authenticated=true, user_id=39, is_platform_admin=false, preferred_language=en
[2026-04-25T11:01:46-04:00] bootstrap_admin_ui: Final preferred_language: en
[2026-04-25T11:01:50-04:00] bootstrap_admin_ui: Session data before resolution: platform_admin=false, platform_role=null, user_id=39, session_id=06o8hp5qvo77di54ge90h171p9
[2026-04-25T11:01:50-04:00] bootstrap_admin_ui: Identity resolved: source=session, is_authenticated=true, user_id=39, is_platform_admin=false, preferred_language=en
[2026-04-25T11:01:50-04:00] bootstrap_admin_ui: Final preferred_language: en
[2026-04-25T11:01:50-04:00] bootstrap_admin_ui: Session data before resolution: platform_admin=false, platform_role=null, user_id=39, session_id=06o8hp5qvo77di54ge90h171p9
[2026-04-25T11:01:50-04:00] bootstrap_admin_ui: Identity resolved: source=session, is_authenticated=true, user_id=39, is_platform_admin=false, preferred_language=en
[2026-04-25T11:01:50-04:00] bootstrap_admin_ui: Final preferred_language: en
[2026-04-25T11:01:51-04:00] bootstrap_admin_ui: Session data before resolution: platform_admin=false, platform_role=null, user_id=39, session_id=06o8hp5qvo77di54ge90h171p9
[2026-04-25T11:01:51-04:00] bootstrap_admin_ui: Identity resolved: source=session, is_authenticated=true, user_id=39, is_platform_admin=false, preferred_language=en
[2026-04-25T11:01:51-04:00] bootstrap_admin_ui: Final preferred_language: en
[2026-04-25T11:01:51-04:00] bootstrap_admin_ui: Session data before resolution: platform_admin=false, platform_role=null, user_id=39, session_id=06o8hp5qvo77di54ge90h171p9
[2026-04-25T11:01:51-04:00] bootstrap_admin_ui: Identity resolved: source=session, is_authenticated=true, user_id=39, is_platform_admin=false, preferred_language=en
[2026-04-25T11:01:51-04:00] bootstrap_admin_ui: Final preferred_language: en
[2026-04-25T11:01:56-04:00] bootstrap_admin_ui: Session data before resolution: platform_admin=false, platform_role=null, user_id=39, session_id=06o8hp5qvo77di54ge90h171p9
[2026-04-25T11:01:56-04:00] bootstrap_admin_ui: Identity resolved: source=session, is_authenticated=true, user_id=39, is_platform_admin=false, preferred_language=en
[2026-04-25T11:01:56-04:00] bootstrap_admin_ui: Final preferred_language: en
[2026-04-25T11:01:56-04:00] bootstrap_admin_ui: Session data before resolution: platform_admin=false, platform_role=null, user_id=39, session_id=06o8hp5qvo77di54ge90h171p9
[2026-04-25T11:01:56-04:00] bootstrap_admin_ui: Identity resolved: source=session, is_authenticated=true, user_id=39, is_platform_admin=false, preferred_language=en
[2026-04-25T11:01:56-04:00] bootstrap_admin_ui: Final preferred_language: en
[2026-04-25T11:01:56-04:00] bootstrap_admin_ui: Session data before resolution: platform_admin=false, platform_role=null, user_id=39, session_id=06o8hp5qvo77di54ge90h171p9
[2026-04-25T11:01:56-04:00] bootstrap_admin_ui: Identity resolved: source=session, is_authenticated=true, user_id=39, is_platform_admin=false, preferred_language=en
[2026-04-25T11:01:56-04:00] bootstrap_admin_ui: Final preferred_language: en
[2026-04-25T13:53:04-04:00] bootstrap_admin_ui: Session data before resolution: platform_admin=false, platform_role=null, user_id=7, session_id=m9362rvk6qf6qapu45tr0a8u1d
[2026-04-25T13:53:04-04:00] bootstrap_admin_ui: Identity resolved: source=session, is_authenticated=true, user_id=7, is_platform_admin=false, preferred_language=ar
[2026-04-25T13:53:04-04:00] bootstrap_admin_ui: Final preferred_language: ar
[2026-04-25T13:53:20-04:00] bootstrap_admin_ui: Session data before resolution: platform_admin=false, platform_role=null, user_id=7, session_id=m9362rvk6qf6qapu45tr0a8u1d
[2026-04-25T13:53:20-04:00] bootstrap_admin_ui: Identity resolved: source=session, is_authenticated=true, user_id=7, is_platform_admin=false, preferred_language=ar
[2026-04-25T13:53:20-04:00] bootstrap_admin_ui: Final preferred_language: ar
[2026-04-25T13:53:21-04:00] bootstrap_admin_ui: Session data before resolution: platform_admin=false, platform_role=null, user_id=7, session_id=m9362rvk6qf6qapu45tr0a8u1d
[2026-04-25T13:53:21-04:00] bootstrap_admin_ui: Identity resolved: source=session, is_authenticated=true, user_id=7, is_platform_admin=false, preferred_language=ar
[2026-04-25T13:53:21-04:00] bootstrap_admin_ui: Final preferred_language: ar
[2026-04-25T13:53:26-04:00] bootstrap_admin_ui: Session data before resolution: platform_admin=false, platform_role=null, user_id=7, session_id=m9362rvk6qf6qapu45tr0a8u1d
[2026-04-25T13:53:26-04:00] bootstrap_admin_ui: Identity resolved: source=session, is_authenticated=true, user_id=7, is_platform_admin=false, preferred_language=ar
[2026-04-25T13:53:26-04:00] bootstrap_admin_ui: Final preferred_language: ar
[2026-04-25T13:53:26-04:00] bootstrap_admin_ui: Session data before resolution: platform_admin=false, platform_role=null, user_id=7, session_id=m9362rvk6qf6qapu45tr0a8u1d
[2026-04-25T13:53:26-04:00] bootstrap_admin_ui: Identity resolved: source=session, is_authenticated=true, user_id=7, is_platform_admin=false, preferred_language=ar
[2026-04-25T13:53:26-04:00] bootstrap_admin_ui: Final preferred_language: ar
[2026-04-25T13:53:29-04:00] bootstrap_admin_ui: Session data before resolution: platform_admin=false, platform_role=null, user_id=7, session_id=m9362rvk6qf6qapu45tr0a8u1d
[2026-04-25T13:53:29-04:00] bootstrap_admin_ui: Identity resolved: source=session, is_authenticated=true, user_id=7, is_platform_admin=false, preferred_language=ar
[2026-04-25T13:53:29-04:00] bootstrap_admin_ui: Final preferred_language: ar
[2026-04-25T13:53:29-04:00] bootstrap_admin_ui: Session data before resolution: platform_admin=false, platform_role=null, user_id=7, session_id=m9362rvk6qf6qapu45tr0a8u1d
[2026-04-25T13:53:29-04:00] bootstrap_admin_ui: Identity resolved: source=session, is_authenticated=true, user_id=7, is_platform_admin=false, preferred_language=ar
[2026-04-25T13:53:29-04:00] bootstrap_admin_ui: Final preferred_language: ar
[2026-04-25T13:53:35-04:00] bootstrap_admin_ui: Session data before resolution: platform_admin=false, platform_role=null, user_id=7, session_id=m9362rvk6qf6qapu45tr0a8u1d
[2026-04-25T13:53:35-04:00] bootstrap_admin_ui: Identity resolved: source=session, is_authenticated=true, user_id=7, is_platform_admin=false, preferred_language=ar
[2026-04-25T13:53:35-04:00] bootstrap_admin_ui: Final preferred_language: ar
[2026-04-25T13:53:35-04:00] bootstrap_admin_ui: Session data before resolution: platform_admin=false, platform_role=null, user_id=7, session_id=m9362rvk6qf6qapu45tr0a8u1d
[2026-04-25T13:53:35-04:00] bootstrap_admin_ui: Identity resolved: source=session, is_authenticated=true, user_id=7, is_platform_admin=false, preferred_language=ar
[2026-04-25T13:53:35-04:00] bootstrap_admin_ui: Final preferred_language: ar
[2026-04-25T13:53:38-04:00] bootstrap_admin_ui: Session data before resolution: platform_admin=false, platform_role=null, user_id=7, session_id=m9362rvk6qf6qapu45tr0a8u1d
[2026-04-25T13:53:38-04:00] bootstrap_admin_ui: Identity resolved: source=session, is_authenticated=true, user_id=7, is_platform_admin=false, preferred_language=ar
[2026-04-25T13:53:38-04:00] bootstrap_admin_ui: Final preferred_language: ar
[2026-04-25T13:53:38-04:00] bootstrap_admin_ui: Session data before resolution: platform_admin=false, platform_role=null, user_id=7, session_id=m9362rvk6qf6qapu45tr0a8u1d
[2026-04-25T13:53:38-04:00] bootstrap_admin_ui: Identity resolved: source=session, is_authenticated=true, user_id=7, is_platform_admin=false, preferred_language=ar
[2026-04-25T13:53:38-04:00] bootstrap_admin_ui: Final preferred_language: ar
[2026-04-25T13:53:41-04:00] bootstrap_admin_ui: Session data before resolution: platform_admin=false, platform_role=null, user_id=7, session_id=m9362rvk6qf6qapu45tr0a8u1d
[2026-04-25T13:53:41-04:00] bootstrap_admin_ui: Identity resolved: source=session, is_authenticated=true, user_id=7, is_platform_admin=false, preferred_language=ar
[2026-04-25T13:53:41-04:00] bootstrap_admin_ui: Final preferred_language: ar
[2026-04-25T13:53:41-04:00] bootstrap_admin_ui: Session data before resolution: platform_admin=false, platform_role=null, user_id=7, session_id=m9362rvk6qf6qapu45tr0a8u1d
[2026-04-25T13:53:41-04:00] bootstrap_admin_ui: Identity resolved: source=session, is_authenticated=true, user_id=7, is_platform_admin=false, preferred_language=ar
[2026-04-25T13:53:41-04:00] bootstrap_admin_ui: Final preferred_language: ar
[2026-04-25T13:53:46-04:00] bootstrap_admin_ui: Session data before resolution: platform_admin=false, platform_role=null, user_id=7, session_id=m9362rvk6qf6qapu45tr0a8u1d
[2026-04-25T13:53:46-04:00] bootstrap_admin_ui: Identity resolved: source=session, is_authenticated=true, user_id=7, is_platform_admin=false, preferred_language=ar
[2026-04-25T13:53:46-04:00] bootstrap_admin_ui: Final preferred_language: ar
[2026-04-25T13:53:46-04:00] bootstrap_admin_ui: Session data before resolution: platform_admin=false, platform_role=null, user_id=7, session_id=m9362rvk6qf6qapu45tr0a8u1d
[2026-04-25T13:53:46-04:00] bootstrap_admin_ui: Identity resolved: source=session, is_authenticated=true, user_id=7, is_platform_admin=false, preferred_language=ar
[2026-04-25T13:53:46-04:00] bootstrap_admin_ui: Final preferred_language: ar
[2026-04-25T13:53:55-04:00] bootstrap_admin_ui: Session data before resolution: platform_admin=false, platform_role=null, user_id=7, session_id=m9362rvk6qf6qapu45tr0a8u1d
[2026-04-25T13:53:55-04:00] bootstrap_admin_ui: Identity resolved: source=session, is_authenticated=true, user_id=7, is_platform_admin=false, preferred_language=ar
[2026-04-25T13:53:55-04:00] bootstrap_admin_ui: Final preferred_language: ar
[2026-04-25T13:53:55-04:00] bootstrap_admin_ui: Session data before resolution: platform_admin=false, platform_role=null, user_id=7, session_id=m9362rvk6qf6qapu45tr0a8u1d
[2026-04-25T13:53:55-04:00] bootstrap_admin_ui: Identity resolved: source=session, is_authenticated=true, user_id=7, is_platform_admin=false, preferred_language=ar
[2026-04-25T13:53:55-04:00] bootstrap_admin_ui: Final preferred_language: ar
[2026-04-25T13:54:01-04:00] bootstrap_admin_ui: Session data before resolution: platform_admin=false, platform_role=null, user_id=7, session_id=m9362rvk6qf6qapu45tr0a8u1d
[2026-04-25T13:54:01-04:00] bootstrap_admin_ui: Identity resolved: source=session, is_authenticated=true, user_id=7, is_platform_admin=false, preferred_language=ar
[2026-04-25T13:54:01-04:00] bootstrap_admin_ui: Final preferred_language: ar
[2026-04-25T13:54:01-04:00] bootstrap_admin_ui: Session data before resolution: platform_admin=false, platform_role=null, user_id=7, session_id=m9362rvk6qf6qapu45tr0a8u1d
[2026-04-25T13:54:01-04:00] bootstrap_admin_ui: Identity resolved: source=session, is_authenticated=true, user_id=7, is_platform_admin=false, preferred_language=ar
[2026-04-25T13:54:01-04:00] bootstrap_admin_ui: Final preferred_language: ar
[2026-04-25T13:54:04-04:00] bootstrap_admin_ui: Session data before resolution: platform_admin=false, platform_role=null, user_id=7, session_id=m9362rvk6qf6qapu45tr0a8u1d
[2026-04-25T13:54:04-04:00] bootstrap_admin_ui: Identity resolved: source=session, is_authenticated=true, user_id=7, is_platform_admin=false, preferred_language=ar
[2026-04-25T13:54:04-04:00] bootstrap_admin_ui: Final preferred_language: ar
[2026-04-25T13:54:04-04:00] bootstrap_admin_ui: Session data before resolution: platform_admin=false, platform_role=null, user_id=7, session_id=m9362rvk6qf6qapu45tr0a8u1d
[2026-04-25T13:54:04-04:00] bootstrap_admin_ui: Identity resolved: source=session, is_authenticated=true, user_id=7, is_platform_admin=false, preferred_language=ar
[2026-04-25T13:54:04-04:00] bootstrap_admin_ui: Final preferred_language: ar
[2026-04-25T13:54:06-04:00] bootstrap_admin_ui: Session data before resolution: platform_admin=false, platform_role=null, user_id=7, session_id=m9362rvk6qf6qapu45tr0a8u1d
[2026-04-25T13:54:06-04:00] bootstrap_admin_ui: Identity resolved: source=session, is_authenticated=true, user_id=7, is_platform_admin=false, preferred_language=ar
[2026-04-25T13:54:06-04:00] bootstrap_admin_ui: Final preferred_language: ar
[2026-04-25T13:54:06-04:00] bootstrap_admin_ui: Session data before resolution: platform_admin=false, platform_role=null, user_id=7, session_id=m9362rvk6qf6qapu45tr0a8u1d
[2026-04-25T13:54:06-04:00] bootstrap_admin_ui: Identity resolved: source=session, is_authenticated=true, user_id=7, is_platform_admin=false, preferred_language=ar
[2026-04-25T13:54:06-04:00] bootstrap_admin_ui: Final preferred_language: ar
[2026-04-25T13:54:11-04:00] bootstrap_admin_ui: Session data before resolution: platform_admin=false, platform_role=null, user_id=7, session_id=m9362rvk6qf6qapu45tr0a8u1d
[2026-04-25T13:54:11-04:00] bootstrap_admin_ui: Identity resolved: source=session, is_authenticated=true, user_id=7, is_platform_admin=false, preferred_language=ar
[2026-04-25T13:54:11-04:00] bootstrap_admin_ui: Final preferred_language: ar
[2026-04-25T13:54:11-04:00] bootstrap_admin_ui: Session data before resolution: platform_admin=false, platform_role=null, user_id=7, session_id=m9362rvk6qf6qapu45tr0a8u1d
[2026-04-25T13:54:11-04:00] bootstrap_admin_ui: Identity resolved: source=session, is_authenticated=true, user_id=7, is_platform_admin=false, preferred_language=ar
[2026-04-25T13:54:11-04:00] bootstrap_admin_ui: Final preferred_language: ar
[2026-04-25T13:54:17-04:00] bootstrap_admin_ui: Session data before resolution: platform_admin=false, platform_role=null, user_id=7, session_id=m9362rvk6qf6qapu45tr0a8u1d
[2026-04-25T13:54:17-04:00] bootstrap_admin_ui: Identity resolved: source=session, is_authenticated=true, user_id=7, is_platform_admin=false, preferred_language=ar
[2026-04-25T13:54:17-04:00] bootstrap_admin_ui: Final preferred_language: ar
[2026-04-25T13:54:17-04:00] bootstrap_admin_ui: Session data before resolution: platform_admin=false, platform_role=null, user_id=7, session_id=m9362rvk6qf6qapu45tr0a8u1d
[2026-04-25T13:54:17-04:00] bootstrap_admin_ui: Identity resolved: source=session, is_authenticated=true, user_id=7, is_platform_admin=false, preferred_language=ar
[2026-04-25T13:54:17-04:00] bootstrap_admin_ui: Final preferred_language: ar
[2026-04-25T13:54:19-04:00] bootstrap_admin_ui: Session data before resolution: platform_admin=false, platform_role=null, user_id=7, session_id=m9362rvk6qf6qapu45tr0a8u1d
[2026-04-25T13:54:19-04:00] bootstrap_admin_ui: Identity resolved: source=session, is_authenticated=true, user_id=7, is_platform_admin=false, preferred_language=ar
[2026-04-25T13:54:19-04:00] bootstrap_admin_ui: Final preferred_language: ar
[2026-04-25T13:54:20-04:00] bootstrap_admin_ui: Session data before resolution: platform_admin=false, platform_role=null, user_id=7, session_id=m9362rvk6qf6qapu45tr0a8u1d
[2026-04-25T13:54:20-04:00] bootstrap_admin_ui: Identity resolved: source=session, is_authenticated=true, user_id=7, is_platform_admin=false, preferred_language=ar
[2026-04-25T13:54:20-04:00] bootstrap_admin_ui: Final preferred_language: ar
[2026-04-25T13:54:22-04:00] bootstrap_admin_ui: Session data before resolution: platform_admin=false, platform_role=null, user_id=7, session_id=m9362rvk6qf6qapu45tr0a8u1d
[2026-04-25T13:54:22-04:00] bootstrap_admin_ui: Identity resolved: source=session, is_authenticated=true, user_id=7, is_platform_admin=false, preferred_language=ar
[2026-04-25T13:54:22-04:00] bootstrap_admin_ui: Final preferred_language: ar
[2026-04-25T13:54:22-04:00] bootstrap_admin_ui: Session data before resolution: platform_admin=false, platform_role=null, user_id=7, session_id=m9362rvk6qf6qapu45tr0a8u1d
[2026-04-25T13:54:22-04:00] bootstrap_admin_ui: Identity resolved: source=session, is_authenticated=true, user_id=7, is_platform_admin=false, preferred_language=ar
[2026-04-25T13:54:22-04:00] bootstrap_admin_ui: Final preferred_language: ar
[2026-04-25T13:54:26-04:00] bootstrap_admin_ui: Session data before resolution: platform_admin=false, platform_role=null, user_id=7, session_id=m9362rvk6qf6qapu45tr0a8u1d
[2026-04-25T13:54:26-04:00] bootstrap_admin_ui: Identity resolved: source=session, is_authenticated=true, user_id=7, is_platform_admin=false, preferred_language=ar
[2026-04-25T13:54:26-04:00] bootstrap_admin_ui: Final preferred_language: ar
[2026-04-25T13:54:27-04:00] bootstrap_admin_ui: Session data before resolution: platform_admin=false, platform_role=null, user_id=7, session_id=m9362rvk6qf6qapu45tr0a8u1d
[2026-04-25T13:54:27-04:00] bootstrap_admin_ui: Identity resolved: source=session, is_authenticated=true, user_id=7, is_platform_admin=false, preferred_language=ar
[2026-04-25T13:54:27-04:00] bootstrap_admin_ui: Final preferred_language: ar
[2026-04-25T13:54:33-04:00] bootstrap_admin_ui: Session data before resolution: platform_admin=false, platform_role=null, user_id=7, session_id=m9362rvk6qf6qapu45tr0a8u1d
[2026-04-25T13:54:33-04:00] bootstrap_admin_ui: Identity resolved: source=session, is_authenticated=true, user_id=7, is_platform_admin=false, preferred_language=ar
[2026-04-25T13:54:33-04:00] bootstrap_admin_ui: Final preferred_language: ar
[2026-04-25T13:54:34-04:00] bootstrap_admin_ui: Session data before resolution: platform_admin=false, platform_role=null, user_id=7, session_id=m9362rvk6qf6qapu45tr0a8u1d
[2026-04-25T13:54:34-04:00] bootstrap_admin_ui: Identity resolved: source=session, is_authenticated=true, user_id=7, is_platform_admin=false, preferred_language=ar
[2026-04-25T13:54:34-04:00] bootstrap_admin_ui: Final preferred_language: ar
[2026-04-25T13:54:37-04:00] bootstrap_admin_ui: Session data before resolution: platform_admin=false, platform_role=null, user_id=7, session_id=m9362rvk6qf6qapu45tr0a8u1d
[2026-04-25T13:54:37-04:00] bootstrap_admin_ui: Identity resolved: source=session, is_authenticated=true, user_id=7, is_platform_admin=false, preferred_language=ar
[2026-04-25T13:54:37-04:00] bootstrap_admin_ui: Final preferred_language: ar
[2026-04-25T13:54:37-04:00] bootstrap_admin_ui: Session data before resolution: platform_admin=false, platform_role=null, user_id=7, session_id=m9362rvk6qf6qapu45tr0a8u1d
[2026-04-25T13:54:37-04:00] bootstrap_admin_ui: Identity resolved: source=session, is_authenticated=true, user_id=7, is_platform_admin=false, preferred_language=ar
[2026-04-25T13:54:37-04:00] bootstrap_admin_ui: Final preferred_language: ar
[2026-04-25T13:54:41-04:00] bootstrap_admin_ui: Session data before resolution: platform_admin=false, platform_role=null, user_id=7, session_id=m9362rvk6qf6qapu45tr0a8u1d
[2026-04-25T13:54:41-04:00] bootstrap_admin_ui: Identity resolved: source=session, is_authenticated=true, user_id=7, is_platform_admin=false, preferred_language=ar
[2026-04-25T13:54:41-04:00] bootstrap_admin_ui: Final preferred_language: ar
[2026-04-25T13:54:41-04:00] bootstrap_admin_ui: Session data before resolution: platform_admin=false, platform_role=null, user_id=7, session_id=m9362rvk6qf6qapu45tr0a8u1d
[2026-04-25T13:54:41-04:00] bootstrap_admin_ui: Identity resolved: source=session, is_authenticated=true, user_id=7, is_platform_admin=false, preferred_language=ar
[2026-04-25T13:54:41-04:00] bootstrap_admin_ui: Final preferred_language: ar
[2026-04-25T13:54:45-04:00] bootstrap_admin_ui: Session data before resolution: platform_admin=false, platform_role=null, user_id=7, session_id=m9362rvk6qf6qapu45tr0a8u1d
[2026-04-25T13:54:45-04:00] bootstrap_admin_ui: Identity resolved: source=session, is_authenticated=true, user_id=7, is_platform_admin=false, preferred_language=ar
[2026-04-25T13:54:45-04:00] bootstrap_admin_ui: Final preferred_language: ar
[2026-04-25T13:54:45-04:00] bootstrap_admin_ui: Session data before resolution: platform_admin=false, platform_role=null, user_id=7, session_id=m9362rvk6qf6qapu45tr0a8u1d
[2026-04-25T13:54:45-04:00] bootstrap_admin_ui: Identity resolved: source=session, is_authenticated=true, user_id=7, is_platform_admin=false, preferred_language=ar
[2026-04-25T13:54:45-04:00] bootstrap_admin_ui: Final preferred_language: ar
[2026-04-25T13:55:05-04:00] bootstrap_admin_ui: Session data before resolution: platform_admin=false, platform_role=null, user_id=7, session_id=m9362rvk6qf6qapu45tr0a8u1d
[2026-04-25T13:55:05-04:00] bootstrap_admin_ui: Identity resolved: source=session, is_authenticated=true, user_id=7, is_platform_admin=false, preferred_language=ar
[2026-04-25T13:55:05-04:00] bootstrap_admin_ui: Final preferred_language: ar
[2026-04-25T13:55:05-04:00] bootstrap_admin_ui: Session data before resolution: platform_admin=false, platform_role=null, user_id=7, session_id=m9362rvk6qf6qapu45tr0a8u1d
[2026-04-25T13:55:05-04:00] bootstrap_admin_ui: Identity resolved: source=session, is_authenticated=true, user_id=7, is_platform_admin=false, preferred_language=ar
[2026-04-25T13:55:05-04:00] bootstrap_admin_ui: Final preferred_language: ar
[2026-04-25T13:55:09-04:00] bootstrap_admin_ui: Session data before resolution: platform_admin=false, platform_role=null, user_id=7, session_id=m9362rvk6qf6qapu45tr0a8u1d
[2026-04-25T13:55:09-04:00] bootstrap_admin_ui: Identity resolved: source=session, is_authenticated=true, user_id=7, is_platform_admin=false, preferred_language=ar
[2026-04-25T13:55:09-04:00] bootstrap_admin_ui: Final preferred_language: ar
[2026-04-25T13:55:10-04:00] bootstrap_admin_ui: Session data before resolution: platform_admin=false, platform_role=null, user_id=7, session_id=m9362rvk6qf6qapu45tr0a8u1d
[2026-04-25T13:55:10-04:00] bootstrap_admin_ui: Identity resolved: source=session, is_authenticated=true, user_id=7, is_platform_admin=false, preferred_language=ar
[2026-04-25T13:55:10-04:00] bootstrap_admin_ui: Final preferred_language: ar
[2026-04-25T13:55:13-04:00] bootstrap_admin_ui: Session data before resolution: platform_admin=false, platform_role=null, user_id=7, session_id=m9362rvk6qf6qapu45tr0a8u1d
[2026-04-25T13:55:13-04:00] bootstrap_admin_ui: Identity resolved: source=session, is_authenticated=true, user_id=7, is_platform_admin=false, preferred_language=ar
[2026-04-25T13:55:13-04:00] bootstrap_admin_ui: Final preferred_language: ar
[2026-04-25T13:55:13-04:00] bootstrap_admin_ui: Session data before resolution: platform_admin=false, platform_role=null, user_id=7, session_id=m9362rvk6qf6qapu45tr0a8u1d
[2026-04-25T13:55:13-04:00] bootstrap_admin_ui: Identity resolved: source=session, is_authenticated=true, user_id=7, is_platform_admin=false, preferred_language=ar
[2026-04-25T13:55:13-04:00] bootstrap_admin_ui: Final preferred_language: ar
[2026-04-25T13:55:15-04:00] bootstrap_admin_ui: Session data before resolution: platform_admin=false, platform_role=null, user_id=7, session_id=m9362rvk6qf6qapu45tr0a8u1d
[2026-04-25T13:55:15-04:00] bootstrap_admin_ui: Identity resolved: source=session, is_authenticated=true, user_id=7, is_platform_admin=false, preferred_language=ar
[2026-04-25T13:55:15-04:00] bootstrap_admin_ui: Final preferred_language: ar
[2026-04-25T13:55:15-04:00] bootstrap_admin_ui: Session data before resolution: platform_admin=false, platform_role=null, user_id=7, session_id=m9362rvk6qf6qapu45tr0a8u1d
[2026-04-25T13:55:15-04:00] bootstrap_admin_ui: Identity resolved: source=session, is_authenticated=true, user_id=7, is_platform_admin=false, preferred_language=ar
[2026-04-25T13:55:15-04:00] bootstrap_admin_ui: Final preferred_language: ar
[2026-04-25T13:55:19-04:00] bootstrap_admin_ui: Session data before resolution: platform_admin=false, platform_role=null, user_id=7, session_id=m9362rvk6qf6qapu45tr0a8u1d
[2026-04-25T13:55:19-04:00] bootstrap_admin_ui: Identity resolved: source=session, is_authenticated=true, user_id=7, is_platform_admin=false, preferred_language=ar
[2026-04-25T13:55:19-04:00] bootstrap_admin_ui: Final preferred_language: ar
[2026-04-25T13:55:19-04:00] bootstrap_admin_ui: Session data before resolution: platform_admin=false, platform_role=null, user_id=7, session_id=m9362rvk6qf6qapu45tr0a8u1d
[2026-04-25T13:55:19-04:00] bootstrap_admin_ui: Identity resolved: source=session, is_authenticated=true, user_id=7, is_platform_admin=false, preferred_language=ar
[2026-04-25T13:55:19-04:00] bootstrap_admin_ui: Final preferred_language: ar
[2026-04-25T13:55:21-04:00] bootstrap_admin_ui: Session data before resolution: platform_admin=false, platform_role=null, user_id=7, session_id=m9362rvk6qf6qapu45tr0a8u1d
[2026-04-25T13:55:21-04:00] bootstrap_admin_ui: Identity resolved: source=session, is_authenticated=true, user_id=7, is_platform_admin=false, preferred_language=ar
[2026-04-25T13:55:21-04:00] bootstrap_admin_ui: Final preferred_language: ar
[2026-04-25T13:55:21-04:00] bootstrap_admin_ui: Session data before resolution: platform_admin=false, platform_role=null, user_id=7, session_id=m9362rvk6qf6qapu45tr0a8u1d
[2026-04-25T13:55:21-04:00] bootstrap_admin_ui: Identity resolved: source=session, is_authenticated=true, user_id=7, is_platform_admin=false, preferred_language=ar
[2026-04-25T13:55:21-04:00] bootstrap_admin_ui: Final preferred_language: ar
[2026-04-25T13:55:25-04:00] bootstrap_admin_ui: Session data before resolution: platform_admin=false, platform_role=null, user_id=7, session_id=m9362rvk6qf6qapu45tr0a8u1d
[2026-04-25T13:55:25-04:00] bootstrap_admin_ui: Identity resolved: source=session, is_authenticated=true, user_id=7, is_platform_admin=false, preferred_language=ar
[2026-04-25T13:55:25-04:00] bootstrap_admin_ui: Final preferred_language: ar
[2026-04-25T13:55:25-04:00] bootstrap_admin_ui: Session data before resolution: platform_admin=false, platform_role=null, user_id=7, session_id=m9362rvk6qf6qapu45tr0a8u1d
[2026-04-25T13:55:25-04:00] bootstrap_admin_ui: Identity resolved: source=session, is_authenticated=true, user_id=7, is_platform_admin=false, preferred_language=ar
[2026-04-25T13:55:25-04:00] bootstrap_admin_ui: Final preferred_language: ar
[2026-04-25T13:55:28-04:00] bootstrap_admin_ui: Session data before resolution: platform_admin=false, platform_role=null, user_id=7, session_id=m9362rvk6qf6qapu45tr0a8u1d
[2026-04-25T13:55:28-04:00] bootstrap_admin_ui: Identity resolved: source=session, is_authenticated=true, user_id=7, is_platform_admin=false, preferred_language=ar
[2026-04-25T13:55:28-04:00] bootstrap_admin_ui: Final preferred_language: ar
[2026-04-25T13:55:28-04:00] bootstrap_admin_ui: Session data before resolution: platform_admin=false, platform_role=null, user_id=7, session_id=m9362rvk6qf6qapu45tr0a8u1d
[2026-04-25T13:55:28-04:00] bootstrap_admin_ui: Identity resolved: source=session, is_authenticated=true, user_id=7, is_platform_admin=false, preferred_language=ar
[2026-04-25T13:55:28-04:00] bootstrap_admin_ui: Final preferred_language: ar
[2026-04-25T13:55:31-04:00] bootstrap_admin_ui: Session data before resolution: platform_admin=false, platform_role=null, user_id=7, session_id=m9362rvk6qf6qapu45tr0a8u1d
[2026-04-25T13:55:31-04:00] bootstrap_admin_ui: Identity resolved: source=session, is_authenticated=true, user_id=7, is_platform_admin=false, preferred_language=ar
[2026-04-25T13:55:31-04:00] bootstrap_admin_ui: Final preferred_language: ar
[2026-04-25T13:55:32-04:00] bootstrap_admin_ui: Session data before resolution: platform_admin=false, platform_role=null, user_id=7, session_id=m9362rvk6qf6qapu45tr0a8u1d
[2026-04-25T13:55:32-04:00] bootstrap_admin_ui: Identity resolved: source=session, is_authenticated=true, user_id=7, is_platform_admin=false, preferred_language=ar
[2026-04-25T13:55:32-04:00] bootstrap_admin_ui: Final preferred_language: ar
[2026-04-25T13:55:34-04:00] bootstrap_admin_ui: Session data before resolution: platform_admin=false, platform_role=null, user_id=7, session_id=m9362rvk6qf6qapu45tr0a8u1d
[2026-04-25T13:55:34-04:00] bootstrap_admin_ui: Identity resolved: source=session, is_authenticated=true, user_id=7, is_platform_admin=false, preferred_language=ar
[2026-04-25T13:55:34-04:00] bootstrap_admin_ui: Final preferred_language: ar
[2026-04-25T13:55:35-04:00] bootstrap_admin_ui: Session data before resolution: platform_admin=false, platform_role=null, user_id=7, session_id=m9362rvk6qf6qapu45tr0a8u1d
[2026-04-25T13:55:35-04:00] bootstrap_admin_ui: Identity resolved: source=session, is_authenticated=true, user_id=7, is_platform_admin=false, preferred_language=ar
[2026-04-25T13:55:35-04:00] bootstrap_admin_ui: Final preferred_language: ar
[2026-04-25T13:55:37-04:00] bootstrap_admin_ui: Session data before resolution: platform_admin=false, platform_role=null, user_id=7, session_id=m9362rvk6qf6qapu45tr0a8u1d
[2026-04-25T13:55:37-04:00] bootstrap_admin_ui: Identity resolved: source=session, is_authenticated=true, user_id=7, is_platform_admin=false, preferred_language=ar
[2026-04-25T13:55:37-04:00] bootstrap_admin_ui: Final preferred_language: ar
[2026-04-25T13:55:37-04:00] bootstrap_admin_ui: Session data before resolution: platform_admin=false, platform_role=null, user_id=7, session_id=m9362rvk6qf6qapu45tr0a8u1d
[2026-04-25T13:55:37-04:00] bootstrap_admin_ui: Identity resolved: source=session, is_authenticated=true, user_id=7, is_platform_admin=false, preferred_language=ar
[2026-04-25T13:55:37-04:00] bootstrap_admin_ui: Final preferred_language: ar
[2026-04-25T13:55:42-04:00] bootstrap_admin_ui: Session data before resolution: platform_admin=false, platform_role=null, user_id=7, session_id=m9362rvk6qf6qapu45tr0a8u1d
[2026-04-25T13:55:42-04:00] bootstrap_admin_ui: Identity resolved: source=session, is_authenticated=true, user_id=7, is_platform_admin=false, preferred_language=ar
[2026-04-25T13:55:42-04:00] bootstrap_admin_ui: Final preferred_language: ar
[2026-04-25T13:55:42-04:00] bootstrap_admin_ui: Session data before resolution: platform_admin=false, platform_role=null, user_id=7, session_id=m9362rvk6qf6qapu45tr0a8u1d
[2026-04-25T13:55:42-04:00] bootstrap_admin_ui: Identity resolved: source=session, is_authenticated=true, user_id=7, is_platform_admin=false, preferred_language=ar
[2026-04-25T13:55:42-04:00] bootstrap_admin_ui: Final preferred_language: ar
[2026-04-25T13:55:48-04:00] bootstrap_admin_ui: Session data before resolution: platform_admin=false, platform_role=null, user_id=7, session_id=m9362rvk6qf6qapu45tr0a8u1d
[2026-04-25T13:55:48-04:00] bootstrap_admin_ui: Identity resolved: source=session, is_authenticated=true, user_id=7, is_platform_admin=false, preferred_language=ar
[2026-04-25T13:55:48-04:00] bootstrap_admin_ui: Final preferred_language: ar
[2026-04-25T13:55:48-04:00] bootstrap_admin_ui: Session data before resolution: platform_admin=false, platform_role=null, user_id=7, session_id=m9362rvk6qf6qapu45tr0a8u1d
[2026-04-25T13:55:48-04:00] bootstrap_admin_ui: Identity resolved: source=session, is_authenticated=true, user_id=7, is_platform_admin=false, preferred_language=ar
[2026-04-25T13:55:48-04:00] bootstrap_admin_ui: Final preferred_language: ar
[2026-04-25T13:55:53-04:00] bootstrap_admin_ui: Session data before resolution: platform_admin=false, platform_role=null, user_id=7, session_id=m9362rvk6qf6qapu45tr0a8u1d
[2026-04-25T13:55:53-04:00] bootstrap_admin_ui: Identity resolved: source=session, is_authenticated=true, user_id=7, is_platform_admin=false, preferred_language=ar
[2026-04-25T13:55:53-04:00] bootstrap_admin_ui: Final preferred_language: ar
[2026-04-25T13:55:53-04:00] bootstrap_admin_ui: Session data before resolution: platform_admin=false, platform_role=null, user_id=7, session_id=m9362rvk6qf6qapu45tr0a8u1d
[2026-04-25T13:55:53-04:00] bootstrap_admin_ui: Identity resolved: source=session, is_authenticated=true, user_id=7, is_platform_admin=false, preferred_language=ar
[2026-04-25T13:55:53-04:00] bootstrap_admin_ui: Final preferred_language: ar
[2026-04-25T13:55:57-04:00] bootstrap_admin_ui: Session data before resolution: platform_admin=false, platform_role=null, user_id=7, session_id=m9362rvk6qf6qapu45tr0a8u1d
[2026-04-25T13:55:57-04:00] bootstrap_admin_ui: Identity resolved: source=session, is_authenticated=true, user_id=7, is_platform_admin=false, preferred_language=ar
[2026-04-25T13:55:57-04:00] bootstrap_admin_ui: Final preferred_language: ar
[2026-04-25T13:55:57-04:00] bootstrap_admin_ui: Session data before resolution: platform_admin=false, platform_role=null, user_id=7, session_id=m9362rvk6qf6qapu45tr0a8u1d
[2026-04-25T13:55:57-04:00] bootstrap_admin_ui: Identity resolved: source=session, is_authenticated=true, user_id=7, is_platform_admin=false, preferred_language=ar
[2026-04-25T13:55:57-04:00] bootstrap_admin_ui: Final preferred_language: ar
[2026-04-25T13:56:00-04:00] bootstrap_admin_ui: Session data before resolution: platform_admin=false, platform_role=null, user_id=7, session_id=m9362rvk6qf6qapu45tr0a8u1d
[2026-04-25T13:56:00-04:00] bootstrap_admin_ui: Identity resolved: source=session, is_authenticated=true, user_id=7, is_platform_admin=false, preferred_language=ar
[2026-04-25T13:56:00-04:00] bootstrap_admin_ui: Final preferred_language: ar
[2026-04-25T13:56:00-04:00] bootstrap_admin_ui: Session data before resolution: platform_admin=false, platform_role=null, user_id=7, session_id=m9362rvk6qf6qapu45tr0a8u1d
[2026-04-25T13:56:00-04:00] bootstrap_admin_ui: Identity resolved: source=session, is_authenticated=true, user_id=7, is_platform_admin=false, preferred_language=ar
[2026-04-25T13:56:00-04:00] bootstrap_admin_ui: Final preferred_language: ar
[2026-04-25T13:56:06-04:00] bootstrap_admin_ui: Session data before resolution: platform_admin=false, platform_role=null, user_id=7, session_id=m9362rvk6qf6qapu45tr0a8u1d
[2026-04-25T13:56:06-04:00] bootstrap_admin_ui: Identity resolved: source=session, is_authenticated=true, user_id=7, is_platform_admin=false, preferred_language=ar
[2026-04-25T13:56:06-04:00] bootstrap_admin_ui: Final preferred_language: ar
[2026-04-25T13:56:06-04:00] bootstrap_admin_ui: Session data before resolution: platform_admin=false, platform_role=null, user_id=7, session_id=m9362rvk6qf6qapu45tr0a8u1d
[2026-04-25T13:56:06-04:00] bootstrap_admin_ui: Identity resolved: source=session, is_authenticated=true, user_id=7, is_platform_admin=false, preferred_language=ar
[2026-04-25T13:56:06-04:00] bootstrap_admin_ui: Final preferred_language: ar
[2026-04-25T13:56:08-04:00] bootstrap_admin_ui: Session data before resolution: platform_admin=false, platform_role=null, user_id=7, session_id=m9362rvk6qf6qapu45tr0a8u1d
[2026-04-25T13:56:08-04:00] bootstrap_admin_ui: Identity resolved: source=session, is_authenticated=true, user_id=7, is_platform_admin=false, preferred_language=ar
[2026-04-25T13:56:08-04:00] bootstrap_admin_ui: Final preferred_language: ar
[2026-04-25T13:56:08-04:00] bootstrap_admin_ui: Session data before resolution: platform_admin=false, platform_role=null, user_id=7, session_id=m9362rvk6qf6qapu45tr0a8u1d
[2026-04-25T13:56:08-04:00] bootstrap_admin_ui: Identity resolved: source=session, is_authenticated=true, user_id=7, is_platform_admin=false, preferred_language=ar
[2026-04-25T13:56:08-04:00] bootstrap_admin_ui: Final preferred_language: ar
[2026-04-25T13:56:35-04:00] bootstrap_admin_ui: Session data before resolution: platform_admin=false, platform_role=null, user_id=40, session_id=v98itouagfpsb6m8btfr9kt88c
[2026-04-25T13:56:35-04:00] bootstrap_admin_ui: Identity resolved: source=session, is_authenticated=true, user_id=40, is_platform_admin=false, preferred_language=en
[2026-04-25T13:56:35-04:00] bootstrap_admin_ui: Final preferred_language: en
[2026-04-25T13:56:41-04:00] bootstrap_admin_ui: Session data before resolution: platform_admin=false, platform_role=null, user_id=40, session_id=v98itouagfpsb6m8btfr9kt88c
[2026-04-25T13:56:41-04:00] bootstrap_admin_ui: Identity resolved: source=session, is_authenticated=true, user_id=40, is_platform_admin=false, preferred_language=en
[2026-04-25T13:56:41-04:00] bootstrap_admin_ui: Final preferred_language: en
[2026-04-25T13:56:41-04:00] bootstrap_admin_ui: Session data before resolution: platform_admin=false, platform_role=null, user_id=40, session_id=v98itouagfpsb6m8btfr9kt88c
[2026-04-25T13:56:41-04:00] bootstrap_admin_ui: Identity resolved: source=session, is_authenticated=true, user_id=40, is_platform_admin=false, preferred_language=en
[2026-04-25T13:56:41-04:00] bootstrap_admin_ui: Final preferred_language: en
[2026-04-25T13:56:41-04:00] bootstrap_admin_ui: Session data before resolution: platform_admin=false, platform_role=null, user_id=40, session_id=v98itouagfpsb6m8btfr9kt88c
[2026-04-25T13:56:41-04:00] bootstrap_admin_ui: Identity resolved: source=session, is_authenticated=true, user_id=40, is_platform_admin=false, preferred_language=en
[2026-04-25T13:56:41-04:00] bootstrap_admin_ui: Final preferred_language: en
[2026-04-25T13:56:46-04:00] bootstrap_admin_ui: Session data before resolution: platform_admin=false, platform_role=null, user_id=40, session_id=v98itouagfpsb6m8btfr9kt88c
[2026-04-25T13:56:46-04:00] bootstrap_admin_ui: Identity resolved: source=session, is_authenticated=true, user_id=40, is_platform_admin=false, preferred_language=en
[2026-04-25T13:56:46-04:00] bootstrap_admin_ui: Final preferred_language: en
[2026-04-25T13:56:46-04:00] bootstrap_admin_ui: Session data before resolution: platform_admin=false, platform_role=null, user_id=40, session_id=v98itouagfpsb6m8btfr9kt88c
[2026-04-25T13:56:46-04:00] bootstrap_admin_ui: Identity resolved: source=session, is_authenticated=true, user_id=40, is_platform_admin=false, preferred_language=en
[2026-04-25T13:56:46-04:00] bootstrap_admin_ui: Final preferred_language: en
[2026-04-25T13:56:46-04:00] bootstrap_admin_ui: Session data before resolution: platform_admin=false, platform_role=null, user_id=40, session_id=v98itouagfpsb6m8btfr9kt88c
[2026-04-25T13:56:46-04:00] bootstrap_admin_ui: Identity resolved: source=session, is_authenticated=true, user_id=40, is_platform_admin=false, preferred_language=en
[2026-04-25T13:56:46-04:00] bootstrap_admin_ui: Final preferred_language: en
[2026-04-25T13:56:46-04:00] bootstrap_admin_ui: Session data before resolution: platform_admin=false, platform_role=null, user_id=40, session_id=v98itouagfpsb6m8btfr9kt88c
[2026-04-25T13:56:46-04:00] bootstrap_admin_ui: Identity resolved: source=session, is_authenticated=true, user_id=40, is_platform_admin=false, preferred_language=en
[2026-04-25T13:56:46-04:00] bootstrap_admin_ui: Final preferred_language: en
[2026-04-25T13:56:51-04:00] bootstrap_admin_ui: Session data before resolution: platform_admin=false, platform_role=null, user_id=40, session_id=v98itouagfpsb6m8btfr9kt88c
[2026-04-25T13:56:51-04:00] bootstrap_admin_ui: Identity resolved: source=session, is_authenticated=true, user_id=40, is_platform_admin=false, preferred_language=en
[2026-04-25T13:56:51-04:00] bootstrap_admin_ui: Final preferred_language: en
[2026-04-25T13:56:51-04:00] bootstrap_admin_ui: Session data before resolution: platform_admin=false, platform_role=null, user_id=40, session_id=v98itouagfpsb6m8btfr9kt88c
[2026-04-25T13:56:51-04:00] bootstrap_admin_ui: Identity resolved: source=session, is_authenticated=true, user_id=40, is_platform_admin=false, preferred_language=en
[2026-04-25T13:56:51-04:00] bootstrap_admin_ui: Final preferred_language: en
[2026-04-25T13:56:54-04:00] bootstrap_admin_ui: Session data before resolution: platform_admin=false, platform_role=null, user_id=40, session_id=v98itouagfpsb6m8btfr9kt88c
[2026-04-25T13:56:55-04:00] bootstrap_admin_ui: Identity resolved: source=session, is_authenticated=true, user_id=40, is_platform_admin=false, preferred_language=en
[2026-04-25T13:56:55-04:00] bootstrap_admin_ui: Final preferred_language: en
[2026-04-25T13:56:55-04:00] bootstrap_admin_ui: Session data before resolution: platform_admin=false, platform_role=null, user_id=40, session_id=v98itouagfpsb6m8btfr9kt88c
[2026-04-25T13:56:55-04:00] bootstrap_admin_ui: Identity resolved: source=session, is_authenticated=true, user_id=40, is_platform_admin=false, preferred_language=en
[2026-04-25T13:56:55-04:00] bootstrap_admin_ui: Final preferred_language: en
[2026-04-25T13:56:55-04:00] bootstrap_admin_ui: Session data before resolution: platform_admin=false, platform_role=null, user_id=40, session_id=v98itouagfpsb6m8btfr9kt88c
[2026-04-25T13:56:55-04:00] bootstrap_admin_ui: Identity resolved: source=session, is_authenticated=true, user_id=40, is_platform_admin=false, preferred_language=en
[2026-04-25T13:56:55-04:00] bootstrap_admin_ui: Final preferred_language: en
[2026-04-25T13:56:58-04:00] bootstrap_admin_ui: Session data before resolution: platform_admin=false, platform_role=null, user_id=40, session_id=v98itouagfpsb6m8btfr9kt88c
[2026-04-25T13:56:58-04:00] bootstrap_admin_ui: Identity resolved: source=session, is_authenticated=true, user_id=40, is_platform_admin=false, preferred_language=en
[2026-04-25T13:56:58-04:00] bootstrap_admin_ui: Final preferred_language: en
[2026-04-25T13:56:59-04:00] bootstrap_admin_ui: Session data before resolution: platform_admin=false, platform_role=null, user_id=40, session_id=v98itouagfpsb6m8btfr9kt88c
[2026-04-25T13:56:59-04:00] bootstrap_admin_ui: Identity resolved: source=session, is_authenticated=true, user_id=40, is_platform_admin=false, preferred_language=en
[2026-04-25T13:56:59-04:00] bootstrap_admin_ui: Final preferred_language: en
[2026-04-25T13:56:59-04:00] bootstrap_admin_ui: Session data before resolution: platform_admin=false, platform_role=null, user_id=40, session_id=v98itouagfpsb6m8btfr9kt88c
[2026-04-25T13:56:59-04:00] bootstrap_admin_ui: Identity resolved: source=session, is_authenticated=true, user_id=40, is_platform_admin=false, preferred_language=en
[2026-04-25T13:56:59-04:00] bootstrap_admin_ui: Final preferred_language: en
[2026-04-25T13:57:06-04:00] bootstrap_admin_ui: Session data before resolution: platform_admin=false, platform_role=null, user_id=40, session_id=v98itouagfpsb6m8btfr9kt88c
[2026-04-25T13:57:06-04:00] bootstrap_admin_ui: Identity resolved: source=session, is_authenticated=true, user_id=40, is_platform_admin=false, preferred_language=en
[2026-04-25T13:57:06-04:00] bootstrap_admin_ui: Final preferred_language: en
[2026-04-25T13:57:07-04:00] bootstrap_admin_ui: Session data before resolution: platform_admin=false, platform_role=null, user_id=40, session_id=v98itouagfpsb6m8btfr9kt88c
[2026-04-25T13:57:07-04:00] bootstrap_admin_ui: Identity resolved: source=session, is_authenticated=true, user_id=40, is_platform_admin=false, preferred_language=en
[2026-04-25T13:57:07-04:00] bootstrap_admin_ui: Final preferred_language: en
[2026-04-25T13:57:13-04:00] bootstrap_admin_ui: Session data before resolution: platform_admin=false, platform_role=null, user_id=40, session_id=v98itouagfpsb6m8btfr9kt88c
[2026-04-25T13:57:13-04:00] bootstrap_admin_ui: Identity resolved: source=session, is_authenticated=true, user_id=40, is_platform_admin=false, preferred_language=en
[2026-04-25T13:57:13-04:00] bootstrap_admin_ui: Final preferred_language: en
[2026-04-25T13:57:13-04:00] bootstrap_admin_ui: Session data before resolution: platform_admin=false, platform_role=null, user_id=40, session_id=v98itouagfpsb6m8btfr9kt88c
[2026-04-25T13:57:13-04:00] bootstrap_admin_ui: Identity resolved: source=session, is_authenticated=true, user_id=40, is_platform_admin=false, preferred_language=en
[2026-04-25T13:57:13-04:00] bootstrap_admin_ui: Final preferred_language: en
[2026-04-25T13:57:15-04:00] bootstrap_admin_ui: Session data before resolution: platform_admin=false, platform_role=null, user_id=40, session_id=v98itouagfpsb6m8btfr9kt88c
[2026-04-25T13:57:15-04:00] bootstrap_admin_ui: Identity resolved: source=session, is_authenticated=true, user_id=40, is_platform_admin=false, preferred_language=en
[2026-04-25T13:57:15-04:00] bootstrap_admin_ui: Final preferred_language: en
[2026-04-25T13:57:15-04:00] bootstrap_admin_ui: Session data before resolution: platform_admin=false, platform_role=null, user_id=40, session_id=v98itouagfpsb6m8btfr9kt88c
[2026-04-25T13:57:15-04:00] bootstrap_admin_ui: Identity resolved: source=session, is_authenticated=true, user_id=40, is_platform_admin=false, preferred_language=en
[2026-04-25T13:57:15-04:00] bootstrap_admin_ui: Final preferred_language: en
[2026-04-25T13:57:15-04:00] bootstrap_admin_ui: Session data before resolution: platform_admin=false, platform_role=null, user_id=40, session_id=v98itouagfpsb6m8btfr9kt88c
[2026-04-25T13:57:15-04:00] bootstrap_admin_ui: Identity resolved: source=session, is_authenticated=true, user_id=40, is_platform_admin=false, preferred_language=en
[2026-04-25T13:57:15-04:00] bootstrap_admin_ui: Final preferred_language: en
[2026-04-25T13:57:21-04:00] bootstrap_admin_ui: Session data before resolution: platform_admin=false, platform_role=null, user_id=40, session_id=v98itouagfpsb6m8btfr9kt88c
[2026-04-25T13:57:21-04:00] bootstrap_admin_ui: Identity resolved: source=session, is_authenticated=true, user_id=40, is_platform_admin=false, preferred_language=en
[2026-04-25T13:57:21-04:00] bootstrap_admin_ui: Final preferred_language: en
[2026-04-25T13:57:21-04:00] bootstrap_admin_ui: Session data before resolution: platform_admin=false, platform_role=null, user_id=40, session_id=v98itouagfpsb6m8btfr9kt88c
[2026-04-25T13:57:21-04:00] bootstrap_admin_ui: Identity resolved: source=session, is_authenticated=true, user_id=40, is_platform_admin=false, preferred_language=en
[2026-04-25T13:57:21-04:00] bootstrap_admin_ui: Final preferred_language: en
[2026-04-25T13:57:29-04:00] bootstrap_admin_ui: Session data before resolution: platform_admin=false, platform_role=null, user_id=40, session_id=v98itouagfpsb6m8btfr9kt88c
[2026-04-25T13:57:29-04:00] bootstrap_admin_ui: Identity resolved: source=session, is_authenticated=true, user_id=40, is_platform_admin=false, preferred_language=en
[2026-04-25T13:57:29-04:00] bootstrap_admin_ui: Final preferred_language: en
[2026-04-25T13:57:29-04:00] bootstrap_admin_ui: Session data before resolution: platform_admin=false, platform_role=null, user_id=40, session_id=v98itouagfpsb6m8btfr9kt88c
[2026-04-25T13:57:29-04:00] bootstrap_admin_ui: Identity resolved: source=session, is_authenticated=true, user_id=40, is_platform_admin=false, preferred_language=en
[2026-04-25T13:57:29-04:00] bootstrap_admin_ui: Final preferred_language: en
[2026-04-25T13:57:33-04:00] bootstrap_admin_ui: Session data before resolution: platform_admin=false, platform_role=null, user_id=40, session_id=v98itouagfpsb6m8btfr9kt88c
[2026-04-25T13:57:33-04:00] bootstrap_admin_ui: Identity resolved: source=session, is_authenticated=true, user_id=40, is_platform_admin=false, preferred_language=en
[2026-04-25T13:57:33-04:00] bootstrap_admin_ui: Final preferred_language: en
[2026-04-25T13:57:33-04:00] bootstrap_admin_ui: Session data before resolution: platform_admin=false, platform_role=null, user_id=40, session_id=v98itouagfpsb6m8btfr9kt88c
[2026-04-25T13:57:33-04:00] bootstrap_admin_ui: Identity resolved: source=session, is_authenticated=true, user_id=40, is_platform_admin=false, preferred_language=en
[2026-04-25T13:57:33-04:00] bootstrap_admin_ui: Final preferred_language: en
[2026-04-25T13:57:38-04:00] bootstrap_admin_ui: Session data before resolution: platform_admin=false, platform_role=null, user_id=40, session_id=v98itouagfpsb6m8btfr9kt88c
[2026-04-25T13:57:38-04:00] bootstrap_admin_ui: Identity resolved: source=session, is_authenticated=true, user_id=40, is_platform_admin=false, preferred_language=en
[2026-04-25T13:57:38-04:00] bootstrap_admin_ui: Final preferred_language: en
[2026-04-25T13:57:38-04:00] bootstrap_admin_ui: Session data before resolution: platform_admin=false, platform_role=null, user_id=40, session_id=v98itouagfpsb6m8btfr9kt88c
[2026-04-25T13:57:38-04:00] bootstrap_admin_ui: Identity resolved: source=session, is_authenticated=true, user_id=40, is_platform_admin=false, preferred_language=en
[2026-04-25T13:57:38-04:00] bootstrap_admin_ui: Final preferred_language: en
[2026-04-25T13:57:45-04:00] bootstrap_admin_ui: Session data before resolution: platform_admin=false, platform_role=null, user_id=40, session_id=v98itouagfpsb6m8btfr9kt88c
[2026-04-25T13:57:45-04:00] bootstrap_admin_ui: Identity resolved: source=session, is_authenticated=true, user_id=40, is_platform_admin=false, preferred_language=en
[2026-04-25T13:57:45-04:00] bootstrap_admin_ui: Final preferred_language: en
[2026-04-25T13:57:45-04:00] bootstrap_admin_ui: Session data before resolution: platform_admin=false, platform_role=null, user_id=40, session_id=v98itouagfpsb6m8btfr9kt88c
[2026-04-25T13:57:45-04:00] bootstrap_admin_ui: Identity resolved: source=session, is_authenticated=true, user_id=40, is_platform_admin=false, preferred_language=en
[2026-04-25T13:57:45-04:00] bootstrap_admin_ui: Final preferred_language: en
[2026-04-25T13:57:52-04:00] bootstrap_admin_ui: Session data before resolution: platform_admin=false, platform_role=null, user_id=40, session_id=v98itouagfpsb6m8btfr9kt88c
[2026-04-25T13:57:52-04:00] bootstrap_admin_ui: Identity resolved: source=session, is_authenticated=true, user_id=40, is_platform_admin=false, preferred_language=en
[2026-04-25T13:57:52-04:00] bootstrap_admin_ui: Final preferred_language: en
[2026-04-25T13:57:53-04:00] bootstrap_admin_ui: Session data before resolution: platform_admin=false, platform_role=null, user_id=40, session_id=v98itouagfpsb6m8btfr9kt88c
[2026-04-25T13:57:53-04:00] bootstrap_admin_ui: Identity resolved: source=session, is_authenticated=true, user_id=40, is_platform_admin=false, preferred_language=en
[2026-04-25T13:57:53-04:00] bootstrap_admin_ui: Final preferred_language: en
[2026-04-25T13:57:56-04:00] bootstrap_admin_ui: Session data before resolution: platform_admin=false, platform_role=null, user_id=40, session_id=v98itouagfpsb6m8btfr9kt88c
[2026-04-25T13:57:56-04:00] bootstrap_admin_ui: Identity resolved: source=session, is_authenticated=true, user_id=40, is_platform_admin=false, preferred_language=en
[2026-04-25T13:57:56-04:00] bootstrap_admin_ui: Final preferred_language: en
[2026-04-25T13:57:56-04:00] bootstrap_admin_ui: Session data before resolution: platform_admin=false, platform_role=null, user_id=40, session_id=v98itouagfpsb6m8btfr9kt88c
[2026-04-25T13:57:56-04:00] bootstrap_admin_ui: Identity resolved: source=session, is_authenticated=true, user_id=40, is_platform_admin=false, preferred_language=en
[2026-04-25T13:57:56-04:00] bootstrap_admin_ui: Final preferred_language: en
[2026-04-25T13:58:03-04:00] bootstrap_admin_ui: Session data before resolution: platform_admin=false, platform_role=null, user_id=40, session_id=v98itouagfpsb6m8btfr9kt88c
[2026-04-25T13:58:03-04:00] bootstrap_admin_ui: Identity resolved: source=session, is_authenticated=true, user_id=40, is_platform_admin=false, preferred_language=en
[2026-04-25T13:58:03-04:00] bootstrap_admin_ui: Final preferred_language: en
[2026-04-25T13:58:03-04:00] bootstrap_admin_ui: Session data before resolution: platform_admin=false, platform_role=null, user_id=40, session_id=v98itouagfpsb6m8btfr9kt88c
[2026-04-25T13:58:03-04:00] bootstrap_admin_ui: Identity resolved: source=session, is_authenticated=true, user_id=40, is_platform_admin=false, preferred_language=en
[2026-04-25T13:58:03-04:00] bootstrap_admin_ui: Final preferred_language: en
[2026-04-25T13:58:08-04:00] bootstrap_admin_ui: Session data before resolution: platform_admin=false, platform_role=null, user_id=40, session_id=v98itouagfpsb6m8btfr9kt88c
[2026-04-25T13:58:08-04:00] bootstrap_admin_ui: Identity resolved: source=session, is_authenticated=true, user_id=40, is_platform_admin=false, preferred_language=en
[2026-04-25T13:58:08-04:00] bootstrap_admin_ui: Final preferred_language: en
[2026-04-25T13:58:09-04:00] bootstrap_admin_ui: Session data before resolution: platform_admin=false, platform_role=null, user_id=40, session_id=v98itouagfpsb6m8btfr9kt88c
[2026-04-25T13:58:09-04:00] bootstrap_admin_ui: Identity resolved: source=session, is_authenticated=true, user_id=40, is_platform_admin=false, preferred_language=en
[2026-04-25T13:58:09-04:00] bootstrap_admin_ui: Final preferred_language: en
[2026-04-25T13:58:15-04:00] bootstrap_admin_ui: Session data before resolution: platform_admin=false, platform_role=null, user_id=40, session_id=v98itouagfpsb6m8btfr9kt88c
[2026-04-25T13:58:15-04:00] bootstrap_admin_ui: Identity resolved: source=session, is_authenticated=true, user_id=40, is_platform_admin=false, preferred_language=en
[2026-04-25T13:58:15-04:00] bootstrap_admin_ui: Final preferred_language: en
[2026-04-25T13:58:15-04:00] bootstrap_admin_ui: Session data before resolution: platform_admin=false, platform_role=null, user_id=40, session_id=v98itouagfpsb6m8btfr9kt88c
[2026-04-25T13:58:15-04:00] bootstrap_admin_ui: Identity resolved: source=session, is_authenticated=true, user_id=40, is_platform_admin=false, preferred_language=en
[2026-04-25T13:58:15-04:00] bootstrap_admin_ui: Final preferred_language: en
[2026-04-25T13:58:22-04:00] bootstrap_admin_ui: Session data before resolution: platform_admin=false, platform_role=null, user_id=40, session_id=v98itouagfpsb6m8btfr9kt88c
[2026-04-25T13:58:22-04:00] bootstrap_admin_ui: Identity resolved: source=session, is_authenticated=true, user_id=40, is_platform_admin=false, preferred_language=en
[2026-04-25T13:58:22-04:00] bootstrap_admin_ui: Final preferred_language: en
[2026-04-25T13:58:22-04:00] bootstrap_admin_ui: Session data before resolution: platform_admin=false, platform_role=null, user_id=40, session_id=v98itouagfpsb6m8btfr9kt88c
[2026-04-25T13:58:22-04:00] bootstrap_admin_ui: Identity resolved: source=session, is_authenticated=true, user_id=40, is_platform_admin=false, preferred_language=en
[2026-04-25T13:58:22-04:00] bootstrap_admin_ui: Final preferred_language: en
[2026-04-25T13:58:26-04:00] bootstrap_admin_ui: Session data before resolution: platform_admin=false, platform_role=null, user_id=40, session_id=v98itouagfpsb6m8btfr9kt88c
[2026-04-25T13:58:26-04:00] bootstrap_admin_ui: Identity resolved: source=session, is_authenticated=true, user_id=40, is_platform_admin=false, preferred_language=en
[2026-04-25T13:58:26-04:00] bootstrap_admin_ui: Final preferred_language: en
[2026-04-25T13:58:27-04:00] bootstrap_admin_ui: Session data before resolution: platform_admin=false, platform_role=null, user_id=40, session_id=v98itouagfpsb6m8btfr9kt88c
[2026-04-25T13:58:27-04:00] bootstrap_admin_ui: Identity resolved: source=session, is_authenticated=true, user_id=40, is_platform_admin=false, preferred_language=en
[2026-04-25T13:58:27-04:00] bootstrap_admin_ui: Final preferred_language: en
[2026-04-25T13:58:32-04:00] bootstrap_admin_ui: Session data before resolution: platform_admin=false, platform_role=null, user_id=40, session_id=v98itouagfpsb6m8btfr9kt88c
[2026-04-25T13:58:32-04:00] bootstrap_admin_ui: Identity resolved: source=session, is_authenticated=true, user_id=40, is_platform_admin=false, preferred_language=en
[2026-04-25T13:58:32-04:00] bootstrap_admin_ui: Final preferred_language: en
[2026-04-25T13:58:32-04:00] bootstrap_admin_ui: Session data before resolution: platform_admin=false, platform_role=null, user_id=40, session_id=v98itouagfpsb6m8btfr9kt88c
[2026-04-25T13:58:32-04:00] bootstrap_admin_ui: Identity resolved: source=session, is_authenticated=true, user_id=40, is_platform_admin=false, preferred_language=en
[2026-04-25T13:58:32-04:00] bootstrap_admin_ui: Final preferred_language: en
[2026-04-25T13:58:40-04:00] bootstrap_admin_ui: Session data before resolution: platform_admin=false, platform_role=null, user_id=40, session_id=v98itouagfpsb6m8btfr9kt88c
[2026-04-25T13:58:40-04:00] bootstrap_admin_ui: Identity resolved: source=session, is_authenticated=true, user_id=40, is_platform_admin=false, preferred_language=en
[2026-04-25T13:58:40-04:00] bootstrap_admin_ui: Final preferred_language: en
[2026-04-25T13:58:40-04:00] bootstrap_admin_ui: Session data before resolution: platform_admin=false, platform_role=null, user_id=40, session_id=v98itouagfpsb6m8btfr9kt88c
[2026-04-25T13:58:40-04:00] bootstrap_admin_ui: Identity resolved: source=session, is_authenticated=true, user_id=40, is_platform_admin=false, preferred_language=en
[2026-04-25T13:58:40-04:00] bootstrap_admin_ui: Final preferred_language: en
[2026-04-25T13:58:43-04:00] bootstrap_admin_ui: Session data before resolution: platform_admin=false, platform_role=null, user_id=40, session_id=v98itouagfpsb6m8btfr9kt88c
[2026-04-25T13:58:43-04:00] bootstrap_admin_ui: Identity resolved: source=session, is_authenticated=true, user_id=40, is_platform_admin=false, preferred_language=en
[2026-04-25T13:58:43-04:00] bootstrap_admin_ui: Final preferred_language: en
[2026-04-25T13:58:44-04:00] bootstrap_admin_ui: Session data before resolution: platform_admin=false, platform_role=null, user_id=40, session_id=v98itouagfpsb6m8btfr9kt88c
[2026-04-25T13:58:44-04:00] bootstrap_admin_ui: Identity resolved: source=session, is_authenticated=true, user_id=40, is_platform_admin=false, preferred_language=en
[2026-04-25T13:58:44-04:00] bootstrap_admin_ui: Final preferred_language: en
[2026-04-25T13:58:48-04:00] bootstrap_admin_ui: Session data before resolution: platform_admin=false, platform_role=null, user_id=40, session_id=v98itouagfpsb6m8btfr9kt88c
[2026-04-25T13:58:48-04:00] bootstrap_admin_ui: Identity resolved: source=session, is_authenticated=true, user_id=40, is_platform_admin=false, preferred_language=en
[2026-04-25T13:58:48-04:00] bootstrap_admin_ui: Final preferred_language: en
[2026-04-25T13:58:48-04:00] bootstrap_admin_ui: Session data before resolution: platform_admin=false, platform_role=null, user_id=40, session_id=v98itouagfpsb6m8btfr9kt88c
[2026-04-25T13:58:48-04:00] bootstrap_admin_ui: Identity resolved: source=session, is_authenticated=true, user_id=40, is_platform_admin=false, preferred_language=en
[2026-04-25T13:58:48-04:00] bootstrap_admin_ui: Final preferred_language: en
[2026-04-25T13:58:55-04:00] bootstrap_admin_ui: Session data before resolution: platform_admin=false, platform_role=null, user_id=40, session_id=v98itouagfpsb6m8btfr9kt88c
[2026-04-25T13:58:55-04:00] bootstrap_admin_ui: Identity resolved: source=session, is_authenticated=true, user_id=40, is_platform_admin=false, preferred_language=en
[2026-04-25T13:58:55-04:00] bootstrap_admin_ui: Final preferred_language: en
[2026-04-25T13:58:55-04:00] bootstrap_admin_ui: Session data before resolution: platform_admin=false, platform_role=null, user_id=40, session_id=v98itouagfpsb6m8btfr9kt88c
[2026-04-25T13:58:55-04:00] bootstrap_admin_ui: Identity resolved: source=session, is_authenticated=true, user_id=40, is_platform_admin=false, preferred_language=en
[2026-04-25T13:58:55-04:00] bootstrap_admin_ui: Final preferred_language: en
[2026-04-25T13:58:59-04:00] bootstrap_admin_ui: Session data before resolution: platform_admin=false, platform_role=null, user_id=40, session_id=v98itouagfpsb6m8btfr9kt88c
[2026-04-25T13:58:59-04:00] bootstrap_admin_ui: Identity resolved: source=session, is_authenticated=true, user_id=40, is_platform_admin=false, preferred_language=en
[2026-04-25T13:58:59-04:00] bootstrap_admin_ui: Final preferred_language: en
[2026-04-25T13:58:59-04:00] bootstrap_admin_ui: Session data before resolution: platform_admin=false, platform_role=null, user_id=40, session_id=v98itouagfpsb6m8btfr9kt88c
[2026-04-25T13:58:59-04:00] bootstrap_admin_ui: Identity resolved: source=session, is_authenticated=true, user_id=40, is_platform_admin=false, preferred_language=en
[2026-04-25T13:58:59-04:00] bootstrap_admin_ui: Final preferred_language: en
[2026-04-25T13:59:04-04:00] bootstrap_admin_ui: Session data before resolution: platform_admin=false, platform_role=null, user_id=40, session_id=v98itouagfpsb6m8btfr9kt88c
[2026-04-25T13:59:04-04:00] bootstrap_admin_ui: Identity resolved: source=session, is_authenticated=true, user_id=40, is_platform_admin=false, preferred_language=en
[2026-04-25T13:59:04-04:00] bootstrap_admin_ui: Final preferred_language: en
[2026-04-25T13:59:04-04:00] bootstrap_admin_ui: Session data before resolution: platform_admin=false, platform_role=null, user_id=40, session_id=v98itouagfpsb6m8btfr9kt88c
[2026-04-25T13:59:04-04:00] bootstrap_admin_ui: Identity resolved: source=session, is_authenticated=true, user_id=40, is_platform_admin=false, preferred_language=en
[2026-04-25T13:59:04-04:00] bootstrap_admin_ui: Final preferred_language: en
[2026-04-25T13:59:14-04:00] bootstrap_admin_ui: Session data before resolution: platform_admin=false, platform_role=null, user_id=40, session_id=v98itouagfpsb6m8btfr9kt88c
[2026-04-25T13:59:14-04:00] bootstrap_admin_ui: Identity resolved: source=session, is_authenticated=true, user_id=40, is_platform_admin=false, preferred_language=en
[2026-04-25T13:59:14-04:00] bootstrap_admin_ui: Final preferred_language: en
[2026-04-25T13:59:14-04:00] bootstrap_admin_ui: Session data before resolution: platform_admin=false, platform_role=null, user_id=40, session_id=v98itouagfpsb6m8btfr9kt88c
[2026-04-25T13:59:14-04:00] bootstrap_admin_ui: Identity resolved: source=session, is_authenticated=true, user_id=40, is_platform_admin=false, preferred_language=en
[2026-04-25T13:59:14-04:00] bootstrap_admin_ui: Final preferred_language: en
[2026-04-25T13:59:21-04:00] bootstrap_admin_ui: Session data before resolution: platform_admin=false, platform_role=null, user_id=40, session_id=v98itouagfpsb6m8btfr9kt88c
[2026-04-25T13:59:21-04:00] bootstrap_admin_ui: Identity resolved: source=session, is_authenticated=true, user_id=40, is_platform_admin=false, preferred_language=en
[2026-04-25T13:59:21-04:00] bootstrap_admin_ui: Final preferred_language: en
[2026-04-25T13:59:22-04:00] bootstrap_admin_ui: Session data before resolution: platform_admin=false, platform_role=null, user_id=40, session_id=v98itouagfpsb6m8btfr9kt88c
[2026-04-25T13:59:22-04:00] bootstrap_admin_ui: Identity resolved: source=session, is_authenticated=true, user_id=40, is_platform_admin=false, preferred_language=en
[2026-04-25T13:59:22-04:00] bootstrap_admin_ui: Final preferred_language: en
[2026-04-25T13:59:35-04:00] bootstrap_admin_ui: Session data before resolution: platform_admin=false, platform_role=null, user_id=40, session_id=v98itouagfpsb6m8btfr9kt88c
[2026-04-25T13:59:35-04:00] bootstrap_admin_ui: Identity resolved: source=session, is_authenticated=true, user_id=40, is_platform_admin=false, preferred_language=en
[2026-04-25T13:59:35-04:00] bootstrap_admin_ui: Final preferred_language: en
[2026-04-25T13:59:35-04:00] bootstrap_admin_ui: Session data before resolution: platform_admin=false, platform_role=null, user_id=40, session_id=v98itouagfpsb6m8btfr9kt88c
[2026-04-25T13:59:35-04:00] bootstrap_admin_ui: Identity resolved: source=session, is_authenticated=true, user_id=40, is_platform_admin=false, preferred_language=en
[2026-04-25T13:59:35-04:00] bootstrap_admin_ui: Final preferred_language: en
[2026-04-25T13:59:42-04:00] bootstrap_admin_ui: Session data before resolution: platform_admin=false, platform_role=null, user_id=40, session_id=v98itouagfpsb6m8btfr9kt88c
[2026-04-25T13:59:42-04:00] bootstrap_admin_ui: Identity resolved: source=session, is_authenticated=true, user_id=40, is_platform_admin=false, preferred_language=en
[2026-04-25T13:59:42-04:00] bootstrap_admin_ui: Final preferred_language: en
[2026-04-25T13:59:42-04:00] bootstrap_admin_ui: Session data before resolution: platform_admin=false, platform_role=null, user_id=40, session_id=v98itouagfpsb6m8btfr9kt88c
[2026-04-25T13:59:42-04:00] bootstrap_admin_ui: Identity resolved: source=session, is_authenticated=true, user_id=40, is_platform_admin=false, preferred_language=en
[2026-04-25T13:59:42-04:00] bootstrap_admin_ui: Final preferred_language: en
[2026-04-25T13:59:46-04:00] bootstrap_admin_ui: Session data before resolution: platform_admin=false, platform_role=null, user_id=40, session_id=v98itouagfpsb6m8btfr9kt88c
[2026-04-25T13:59:46-04:00] bootstrap_admin_ui: Identity resolved: source=session, is_authenticated=true, user_id=40, is_platform_admin=false, preferred_language=en
[2026-04-25T13:59:46-04:00] bootstrap_admin_ui: Final preferred_language: en
[2026-04-25T13:59:47-04:00] bootstrap_admin_ui: Session data before resolution: platform_admin=false, platform_role=null, user_id=40, session_id=v98itouagfpsb6m8btfr9kt88c
[2026-04-25T13:59:47-04:00] bootstrap_admin_ui: Identity resolved: source=session, is_authenticated=true, user_id=40, is_platform_admin=false, preferred_language=en
[2026-04-25T13:59:47-04:00] bootstrap_admin_ui: Final preferred_language: en
[2026-04-25T13:59:52-04:00] bootstrap_admin_ui: Session data before resolution: platform_admin=false, platform_role=null, user_id=40, session_id=v98itouagfpsb6m8btfr9kt88c
[2026-04-25T13:59:52-04:00] bootstrap_admin_ui: Identity resolved: source=session, is_authenticated=true, user_id=40, is_platform_admin=false, preferred_language=en
[2026-04-25T13:59:52-04:00] bootstrap_admin_ui: Final preferred_language: en
[2026-04-25T13:59:52-04:00] bootstrap_admin_ui: Session data before resolution: platform_admin=false, platform_role=null, user_id=40, session_id=v98itouagfpsb6m8btfr9kt88c
[2026-04-25T13:59:52-04:00] bootstrap_admin_ui: Identity resolved: source=session, is_authenticated=true, user_id=40, is_platform_admin=false, preferred_language=en
[2026-04-25T13:59:52-04:00] bootstrap_admin_ui: Final preferred_language: en
[2026-04-25T14:00:01-04:00] bootstrap_admin_ui: Session data before resolution: platform_admin=false, platform_role=null, user_id=40, session_id=v98itouagfpsb6m8btfr9kt88c
[2026-04-25T14:00:01-04:00] bootstrap_admin_ui: Identity resolved: source=session, is_authenticated=true, user_id=40, is_platform_admin=false, preferred_language=en
[2026-04-25T14:00:01-04:00] bootstrap_admin_ui: Final preferred_language: en
[2026-04-25T14:00:01-04:00] bootstrap_admin_ui: Session data before resolution: platform_admin=false, platform_role=null, user_id=40, session_id=v98itouagfpsb6m8btfr9kt88c
[2026-04-25T14:00:01-04:00] bootstrap_admin_ui: Identity resolved: source=session, is_authenticated=true, user_id=40, is_platform_admin=false, preferred_language=en
[2026-04-25T14:00:01-04:00] bootstrap_admin_ui: Final preferred_language: en
[2026-04-25T14:00:05-04:00] bootstrap_admin_ui: Session data before resolution: platform_admin=false, platform_role=null, user_id=40, session_id=v98itouagfpsb6m8btfr9kt88c
[2026-04-25T14:00:05-04:00] bootstrap_admin_ui: Identity resolved: source=session, is_authenticated=true, user_id=40, is_platform_admin=false, preferred_language=en
[2026-04-25T14:00:05-04:00] bootstrap_admin_ui: Final preferred_language: en
[2026-04-25T14:00:05-04:00] bootstrap_admin_ui: Session data before resolution: platform_admin=false, platform_role=null, user_id=40, session_id=v98itouagfpsb6m8btfr9kt88c
[2026-04-25T14:00:05-04:00] bootstrap_admin_ui: Identity resolved: source=session, is_authenticated=true, user_id=40, is_platform_admin=false, preferred_language=en
[2026-04-25T14:00:05-04:00] bootstrap_admin_ui: Final preferred_language: en
[2026-04-25T14:00:17-04:00] bootstrap_admin_ui: Session data before resolution: platform_admin=false, platform_role=null, user_id=40, session_id=v98itouagfpsb6m8btfr9kt88c
[2026-04-25T14:00:17-04:00] bootstrap_admin_ui: Identity resolved: source=session, is_authenticated=true, user_id=40, is_platform_admin=false, preferred_language=en
[2026-04-25T14:00:17-04:00] bootstrap_admin_ui: Final preferred_language: en
[2026-04-25T14:00:17-04:00] bootstrap_admin_ui: Session data before resolution: platform_admin=false, platform_role=null, user_id=40, session_id=v98itouagfpsb6m8btfr9kt88c
[2026-04-25T14:00:17-04:00] bootstrap_admin_ui: Identity resolved: source=session, is_authenticated=true, user_id=40, is_platform_admin=false, preferred_language=en
[2026-04-25T14:00:17-04:00] bootstrap_admin_ui: Final preferred_language: en
[2026-04-25T14:00:21-04:00] bootstrap_admin_ui: Session data before resolution: platform_admin=false, platform_role=null, user_id=40, session_id=v98itouagfpsb6m8btfr9kt88c
[2026-04-25T14:00:22-04:00] bootstrap_admin_ui: Identity resolved: source=session, is_authenticated=true, user_id=40, is_platform_admin=false, preferred_language=en
[2026-04-25T14:00:22-04:00] bootstrap_admin_ui: Final preferred_language: en
[2026-04-25T14:00:22-04:00] bootstrap_admin_ui: Session data before resolution: platform_admin=false, platform_role=null, user_id=40, session_id=v98itouagfpsb6m8btfr9kt88c
[2026-04-25T14:00:22-04:00] bootstrap_admin_ui: Identity resolved: source=session, is_authenticated=true, user_id=40, is_platform_admin=false, preferred_language=en
[2026-04-25T14:00:22-04:00] bootstrap_admin_ui: Final preferred_language: en
[2026-04-25T14:00:25-04:00] bootstrap_admin_ui: Session data before resolution: platform_admin=false, platform_role=null, user_id=40, session_id=v98itouagfpsb6m8btfr9kt88c
[2026-04-25T14:00:25-04:00] bootstrap_admin_ui: Identity resolved: source=session, is_authenticated=true, user_id=40, is_platform_admin=false, preferred_language=en
[2026-04-25T14:00:25-04:00] bootstrap_admin_ui: Final preferred_language: en
[2026-04-25T14:00:25-04:00] bootstrap_admin_ui: Session data before resolution: platform_admin=false, platform_role=null, user_id=40, session_id=v98itouagfpsb6m8btfr9kt88c
[2026-04-25T14:00:25-04:00] bootstrap_admin_ui: Identity resolved: source=session, is_authenticated=true, user_id=40, is_platform_admin=false, preferred_language=en
[2026-04-25T14:00:25-04:00] bootstrap_admin_ui: Final preferred_language: en
[2026-04-25T14:00:31-04:00] bootstrap_admin_ui: Session data before resolution: platform_admin=false, platform_role=null, user_id=40, session_id=v98itouagfpsb6m8btfr9kt88c
[2026-04-25T14:00:31-04:00] bootstrap_admin_ui: Identity resolved: source=session, is_authenticated=true, user_id=40, is_platform_admin=false, preferred_language=en
[2026-04-25T14:00:31-04:00] bootstrap_admin_ui: Final preferred_language: en
[2026-04-25T14:00:31-04:00] bootstrap_admin_ui: Session data before resolution: platform_admin=false, platform_role=null, user_id=40, session_id=v98itouagfpsb6m8btfr9kt88c
[2026-04-25T14:00:31-04:00] bootstrap_admin_ui: Identity resolved: source=session, is_authenticated=true, user_id=40, is_platform_admin=false, preferred_language=en
[2026-04-25T14:00:31-04:00] bootstrap_admin_ui: Final preferred_language: en
[2026-04-25T14:00:50-04:00] bootstrap_admin_ui: Session data before resolution: platform_admin=false, platform_role=null, user_id=41, session_id=a1j7oorukrsjtl948e8lr0othj
[2026-04-25T14:00:50-04:00] bootstrap_admin_ui: Identity resolved: source=session, is_authenticated=true, user_id=41, is_platform_admin=false, preferred_language=en
[2026-04-25T14:00:50-04:00] bootstrap_admin_ui: Final preferred_language: en
[2026-04-25T14:00:54-04:00] bootstrap_admin_ui: Session data before resolution: platform_admin=false, platform_role=null, user_id=41, session_id=a1j7oorukrsjtl948e8lr0othj
[2026-04-25T14:00:54-04:00] bootstrap_admin_ui: Identity resolved: source=session, is_authenticated=true, user_id=41, is_platform_admin=false, preferred_language=en
[2026-04-25T14:00:54-04:00] bootstrap_admin_ui: Final preferred_language: en
[2026-04-25T14:00:54-04:00] bootstrap_admin_ui: Session data before resolution: platform_admin=false, platform_role=null, user_id=41, session_id=a1j7oorukrsjtl948e8lr0othj
[2026-04-25T14:00:54-04:00] bootstrap_admin_ui: Identity resolved: source=session, is_authenticated=true, user_id=41, is_platform_admin=false, preferred_language=en
[2026-04-25T14:00:54-04:00] bootstrap_admin_ui: Final preferred_language: en
[2026-04-25T14:00:57-04:00] bootstrap_admin_ui: Session data before resolution: platform_admin=false, platform_role=null, user_id=41, session_id=a1j7oorukrsjtl948e8lr0othj
[2026-04-25T14:00:57-04:00] bootstrap_admin_ui: Identity resolved: source=session, is_authenticated=true, user_id=41, is_platform_admin=false, preferred_language=en
[2026-04-25T14:00:57-04:00] bootstrap_admin_ui: Final preferred_language: en
[2026-04-25T14:00:57-04:00] bootstrap_admin_ui: Session data before resolution: platform_admin=false, platform_role=null, user_id=41, session_id=a1j7oorukrsjtl948e8lr0othj
[2026-04-25T14:00:57-04:00] bootstrap_admin_ui: Identity resolved: source=session, is_authenticated=true, user_id=41, is_platform_admin=false, preferred_language=en
[2026-04-25T14:00:57-04:00] bootstrap_admin_ui: Final preferred_language: en
[2026-04-25T14:00:59-04:00] bootstrap_admin_ui: Session data before resolution: platform_admin=false, platform_role=null, user_id=41, session_id=a1j7oorukrsjtl948e8lr0othj
[2026-04-25T14:00:59-04:00] bootstrap_admin_ui: Identity resolved: source=session, is_authenticated=true, user_id=41, is_platform_admin=false, preferred_language=en
[2026-04-25T14:00:59-04:00] bootstrap_admin_ui: Final preferred_language: en
[2026-04-25T14:00:59-04:00] bootstrap_admin_ui: Session data before resolution: platform_admin=false, platform_role=null, user_id=41, session_id=a1j7oorukrsjtl948e8lr0othj
[2026-04-25T14:00:59-04:00] bootstrap_admin_ui: Identity resolved: source=session, is_authenticated=true, user_id=41, is_platform_admin=false, preferred_language=en
[2026-04-25T14:00:59-04:00] bootstrap_admin_ui: Final preferred_language: en
[2026-04-25T14:01:23-04:00] bootstrap_admin_ui: Session data before resolution: platform_admin=false, platform_role=null, user_id=39, session_id=rebmn5sub8674332emvel3gpul
[2026-04-25T14:01:23-04:00] bootstrap_admin_ui: Identity resolved: source=session, is_authenticated=true, user_id=39, is_platform_admin=false, preferred_language=en
[2026-04-25T14:01:23-04:00] bootstrap_admin_ui: Final preferred_language: en
[2026-04-25T14:01:29-04:00] bootstrap_admin_ui: Session data before resolution: platform_admin=false, platform_role=null, user_id=39, session_id=rebmn5sub8674332emvel3gpul
[2026-04-25T14:01:29-04:00] bootstrap_admin_ui: Identity resolved: source=session, is_authenticated=true, user_id=39, is_platform_admin=false, preferred_language=en
[2026-04-25T14:01:29-04:00] bootstrap_admin_ui: Final preferred_language: en
[2026-04-25T14:01:29-04:00] bootstrap_admin_ui: Session data before resolution: platform_admin=false, platform_role=null, user_id=39, session_id=rebmn5sub8674332emvel3gpul
[2026-04-25T14:01:29-04:00] bootstrap_admin_ui: Identity resolved: source=session, is_authenticated=true, user_id=39, is_platform_admin=false, preferred_language=en
[2026-04-25T14:01:29-04:00] bootstrap_admin_ui: Final preferred_language: en
[2026-04-25T14:01:29-04:00] bootstrap_admin_ui: Session data before resolution: platform_admin=false, platform_role=null, user_id=39, session_id=rebmn5sub8674332emvel3gpul
[2026-04-25T14:01:29-04:00] bootstrap_admin_ui: Identity resolved: source=session, is_authenticated=true, user_id=39, is_platform_admin=false, preferred_language=en
[2026-04-25T14:01:29-04:00] bootstrap_admin_ui: Final preferred_language: en
[2026-04-25T14:01:34-04:00] bootstrap_admin_ui: Session data before resolution: platform_admin=false, platform_role=null, user_id=39, session_id=rebmn5sub8674332emvel3gpul
[2026-04-25T14:01:34-04:00] bootstrap_admin_ui: Identity resolved: source=session, is_authenticated=true, user_id=39, is_platform_admin=false, preferred_language=en
[2026-04-25T14:01:34-04:00] bootstrap_admin_ui: Final preferred_language: en
[2026-04-25T14:01:35-04:00] bootstrap_admin_ui: Session data before resolution: platform_admin=false, platform_role=null, user_id=39, session_id=rebmn5sub8674332emvel3gpul
[2026-04-25T14:01:35-04:00] bootstrap_admin_ui: Identity resolved: source=session, is_authenticated=true, user_id=39, is_platform_admin=false, preferred_language=en
[2026-04-25T14:01:35-04:00] bootstrap_admin_ui: Final preferred_language: en
[2026-04-25T14:01:41-04:00] bootstrap_admin_ui: Session data before resolution: platform_admin=false, platform_role=null, user_id=39, session_id=rebmn5sub8674332emvel3gpul
[2026-04-25T14:01:41-04:00] bootstrap_admin_ui: Identity resolved: source=session, is_authenticated=true, user_id=39, is_platform_admin=false, preferred_language=en
[2026-04-25T14:01:41-04:00] bootstrap_admin_ui: Final preferred_language: en
[2026-04-25T14:01:41-04:00] bootstrap_admin_ui: Session data before resolution: platform_admin=false, platform_role=null, user_id=39, session_id=rebmn5sub8674332emvel3gpul
[2026-04-25T14:01:41-04:00] bootstrap_admin_ui: Identity resolved: source=session, is_authenticated=true, user_id=39, is_platform_admin=false, preferred_language=en
[2026-04-25T14:01:41-04:00] bootstrap_admin_ui: Final preferred_language: en
[2026-04-25T14:01:41-04:00] bootstrap_admin_ui: Session data before resolution: platform_admin=false, platform_role=null, user_id=39, session_id=rebmn5sub8674332emvel3gpul
[2026-04-25T14:01:41-04:00] bootstrap_admin_ui: Identity resolved: source=session, is_authenticated=true, user_id=39, is_platform_admin=false, preferred_language=en
[2026-04-25T14:01:41-04:00] bootstrap_admin_ui: Final preferred_language: en
[2026-04-25T14:01:46-04:00] bootstrap_admin_ui: Session data before resolution: platform_admin=false, platform_role=null, user_id=39, session_id=rebmn5sub8674332emvel3gpul
[2026-04-25T14:01:46-04:00] bootstrap_admin_ui: Identity resolved: source=session, is_authenticated=true, user_id=39, is_platform_admin=false, preferred_language=en
[2026-04-25T14:01:46-04:00] bootstrap_admin_ui: Final preferred_language: en
[2026-04-25T14:01:46-04:00] bootstrap_admin_ui: Session data before resolution: platform_admin=false, platform_role=null, user_id=39, session_id=rebmn5sub8674332emvel3gpul
[2026-04-25T14:01:46-04:00] bootstrap_admin_ui: Identity resolved: source=session, is_authenticated=true, user_id=39, is_platform_admin=false, preferred_language=en
[2026-04-25T14:01:46-04:00] bootstrap_admin_ui: Final preferred_language: en
[2026-04-25T14:01:58-04:00] bootstrap_admin_ui: Session data before resolution: platform_admin=false, platform_role=null, user_id=39, session_id=rebmn5sub8674332emvel3gpul
[2026-04-25T14:01:58-04:00] bootstrap_admin_ui: Identity resolved: source=session, is_authenticated=true, user_id=39, is_platform_admin=false, preferred_language=en
[2026-04-25T14:01:58-04:00] bootstrap_admin_ui: Final preferred_language: en
[2026-04-25T14:01:58-04:00] bootstrap_admin_ui: Session data before resolution: platform_admin=false, platform_role=null, user_id=39, session_id=rebmn5sub8674332emvel3gpul
[2026-04-25T14:01:58-04:00] bootstrap_admin_ui: Identity resolved: source=session, is_authenticated=true, user_id=39, is_platform_admin=false, preferred_language=en
[2026-04-25T14:01:58-04:00] bootstrap_admin_ui: Final preferred_language: en
[2026-04-25T14:02:02-04:00] bootstrap_admin_ui: Session data before resolution: platform_admin=false, platform_role=null, user_id=39, session_id=rebmn5sub8674332emvel3gpul
[2026-04-25T14:02:02-04:00] bootstrap_admin_ui: Identity resolved: source=session, is_authenticated=true, user_id=39, is_platform_admin=false, preferred_language=en
[2026-04-25T14:02:02-04:00] bootstrap_admin_ui: Final preferred_language: en
[2026-04-25T14:02:02-04:00] bootstrap_admin_ui: Session data before resolution: platform_admin=false, platform_role=null, user_id=39, session_id=rebmn5sub8674332emvel3gpul
[2026-04-25T14:02:02-04:00] bootstrap_admin_ui: Identity resolved: source=session, is_authenticated=true, user_id=39, is_platform_admin=false, preferred_language=en
[2026-04-25T14:02:02-04:00] bootstrap_admin_ui: Final preferred_language: en
[2026-04-25T14:02:06-04:00] bootstrap_admin_ui: Session data before resolution: platform_admin=false, platform_role=null, user_id=39, session_id=rebmn5sub8674332emvel3gpul
[2026-04-25T14:02:06-04:00] bootstrap_admin_ui: Identity resolved: source=session, is_authenticated=true, user_id=39, is_platform_admin=false, preferred_language=en
[2026-04-25T14:02:06-04:00] bootstrap_admin_ui: Final preferred_language: en
[2026-04-25T14:02:06-04:00] bootstrap_admin_ui: Session data before resolution: platform_admin=false, platform_role=null, user_id=39, session_id=rebmn5sub8674332emvel3gpul
[2026-04-25T14:02:06-04:00] bootstrap_admin_ui: Identity resolved: source=session, is_authenticated=true, user_id=39, is_platform_admin=false, preferred_language=en
[2026-04-25T14:02:06-04:00] bootstrap_admin_ui: Final preferred_language: en
[2026-04-25T14:02:10-04:00] bootstrap_admin_ui: Session data before resolution: platform_admin=false, platform_role=null, user_id=39, session_id=rebmn5sub8674332emvel3gpul
[2026-04-25T14:02:10-04:00] bootstrap_admin_ui: Identity resolved: source=session, is_authenticated=true, user_id=39, is_platform_admin=false, preferred_language=en
[2026-04-25T14:02:10-04:00] bootstrap_admin_ui: Final preferred_language: en
[2026-04-25T14:02:11-04:00] bootstrap_admin_ui: Session data before resolution: platform_admin=false, platform_role=null, user_id=39, session_id=rebmn5sub8674332emvel3gpul
[2026-04-25T14:02:11-04:00] bootstrap_admin_ui: Identity resolved: source=session, is_authenticated=true, user_id=39, is_platform_admin=false, preferred_language=en
[2026-04-25T14:02:11-04:00] bootstrap_admin_ui: Final preferred_language: en
[2026-04-25T14:02:32-04:00] bootstrap_admin_ui: Session data before resolution: platform_admin=false, platform_role=null, user_id=39, session_id=rebmn5sub8674332emvel3gpul
[2026-04-25T14:02:32-04:00] bootstrap_admin_ui: Identity resolved: source=session, is_authenticated=true, user_id=39, is_platform_admin=false, preferred_language=en
[2026-04-25T14:02:32-04:00] bootstrap_admin_ui: Final preferred_language: en
[2026-04-25T14:02:32-04:00] bootstrap_admin_ui: Session data before resolution: platform_admin=false, platform_role=null, user_id=39, session_id=rebmn5sub8674332emvel3gpul
[2026-04-25T14:02:32-04:00] bootstrap_admin_ui: Identity resolved: source=session, is_authenticated=true, user_id=39, is_platform_admin=false, preferred_language=en
[2026-04-25T14:02:32-04:00] bootstrap_admin_ui: Final preferred_language: en
[2026-04-25T14:02:37-04:00] bootstrap_admin_ui: Session data before resolution: platform_admin=false, platform_role=null, user_id=39, session_id=rebmn5sub8674332emvel3gpul
[2026-04-25T14:02:37-04:00] bootstrap_admin_ui: Identity resolved: source=session, is_authenticated=true, user_id=39, is_platform_admin=false, preferred_language=en
[2026-04-25T14:02:37-04:00] bootstrap_admin_ui: Final preferred_language: en
[2026-04-25T14:02:37-04:00] bootstrap_admin_ui: Session data before resolution: platform_admin=false, platform_role=null, user_id=39, session_id=rebmn5sub8674332emvel3gpul
[2026-04-25T14:02:37-04:00] bootstrap_admin_ui: Identity resolved: source=session, is_authenticated=true, user_id=39, is_platform_admin=false, preferred_language=en
[2026-04-25T14:02:37-04:00] bootstrap_admin_ui: Final preferred_language: en
[2026-04-25T14:02:45-04:00] bootstrap_admin_ui: Session data before resolution: platform_admin=false, platform_role=null, user_id=39, session_id=rebmn5sub8674332emvel3gpul
[2026-04-25T14:02:45-04:00] bootstrap_admin_ui: Identity resolved: source=session, is_authenticated=true, user_id=39, is_platform_admin=false, preferred_language=en
[2026-04-25T14:02:45-04:00] bootstrap_admin_ui: Final preferred_language: en
[2026-04-25T14:02:45-04:00] bootstrap_admin_ui: Session data before resolution: platform_admin=false, platform_role=null, user_id=39, session_id=rebmn5sub8674332emvel3gpul
[2026-04-25T14:02:45-04:00] bootstrap_admin_ui: Identity resolved: source=session, is_authenticated=true, user_id=39, is_platform_admin=false, preferred_language=en
[2026-04-25T14:02:45-04:00] bootstrap_admin_ui: Final preferred_language: en
[2026-04-25T14:02:49-04:00] bootstrap_admin_ui: Session data before resolution: platform_admin=false, platform_role=null, user_id=39, session_id=rebmn5sub8674332emvel3gpul
[2026-04-25T14:02:49-04:00] bootstrap_admin_ui: Identity resolved: source=session, is_authenticated=true, user_id=39, is_platform_admin=false, preferred_language=en
[2026-04-25T14:02:49-04:00] bootstrap_admin_ui: Final preferred_language: en
[2026-04-25T14:02:50-04:00] bootstrap_admin_ui: Session data before resolution: platform_admin=false, platform_role=null, user_id=39, session_id=rebmn5sub8674332emvel3gpul
[2026-04-25T14:02:50-04:00] bootstrap_admin_ui: Identity resolved: source=session, is_authenticated=true, user_id=39, is_platform_admin=false, preferred_language=en
[2026-04-25T14:02:50-04:00] bootstrap_admin_ui: Final preferred_language: en
[2026-04-25T14:02:54-04:00] bootstrap_admin_ui: Session data before resolution: platform_admin=false, platform_role=null, user_id=39, session_id=rebmn5sub8674332emvel3gpul
[2026-04-25T14:02:54-04:00] bootstrap_admin_ui: Identity resolved: source=session, is_authenticated=true, user_id=39, is_platform_admin=false, preferred_language=en
[2026-04-25T14:02:54-04:00] bootstrap_admin_ui: Final preferred_language: en
[2026-04-25T14:02:54-04:00] bootstrap_admin_ui: Session data before resolution: platform_admin=false, platform_role=null, user_id=39, session_id=rebmn5sub8674332emvel3gpul
[2026-04-25T14:02:54-04:00] bootstrap_admin_ui: Identity resolved: source=session, is_authenticated=true, user_id=39, is_platform_admin=false, preferred_language=en
[2026-04-25T14:02:54-04:00] bootstrap_admin_ui: Final preferred_language: en
[2026-04-25T14:02:59-04:00] bootstrap_admin_ui: Session data before resolution: platform_admin=false, platform_role=null, user_id=39, session_id=rebmn5sub8674332emvel3gpul
[2026-04-25T14:02:59-04:00] bootstrap_admin_ui: Identity resolved: source=session, is_authenticated=true, user_id=39, is_platform_admin=false, preferred_language=en
[2026-04-25T14:02:59-04:00] bootstrap_admin_ui: Final preferred_language: en
[2026-04-25T14:02:59-04:00] bootstrap_admin_ui: Session data before resolution: platform_admin=false, platform_role=null, user_id=39, session_id=rebmn5sub8674332emvel3gpul
[2026-04-25T14:02:59-04:00] bootstrap_admin_ui: Identity resolved: source=session, is_authenticated=true, user_id=39, is_platform_admin=false, preferred_language=en
[2026-04-25T14:02:59-04:00] bootstrap_admin_ui: Final preferred_language: en
[2026-04-25T14:03:05-04:00] bootstrap_admin_ui: Session data before resolution: platform_admin=false, platform_role=null, user_id=39, session_id=rebmn5sub8674332emvel3gpul
[2026-04-25T14:03:05-04:00] bootstrap_admin_ui: Identity resolved: source=session, is_authenticated=true, user_id=39, is_platform_admin=false, preferred_language=en
[2026-04-25T14:03:05-04:00] bootstrap_admin_ui: Final preferred_language: en
[2026-04-25T14:03:05-04:00] bootstrap_admin_ui: Session data before resolution: platform_admin=false, platform_role=null, user_id=39, session_id=rebmn5sub8674332emvel3gpul
[2026-04-25T14:03:05-04:00] bootstrap_admin_ui: Identity resolved: source=session, is_authenticated=true, user_id=39, is_platform_admin=false, preferred_language=en
[2026-04-25T14:03:05-04:00] bootstrap_admin_ui: Final preferred_language: en
[2026-04-25T14:03:36-04:00] bootstrap_admin_ui: Session data before resolution: platform_admin=false, platform_role=null, user_id=39, session_id=rebmn5sub8674332emvel3gpul
[2026-04-25T14:03:36-04:00] bootstrap_admin_ui: Identity resolved: source=session, is_authenticated=true, user_id=39, is_platform_admin=false, preferred_language=en
[2026-04-25T14:03:36-04:00] bootstrap_admin_ui: Final preferred_language: en
[2026-04-25T14:03:36-04:00] bootstrap_admin_ui: Session data before resolution: platform_admin=false, platform_role=null, user_id=39, session_id=rebmn5sub8674332emvel3gpul
[2026-04-25T14:03:36-04:00] bootstrap_admin_ui: Identity resolved: source=session, is_authenticated=true, user_id=39, is_platform_admin=false, preferred_language=en
[2026-04-25T14:03:36-04:00] bootstrap_admin_ui: Final preferred_language: en
[2026-04-25T14:03:45-04:00] bootstrap_admin_ui: Session data before resolution: platform_admin=false, platform_role=null, user_id=39, session_id=rebmn5sub8674332emvel3gpul
[2026-04-25T14:03:45-04:00] bootstrap_admin_ui: Identity resolved: source=session, is_authenticated=true, user_id=39, is_platform_admin=false, preferred_language=en
[2026-04-25T14:03:45-04:00] bootstrap_admin_ui: Final preferred_language: en
[2026-04-25T14:03:45-04:00] bootstrap_admin_ui: Session data before resolution: platform_admin=false, platform_role=null, user_id=39, session_id=rebmn5sub8674332emvel3gpul
[2026-04-25T14:03:45-04:00] bootstrap_admin_ui: Identity resolved: source=session, is_authenticated=true, user_id=39, is_platform_admin=false, preferred_language=en
[2026-04-25T14:03:45-04:00] bootstrap_admin_ui: Final preferred_language: en
[2026-04-25T14:03:49-04:00] bootstrap_admin_ui: Session data before resolution: platform_admin=false, platform_role=null, user_id=39, session_id=rebmn5sub8674332emvel3gpul
[2026-04-25T14:03:49-04:00] bootstrap_admin_ui: Identity resolved: source=session, is_authenticated=true, user_id=39, is_platform_admin=false, preferred_language=en
[2026-04-25T14:03:49-04:00] bootstrap_admin_ui: Final preferred_language: en
[2026-04-25T14:03:49-04:00] bootstrap_admin_ui: Session data before resolution: platform_admin=false, platform_role=null, user_id=39, session_id=rebmn5sub8674332emvel3gpul
[2026-04-25T14:03:49-04:00] bootstrap_admin_ui: Identity resolved: source=session, is_authenticated=true, user_id=39, is_platform_admin=false, preferred_language=en
[2026-04-25T14:03:49-04:00] bootstrap_admin_ui: Final preferred_language: en
[2026-04-25T14:03:56-04:00] bootstrap_admin_ui: Session data before resolution: platform_admin=false, platform_role=null, user_id=39, session_id=rebmn5sub8674332emvel3gpul
[2026-04-25T14:03:56-04:00] bootstrap_admin_ui: Identity resolved: source=session, is_authenticated=true, user_id=39, is_platform_admin=false, preferred_language=en
[2026-04-25T14:03:56-04:00] bootstrap_admin_ui: Final preferred_language: en
[2026-04-25T14:03:56-04:00] bootstrap_admin_ui: Session data before resolution: platform_admin=false, platform_role=null, user_id=39, session_id=rebmn5sub8674332emvel3gpul
[2026-04-25T14:03:56-04:00] bootstrap_admin_ui: Identity resolved: source=session, is_authenticated=true, user_id=39, is_platform_admin=false, preferred_language=en
[2026-04-25T14:03:56-04:00] bootstrap_admin_ui: Final preferred_language: en
[2026-04-25T14:04:04-04:00] bootstrap_admin_ui: Session data before resolution: platform_admin=false, platform_role=null, user_id=39, session_id=rebmn5sub8674332emvel3gpul
[2026-04-25T14:04:04-04:00] bootstrap_admin_ui: Identity resolved: source=session, is_authenticated=true, user_id=39, is_platform_admin=false, preferred_language=en
[2026-04-25T14:04:04-04:00] bootstrap_admin_ui: Final preferred_language: en
[2026-04-25T14:04:05-04:00] bootstrap_admin_ui: Session data before resolution: platform_admin=false, platform_role=null, user_id=39, session_id=rebmn5sub8674332emvel3gpul
[2026-04-25T14:04:05-04:00] bootstrap_admin_ui: Identity resolved: source=session, is_authenticated=true, user_id=39, is_platform_admin=false, preferred_language=en
[2026-04-25T14:04:05-04:00] bootstrap_admin_ui: Final preferred_language: en
[2026-04-25T14:04:08-04:00] bootstrap_admin_ui: Session data before resolution: platform_admin=false, platform_role=null, user_id=39, session_id=rebmn5sub8674332emvel3gpul
[2026-04-25T14:04:08-04:00] bootstrap_admin_ui: Identity resolved: source=session, is_authenticated=true, user_id=39, is_platform_admin=false, preferred_language=en
[2026-04-25T14:04:08-04:00] bootstrap_admin_ui: Final preferred_language: en
[2026-04-25T14:04:08-04:00] bootstrap_admin_ui: Session data before resolution: platform_admin=false, platform_role=null, user_id=39, session_id=rebmn5sub8674332emvel3gpul
[2026-04-25T14:04:08-04:00] bootstrap_admin_ui: Identity resolved: source=session, is_authenticated=true, user_id=39, is_platform_admin=false, preferred_language=en
[2026-04-25T14:04:08-04:00] bootstrap_admin_ui: Final preferred_language: en
[2026-04-25T14:04:11-04:00] bootstrap_admin_ui: Session data before resolution: platform_admin=false, platform_role=null, user_id=39, session_id=rebmn5sub8674332emvel3gpul
[2026-04-25T14:04:11-04:00] bootstrap_admin_ui: Identity resolved: source=session, is_authenticated=true, user_id=39, is_platform_admin=false, preferred_language=en
[2026-04-25T14:04:11-04:00] bootstrap_admin_ui: Final preferred_language: en
[2026-04-25T14:04:12-04:00] bootstrap_admin_ui: Session data before resolution: platform_admin=false, platform_role=null, user_id=39, session_id=rebmn5sub8674332emvel3gpul
[2026-04-25T14:04:12-04:00] bootstrap_admin_ui: Identity resolved: source=session, is_authenticated=true, user_id=39, is_platform_admin=false, preferred_language=en
[2026-04-25T14:04:12-04:00] bootstrap_admin_ui: Final preferred_language: en
[2026-04-25T14:04:17-04:00] bootstrap_admin_ui: Session data before resolution: platform_admin=false, platform_role=null, user_id=39, session_id=rebmn5sub8674332emvel3gpul
[2026-04-25T14:04:17-04:00] bootstrap_admin_ui: Identity resolved: source=session, is_authenticated=true, user_id=39, is_platform_admin=false, preferred_language=en
[2026-04-25T14:04:17-04:00] bootstrap_admin_ui: Final preferred_language: en
[2026-04-25T14:04:17-04:00] bootstrap_admin_ui: Session data before resolution: platform_admin=false, platform_role=null, user_id=39, session_id=rebmn5sub8674332emvel3gpul
[2026-04-25T14:04:17-04:00] bootstrap_admin_ui: Identity resolved: source=session, is_authenticated=true, user_id=39, is_platform_admin=false, preferred_language=en
[2026-04-25T14:04:17-04:00] bootstrap_admin_ui: Final preferred_language: en
[2026-04-25T14:04:22-04:00] bootstrap_admin_ui: Session data before resolution: platform_admin=false, platform_role=null, user_id=39, session_id=rebmn5sub8674332emvel3gpul
[2026-04-25T14:04:22-04:00] bootstrap_admin_ui: Identity resolved: source=session, is_authenticated=true, user_id=39, is_platform_admin=false, preferred_language=en
[2026-04-25T14:04:22-04:00] bootstrap_admin_ui: Final preferred_language: en
[2026-04-25T14:04:22-04:00] bootstrap_admin_ui: Session data before resolution: platform_admin=false, platform_role=null, user_id=39, session_id=rebmn5sub8674332emvel3gpul
[2026-04-25T14:04:22-04:00] bootstrap_admin_ui: Identity resolved: source=session, is_authenticated=true, user_id=39, is_platform_admin=false, preferred_language=en
[2026-04-25T14:04:22-04:00] bootstrap_admin_ui: Final preferred_language: en
[2026-04-25T14:04:26-04:00] bootstrap_admin_ui: Session data before resolution: platform_admin=false, platform_role=null, user_id=39, session_id=rebmn5sub8674332emvel3gpul
[2026-04-25T14:04:26-04:00] bootstrap_admin_ui: Identity resolved: source=session, is_authenticated=true, user_id=39, is_platform_admin=false, preferred_language=en
[2026-04-25T14:04:26-04:00] bootstrap_admin_ui: Final preferred_language: en
[2026-04-25T14:04:26-04:00] bootstrap_admin_ui: Session data before resolution: platform_admin=false, platform_role=null, user_id=39, session_id=rebmn5sub8674332emvel3gpul
[2026-04-25T14:04:26-04:00] bootstrap_admin_ui: Identity resolved: source=session, is_authenticated=true, user_id=39, is_platform_admin=false, preferred_language=en
[2026-04-25T14:04:26-04:00] bootstrap_admin_ui: Final preferred_language: en
[2026-04-25T14:04:31-04:00] bootstrap_admin_ui: Session data before resolution: platform_admin=false, platform_role=null, user_id=39, session_id=rebmn5sub8674332emvel3gpul
[2026-04-25T14:04:31-04:00] bootstrap_admin_ui: Identity resolved: source=session, is_authenticated=true, user_id=39, is_platform_admin=false, preferred_language=en
[2026-04-25T14:04:31-04:00] bootstrap_admin_ui: Final preferred_language: en
[2026-04-25T14:04:31-04:00] bootstrap_admin_ui: Session data before resolution: platform_admin=false, platform_role=null, user_id=39, session_id=rebmn5sub8674332emvel3gpul
[2026-04-25T14:04:31-04:00] bootstrap_admin_ui: Identity resolved: source=session, is_authenticated=true, user_id=39, is_platform_admin=false, preferred_language=en
[2026-04-25T14:04:31-04:00] bootstrap_admin_ui: Final preferred_language: en
[2026-04-25T14:04:35-04:00] bootstrap_admin_ui: Session data before resolution: platform_admin=false, platform_role=null, user_id=39, session_id=rebmn5sub8674332emvel3gpul
[2026-04-25T14:04:35-04:00] bootstrap_admin_ui: Identity resolved: source=session, is_authenticated=true, user_id=39, is_platform_admin=false, preferred_language=en
[2026-04-25T14:04:35-04:00] bootstrap_admin_ui: Final preferred_language: en
[2026-04-25T14:04:35-04:00] bootstrap_admin_ui: Session data before resolution: platform_admin=false, platform_role=null, user_id=39, session_id=rebmn5sub8674332emvel3gpul
[2026-04-25T14:04:35-04:00] bootstrap_admin_ui: Identity resolved: source=session, is_authenticated=true, user_id=39, is_platform_admin=false, preferred_language=en
[2026-04-25T14:04:35-04:00] bootstrap_admin_ui: Final preferred_language: en
[2026-04-25T14:04:44-04:00] bootstrap_admin_ui: Session data before resolution: platform_admin=false, platform_role=null, user_id=39, session_id=rebmn5sub8674332emvel3gpul
[2026-04-25T14:04:44-04:00] bootstrap_admin_ui: Identity resolved: source=session, is_authenticated=true, user_id=39, is_platform_admin=false, preferred_language=en
[2026-04-25T14:04:44-04:00] bootstrap_admin_ui: Final preferred_language: en
[2026-04-25T14:04:44-04:00] bootstrap_admin_ui: Session data before resolution: platform_admin=false, platform_role=null, user_id=39, session_id=rebmn5sub8674332emvel3gpul
[2026-04-25T14:04:44-04:00] bootstrap_admin_ui: Identity resolved: source=session, is_authenticated=true, user_id=39, is_platform_admin=false, preferred_language=en
[2026-04-25T14:04:44-04:00] bootstrap_admin_ui: Final preferred_language: en
[2026-04-25T14:05:09-04:00] bootstrap_admin_ui: Session data before resolution: platform_admin=false, platform_role=null, user_id=39, session_id=rebmn5sub8674332emvel3gpul
[2026-04-25T14:05:09-04:00] bootstrap_admin_ui: Identity resolved: source=session, is_authenticated=true, user_id=39, is_platform_admin=false, preferred_language=en
[2026-04-25T14:05:09-04:00] bootstrap_admin_ui: Final preferred_language: en
[2026-04-25T14:05:09-04:00] bootstrap_admin_ui: Session data before resolution: platform_admin=false, platform_role=null, user_id=39, session_id=rebmn5sub8674332emvel3gpul
[2026-04-25T14:05:09-04:00] bootstrap_admin_ui: Identity resolved: source=session, is_authenticated=true, user_id=39, is_platform_admin=false, preferred_language=en
[2026-04-25T14:05:09-04:00] bootstrap_admin_ui: Final preferred_language: en
[2026-04-25T14:05:13-04:00] bootstrap_admin_ui: Session data before resolution: platform_admin=false, platform_role=null, user_id=39, session_id=rebmn5sub8674332emvel3gpul
[2026-04-25T14:05:13-04:00] bootstrap_admin_ui: Identity resolved: source=session, is_authenticated=true, user_id=39, is_platform_admin=false, preferred_language=en
[2026-04-25T14:05:13-04:00] bootstrap_admin_ui: Final preferred_language: en
[2026-04-25T14:05:13-04:00] bootstrap_admin_ui: Session data before resolution: platform_admin=false, platform_role=null, user_id=39, session_id=rebmn5sub8674332emvel3gpul
[2026-04-25T14:05:13-04:00] bootstrap_admin_ui: Identity resolved: source=session, is_authenticated=true, user_id=39, is_platform_admin=false, preferred_language=en
[2026-04-25T14:05:13-04:00] bootstrap_admin_ui: Final preferred_language: en
[2026-04-25T14:05:16-04:00] bootstrap_admin_ui: Session data before resolution: platform_admin=false, platform_role=null, user_id=39, session_id=rebmn5sub8674332emvel3gpul
[2026-04-25T14:05:16-04:00] bootstrap_admin_ui: Identity resolved: source=session, is_authenticated=true, user_id=39, is_platform_admin=false, preferred_language=en
[2026-04-25T14:05:16-04:00] bootstrap_admin_ui: Final preferred_language: en
[2026-04-25T14:05:16-04:00] bootstrap_admin_ui: Session data before resolution: platform_admin=false, platform_role=null, user_id=39, session_id=rebmn5sub8674332emvel3gpul
[2026-04-25T14:05:16-04:00] bootstrap_admin_ui: Identity resolved: source=session, is_authenticated=true, user_id=39, is_platform_admin=false, preferred_language=en
[2026-04-25T14:05:16-04:00] bootstrap_admin_ui: Final preferred_language: en
[2026-04-25T14:05:20-04:00] bootstrap_admin_ui: Session data before resolution: platform_admin=false, platform_role=null, user_id=39, session_id=rebmn5sub8674332emvel3gpul
[2026-04-25T14:05:20-04:00] bootstrap_admin_ui: Identity resolved: source=session, is_authenticated=true, user_id=39, is_platform_admin=false, preferred_language=en
[2026-04-25T14:05:20-04:00] bootstrap_admin_ui: Final preferred_language: en
[2026-04-25T14:05:20-04:00] bootstrap_admin_ui: Session data before resolution: platform_admin=false, platform_role=null, user_id=39, session_id=rebmn5sub8674332emvel3gpul
[2026-04-25T14:05:20-04:00] bootstrap_admin_ui: Identity resolved: source=session, is_authenticated=true, user_id=39, is_platform_admin=false, preferred_language=en
[2026-04-25T14:05:20-04:00] bootstrap_admin_ui: Final preferred_language: en
[2026-04-25T14:05:23-04:00] bootstrap_admin_ui: Session data before resolution: platform_admin=false, platform_role=null, user_id=39, session_id=rebmn5sub8674332emvel3gpul
[2026-04-25T14:05:23-04:00] bootstrap_admin_ui: Identity resolved: source=session, is_authenticated=true, user_id=39, is_platform_admin=false, preferred_language=en
[2026-04-25T14:05:23-04:00] bootstrap_admin_ui: Final preferred_language: en
[2026-04-25T14:05:23-04:00] bootstrap_admin_ui: Session data before resolution: platform_admin=false, platform_role=null, user_id=39, session_id=rebmn5sub8674332emvel3gpul
[2026-04-25T14:05:23-04:00] bootstrap_admin_ui: Identity resolved: source=session, is_authenticated=true, user_id=39, is_platform_admin=false, preferred_language=en
[2026-04-25T14:05:23-04:00] bootstrap_admin_ui: Final preferred_language: en
[2026-04-25T14:06:56-04:00] bootstrap_admin_ui: Session data before resolution: platform_admin=false, platform_role=null, user_id=39, session_id=rebmn5sub8674332emvel3gpul
[2026-04-25T14:06:56-04:00] bootstrap_admin_ui: Identity resolved: source=session, is_authenticated=true, user_id=39, is_platform_admin=false, preferred_language=en
[2026-04-25T14:06:56-04:00] bootstrap_admin_ui: Final preferred_language: en
[2026-04-25T14:06:56-04:00] bootstrap_admin_ui: Session data before resolution: platform_admin=false, platform_role=null, user_id=39, session_id=rebmn5sub8674332emvel3gpul
[2026-04-25T14:06:56-04:00] bootstrap_admin_ui: Identity resolved: source=session, is_authenticated=true, user_id=39, is_platform_admin=false, preferred_language=en
[2026-04-25T14:06:56-04:00] bootstrap_admin_ui: Final preferred_language: en
[2026-04-25T14:07:01-04:00] bootstrap_admin_ui: Session data before resolution: platform_admin=false, platform_role=null, user_id=39, session_id=rebmn5sub8674332emvel3gpul
[2026-04-25T14:07:01-04:00] bootstrap_admin_ui: Identity resolved: source=session, is_authenticated=true, user_id=39, is_platform_admin=false, preferred_language=en
[2026-04-25T14:07:01-04:00] bootstrap_admin_ui: Final preferred_language: en
[2026-04-25T14:07:02-04:00] bootstrap_admin_ui: Session data before resolution: platform_admin=false, platform_role=null, user_id=39, session_id=rebmn5sub8674332emvel3gpul
[2026-04-25T14:07:02-04:00] bootstrap_admin_ui: Identity resolved: source=session, is_authenticated=true, user_id=39, is_platform_admin=false, preferred_language=en
[2026-04-25T14:07:02-04:00] bootstrap_admin_ui: Final preferred_language: en
[2026-04-25T14:07:04-04:00] bootstrap_admin_ui: Session data before resolution: platform_admin=false, platform_role=null, user_id=39, session_id=rebmn5sub8674332emvel3gpul
[2026-04-25T14:07:04-04:00] bootstrap_admin_ui: Identity resolved: source=session, is_authenticated=true, user_id=39, is_platform_admin=false, preferred_language=en
[2026-04-25T14:07:04-04:00] bootstrap_admin_ui: Final preferred_language: en
[2026-04-25T14:07:04-04:00] bootstrap_admin_ui: Session data before resolution: platform_admin=false, platform_role=null, user_id=39, session_id=rebmn5sub8674332emvel3gpul
[2026-04-25T14:07:04-04:00] bootstrap_admin_ui: Identity resolved: source=session, is_authenticated=true, user_id=39, is_platform_admin=false, preferred_language=en
[2026-04-25T14:07:04-04:00] bootstrap_admin_ui: Final preferred_language: en
[2026-04-25T14:08:19-04:00] bootstrap_admin_ui: Session data before resolution: platform_admin=true, platform_role=super_admin, user_id=7, session_id=rebmn5sub8674332emvel3gpul
[2026-04-25T14:08:19-04:00] bootstrap_admin_ui: Identity resolved: source=platform_session, is_authenticated=true, user_id=7, is_platform_admin=true, preferred_language=en
[2026-04-25T14:08:19-04:00] bootstrap_admin_ui: Final preferred_language: en
[2026-04-25T14:08:30-04:00] bootstrap_admin_ui: Session data before resolution: platform_admin=true, platform_role=super_admin, user_id=7, session_id=rebmn5sub8674332emvel3gpul
[2026-04-25T14:08:30-04:00] bootstrap_admin_ui: Identity resolved: source=platform_session, is_authenticated=true, user_id=7, is_platform_admin=true, preferred_language=en
[2026-04-25T14:08:30-04:00] bootstrap_admin_ui: Final preferred_language: en
[2026-04-25T14:08:30-04:00] bootstrap_admin_ui: Session data before resolution: platform_admin=true, platform_role=super_admin, user_id=7, session_id=rebmn5sub8674332emvel3gpul
[2026-04-25T14:08:30-04:00] bootstrap_admin_ui: Identity resolved: source=platform_session, is_authenticated=true, user_id=7, is_platform_admin=true, preferred_language=en
[2026-04-25T14:08:30-04:00] bootstrap_admin_ui: Final preferred_language: en
[2026-04-25T14:08:31-04:00] bootstrap_admin_ui: Session data before resolution: platform_admin=true, platform_role=super_admin, user_id=7, session_id=rebmn5sub8674332emvel3gpul
[2026-04-25T14:08:31-04:00] bootstrap_admin_ui: Identity resolved: source=platform_session, is_authenticated=true, user_id=7, is_platform_admin=true, preferred_language=en
[2026-04-25T14:08:31-04:00] bootstrap_admin_ui: Final preferred_language: en
[2026-04-25T14:08:44-04:00] bootstrap_admin_ui: Session data before resolution: platform_admin=true, platform_role=super_admin, user_id=7, session_id=rebmn5sub8674332emvel3gpul
[2026-04-25T14:08:44-04:00] bootstrap_admin_ui: Identity resolved: source=platform_session, is_authenticated=true, user_id=7, is_platform_admin=true, preferred_language=en
[2026-04-25T14:08:44-04:00] bootstrap_admin_ui: Final preferred_language: en
[2026-04-25T14:08:44-04:00] bootstrap_admin_ui: Session data before resolution: platform_admin=true, platform_role=super_admin, user_id=7, session_id=rebmn5sub8674332emvel3gpul
[2026-04-25T14:08:44-04:00] bootstrap_admin_ui: Identity resolved: source=platform_session, is_authenticated=true, user_id=7, is_platform_admin=true, preferred_language=en
[2026-04-25T14:08:44-04:00] bootstrap_admin_ui: Final preferred_language: en
[2026-04-25T14:08:44-04:00] bootstrap_admin_ui: Session data before resolution: platform_admin=true, platform_role=super_admin, user_id=7, session_id=rebmn5sub8674332emvel3gpul
[2026-04-25T14:08:44-04:00] bootstrap_admin_ui: Identity resolved: source=platform_session, is_authenticated=true, user_id=7, is_platform_admin=true, preferred_language=en
[2026-04-25T14:08:44-04:00] bootstrap_admin_ui: Final preferred_language: en
[2026-04-25T14:08:49-04:00] bootstrap_admin_ui: Session data before resolution: platform_admin=true, platform_role=super_admin, user_id=7, session_id=rebmn5sub8674332emvel3gpul
[2026-04-25T14:08:49-04:00] bootstrap_admin_ui: Identity resolved: source=platform_session, is_authenticated=true, user_id=7, is_platform_admin=true, preferred_language=en
[2026-04-25T14:08:49-04:00] bootstrap_admin_ui: Final preferred_language: en
[2026-04-25T14:08:50-04:00] bootstrap_admin_ui: Session data before resolution: platform_admin=true, platform_role=super_admin, user_id=7, session_id=rebmn5sub8674332emvel3gpul
[2026-04-25T14:08:50-04:00] bootstrap_admin_ui: Identity resolved: source=platform_session, is_authenticated=true, user_id=7, is_platform_admin=true, preferred_language=en
[2026-04-25T14:08:50-04:00] bootstrap_admin_ui: Final preferred_language: en
[2026-04-25T14:08:54-04:00] bootstrap_admin_ui: Session data before resolution: platform_admin=true, platform_role=super_admin, user_id=7, session_id=rebmn5sub8674332emvel3gpul
[2026-04-25T14:08:54-04:00] bootstrap_admin_ui: Identity resolved: source=platform_session, is_authenticated=true, user_id=7, is_platform_admin=true, preferred_language=en
[2026-04-25T14:08:54-04:00] bootstrap_admin_ui: Final preferred_language: en
[2026-04-25T14:08:54-04:00] bootstrap_admin_ui: Session data before resolution: platform_admin=true, platform_role=super_admin, user_id=7, session_id=rebmn5sub8674332emvel3gpul
[2026-04-25T14:08:54-04:00] bootstrap_admin_ui: Identity resolved: source=platform_session, is_authenticated=true, user_id=7, is_platform_admin=true, preferred_language=en
[2026-04-25T14:08:54-04:00] bootstrap_admin_ui: Final preferred_language: en
[2026-04-25T14:09:00-04:00] bootstrap_admin_ui: Session data before resolution: platform_admin=true, platform_role=super_admin, user_id=7, session_id=rebmn5sub8674332emvel3gpul
[2026-04-25T14:09:00-04:00] bootstrap_admin_ui: Identity resolved: source=platform_session, is_authenticated=true, user_id=7, is_platform_admin=true, preferred_language=en
[2026-04-25T14:09:00-04:00] bootstrap_admin_ui: Final preferred_language: en
[2026-04-25T14:09:00-04:00] bootstrap_admin_ui: Session data before resolution: platform_admin=true, platform_role=super_admin, user_id=7, session_id=rebmn5sub8674332emvel3gpul
[2026-04-25T14:09:00-04:00] bootstrap_admin_ui: Identity resolved: source=platform_session, is_authenticated=true, user_id=7, is_platform_admin=true, preferred_language=en
[2026-04-25T14:09:00-04:00] bootstrap_admin_ui: Final preferred_language: en
[2026-04-25T14:09:05-04:00] bootstrap_admin_ui: Session data before resolution: platform_admin=true, platform_role=super_admin, user_id=7, session_id=rebmn5sub8674332emvel3gpul
[2026-04-25T14:09:05-04:00] bootstrap_admin_ui: Identity resolved: source=platform_session, is_authenticated=true, user_id=7, is_platform_admin=true, preferred_language=en
[2026-04-25T14:09:05-04:00] bootstrap_admin_ui: Final preferred_language: en
[2026-04-25T14:09:05-04:00] bootstrap_admin_ui: Session data before resolution: platform_admin=true, platform_role=super_admin, user_id=7, session_id=rebmn5sub8674332emvel3gpul
[2026-04-25T14:09:05-04:00] bootstrap_admin_ui: Identity resolved: source=platform_session, is_authenticated=true, user_id=7, is_platform_admin=true, preferred_language=en
[2026-04-25T14:09:05-04:00] bootstrap_admin_ui: Final preferred_language: en
[2026-04-25T14:10:19-04:00] bootstrap_admin_ui: Session data before resolution: platform_admin=true, platform_role=super_admin, user_id=7, session_id=rebmn5sub8674332emvel3gpul
[2026-04-25T14:10:19-04:00] bootstrap_admin_ui: Identity resolved: source=platform_session, is_authenticated=true, user_id=7, is_platform_admin=true, preferred_language=en
[2026-04-25T14:10:19-04:00] bootstrap_admin_ui: Final preferred_language: en
[2026-04-25T14:10:19-04:00] bootstrap_admin_ui: Session data before resolution: platform_admin=true, platform_role=super_admin, user_id=7, session_id=rebmn5sub8674332emvel3gpul
[2026-04-25T14:10:19-04:00] bootstrap_admin_ui: Identity resolved: source=platform_session, is_authenticated=true, user_id=7, is_platform_admin=true, preferred_language=en
[2026-04-25T14:10:19-04:00] bootstrap_admin_ui: Final preferred_language: en
[2026-04-25T14:10:23-04:00] bootstrap_admin_ui: Session data before resolution: platform_admin=true, platform_role=super_admin, user_id=7, session_id=rebmn5sub8674332emvel3gpul
[2026-04-25T14:10:23-04:00] bootstrap_admin_ui: Identity resolved: source=platform_session, is_authenticated=true, user_id=7, is_platform_admin=true, preferred_language=en
[2026-04-25T14:10:23-04:00] bootstrap_admin_ui: Final preferred_language: en
[2026-04-25T14:10:24-04:00] bootstrap_admin_ui: Session data before resolution: platform_admin=true, platform_role=super_admin, user_id=7, session_id=rebmn5sub8674332emvel3gpul
[2026-04-25T14:10:24-04:00] bootstrap_admin_ui: Identity resolved: source=platform_session, is_authenticated=true, user_id=7, is_platform_admin=true, preferred_language=en
[2026-04-25T14:10:24-04:00] bootstrap_admin_ui: Final preferred_language: en
[2026-04-25T14:11:17-04:00] bootstrap_admin_ui: Session data before resolution: platform_admin=false, platform_role=null, user_id=null, session_id=kcce4nouso9ojphifeh0fssi43
[2026-04-25T14:11:17-04:00] bootstrap_admin_ui: Identity resolved: source=guest, is_authenticated=false, user_id=null, is_platform_admin=false, preferred_language=en
[2026-04-25T14:11:17-04:00] bootstrap_admin_ui: Final preferred_language: en
[2026-04-25T14:11:24-04:00] bootstrap_admin_ui: Session data before resolution: platform_admin=false, platform_role=null, user_id=null, session_id=hcdrfvc87ms497226fsp49ujer
[2026-04-25T14:11:24-04:00] bootstrap_admin_ui: Identity resolved: source=guest, is_authenticated=false, user_id=null, is_platform_admin=false, preferred_language=en
[2026-04-25T14:11:24-04:00] bootstrap_admin_ui: Final preferred_language: en
[2026-04-25T14:12:16-04:00] bootstrap_admin_ui: Session data before resolution: platform_admin=false, platform_role=null, user_id=null, session_id=q1bh7knfbpj5n3jq9rhn423ijs
[2026-04-25T14:12:16-04:00] bootstrap_admin_ui: Identity resolved: source=guest, is_authenticated=false, user_id=null, is_platform_admin=false, preferred_language=en
[2026-04-25T14:12:16-04:00] bootstrap_admin_ui: Final preferred_language: en
[2026-04-25T14:12:24-04:00] bootstrap_admin_ui: Session data before resolution: platform_admin=false, platform_role=null, user_id=null, session_id=j417ntk9t4lvdm6rldtdjbamo7
[2026-04-25T14:12:24-04:00] bootstrap_admin_ui: Identity resolved: source=guest, is_authenticated=false, user_id=null, is_platform_admin=false, preferred_language=en
[2026-04-25T14:12:24-04:00] bootstrap_admin_ui: Final preferred_language: en
[2026-04-25T14:12:25-04:00] bootstrap_admin_ui: Session data before resolution: platform_admin=false, platform_role=null, user_id=null, session_id=j417ntk9t4lvdm6rldtdjbamo7
[2026-04-25T14:12:25-04:00] bootstrap_admin_ui: Identity resolved: source=guest, is_authenticated=false, user_id=null, is_platform_admin=false, preferred_language=en
[2026-04-25T14:12:25-04:00] bootstrap_admin_ui: Final preferred_language: en
[2026-04-25T14:12:26-04:00] bootstrap_admin_ui: Session data before resolution: platform_admin=false, platform_role=null, user_id=null, session_id=j417ntk9t4lvdm6rldtdjbamo7
[2026-04-25T14:12:26-04:00] bootstrap_admin_ui: Identity resolved: source=guest, is_authenticated=false, user_id=null, is_platform_admin=false, preferred_language=en
[2026-04-25T14:12:26-04:00] bootstrap_admin_ui: Final preferred_language: en
[2026-04-26T04:06:18-04:00] bootstrap_admin_ui: Session data before resolution: platform_admin=false, platform_role=null, user_id=39, session_id=06o8hp5qvo77di54ge90h171p9
[2026-04-26T04:06:18-04:00] bootstrap_admin_ui: Identity resolved: source=session, is_authenticated=true, user_id=39, is_platform_admin=false, preferred_language=en
[2026-04-26T04:06:18-04:00] bootstrap_admin_ui: Final preferred_language: en
[2026-04-26T04:06:24-04:00] bootstrap_admin_ui: Session data before resolution: platform_admin=false, platform_role=null, user_id=39, session_id=06o8hp5qvo77di54ge90h171p9
[2026-04-26T04:06:24-04:00] bootstrap_admin_ui: Identity resolved: source=session, is_authenticated=true, user_id=39, is_platform_admin=false, preferred_language=en
[2026-04-26T04:06:24-04:00] bootstrap_admin_ui: Final preferred_language: en
[2026-04-26T04:06:24-04:00] bootstrap_admin_ui: Session data before resolution: platform_admin=false, platform_role=null, user_id=39, session_id=06o8hp5qvo77di54ge90h171p9
[2026-04-26T04:06:24-04:00] bootstrap_admin_ui: Identity resolved: source=session, is_authenticated=true, user_id=39, is_platform_admin=false, preferred_language=en
[2026-04-26T04:06:24-04:00] bootstrap_admin_ui: Final preferred_language: en
[2026-04-26T04:06:27-04:00] bootstrap_admin_ui: Session data before resolution: platform_admin=false, platform_role=null, user_id=39, session_id=06o8hp5qvo77di54ge90h171p9
[2026-04-26T04:06:27-04:00] bootstrap_admin_ui: Identity resolved: source=session, is_authenticated=true, user_id=39, is_platform_admin=false, preferred_language=en
[2026-04-26T04:06:27-04:00] bootstrap_admin_ui: Final preferred_language: en
[2026-04-26T04:06:27-04:00] bootstrap_admin_ui: Session data before resolution: platform_admin=false, platform_role=null, user_id=39, session_id=06o8hp5qvo77di54ge90h171p9
[2026-04-26T04:06:27-04:00] bootstrap_admin_ui: Identity resolved: source=session, is_authenticated=true, user_id=39, is_platform_admin=false, preferred_language=en
[2026-04-26T04:06:27-04:00] bootstrap_admin_ui: Final preferred_language: en
[2026-04-26T04:06:28-04:00] bootstrap_admin_ui: Session data before resolution: platform_admin=false, platform_role=null, user_id=39, session_id=06o8hp5qvo77di54ge90h171p9
[2026-04-26T04:06:28-04:00] bootstrap_admin_ui: Identity resolved: source=session, is_authenticated=true, user_id=39, is_platform_admin=false, preferred_language=en
[2026-04-26T04:06:28-04:00] bootstrap_admin_ui: Final preferred_language: en
[2026-04-26T04:11:09-04:00] bootstrap_admin_ui: Session data before resolution: platform_admin=false, platform_role=null, user_id=39, session_id=06o8hp5qvo77di54ge90h171p9
[2026-04-26T04:11:09-04:00] bootstrap_admin_ui: Identity resolved: source=session, is_authenticated=true, user_id=39, is_platform_admin=false, preferred_language=en
[2026-04-26T04:11:09-04:00] bootstrap_admin_ui: Final preferred_language: en
[2026-04-26T04:11:09-04:00] bootstrap_admin_ui: Session data before resolution: platform_admin=false, platform_role=null, user_id=39, session_id=06o8hp5qvo77di54ge90h171p9
[2026-04-26T04:11:09-04:00] bootstrap_admin_ui: Identity resolved: source=session, is_authenticated=true, user_id=39, is_platform_admin=false, preferred_language=en
[2026-04-26T04:11:09-04:00] bootstrap_admin_ui: Final preferred_language: en
[2026-04-26T04:11:09-04:00] bootstrap_admin_ui: Session data before resolution: platform_admin=false, platform_role=null, user_id=39, session_id=06o8hp5qvo77di54ge90h171p9
[2026-04-26T04:11:09-04:00] bootstrap_admin_ui: Identity resolved: source=session, is_authenticated=true, user_id=39, is_platform_admin=false, preferred_language=en
[2026-04-26T04:11:09-04:00] bootstrap_admin_ui: Final preferred_language: en
[2026-04-26T04:11:11-04:00] bootstrap_admin_ui: Session data before resolution: platform_admin=false, platform_role=null, user_id=39, session_id=06o8hp5qvo77di54ge90h171p9
[2026-04-26T04:11:11-04:00] bootstrap_admin_ui: Identity resolved: source=session, is_authenticated=true, user_id=39, is_platform_admin=false, preferred_language=en
[2026-04-26T04:11:11-04:00] bootstrap_admin_ui: Final preferred_language: en
[2026-04-26T04:11:11-04:00] bootstrap_admin_ui: Session data before resolution: platform_admin=false, platform_role=null, user_id=39, session_id=06o8hp5qvo77di54ge90h171p9
[2026-04-26T04:11:11-04:00] bootstrap_admin_ui: Identity resolved: source=session, is_authenticated=true, user_id=39, is_platform_admin=false, preferred_language=en
[2026-04-26T04:11:11-04:00] bootstrap_admin_ui: Final preferred_language: en
[2026-04-26T04:11:12-04:00] bootstrap_admin_ui: Session data before resolution: platform_admin=false, platform_role=null, user_id=39, session_id=06o8hp5qvo77di54ge90h171p9
[2026-04-26T04:11:12-04:00] bootstrap_admin_ui: Identity resolved: source=session, is_authenticated=true, user_id=39, is_platform_admin=false, preferred_language=en
[2026-04-26T04:11:12-04:00] bootstrap_admin_ui: Final preferred_language: en
[2026-04-26T04:13:20-04:00] bootstrap_admin_ui: Session data before resolution: platform_admin=false, platform_role=null, user_id=39, session_id=06o8hp5qvo77di54ge90h171p9
[2026-04-26T04:13:20-04:00] bootstrap_admin_ui: Identity resolved: source=session, is_authenticated=true, user_id=39, is_platform_admin=false, preferred_language=en
[2026-04-26T04:13:20-04:00] bootstrap_admin_ui: Final preferred_language: en
[2026-04-26T04:13:32-04:00] bootstrap_admin_ui: Session data before resolution: platform_admin=false, platform_role=null, user_id=39, session_id=06o8hp5qvo77di54ge90h171p9
[2026-04-26T04:13:32-04:00] bootstrap_admin_ui: Identity resolved: source=session, is_authenticated=true, user_id=39, is_platform_admin=false, preferred_language=en
[2026-04-26T04:13:32-04:00] bootstrap_admin_ui: Final preferred_language: en
[2026-04-26T04:13:33-04:00] bootstrap_admin_ui: Session data before resolution: platform_admin=false, platform_role=null, user_id=39, session_id=06o8hp5qvo77di54ge90h171p9
[2026-04-26T04:13:33-04:00] bootstrap_admin_ui: Identity resolved: source=session, is_authenticated=true, user_id=39, is_platform_admin=false, preferred_language=en
[2026-04-26T04:13:33-04:00] bootstrap_admin_ui: Final preferred_language: en
[2026-04-26T04:15:23-04:00] bootstrap_admin_ui: Session data before resolution: platform_admin=false, platform_role=null, user_id=39, session_id=06o8hp5qvo77di54ge90h171p9
[2026-04-26T04:15:23-04:00] bootstrap_admin_ui: Identity resolved: source=session, is_authenticated=true, user_id=39, is_platform_admin=false, preferred_language=en
[2026-04-26T04:15:23-04:00] bootstrap_admin_ui: Final preferred_language: en
[2026-04-26T04:15:23-04:00] bootstrap_admin_ui: Session data before resolution: platform_admin=false, platform_role=null, user_id=39, session_id=06o8hp5qvo77di54ge90h171p9
[2026-04-26T04:15:23-04:00] bootstrap_admin_ui: Identity resolved: source=session, is_authenticated=true, user_id=39, is_platform_admin=false, preferred_language=en
[2026-04-26T04:15:23-04:00] bootstrap_admin_ui: Final preferred_language: en
[2026-04-26T04:31:23-04:00] bootstrap_admin_ui: Session data before resolution: platform_admin=false, platform_role=null, user_id=39, session_id=06o8hp5qvo77di54ge90h171p9
[2026-04-26T04:31:23-04:00] bootstrap_admin_ui: Identity resolved: source=session, is_authenticated=true, user_id=39, is_platform_admin=false, preferred_language=en
[2026-04-26T04:31:23-04:00] bootstrap_admin_ui: Final preferred_language: en
[2026-04-26T04:31:48-04:00] bootstrap_admin_ui: Session data before resolution: platform_admin=false, platform_role=null, user_id=39, session_id=uiqf0netsfmehk1n0t3c2ad4cj
[2026-04-26T04:31:48-04:00] bootstrap_admin_ui: Identity resolved: source=session, is_authenticated=true, user_id=39, is_platform_admin=false, preferred_language=en
[2026-04-26T04:31:48-04:00] bootstrap_admin_ui: Final preferred_language: en
[2026-04-26T04:32:06-04:00] bootstrap_admin_ui: Session data before resolution: platform_admin=false, platform_role=null, user_id=39, session_id=uiqf0netsfmehk1n0t3c2ad4cj
[2026-04-26T04:32:06-04:00] bootstrap_admin_ui: Identity resolved: source=session, is_authenticated=true, user_id=39, is_platform_admin=false, preferred_language=en
[2026-04-26T04:32:06-04:00] bootstrap_admin_ui: Final preferred_language: en
[2026-04-26T04:32:06-04:00] bootstrap_admin_ui: Session data before resolution: platform_admin=false, platform_role=null, user_id=39, session_id=uiqf0netsfmehk1n0t3c2ad4cj
[2026-04-26T04:32:06-04:00] bootstrap_admin_ui: Identity resolved: source=session, is_authenticated=true, user_id=39, is_platform_admin=false, preferred_language=en
[2026-04-26T04:32:06-04:00] bootstrap_admin_ui: Final preferred_language: en
[2026-04-26T04:32:32-04:00] bootstrap_admin_ui: Session data before resolution: platform_admin=false, platform_role=null, user_id=39, session_id=uiqf0netsfmehk1n0t3c2ad4cj
[2026-04-26T04:32:32-04:00] bootstrap_admin_ui: Identity resolved: source=session, is_authenticated=true, user_id=39, is_platform_admin=false, preferred_language=en
[2026-04-26T04:32:32-04:00] bootstrap_admin_ui: Final preferred_language: en
[2026-04-26T04:33:43-04:00] bootstrap_admin_ui: Session data before resolution: platform_admin=true, platform_role=super_admin, user_id=7, session_id=1ih2m269lcg9kti9dillg9fhou
[2026-04-26T04:33:43-04:00] bootstrap_admin_ui: Identity resolved: source=platform_session, is_authenticated=true, user_id=7, is_platform_admin=true, preferred_language=en
[2026-04-26T04:33:43-04:00] bootstrap_admin_ui: Final preferred_language: en
[2026-04-26T04:34:01-04:00] bootstrap_admin_ui: Session data before resolution: platform_admin=true, platform_role=super_admin, user_id=7, session_id=1ih2m269lcg9kti9dillg9fhou
[2026-04-26T04:34:01-04:00] bootstrap_admin_ui: Identity resolved: source=platform_session, is_authenticated=true, user_id=7, is_platform_admin=true, preferred_language=en
[2026-04-26T04:34:01-04:00] bootstrap_admin_ui: Final preferred_language: en
[2026-04-26T04:34:01-04:00] bootstrap_admin_ui: Session data before resolution: platform_admin=true, platform_role=super_admin, user_id=7, session_id=1ih2m269lcg9kti9dillg9fhou
[2026-04-26T04:34:01-04:00] bootstrap_admin_ui: Identity resolved: source=platform_session, is_authenticated=true, user_id=7, is_platform_admin=true, preferred_language=en
[2026-04-26T04:34:01-04:00] bootstrap_admin_ui: Final preferred_language: en
[2026-04-26T04:35:52-04:00] bootstrap_admin_ui: Session data before resolution: platform_admin=true, platform_role=super_admin, user_id=7, session_id=1ih2m269lcg9kti9dillg9fhou
[2026-04-26T04:35:52-04:00] bootstrap_admin_ui: Identity resolved: source=platform_session, is_authenticated=true, user_id=7, is_platform_admin=true, preferred_language=en
[2026-04-26T04:35:52-04:00] bootstrap_admin_ui: Final preferred_language: en
[2026-04-26T04:40:15-04:00] bootstrap_admin_ui: Session data before resolution: platform_admin=true, platform_role=super_admin, user_id=7, session_id=1ih2m269lcg9kti9dillg9fhou
[2026-04-26T04:40:15-04:00] bootstrap_admin_ui: Identity resolved: source=platform_session, is_authenticated=true, user_id=7, is_platform_admin=true, preferred_language=en
[2026-04-26T04:40:15-04:00] bootstrap_admin_ui: Final preferred_language: en
[2026-04-26T04:41:03-04:00] bootstrap_admin_ui: Session data before resolution: platform_admin=true, platform_role=super_admin, user_id=7, session_id=1ih2m269lcg9kti9dillg9fhou
[2026-04-26T04:41:03-04:00] bootstrap_admin_ui: Identity resolved: source=platform_session, is_authenticated=true, user_id=7, is_platform_admin=true, preferred_language=en
[2026-04-26T04:41:03-04:00] bootstrap_admin_ui: Final preferred_language: en
[2026-04-26T04:45:39-04:00] bootstrap_admin_ui: Session data before resolution: platform_admin=true, platform_role=super_admin, user_id=7, session_id=ud1l1vkqagvditr8siajnjpa0g
[2026-04-26T04:45:39-04:00] bootstrap_admin_ui: Identity resolved: source=platform_session, is_authenticated=true, user_id=7, is_platform_admin=true, preferred_language=en
[2026-04-26T04:45:39-04:00] bootstrap_admin_ui: Final preferred_language: en
[2026-04-26T04:45:50-04:00] bootstrap_admin_ui: Session data before resolution: platform_admin=true, platform_role=super_admin, user_id=7, session_id=ud1l1vkqagvditr8siajnjpa0g
[2026-04-26T04:45:50-04:00] bootstrap_admin_ui: Identity resolved: source=platform_session, is_authenticated=true, user_id=7, is_platform_admin=true, preferred_language=en
[2026-04-26T04:45:50-04:00] bootstrap_admin_ui: Final preferred_language: en
[2026-04-26T04:45:50-04:00] bootstrap_admin_ui: Session data before resolution: platform_admin=true, platform_role=super_admin, user_id=7, session_id=ud1l1vkqagvditr8siajnjpa0g
[2026-04-26T04:45:50-04:00] bootstrap_admin_ui: Identity resolved: source=platform_session, is_authenticated=true, user_id=7, is_platform_admin=true, preferred_language=en
[2026-04-26T04:45:50-04:00] bootstrap_admin_ui: Final preferred_language: en
[2026-04-26T04:45:51-04:00] bootstrap_admin_ui: Session data before resolution: platform_admin=true, platform_role=super_admin, user_id=7, session_id=ud1l1vkqagvditr8siajnjpa0g
[2026-04-26T04:45:51-04:00] bootstrap_admin_ui: Identity resolved: source=platform_session, is_authenticated=true, user_id=7, is_platform_admin=true, preferred_language=en
[2026-04-26T04:45:51-04:00] bootstrap_admin_ui: Final preferred_language: en
[2026-04-26T04:45:58-04:00] bootstrap_admin_ui: Session data before resolution: platform_admin=true, platform_role=super_admin, user_id=7, session_id=ud1l1vkqagvditr8siajnjpa0g
[2026-04-26T04:45:58-04:00] bootstrap_admin_ui: Identity resolved: source=platform_session, is_authenticated=true, user_id=7, is_platform_admin=true, preferred_language=en
[2026-04-26T04:45:58-04:00] bootstrap_admin_ui: Final preferred_language: en
[2026-04-26T04:45:58-04:00] bootstrap_admin_ui: Session data before resolution: platform_admin=true, platform_role=super_admin, user_id=7, session_id=ud1l1vkqagvditr8siajnjpa0g
[2026-04-26T04:45:58-04:00] bootstrap_admin_ui: Identity resolved: source=platform_session, is_authenticated=true, user_id=7, is_platform_admin=true, preferred_language=en
[2026-04-26T04:45:58-04:00] bootstrap_admin_ui: Final preferred_language: en
[2026-04-26T04:45:58-04:00] bootstrap_admin_ui: Session data before resolution: platform_admin=true, platform_role=super_admin, user_id=7, session_id=ud1l1vkqagvditr8siajnjpa0g
[2026-04-26T04:45:58-04:00] bootstrap_admin_ui: Identity resolved: source=platform_session, is_authenticated=true, user_id=7, is_platform_admin=true, preferred_language=en
[2026-04-26T04:45:58-04:00] bootstrap_admin_ui: Final preferred_language: en
[2026-04-26T04:46:06-04:00] bootstrap_admin_ui: Session data before resolution: platform_admin=true, platform_role=super_admin, user_id=7, session_id=ud1l1vkqagvditr8siajnjpa0g
[2026-04-26T04:46:06-04:00] bootstrap_admin_ui: Identity resolved: source=platform_session, is_authenticated=true, user_id=7, is_platform_admin=true, preferred_language=en
[2026-04-26T04:46:06-04:00] bootstrap_admin_ui: Final preferred_language: en
[2026-04-26T04:46:07-04:00] bootstrap_admin_ui: Session data before resolution: platform_admin=true, platform_role=super_admin, user_id=7, session_id=ud1l1vkqagvditr8siajnjpa0g
[2026-04-26T04:46:07-04:00] bootstrap_admin_ui: Identity resolved: source=platform_session, is_authenticated=true, user_id=7, is_platform_admin=true, preferred_language=en
[2026-04-26T04:46:07-04:00] bootstrap_admin_ui: Final preferred_language: en
[2026-04-26T04:46:08-04:00] bootstrap_admin_ui: Session data before resolution: platform_admin=true, platform_role=super_admin, user_id=7, session_id=ud1l1vkqagvditr8siajnjpa0g
[2026-04-26T04:46:08-04:00] bootstrap_admin_ui: Identity resolved: source=platform_session, is_authenticated=true, user_id=7, is_platform_admin=true, preferred_language=en
[2026-04-26T04:46:08-04:00] bootstrap_admin_ui: Final preferred_language: en
[2026-04-26T04:46:09-04:00] bootstrap_admin_ui: Session data before resolution: platform_admin=true, platform_role=super_admin, user_id=7, session_id=ud1l1vkqagvditr8siajnjpa0g
[2026-04-26T04:46:09-04:00] bootstrap_admin_ui: Identity resolved: source=platform_session, is_authenticated=true, user_id=7, is_platform_admin=true, preferred_language=en
[2026-04-26T04:46:09-04:00] bootstrap_admin_ui: Final preferred_language: en
[2026-04-26T04:46:10-04:00] bootstrap_admin_ui: Session data before resolution: platform_admin=true, platform_role=super_admin, user_id=7, session_id=ud1l1vkqagvditr8siajnjpa0g
[2026-04-26T04:46:10-04:00] bootstrap_admin_ui: Identity resolved: source=platform_session, is_authenticated=true, user_id=7, is_platform_admin=true, preferred_language=en
[2026-04-26T04:46:10-04:00] bootstrap_admin_ui: Final preferred_language: en
[2026-04-26T04:46:10-04:00] bootstrap_admin_ui: Session data before resolution: platform_admin=true, platform_role=super_admin, user_id=7, session_id=ud1l1vkqagvditr8siajnjpa0g
[2026-04-26T04:46:10-04:00] bootstrap_admin_ui: Identity resolved: source=platform_session, is_authenticated=true, user_id=7, is_platform_admin=true, preferred_language=en
[2026-04-26T04:46:10-04:00] bootstrap_admin_ui: Final preferred_language: en
[2026-04-26T04:46:12-04:00] bootstrap_admin_ui: Session data before resolution: platform_admin=true, platform_role=super_admin, user_id=7, session_id=ud1l1vkqagvditr8siajnjpa0g
[2026-04-26T04:46:12-04:00] bootstrap_admin_ui: Identity resolved: source=platform_session, is_authenticated=true, user_id=7, is_platform_admin=true, preferred_language=en
[2026-04-26T04:46:12-04:00] bootstrap_admin_ui: Final preferred_language: en
[2026-04-26T04:46:13-04:00] bootstrap_admin_ui: Session data before resolution: platform_admin=true, platform_role=super_admin, user_id=7, session_id=ud1l1vkqagvditr8siajnjpa0g
[2026-04-26T04:46:13-04:00] bootstrap_admin_ui: Identity resolved: source=platform_session, is_authenticated=true, user_id=7, is_platform_admin=true, preferred_language=en
[2026-04-26T04:46:13-04:00] bootstrap_admin_ui: Final preferred_language: en
[2026-04-26T04:46:54-04:00] bootstrap_admin_ui: Session data before resolution: platform_admin=true, platform_role=super_admin, user_id=7, session_id=ud1l1vkqagvditr8siajnjpa0g
[2026-04-26T04:46:54-04:00] bootstrap_admin_ui: Identity resolved: source=platform_session, is_authenticated=true, user_id=7, is_platform_admin=true, preferred_language=en
[2026-04-26T04:46:54-04:00] bootstrap_admin_ui: Final preferred_language: en
[2026-04-26T04:49:43-04:00] bootstrap_admin_ui: Session data before resolution: platform_admin=true, platform_role=super_admin, user_id=7, session_id=ud1l1vkqagvditr8siajnjpa0g
[2026-04-26T04:49:43-04:00] bootstrap_admin_ui: Identity resolved: source=platform_session, is_authenticated=true, user_id=7, is_platform_admin=true, preferred_language=en
[2026-04-26T04:49:43-04:00] bootstrap_admin_ui: Final preferred_language: en
[2026-04-26T04:49:57-04:00] bootstrap_admin_ui: Session data before resolution: platform_admin=true, platform_role=super_admin, user_id=7, session_id=ud1l1vkqagvditr8siajnjpa0g
[2026-04-26T04:49:57-04:00] bootstrap_admin_ui: Identity resolved: source=platform_session, is_authenticated=true, user_id=7, is_platform_admin=true, preferred_language=en
[2026-04-26T04:49:57-04:00] bootstrap_admin_ui: Final preferred_language: en
[2026-04-26T04:49:57-04:00] bootstrap_admin_ui: Session data before resolution: platform_admin=true, platform_role=super_admin, user_id=7, session_id=ud1l1vkqagvditr8siajnjpa0g
[2026-04-26T04:49:57-04:00] bootstrap_admin_ui: Identity resolved: source=platform_session, is_authenticated=true, user_id=7, is_platform_admin=true, preferred_language=en
[2026-04-26T04:49:57-04:00] bootstrap_admin_ui: Final preferred_language: en
[2026-04-26T04:50:04-04:00] bootstrap_admin_ui: Session data before resolution: platform_admin=true, platform_role=super_admin, user_id=7, session_id=ud1l1vkqagvditr8siajnjpa0g
[2026-04-26T04:50:04-04:00] bootstrap_admin_ui: Identity resolved: source=platform_session, is_authenticated=true, user_id=7, is_platform_admin=true, preferred_language=en
[2026-04-26T04:50:04-04:00] bootstrap_admin_ui: Final preferred_language: en
[2026-04-26T04:50:18-04:00] bootstrap_admin_ui: Session data before resolution: platform_admin=true, platform_role=super_admin, user_id=7, session_id=nd9fmpe9r67d4lfjgpa8ovu7t6
[2026-04-26T04:50:18-04:00] bootstrap_admin_ui: Identity resolved: source=platform_session, is_authenticated=true, user_id=7, is_platform_admin=true, preferred_language=en
[2026-04-26T04:50:18-04:00] bootstrap_admin_ui: Final preferred_language: en
[2026-04-26T04:53:33-04:00] bootstrap_admin_ui: Session data before resolution: platform_admin=true, platform_role=super_admin, user_id=7, session_id=sge9c04kflrgaiduka4hrhagh7
[2026-04-26T04:53:33-04:00] bootstrap_admin_ui: Identity resolved: source=platform_session, is_authenticated=true, user_id=7, is_platform_admin=true, preferred_language=en
[2026-04-26T04:53:33-04:00] bootstrap_admin_ui: Final preferred_language: en
[2026-04-26T04:54:00-04:00] bootstrap_admin_ui: Session data before resolution: platform_admin=true, platform_role=super_admin, user_id=7, session_id=sge9c04kflrgaiduka4hrhagh7
[2026-04-26T04:54:00-04:00] bootstrap_admin_ui: Identity resolved: source=platform_session, is_authenticated=true, user_id=7, is_platform_admin=true, preferred_language=en
[2026-04-26T04:54:00-04:00] bootstrap_admin_ui: Final preferred_language: en
[2026-04-26T04:54:00-04:00] bootstrap_admin_ui: Session data before resolution: platform_admin=true, platform_role=super_admin, user_id=7, session_id=sge9c04kflrgaiduka4hrhagh7
[2026-04-26T04:54:00-04:00] bootstrap_admin_ui: Identity resolved: source=platform_session, is_authenticated=true, user_id=7, is_platform_admin=true, preferred_language=en
[2026-04-26T04:54:00-04:00] bootstrap_admin_ui: Final preferred_language: en
[2026-04-26T04:54:09-04:00] bootstrap_admin_ui: Session data before resolution: platform_admin=true, platform_role=super_admin, user_id=7, session_id=sge9c04kflrgaiduka4hrhagh7
[2026-04-26T04:54:09-04:00] bootstrap_admin_ui: Identity resolved: source=platform_session, is_authenticated=true, user_id=7, is_platform_admin=true, preferred_language=en
[2026-04-26T04:54:09-04:00] bootstrap_admin_ui: Final preferred_language: en
[2026-04-26T04:58:09-04:00] bootstrap_admin_ui: Session data before resolution: platform_admin=true, platform_role=super_admin, user_id=7, session_id=sge9c04kflrgaiduka4hrhagh7
[2026-04-26T04:58:09-04:00] bootstrap_admin_ui: Identity resolved: source=platform_session, is_authenticated=true, user_id=7, is_platform_admin=true, preferred_language=en
[2026-04-26T04:58:09-04:00] bootstrap_admin_ui: Final preferred_language: en
[2026-04-26T04:58:17-04:00] bootstrap_admin_ui: Session data before resolution: platform_admin=true, platform_role=super_admin, user_id=7, session_id=sge9c04kflrgaiduka4hrhagh7
[2026-04-26T04:58:17-04:00] bootstrap_admin_ui: Identity resolved: source=platform_session, is_authenticated=true, user_id=7, is_platform_admin=true, preferred_language=en
[2026-04-26T04:58:17-04:00] bootstrap_admin_ui: Final preferred_language: en
[2026-04-26T04:58:17-04:00] bootstrap_admin_ui: Session data before resolution: platform_admin=true, platform_role=super_admin, user_id=7, session_id=sge9c04kflrgaiduka4hrhagh7
[2026-04-26T04:58:17-04:00] bootstrap_admin_ui: Identity resolved: source=platform_session, is_authenticated=true, user_id=7, is_platform_admin=true, preferred_language=en
[2026-04-26T04:58:17-04:00] bootstrap_admin_ui: Final preferred_language: en
[2026-04-26T04:58:18-04:00] bootstrap_admin_ui: Session data before resolution: platform_admin=true, platform_role=super_admin, user_id=7, session_id=sge9c04kflrgaiduka4hrhagh7
[2026-04-26T04:58:18-04:00] bootstrap_admin_ui: Identity resolved: source=platform_session, is_authenticated=true, user_id=7, is_platform_admin=true, preferred_language=en
[2026-04-26T04:58:18-04:00] bootstrap_admin_ui: Final preferred_language: en
[2026-04-26T04:58:18-04:00] bootstrap_admin_ui: Session data before resolution: platform_admin=true, platform_role=super_admin, user_id=7, session_id=sge9c04kflrgaiduka4hrhagh7
[2026-04-26T04:58:18-04:00] bootstrap_admin_ui: Identity resolved: source=platform_session, is_authenticated=true, user_id=7, is_platform_admin=true, preferred_language=en
[2026-04-26T04:58:18-04:00] bootstrap_admin_ui: Final preferred_language: en
[2026-04-26T04:58:21-04:00] bootstrap_admin_ui: Session data before resolution: platform_admin=true, platform_role=super_admin, user_id=7, session_id=sge9c04kflrgaiduka4hrhagh7
[2026-04-26T04:58:21-04:00] bootstrap_admin_ui: Identity resolved: source=platform_session, is_authenticated=true, user_id=7, is_platform_admin=true, preferred_language=en
[2026-04-26T04:58:21-04:00] bootstrap_admin_ui: Final preferred_language: en
[2026-04-26T04:58:21-04:00] bootstrap_admin_ui: Session data before resolution: platform_admin=true, platform_role=super_admin, user_id=7, session_id=sge9c04kflrgaiduka4hrhagh7
[2026-04-26T04:58:21-04:00] bootstrap_admin_ui: Identity resolved: source=platform_session, is_authenticated=true, user_id=7, is_platform_admin=true, preferred_language=en
[2026-04-26T04:58:21-04:00] bootstrap_admin_ui: Final preferred_language: en
[2026-04-26T04:58:21-04:00] bootstrap_admin_ui: Session data before resolution: platform_admin=true, platform_role=super_admin, user_id=7, session_id=sge9c04kflrgaiduka4hrhagh7
[2026-04-26T04:58:21-04:00] bootstrap_admin_ui: Identity resolved: source=platform_session, is_authenticated=true, user_id=7, is_platform_admin=true, preferred_language=en
[2026-04-26T04:58:21-04:00] bootstrap_admin_ui: Final preferred_language: en
[2026-04-26T04:58:25-04:00] bootstrap_admin_ui: Session data before resolution: platform_admin=true, platform_role=super_admin, user_id=7, session_id=sge9c04kflrgaiduka4hrhagh7
[2026-04-26T04:58:25-04:00] bootstrap_admin_ui: Identity resolved: source=platform_session, is_authenticated=true, user_id=7, is_platform_admin=true, preferred_language=en
[2026-04-26T04:58:25-04:00] bootstrap_admin_ui: Final preferred_language: en
[2026-04-26T04:58:25-04:00] bootstrap_admin_ui: Session data before resolution: platform_admin=true, platform_role=super_admin, user_id=7, session_id=sge9c04kflrgaiduka4hrhagh7
[2026-04-26T04:58:25-04:00] bootstrap_admin_ui: Identity resolved: source=platform_session, is_authenticated=true, user_id=7, is_platform_admin=true, preferred_language=en
[2026-04-26T04:58:25-04:00] bootstrap_admin_ui: Final preferred_language: en
[2026-04-26T04:58:28-04:00] bootstrap_admin_ui: Session data before resolution: platform_admin=true, platform_role=super_admin, user_id=7, session_id=sge9c04kflrgaiduka4hrhagh7
[2026-04-26T04:58:28-04:00] bootstrap_admin_ui: Identity resolved: source=platform_session, is_authenticated=true, user_id=7, is_platform_admin=true, preferred_language=en
[2026-04-26T04:58:28-04:00] bootstrap_admin_ui: Final preferred_language: en
[2026-04-26T04:58:28-04:00] bootstrap_admin_ui: Session data before resolution: platform_admin=true, platform_role=super_admin, user_id=7, session_id=sge9c04kflrgaiduka4hrhagh7
[2026-04-26T04:58:28-04:00] bootstrap_admin_ui: Identity resolved: source=platform_session, is_authenticated=true, user_id=7, is_platform_admin=true, preferred_language=en
[2026-04-26T04:58:28-04:00] bootstrap_admin_ui: Final preferred_language: en
[2026-04-26T04:58:28-04:00] bootstrap_admin_ui: Session data before resolution: platform_admin=true, platform_role=super_admin, user_id=7, session_id=sge9c04kflrgaiduka4hrhagh7
[2026-04-26T04:58:28-04:00] bootstrap_admin_ui: Identity resolved: source=platform_session, is_authenticated=true, user_id=7, is_platform_admin=true, preferred_language=en
[2026-04-26T04:58:28-04:00] bootstrap_admin_ui: Final preferred_language: en
[2026-04-26T04:58:34-04:00] bootstrap_admin_ui: Session data before resolution: platform_admin=true, platform_role=super_admin, user_id=7, session_id=sge9c04kflrgaiduka4hrhagh7
[2026-04-26T04:58:34-04:00] bootstrap_admin_ui: Identity resolved: source=platform_session, is_authenticated=true, user_id=7, is_platform_admin=true, preferred_language=en
[2026-04-26T04:58:34-04:00] bootstrap_admin_ui: Final preferred_language: en
[2026-04-26T04:58:34-04:00] bootstrap_admin_ui: Session data before resolution: platform_admin=true, platform_role=super_admin, user_id=7, session_id=sge9c04kflrgaiduka4hrhagh7
[2026-04-26T04:58:34-04:00] bootstrap_admin_ui: Identity resolved: source=platform_session, is_authenticated=true, user_id=7, is_platform_admin=true, preferred_language=en
[2026-04-26T04:58:34-04:00] bootstrap_admin_ui: Final preferred_language: en
[2026-04-26T04:58:39-04:00] bootstrap_admin_ui: Session data before resolution: platform_admin=true, platform_role=super_admin, user_id=7, session_id=sge9c04kflrgaiduka4hrhagh7
[2026-04-26T04:58:39-04:00] bootstrap_admin_ui: Identity resolved: source=platform_session, is_authenticated=true, user_id=7, is_platform_admin=true, preferred_language=en
[2026-04-26T04:58:39-04:00] bootstrap_admin_ui: Final preferred_language: en
[2026-04-26T04:58:39-04:00] bootstrap_admin_ui: Session data before resolution: platform_admin=true, platform_role=super_admin, user_id=7, session_id=sge9c04kflrgaiduka4hrhagh7
[2026-04-26T04:58:39-04:00] bootstrap_admin_ui: Identity resolved: source=platform_session, is_authenticated=true, user_id=7, is_platform_admin=true, preferred_language=en
[2026-04-26T04:58:39-04:00] bootstrap_admin_ui: Final preferred_language: en
[2026-04-26T04:58:41-04:00] bootstrap_admin_ui: Session data before resolution: platform_admin=true, platform_role=super_admin, user_id=7, session_id=sge9c04kflrgaiduka4hrhagh7
[2026-04-26T04:58:41-04:00] bootstrap_admin_ui: Identity resolved: source=platform_session, is_authenticated=true, user_id=7, is_platform_admin=true, preferred_language=en
[2026-04-26T04:58:41-04:00] bootstrap_admin_ui: Final preferred_language: en
[2026-04-26T04:58:41-04:00] bootstrap_admin_ui: Session data before resolution: platform_admin=true, platform_role=super_admin, user_id=7, session_id=sge9c04kflrgaiduka4hrhagh7
[2026-04-26T04:58:41-04:00] bootstrap_admin_ui: Identity resolved: source=platform_session, is_authenticated=true, user_id=7, is_platform_admin=true, preferred_language=en
[2026-04-26T04:58:41-04:00] bootstrap_admin_ui: Final preferred_language: en
[2026-04-26T04:58:44-04:00] bootstrap_admin_ui: Session data before resolution: platform_admin=true, platform_role=super_admin, user_id=7, session_id=sge9c04kflrgaiduka4hrhagh7
[2026-04-26T04:58:44-04:00] bootstrap_admin_ui: Identity resolved: source=platform_session, is_authenticated=true, user_id=7, is_platform_admin=true, preferred_language=en
[2026-04-26T04:58:44-04:00] bootstrap_admin_ui: Final preferred_language: en
[2026-04-26T04:58:44-04:00] bootstrap_admin_ui: Session data before resolution: platform_admin=true, platform_role=super_admin, user_id=7, session_id=sge9c04kflrgaiduka4hrhagh7
[2026-04-26T04:58:44-04:00] bootstrap_admin_ui: Identity resolved: source=platform_session, is_authenticated=true, user_id=7, is_platform_admin=true, preferred_language=en
[2026-04-26T04:58:44-04:00] bootstrap_admin_ui: Final preferred_language: en
[2026-04-26T04:58:49-04:00] bootstrap_admin_ui: Session data before resolution: platform_admin=true, platform_role=super_admin, user_id=7, session_id=sge9c04kflrgaiduka4hrhagh7
[2026-04-26T04:58:49-04:00] bootstrap_admin_ui: Identity resolved: source=platform_session, is_authenticated=true, user_id=7, is_platform_admin=true, preferred_language=en
[2026-04-26T04:58:49-04:00] bootstrap_admin_ui: Final preferred_language: en
[2026-04-26T04:58:50-04:00] bootstrap_admin_ui: Session data before resolution: platform_admin=true, platform_role=super_admin, user_id=7, session_id=sge9c04kflrgaiduka4hrhagh7
[2026-04-26T04:58:50-04:00] bootstrap_admin_ui: Identity resolved: source=platform_session, is_authenticated=true, user_id=7, is_platform_admin=true, preferred_language=en
[2026-04-26T04:58:50-04:00] bootstrap_admin_ui: Final preferred_language: en
[2026-04-26T04:58:52-04:00] bootstrap_admin_ui: Session data before resolution: platform_admin=true, platform_role=super_admin, user_id=7, session_id=sge9c04kflrgaiduka4hrhagh7
[2026-04-26T04:58:52-04:00] bootstrap_admin_ui: Identity resolved: source=platform_session, is_authenticated=true, user_id=7, is_platform_admin=true, preferred_language=en
[2026-04-26T04:58:52-04:00] bootstrap_admin_ui: Final preferred_language: en
[2026-04-26T04:58:52-04:00] bootstrap_admin_ui: Session data before resolution: platform_admin=true, platform_role=super_admin, user_id=7, session_id=sge9c04kflrgaiduka4hrhagh7
[2026-04-26T04:58:52-04:00] bootstrap_admin_ui: Identity resolved: source=platform_session, is_authenticated=true, user_id=7, is_platform_admin=true, preferred_language=en
[2026-04-26T04:58:52-04:00] bootstrap_admin_ui: Final preferred_language: en
[2026-04-26T04:58:56-04:00] bootstrap_admin_ui: Session data before resolution: platform_admin=true, platform_role=super_admin, user_id=7, session_id=sge9c04kflrgaiduka4hrhagh7
[2026-04-26T04:58:56-04:00] bootstrap_admin_ui: Identity resolved: source=platform_session, is_authenticated=true, user_id=7, is_platform_admin=true, preferred_language=en
[2026-04-26T04:58:56-04:00] bootstrap_admin_ui: Final preferred_language: en
[2026-04-26T04:58:56-04:00] bootstrap_admin_ui: Session data before resolution: platform_admin=true, platform_role=super_admin, user_id=7, session_id=sge9c04kflrgaiduka4hrhagh7
[2026-04-26T04:58:56-04:00] bootstrap_admin_ui: Identity resolved: source=platform_session, is_authenticated=true, user_id=7, is_platform_admin=true, preferred_language=en
[2026-04-26T04:58:56-04:00] bootstrap_admin_ui: Final preferred_language: en
[2026-04-26T04:59:07-04:00] bootstrap_admin_ui: Session data before resolution: platform_admin=true, platform_role=super_admin, user_id=7, session_id=sge9c04kflrgaiduka4hrhagh7
[2026-04-26T04:59:07-04:00] bootstrap_admin_ui: Identity resolved: source=platform_session, is_authenticated=true, user_id=7, is_platform_admin=true, preferred_language=en
[2026-04-26T04:59:07-04:00] bootstrap_admin_ui: Final preferred_language: en
[2026-04-26T04:59:07-04:00] bootstrap_admin_ui: Session data before resolution: platform_admin=true, platform_role=super_admin, user_id=7, session_id=sge9c04kflrgaiduka4hrhagh7
[2026-04-26T04:59:07-04:00] bootstrap_admin_ui: Identity resolved: source=platform_session, is_authenticated=true, user_id=7, is_platform_admin=true, preferred_language=en
[2026-04-26T04:59:07-04:00] bootstrap_admin_ui: Final preferred_language: en
[2026-04-26T04:59:07-04:00] bootstrap_admin_ui: Session data before resolution: platform_admin=true, platform_role=super_admin, user_id=7, session_id=sge9c04kflrgaiduka4hrhagh7
[2026-04-26T04:59:07-04:00] bootstrap_admin_ui: Identity resolved: source=platform_session, is_authenticated=true, user_id=7, is_platform_admin=true, preferred_language=en
[2026-04-26T04:59:07-04:00] bootstrap_admin_ui: Final preferred_language: en
[2026-04-26T04:59:13-04:00] bootstrap_admin_ui: Session data before resolution: platform_admin=true, platform_role=super_admin, user_id=7, session_id=sge9c04kflrgaiduka4hrhagh7
[2026-04-26T04:59:13-04:00] bootstrap_admin_ui: Identity resolved: source=platform_session, is_authenticated=true, user_id=7, is_platform_admin=true, preferred_language=en
[2026-04-26T04:59:13-04:00] bootstrap_admin_ui: Final preferred_language: en
[2026-04-26T04:59:14-04:00] bootstrap_admin_ui: Session data before resolution: platform_admin=true, platform_role=super_admin, user_id=7, session_id=sge9c04kflrgaiduka4hrhagh7
[2026-04-26T04:59:14-04:00] bootstrap_admin_ui: Identity resolved: source=platform_session, is_authenticated=true, user_id=7, is_platform_admin=true, preferred_language=en
[2026-04-26T04:59:14-04:00] bootstrap_admin_ui: Final preferred_language: en
[2026-04-26T04:59:44-04:00] bootstrap_admin_ui: Session data before resolution: platform_admin=false, platform_role=null, user_id=39, session_id=got65nonftl60v8vn4onteb6h6
[2026-04-26T04:59:44-04:00] bootstrap_admin_ui: Identity resolved: source=session, is_authenticated=true, user_id=39, is_platform_admin=false, preferred_language=en
[2026-04-26T04:59:44-04:00] bootstrap_admin_ui: Final preferred_language: en
[2026-04-26T04:59:50-04:00] bootstrap_admin_ui: Session data before resolution: platform_admin=false, platform_role=null, user_id=39, session_id=got65nonftl60v8vn4onteb6h6
[2026-04-26T04:59:50-04:00] bootstrap_admin_ui: Identity resolved: source=session, is_authenticated=true, user_id=39, is_platform_admin=false, preferred_language=en
[2026-04-26T04:59:50-04:00] bootstrap_admin_ui: Final preferred_language: en
[2026-04-26T04:59:50-04:00] bootstrap_admin_ui: Session data before resolution: platform_admin=false, platform_role=null, user_id=39, session_id=got65nonftl60v8vn4onteb6h6
[2026-04-26T04:59:50-04:00] bootstrap_admin_ui: Identity resolved: source=session, is_authenticated=true, user_id=39, is_platform_admin=false, preferred_language=en
[2026-04-26T04:59:50-04:00] bootstrap_admin_ui: Final preferred_language: en
[2026-04-26T04:59:51-04:00] bootstrap_admin_ui: Session data before resolution: platform_admin=false, platform_role=null, user_id=39, session_id=got65nonftl60v8vn4onteb6h6
[2026-04-26T04:59:51-04:00] bootstrap_admin_ui: Identity resolved: source=session, is_authenticated=true, user_id=39, is_platform_admin=false, preferred_language=en
[2026-04-26T04:59:51-04:00] bootstrap_admin_ui: Final preferred_language: en
[2026-04-26T05:02:10-04:00] bootstrap_admin_ui: Session data before resolution: platform_admin=false, platform_role=null, user_id=39, session_id=got65nonftl60v8vn4onteb6h6
[2026-04-26T05:02:10-04:00] bootstrap_admin_ui: Identity resolved: source=session, is_authenticated=true, user_id=39, is_platform_admin=false, preferred_language=en
[2026-04-26T05:02:10-04:00] bootstrap_admin_ui: Final preferred_language: en
[2026-04-26T05:02:10-04:00] bootstrap_admin_ui: Session data before resolution: platform_admin=false, platform_role=null, user_id=39, session_id=got65nonftl60v8vn4onteb6h6
[2026-04-26T05:02:10-04:00] bootstrap_admin_ui: Identity resolved: source=session, is_authenticated=true, user_id=39, is_platform_admin=false, preferred_language=en
[2026-04-26T05:02:10-04:00] bootstrap_admin_ui: Final preferred_language: en
[2026-04-26T05:02:11-04:00] bootstrap_admin_ui: Session data before resolution: platform_admin=false, platform_role=null, user_id=39, session_id=got65nonftl60v8vn4onteb6h6
[2026-04-26T05:02:11-04:00] bootstrap_admin_ui: Identity resolved: source=session, is_authenticated=true, user_id=39, is_platform_admin=false, preferred_language=en
[2026-04-26T05:02:11-04:00] bootstrap_admin_ui: Final preferred_language: en
[2026-04-26T05:02:18-04:00] bootstrap_admin_ui: Session data before resolution: platform_admin=false, platform_role=null, user_id=39, session_id=got65nonftl60v8vn4onteb6h6
[2026-04-26T05:02:18-04:00] bootstrap_admin_ui: Identity resolved: source=session, is_authenticated=true, user_id=39, is_platform_admin=false, preferred_language=en
[2026-04-26T05:02:18-04:00] bootstrap_admin_ui: Final preferred_language: en
[2026-04-26T05:03:14-04:00] bootstrap_admin_ui: Session data before resolution: platform_admin=false, platform_role=null, user_id=39, session_id=got65nonftl60v8vn4onteb6h6
[2026-04-26T05:03:14-04:00] bootstrap_admin_ui: Identity resolved: source=session, is_authenticated=true, user_id=39, is_platform_admin=false, preferred_language=en
[2026-04-26T05:03:14-04:00] bootstrap_admin_ui: Final preferred_language: en
[2026-04-26T05:06:25-04:00] bootstrap_admin_ui: Session data before resolution: platform_admin=false, platform_role=null, user_id=39, session_id=got65nonftl60v8vn4onteb6h6
[2026-04-26T05:06:25-04:00] bootstrap_admin_ui: Identity resolved: source=session, is_authenticated=true, user_id=39, is_platform_admin=false, preferred_language=en
[2026-04-26T05:06:25-04:00] bootstrap_admin_ui: Final preferred_language: en
[2026-04-26T05:06:29-04:00] bootstrap_admin_ui: Session data before resolution: platform_admin=false, platform_role=null, user_id=39, session_id=got65nonftl60v8vn4onteb6h6
[2026-04-26T05:06:29-04:00] bootstrap_admin_ui: Identity resolved: source=session, is_authenticated=true, user_id=39, is_platform_admin=false, preferred_language=en
[2026-04-26T05:06:29-04:00] bootstrap_admin_ui: Final preferred_language: en
[2026-04-26T05:06:29-04:00] bootstrap_admin_ui: Session data before resolution: platform_admin=false, platform_role=null, user_id=39, session_id=got65nonftl60v8vn4onteb6h6
[2026-04-26T05:06:29-04:00] bootstrap_admin_ui: Identity resolved: source=session, is_authenticated=true, user_id=39, is_platform_admin=false, preferred_language=en
[2026-04-26T05:06:29-04:00] bootstrap_admin_ui: Final preferred_language: en
[2026-04-26T05:18:33-04:00] bootstrap_admin_ui: Session data before resolution: platform_admin=false, platform_role=null, user_id=39, session_id=got65nonftl60v8vn4onteb6h6
[2026-04-26T05:18:33-04:00] bootstrap_admin_ui: Identity resolved: source=session, is_authenticated=true, user_id=39, is_platform_admin=false, preferred_language=en
[2026-04-26T05:18:33-04:00] bootstrap_admin_ui: Final preferred_language: en
[2026-04-26T05:18:37-04:00] bootstrap_admin_ui: Session data before resolution: platform_admin=false, platform_role=null, user_id=39, session_id=got65nonftl60v8vn4onteb6h6
[2026-04-26T05:18:37-04:00] bootstrap_admin_ui: Identity resolved: source=session, is_authenticated=true, user_id=39, is_platform_admin=false, preferred_language=en
[2026-04-26T05:18:37-04:00] bootstrap_admin_ui: Final preferred_language: en
[2026-04-26T05:18:41-04:00] bootstrap_admin_ui: Session data before resolution: platform_admin=false, platform_role=null, user_id=39, session_id=got65nonftl60v8vn4onteb6h6
[2026-04-26T05:18:41-04:00] bootstrap_admin_ui: Identity resolved: source=session, is_authenticated=true, user_id=39, is_platform_admin=false, preferred_language=en
[2026-04-26T05:18:41-04:00] bootstrap_admin_ui: Final preferred_language: en
[2026-04-26T05:18:41-04:00] bootstrap_admin_ui: Session data before resolution: platform_admin=false, platform_role=null, user_id=39, session_id=got65nonftl60v8vn4onteb6h6
[2026-04-26T05:18:41-04:00] bootstrap_admin_ui: Identity resolved: source=session, is_authenticated=true, user_id=39, is_platform_admin=false, preferred_language=en
[2026-04-26T05:18:41-04:00] bootstrap_admin_ui: Final preferred_language: en
[2026-04-26T05:19:46-04:00] bootstrap_admin_ui: Session data before resolution: platform_admin=false, platform_role=null, user_id=39, session_id=got65nonftl60v8vn4onteb6h6
[2026-04-26T05:19:46-04:00] bootstrap_admin_ui: Identity resolved: source=session, is_authenticated=true, user_id=39, is_platform_admin=false, preferred_language=en
[2026-04-26T05:19:46-04:00] bootstrap_admin_ui: Final preferred_language: en
[2026-04-26T05:19:46-04:00] bootstrap_admin_ui: Session data before resolution: platform_admin=false, platform_role=null, user_id=39, session_id=got65nonftl60v8vn4onteb6h6
[2026-04-26T05:19:46-04:00] bootstrap_admin_ui: Identity resolved: source=session, is_authenticated=true, user_id=39, is_platform_admin=false, preferred_language=en
[2026-04-26T05:19:46-04:00] bootstrap_admin_ui: Final preferred_language: en
[2026-04-26T05:19:46-04:00] bootstrap_admin_ui: Session data before resolution: platform_admin=false, platform_role=null, user_id=39, session_id=got65nonftl60v8vn4onteb6h6
[2026-04-26T05:19:46-04:00] bootstrap_admin_ui: Identity resolved: source=session, is_authenticated=true, user_id=39, is_platform_admin=false, preferred_language=en
[2026-04-26T05:19:46-04:00] bootstrap_admin_ui: Final preferred_language: en
[2026-04-26T05:21:52-04:00] bootstrap_admin_ui: Session data before resolution: platform_admin=false, platform_role=null, user_id=39, session_id=got65nonftl60v8vn4onteb6h6
[2026-04-26T05:21:52-04:00] bootstrap_admin_ui: Identity resolved: source=session, is_authenticated=true, user_id=39, is_platform_admin=false, preferred_language=en
[2026-04-26T05:21:52-04:00] bootstrap_admin_ui: Final preferred_language: en
[2026-04-26T05:21:56-04:00] bootstrap_admin_ui: Session data before resolution: platform_admin=false, platform_role=null, user_id=39, session_id=got65nonftl60v8vn4onteb6h6
[2026-04-26T05:21:56-04:00] bootstrap_admin_ui: Identity resolved: source=session, is_authenticated=true, user_id=39, is_platform_admin=false, preferred_language=en
[2026-04-26T05:21:56-04:00] bootstrap_admin_ui: Final preferred_language: en
[2026-04-26T05:21:56-04:00] bootstrap_admin_ui: Session data before resolution: platform_admin=false, platform_role=null, user_id=39, session_id=got65nonftl60v8vn4onteb6h6
[2026-04-26T05:21:56-04:00] bootstrap_admin_ui: Identity resolved: source=session, is_authenticated=true, user_id=39, is_platform_admin=false, preferred_language=en
[2026-04-26T05:21:56-04:00] bootstrap_admin_ui: Final preferred_language: en
[2026-04-26T05:21:57-04:00] bootstrap_admin_ui: Session data before resolution: platform_admin=false, platform_role=null, user_id=39, session_id=got65nonftl60v8vn4onteb6h6
[2026-04-26T05:21:57-04:00] bootstrap_admin_ui: Identity resolved: source=session, is_authenticated=true, user_id=39, is_platform_admin=false, preferred_language=en
[2026-04-26T05:21:57-04:00] bootstrap_admin_ui: Final preferred_language: en
[2026-04-26T05:22:05-04:00] bootstrap_admin_ui: Session data before resolution: platform_admin=false, platform_role=null, user_id=39, session_id=got65nonftl60v8vn4onteb6h6
[2026-04-26T05:22:05-04:00] bootstrap_admin_ui: Identity resolved: source=session, is_authenticated=true, user_id=39, is_platform_admin=false, preferred_language=en
[2026-04-26T05:22:05-04:00] bootstrap_admin_ui: Final preferred_language: en
[2026-04-26T05:22:12-04:00] bootstrap_admin_ui: Session data before resolution: platform_admin=false, platform_role=null, user_id=39, session_id=got65nonftl60v8vn4onteb6h6
[2026-04-26T05:22:12-04:00] bootstrap_admin_ui: Identity resolved: source=session, is_authenticated=true, user_id=39, is_platform_admin=false, preferred_language=en
[2026-04-26T05:22:12-04:00] bootstrap_admin_ui: Final preferred_language: en
[2026-04-26T05:24:35-04:00] bootstrap_admin_ui: Session data before resolution: platform_admin=false, platform_role=null, user_id=39, session_id=got65nonftl60v8vn4onteb6h6
[2026-04-26T05:24:35-04:00] bootstrap_admin_ui: Identity resolved: source=session, is_authenticated=true, user_id=39, is_platform_admin=false, preferred_language=en
[2026-04-26T05:24:35-04:00] bootstrap_admin_ui: Final preferred_language: en
[2026-04-26T05:24:39-04:00] bootstrap_admin_ui: Session data before resolution: platform_admin=false, platform_role=null, user_id=39, session_id=got65nonftl60v8vn4onteb6h6
[2026-04-26T05:24:39-04:00] bootstrap_admin_ui: Identity resolved: source=session, is_authenticated=true, user_id=39, is_platform_admin=false, preferred_language=en
[2026-04-26T05:24:39-04:00] bootstrap_admin_ui: Final preferred_language: en
[2026-04-26T05:24:40-04:00] bootstrap_admin_ui: Session data before resolution: platform_admin=false, platform_role=null, user_id=39, session_id=got65nonftl60v8vn4onteb6h6
[2026-04-26T05:24:40-04:00] bootstrap_admin_ui: Identity resolved: source=session, is_authenticated=true, user_id=39, is_platform_admin=false, preferred_language=en
[2026-04-26T05:24:40-04:00] bootstrap_admin_ui: Final preferred_language: en
[2026-04-26T05:24:42-04:00] bootstrap_admin_ui: Session data before resolution: platform_admin=false, platform_role=null, user_id=39, session_id=got65nonftl60v8vn4onteb6h6
[2026-04-26T05:24:42-04:00] bootstrap_admin_ui: Identity resolved: source=session, is_authenticated=true, user_id=39, is_platform_admin=false, preferred_language=en
[2026-04-26T05:24:42-04:00] bootstrap_admin_ui: Final preferred_language: en
[2026-04-26T05:32:33-04:00] bootstrap_admin_ui: Session data before resolution: platform_admin=false, platform_role=null, user_id=39, session_id=got65nonftl60v8vn4onteb6h6
[2026-04-26T05:32:33-04:00] bootstrap_admin_ui: Identity resolved: source=session, is_authenticated=true, user_id=39, is_platform_admin=false, preferred_language=en
[2026-04-26T05:32:33-04:00] bootstrap_admin_ui: Final preferred_language: en
[2026-04-26T05:32:38-04:00] bootstrap_admin_ui: Session data before resolution: platform_admin=false, platform_role=null, user_id=39, session_id=got65nonftl60v8vn4onteb6h6
[2026-04-26T05:32:38-04:00] bootstrap_admin_ui: Identity resolved: source=session, is_authenticated=true, user_id=39, is_platform_admin=false, preferred_language=en
[2026-04-26T05:32:38-04:00] bootstrap_admin_ui: Final preferred_language: en
[2026-04-26T05:32:38-04:00] bootstrap_admin_ui: Session data before resolution: platform_admin=false, platform_role=null, user_id=39, session_id=got65nonftl60v8vn4onteb6h6
[2026-04-26T05:32:38-04:00] bootstrap_admin_ui: Identity resolved: source=session, is_authenticated=true, user_id=39, is_platform_admin=false, preferred_language=en
[2026-04-26T05:32:38-04:00] bootstrap_admin_ui: Final preferred_language: en
[2026-04-26T05:33:09-04:00] bootstrap_admin_ui: Session data before resolution: platform_admin=false, platform_role=null, user_id=39, session_id=got65nonftl60v8vn4onteb6h6
[2026-04-26T05:33:09-04:00] bootstrap_admin_ui: Identity resolved: source=session, is_authenticated=true, user_id=39, is_platform_admin=false, preferred_language=en
[2026-04-26T05:33:09-04:00] bootstrap_admin_ui: Final preferred_language: en
[2026-04-26T05:33:09-04:00] bootstrap_admin_ui: Session data before resolution: platform_admin=false, platform_role=null, user_id=39, session_id=got65nonftl60v8vn4onteb6h6
[2026-04-26T05:33:09-04:00] bootstrap_admin_ui: Identity resolved: source=session, is_authenticated=true, user_id=39, is_platform_admin=false, preferred_language=en
[2026-04-26T05:33:09-04:00] bootstrap_admin_ui: Final preferred_language: en
[2026-04-26T05:33:20-04:00] bootstrap_admin_ui: Session data before resolution: platform_admin=false, platform_role=null, user_id=39, session_id=got65nonftl60v8vn4onteb6h6
[2026-04-26T05:33:20-04:00] bootstrap_admin_ui: Identity resolved: source=session, is_authenticated=true, user_id=39, is_platform_admin=false, preferred_language=en
[2026-04-26T05:33:20-04:00] bootstrap_admin_ui: Final preferred_language: en
[2026-04-26T05:33:20-04:00] bootstrap_admin_ui: Session data before resolution: platform_admin=false, platform_role=null, user_id=39, session_id=got65nonftl60v8vn4onteb6h6
[2026-04-26T05:33:20-04:00] bootstrap_admin_ui: Identity resolved: source=session, is_authenticated=true, user_id=39, is_platform_admin=false, preferred_language=en
[2026-04-26T05:33:20-04:00] bootstrap_admin_ui: Final preferred_language: en
[2026-04-26T05:33:33-04:00] bootstrap_admin_ui: Session data before resolution: platform_admin=false, platform_role=null, user_id=39, session_id=got65nonftl60v8vn4onteb6h6
[2026-04-26T05:33:33-04:00] bootstrap_admin_ui: Identity resolved: source=session, is_authenticated=true, user_id=39, is_platform_admin=false, preferred_language=en
[2026-04-26T05:33:33-04:00] bootstrap_admin_ui: Final preferred_language: en
[2026-04-26T05:33:33-04:00] bootstrap_admin_ui: Session data before resolution: platform_admin=false, platform_role=null, user_id=39, session_id=got65nonftl60v8vn4onteb6h6
[2026-04-26T05:33:33-04:00] bootstrap_admin_ui: Identity resolved: source=session, is_authenticated=true, user_id=39, is_platform_admin=false, preferred_language=en
[2026-04-26T05:33:33-04:00] bootstrap_admin_ui: Final preferred_language: en
[2026-04-26T05:33:40-04:00] bootstrap_admin_ui: Session data before resolution: platform_admin=false, platform_role=null, user_id=39, session_id=got65nonftl60v8vn4onteb6h6
[2026-04-26T05:33:40-04:00] bootstrap_admin_ui: Identity resolved: source=session, is_authenticated=true, user_id=39, is_platform_admin=false, preferred_language=en
[2026-04-26T05:33:40-04:00] bootstrap_admin_ui: Final preferred_language: en
[2026-04-26T05:40:05-04:00] bootstrap_admin_ui: Session data before resolution: platform_admin=false, platform_role=null, user_id=39, session_id=got65nonftl60v8vn4onteb6h6
[2026-04-26T05:40:05-04:00] bootstrap_admin_ui: Identity resolved: source=session, is_authenticated=true, user_id=39, is_platform_admin=false, preferred_language=en
[2026-04-26T05:40:05-04:00] bootstrap_admin_ui: Final preferred_language: en
[2026-04-26T05:40:11-04:00] bootstrap_admin_ui: Session data before resolution: platform_admin=false, platform_role=null, user_id=39, session_id=got65nonftl60v8vn4onteb6h6
[2026-04-26T05:40:11-04:00] bootstrap_admin_ui: Identity resolved: source=session, is_authenticated=true, user_id=39, is_platform_admin=false, preferred_language=en
[2026-04-26T05:40:11-04:00] bootstrap_admin_ui: Final preferred_language: en
[2026-04-26T05:40:11-04:00] bootstrap_admin_ui: Session data before resolution: platform_admin=false, platform_role=null, user_id=39, session_id=got65nonftl60v8vn4onteb6h6
[2026-04-26T05:40:11-04:00] bootstrap_admin_ui: Identity resolved: source=session, is_authenticated=true, user_id=39, is_platform_admin=false, preferred_language=en
[2026-04-26T05:40:11-04:00] bootstrap_admin_ui: Final preferred_language: en
[2026-04-26T05:40:46-04:00] bootstrap_admin_ui: Session data before resolution: platform_admin=false, platform_role=null, user_id=39, session_id=got65nonftl60v8vn4onteb6h6
[2026-04-26T05:40:46-04:00] bootstrap_admin_ui: Identity resolved: source=session, is_authenticated=true, user_id=39, is_platform_admin=false, preferred_language=en
[2026-04-26T05:40:46-04:00] bootstrap_admin_ui: Final preferred_language: en
[2026-04-26T05:40:46-04:00] bootstrap_admin_ui: Session data before resolution: platform_admin=false, platform_role=null, user_id=39, session_id=got65nonftl60v8vn4onteb6h6
[2026-04-26T05:40:46-04:00] bootstrap_admin_ui: Identity resolved: source=session, is_authenticated=true, user_id=39, is_platform_admin=false, preferred_language=en
[2026-04-26T05:40:46-04:00] bootstrap_admin_ui: Final preferred_language: en
[2026-04-26T05:40:46-04:00] bootstrap_admin_ui: Session data before resolution: platform_admin=false, platform_role=null, user_id=39, session_id=got65nonftl60v8vn4onteb6h6
[2026-04-26T05:40:46-04:00] bootstrap_admin_ui: Identity resolved: source=session, is_authenticated=true, user_id=39, is_platform_admin=false, preferred_language=en
[2026-04-26T05:40:46-04:00] bootstrap_admin_ui: Final preferred_language: en
[2026-04-26T05:42:55-04:00] bootstrap_admin_ui: Session data before resolution: platform_admin=false, platform_role=null, user_id=39, session_id=got65nonftl60v8vn4onteb6h6
[2026-04-26T05:42:55-04:00] bootstrap_admin_ui: Identity resolved: source=session, is_authenticated=true, user_id=39, is_platform_admin=false, preferred_language=en
[2026-04-26T05:42:55-04:00] bootstrap_admin_ui: Final preferred_language: en
[2026-04-26T05:42:59-04:00] bootstrap_admin_ui: Session data before resolution: platform_admin=false, platform_role=null, user_id=39, session_id=got65nonftl60v8vn4onteb6h6
[2026-04-26T05:42:59-04:00] bootstrap_admin_ui: Identity resolved: source=session, is_authenticated=true, user_id=39, is_platform_admin=false, preferred_language=en
[2026-04-26T05:42:59-04:00] bootstrap_admin_ui: Final preferred_language: en
[2026-04-26T05:42:59-04:00] bootstrap_admin_ui: Session data before resolution: platform_admin=false, platform_role=null, user_id=39, session_id=got65nonftl60v8vn4onteb6h6
[2026-04-26T05:42:59-04:00] bootstrap_admin_ui: Identity resolved: source=session, is_authenticated=true, user_id=39, is_platform_admin=false, preferred_language=en
[2026-04-26T05:42:59-04:00] bootstrap_admin_ui: Final preferred_language: en
[2026-04-26T05:43:15-04:00] bootstrap_admin_ui: Session data before resolution: platform_admin=false, platform_role=null, user_id=39, session_id=got65nonftl60v8vn4onteb6h6
[2026-04-26T05:43:15-04:00] bootstrap_admin_ui: Identity resolved: source=session, is_authenticated=true, user_id=39, is_platform_admin=false, preferred_language=en
[2026-04-26T05:43:15-04:00] bootstrap_admin_ui: Final preferred_language: en
[2026-04-26T05:43:16-04:00] bootstrap_admin_ui: Session data before resolution: platform_admin=false, platform_role=null, user_id=39, session_id=got65nonftl60v8vn4onteb6h6
[2026-04-26T05:43:16-04:00] bootstrap_admin_ui: Identity resolved: source=session, is_authenticated=true, user_id=39, is_platform_admin=false, preferred_language=en
[2026-04-26T05:43:16-04:00] bootstrap_admin_ui: Final preferred_language: en
[2026-04-26T05:43:35-04:00] bootstrap_admin_ui: Session data before resolution: platform_admin=false, platform_role=null, user_id=39, session_id=got65nonftl60v8vn4onteb6h6
[2026-04-26T05:43:35-04:00] bootstrap_admin_ui: Identity resolved: source=session, is_authenticated=true, user_id=39, is_platform_admin=false, preferred_language=en
[2026-04-26T05:43:35-04:00] bootstrap_admin_ui: Final preferred_language: en
[2026-04-26T05:43:35-04:00] bootstrap_admin_ui: Session data before resolution: platform_admin=false, platform_role=null, user_id=39, session_id=got65nonftl60v8vn4onteb6h6
[2026-04-26T05:43:35-04:00] bootstrap_admin_ui: Identity resolved: source=session, is_authenticated=true, user_id=39, is_platform_admin=false, preferred_language=en
[2026-04-26T05:43:35-04:00] bootstrap_admin_ui: Final preferred_language: en
[2026-04-26T05:46:21-04:00] bootstrap_admin_ui: Session data before resolution: platform_admin=false, platform_role=null, user_id=39, session_id=got65nonftl60v8vn4onteb6h6
[2026-04-26T05:46:21-04:00] bootstrap_admin_ui: Identity resolved: source=session, is_authenticated=true, user_id=39, is_platform_admin=false, preferred_language=en
[2026-04-26T05:46:21-04:00] bootstrap_admin_ui: Final preferred_language: en
[2026-04-26T05:46:21-04:00] bootstrap_admin_ui: Session data before resolution: platform_admin=false, platform_role=null, user_id=39, session_id=got65nonftl60v8vn4onteb6h6
[2026-04-26T05:46:21-04:00] bootstrap_admin_ui: Identity resolved: source=session, is_authenticated=true, user_id=39, is_platform_admin=false, preferred_language=en
[2026-04-26T05:46:21-04:00] bootstrap_admin_ui: Final preferred_language: en
[2026-04-26T05:46:28-04:00] bootstrap_admin_ui: Session data before resolution: platform_admin=false, platform_role=null, user_id=39, session_id=got65nonftl60v8vn4onteb6h6
[2026-04-26T05:46:28-04:00] bootstrap_admin_ui: Identity resolved: source=session, is_authenticated=true, user_id=39, is_platform_admin=false, preferred_language=en
[2026-04-26T05:46:28-04:00] bootstrap_admin_ui: Final preferred_language: en
[2026-04-26T05:46:29-04:00] bootstrap_admin_ui: Session data before resolution: platform_admin=false, platform_role=null, user_id=39, session_id=got65nonftl60v8vn4onteb6h6
[2026-04-26T05:46:29-04:00] bootstrap_admin_ui: Identity resolved: source=session, is_authenticated=true, user_id=39, is_platform_admin=false, preferred_language=en
[2026-04-26T05:46:29-04:00] bootstrap_admin_ui: Final preferred_language: en
[2026-04-26T05:46:42-04:00] bootstrap_admin_ui: Session data before resolution: platform_admin=false, platform_role=null, user_id=39, session_id=got65nonftl60v8vn4onteb6h6
[2026-04-26T05:46:42-04:00] bootstrap_admin_ui: Identity resolved: source=session, is_authenticated=true, user_id=39, is_platform_admin=false, preferred_language=en
[2026-04-26T05:46:42-04:00] bootstrap_admin_ui: Final preferred_language: en
[2026-04-26T05:46:43-04:00] bootstrap_admin_ui: Session data before resolution: platform_admin=false, platform_role=null, user_id=39, session_id=got65nonftl60v8vn4onteb6h6
[2026-04-26T05:46:43-04:00] bootstrap_admin_ui: Identity resolved: source=session, is_authenticated=true, user_id=39, is_platform_admin=false, preferred_language=en
[2026-04-26T05:46:43-04:00] bootstrap_admin_ui: Final preferred_language: en
[2026-04-26T05:46:58-04:00] bootstrap_admin_ui: Session data before resolution: platform_admin=false, platform_role=null, user_id=39, session_id=got65nonftl60v8vn4onteb6h6
[2026-04-26T05:46:58-04:00] bootstrap_admin_ui: Identity resolved: source=session, is_authenticated=true, user_id=39, is_platform_admin=false, preferred_language=en
[2026-04-26T05:46:58-04:00] bootstrap_admin_ui: Final preferred_language: en
[2026-04-26T05:46:58-04:00] bootstrap_admin_ui: Session data before resolution: platform_admin=false, platform_role=null, user_id=39, session_id=got65nonftl60v8vn4onteb6h6
[2026-04-26T05:46:58-04:00] bootstrap_admin_ui: Identity resolved: source=session, is_authenticated=true, user_id=39, is_platform_admin=false, preferred_language=en
[2026-04-26T05:46:58-04:00] bootstrap_admin_ui: Final preferred_language: en
[2026-04-26T05:47:10-04:00] bootstrap_admin_ui: Session data before resolution: platform_admin=false, platform_role=null, user_id=39, session_id=got65nonftl60v8vn4onteb6h6
[2026-04-26T05:47:10-04:00] bootstrap_admin_ui: Identity resolved: source=session, is_authenticated=true, user_id=39, is_platform_admin=false, preferred_language=en
[2026-04-26T05:47:10-04:00] bootstrap_admin_ui: Final preferred_language: en
[2026-04-26T05:47:10-04:00] bootstrap_admin_ui: Session data before resolution: platform_admin=false, platform_role=null, user_id=39, session_id=got65nonftl60v8vn4onteb6h6
[2026-04-26T05:47:10-04:00] bootstrap_admin_ui: Identity resolved: source=session, is_authenticated=true, user_id=39, is_platform_admin=false, preferred_language=en
[2026-04-26T05:47:10-04:00] bootstrap_admin_ui: Final preferred_language: en
[2026-04-26T05:47:22-04:00] bootstrap_admin_ui: Session data before resolution: platform_admin=false, platform_role=null, user_id=39, session_id=got65nonftl60v8vn4onteb6h6
[2026-04-26T05:47:22-04:00] bootstrap_admin_ui: Identity resolved: source=session, is_authenticated=true, user_id=39, is_platform_admin=false, preferred_language=en
[2026-04-26T05:47:22-04:00] bootstrap_admin_ui: Final preferred_language: en
[2026-04-26T05:47:22-04:00] bootstrap_admin_ui: Session data before resolution: platform_admin=false, platform_role=null, user_id=39, session_id=got65nonftl60v8vn4onteb6h6
[2026-04-26T05:47:22-04:00] bootstrap_admin_ui: Identity resolved: source=session, is_authenticated=true, user_id=39, is_platform_admin=false, preferred_language=en
[2026-04-26T05:47:22-04:00] bootstrap_admin_ui: Final preferred_language: en
[2026-04-26T05:47:48-04:00] bootstrap_admin_ui: Session data before resolution: platform_admin=false, platform_role=null, user_id=39, session_id=got65nonftl60v8vn4onteb6h6
[2026-04-26T05:47:48-04:00] bootstrap_admin_ui: Identity resolved: source=session, is_authenticated=true, user_id=39, is_platform_admin=false, preferred_language=en
[2026-04-26T05:47:48-04:00] bootstrap_admin_ui: Final preferred_language: en
[2026-04-26T05:47:49-04:00] bootstrap_admin_ui: Session data before resolution: platform_admin=false, platform_role=null, user_id=39, session_id=got65nonftl60v8vn4onteb6h6
[2026-04-26T05:47:49-04:00] bootstrap_admin_ui: Identity resolved: source=session, is_authenticated=true, user_id=39, is_platform_admin=false, preferred_language=en
[2026-04-26T05:47:49-04:00] bootstrap_admin_ui: Final preferred_language: en
[2026-04-26T05:48:02-04:00] bootstrap_admin_ui: Session data before resolution: platform_admin=false, platform_role=null, user_id=39, session_id=got65nonftl60v8vn4onteb6h6
[2026-04-26T05:48:02-04:00] bootstrap_admin_ui: Identity resolved: source=session, is_authenticated=true, user_id=39, is_platform_admin=false, preferred_language=en
[2026-04-26T05:48:02-04:00] bootstrap_admin_ui: Final preferred_language: en
[2026-04-26T05:48:03-04:00] bootstrap_admin_ui: Session data before resolution: platform_admin=false, platform_role=null, user_id=39, session_id=got65nonftl60v8vn4onteb6h6
[2026-04-26T05:48:03-04:00] bootstrap_admin_ui: Identity resolved: source=session, is_authenticated=true, user_id=39, is_platform_admin=false, preferred_language=en
[2026-04-26T05:48:03-04:00] bootstrap_admin_ui: Final preferred_language: en
[2026-04-26T05:48:14-04:00] bootstrap_admin_ui: Session data before resolution: platform_admin=false, platform_role=null, user_id=39, session_id=got65nonftl60v8vn4onteb6h6
[2026-04-26T05:48:14-04:00] bootstrap_admin_ui: Identity resolved: source=session, is_authenticated=true, user_id=39, is_platform_admin=false, preferred_language=en
[2026-04-26T05:48:14-04:00] bootstrap_admin_ui: Final preferred_language: en
[2026-04-26T05:48:14-04:00] bootstrap_admin_ui: Session data before resolution: platform_admin=false, platform_role=null, user_id=39, session_id=got65nonftl60v8vn4onteb6h6
[2026-04-26T05:48:14-04:00] bootstrap_admin_ui: Identity resolved: source=session, is_authenticated=true, user_id=39, is_platform_admin=false, preferred_language=en
[2026-04-26T05:48:14-04:00] bootstrap_admin_ui: Final preferred_language: en
[2026-04-26T05:48:32-04:00] bootstrap_admin_ui: Session data before resolution: platform_admin=false, platform_role=null, user_id=39, session_id=got65nonftl60v8vn4onteb6h6
[2026-04-26T05:48:32-04:00] bootstrap_admin_ui: Identity resolved: source=session, is_authenticated=true, user_id=39, is_platform_admin=false, preferred_language=en
[2026-04-26T05:48:32-04:00] bootstrap_admin_ui: Final preferred_language: en
[2026-04-26T05:48:32-04:00] bootstrap_admin_ui: Session data before resolution: platform_admin=false, platform_role=null, user_id=39, session_id=got65nonftl60v8vn4onteb6h6
[2026-04-26T05:48:32-04:00] bootstrap_admin_ui: Identity resolved: source=session, is_authenticated=true, user_id=39, is_platform_admin=false, preferred_language=en
[2026-04-26T05:48:32-04:00] bootstrap_admin_ui: Final preferred_language: en
[2026-04-26T05:48:44-04:00] bootstrap_admin_ui: Session data before resolution: platform_admin=false, platform_role=null, user_id=39, session_id=got65nonftl60v8vn4onteb6h6
[2026-04-26T05:48:44-04:00] bootstrap_admin_ui: Identity resolved: source=session, is_authenticated=true, user_id=39, is_platform_admin=false, preferred_language=en
[2026-04-26T05:48:44-04:00] bootstrap_admin_ui: Final preferred_language: en
[2026-04-26T05:48:44-04:00] bootstrap_admin_ui: Session data before resolution: platform_admin=false, platform_role=null, user_id=39, session_id=got65nonftl60v8vn4onteb6h6
[2026-04-26T05:48:44-04:00] bootstrap_admin_ui: Identity resolved: source=session, is_authenticated=true, user_id=39, is_platform_admin=false, preferred_language=en
[2026-04-26T05:48:44-04:00] bootstrap_admin_ui: Final preferred_language: en
[2026-04-26T05:48:59-04:00] bootstrap_admin_ui: Session data before resolution: platform_admin=false, platform_role=null, user_id=39, session_id=got65nonftl60v8vn4onteb6h6
[2026-04-26T05:48:59-04:00] bootstrap_admin_ui: Identity resolved: source=session, is_authenticated=true, user_id=39, is_platform_admin=false, preferred_language=en
[2026-04-26T05:48:59-04:00] bootstrap_admin_ui: Final preferred_language: en
[2026-04-26T05:48:59-04:00] bootstrap_admin_ui: Session data before resolution: platform_admin=false, platform_role=null, user_id=39, session_id=got65nonftl60v8vn4onteb6h6
[2026-04-26T05:48:59-04:00] bootstrap_admin_ui: Identity resolved: source=session, is_authenticated=true, user_id=39, is_platform_admin=false, preferred_language=en
[2026-04-26T05:48:59-04:00] bootstrap_admin_ui: Final preferred_language: en
[2026-04-26T05:49:21-04:00] bootstrap_admin_ui: Session data before resolution: platform_admin=false, platform_role=null, user_id=39, session_id=got65nonftl60v8vn4onteb6h6
[2026-04-26T05:49:21-04:00] bootstrap_admin_ui: Identity resolved: source=session, is_authenticated=true, user_id=39, is_platform_admin=false, preferred_language=en
[2026-04-26T05:49:21-04:00] bootstrap_admin_ui: Final preferred_language: en
[2026-04-26T05:49:21-04:00] bootstrap_admin_ui: Session data before resolution: platform_admin=false, platform_role=null, user_id=39, session_id=got65nonftl60v8vn4onteb6h6
[2026-04-26T05:49:21-04:00] bootstrap_admin_ui: Identity resolved: source=session, is_authenticated=true, user_id=39, is_platform_admin=false, preferred_language=en
[2026-04-26T05:49:21-04:00] bootstrap_admin_ui: Final preferred_language: en
[2026-04-26T05:49:40-04:00] bootstrap_admin_ui: Session data before resolution: platform_admin=false, platform_role=null, user_id=39, session_id=got65nonftl60v8vn4onteb6h6
[2026-04-26T05:49:40-04:00] bootstrap_admin_ui: Identity resolved: source=session, is_authenticated=true, user_id=39, is_platform_admin=false, preferred_language=en
[2026-04-26T05:49:40-04:00] bootstrap_admin_ui: Final preferred_language: en
[2026-04-26T05:49:40-04:00] bootstrap_admin_ui: Session data before resolution: platform_admin=false, platform_role=null, user_id=39, session_id=got65nonftl60v8vn4onteb6h6
[2026-04-26T05:49:40-04:00] bootstrap_admin_ui: Identity resolved: source=session, is_authenticated=true, user_id=39, is_platform_admin=false, preferred_language=en
[2026-04-26T05:49:40-04:00] bootstrap_admin_ui: Final preferred_language: en
[2026-04-26T05:53:01-04:00] bootstrap_admin_ui: Session data before resolution: platform_admin=false, platform_role=null, user_id=39, session_id=got65nonftl60v8vn4onteb6h6
[2026-04-26T05:53:01-04:00] bootstrap_admin_ui: Identity resolved: source=session, is_authenticated=true, user_id=39, is_platform_admin=false, preferred_language=en
[2026-04-26T05:53:01-04:00] bootstrap_admin_ui: Final preferred_language: en
[2026-04-26T05:53:05-04:00] bootstrap_admin_ui: Session data before resolution: platform_admin=false, platform_role=null, user_id=39, session_id=got65nonftl60v8vn4onteb6h6
[2026-04-26T05:53:05-04:00] bootstrap_admin_ui: Identity resolved: source=session, is_authenticated=true, user_id=39, is_platform_admin=false, preferred_language=en
[2026-04-26T05:53:05-04:00] bootstrap_admin_ui: Final preferred_language: en
[2026-04-26T05:53:05-04:00] bootstrap_admin_ui: Session data before resolution: platform_admin=false, platform_role=null, user_id=39, session_id=got65nonftl60v8vn4onteb6h6
[2026-04-26T05:53:05-04:00] bootstrap_admin_ui: Identity resolved: source=session, is_authenticated=true, user_id=39, is_platform_admin=false, preferred_language=en
[2026-04-26T05:53:05-04:00] bootstrap_admin_ui: Final preferred_language: en
[2026-04-26T05:54:08-04:00] bootstrap_admin_ui: Session data before resolution: platform_admin=false, platform_role=null, user_id=39, session_id=got65nonftl60v8vn4onteb6h6
[2026-04-26T05:54:08-04:00] bootstrap_admin_ui: Identity resolved: source=session, is_authenticated=true, user_id=39, is_platform_admin=false, preferred_language=en
[2026-04-26T05:54:08-04:00] bootstrap_admin_ui: Final preferred_language: en
[2026-04-26T06:02:00-04:00] bootstrap_admin_ui: Session data before resolution: platform_admin=false, platform_role=null, user_id=39, session_id=got65nonftl60v8vn4onteb6h6
[2026-04-26T06:02:00-04:00] bootstrap_admin_ui: Identity resolved: source=session, is_authenticated=true, user_id=39, is_platform_admin=false, preferred_language=en
[2026-04-26T06:02:00-04:00] bootstrap_admin_ui: Final preferred_language: en
[2026-04-26T06:02:05-04:00] bootstrap_admin_ui: Session data before resolution: platform_admin=false, platform_role=null, user_id=39, session_id=got65nonftl60v8vn4onteb6h6
[2026-04-26T06:02:05-04:00] bootstrap_admin_ui: Identity resolved: source=session, is_authenticated=true, user_id=39, is_platform_admin=false, preferred_language=en
[2026-04-26T06:02:05-04:00] bootstrap_admin_ui: Final preferred_language: en
[2026-04-26T06:02:05-04:00] bootstrap_admin_ui: Session data before resolution: platform_admin=false, platform_role=null, user_id=39, session_id=got65nonftl60v8vn4onteb6h6
[2026-04-26T06:02:05-04:00] bootstrap_admin_ui: Identity resolved: source=session, is_authenticated=true, user_id=39, is_platform_admin=false, preferred_language=en
[2026-04-26T06:02:05-04:00] bootstrap_admin_ui: Final preferred_language: en
[2026-04-26T06:03:34-04:00] bootstrap_admin_ui: Session data before resolution: platform_admin=true, platform_role=super_admin, user_id=7, session_id=kg4b2k74j3tspochi38qair12u
[2026-04-26T06:03:34-04:00] bootstrap_admin_ui: Identity resolved: source=platform_session, is_authenticated=true, user_id=7, is_platform_admin=true, preferred_language=en
[2026-04-26T06:03:34-04:00] bootstrap_admin_ui: Final preferred_language: en
[2026-04-26T06:03:42-04:00] bootstrap_admin_ui: Session data before resolution: platform_admin=true, platform_role=super_admin, user_id=7, session_id=kg4b2k74j3tspochi38qair12u
[2026-04-26T06:03:42-04:00] bootstrap_admin_ui: Identity resolved: source=platform_session, is_authenticated=true, user_id=7, is_platform_admin=true, preferred_language=en
[2026-04-26T06:03:42-04:00] bootstrap_admin_ui: Final preferred_language: en
[2026-04-26T06:03:42-04:00] bootstrap_admin_ui: Session data before resolution: platform_admin=true, platform_role=super_admin, user_id=7, session_id=kg4b2k74j3tspochi38qair12u
[2026-04-26T06:03:42-04:00] bootstrap_admin_ui: Identity resolved: source=platform_session, is_authenticated=true, user_id=7, is_platform_admin=true, preferred_language=en
[2026-04-26T06:03:42-04:00] bootstrap_admin_ui: Final preferred_language: en
[2026-04-26T06:04:23-04:00] bootstrap_admin_ui: Session data before resolution: platform_admin=true, platform_role=super_admin, user_id=7, session_id=kg4b2k74j3tspochi38qair12u
[2026-04-26T06:04:23-04:00] bootstrap_admin_ui: Identity resolved: source=platform_session, is_authenticated=true, user_id=7, is_platform_admin=true, preferred_language=en
[2026-04-26T06:04:23-04:00] bootstrap_admin_ui: Final preferred_language: en
[2026-04-26T06:04:23-04:00] bootstrap_admin_ui: Session data before resolution: platform_admin=true, platform_role=super_admin, user_id=7, session_id=kg4b2k74j3tspochi38qair12u
[2026-04-26T06:04:23-04:00] bootstrap_admin_ui: Identity resolved: source=platform_session, is_authenticated=true, user_id=7, is_platform_admin=true, preferred_language=en
[2026-04-26T06:04:23-04:00] bootstrap_admin_ui: Final preferred_language: en
[2026-04-26T06:06:19-04:00] bootstrap_admin_ui: Session data before resolution: platform_admin=false, platform_role=null, user_id=39, session_id=got65nonftl60v8vn4onteb6h6
[2026-04-26T06:06:19-04:00] bootstrap_admin_ui: Identity resolved: source=session, is_authenticated=true, user_id=39, is_platform_admin=false, preferred_language=en
[2026-04-26T06:06:19-04:00] bootstrap_admin_ui: Final preferred_language: en
[2026-04-26T06:06:31-04:00] bootstrap_admin_ui: Session data before resolution: platform_admin=true, platform_role=super_admin, user_id=7, session_id=kg4b2k74j3tspochi38qair12u
[2026-04-26T06:06:31-04:00] bootstrap_admin_ui: Identity resolved: source=platform_session, is_authenticated=true, user_id=7, is_platform_admin=true, preferred_language=en
[2026-04-26T06:06:31-04:00] bootstrap_admin_ui: Final preferred_language: en
[2026-04-26T06:20:21-04:00] bootstrap_admin_ui: Session data before resolution: platform_admin=true, platform_role=super_admin, user_id=7, session_id=kg4b2k74j3tspochi38qair12u
[2026-04-26T06:20:21-04:00] bootstrap_admin_ui: Identity resolved: source=platform_session, is_authenticated=true, user_id=7, is_platform_admin=true, preferred_language=en
[2026-04-26T06:20:21-04:00] bootstrap_admin_ui: Final preferred_language: en
[2026-04-26T06:22:14-04:00] bootstrap_admin_ui: Session data before resolution: platform_admin=true, platform_role=support, user_id=41, session_id=got65nonftl60v8vn4onteb6h6
[2026-04-26T06:22:14-04:00] bootstrap_admin_ui: Identity resolved: source=platform_session, is_authenticated=true, user_id=41, is_platform_admin=true, preferred_language=en
[2026-04-26T06:22:14-04:00] bootstrap_admin_ui: Final preferred_language: en
[2026-04-26T06:22:19-04:00] bootstrap_admin_ui: Session data before resolution: platform_admin=true, platform_role=support, user_id=41, session_id=got65nonftl60v8vn4onteb6h6
[2026-04-26T06:22:19-04:00] bootstrap_admin_ui: Identity resolved: source=platform_session, is_authenticated=true, user_id=41, is_platform_admin=true, preferred_language=en
[2026-04-26T06:22:19-04:00] bootstrap_admin_ui: Final preferred_language: en
[2026-04-26T06:29:44-04:00] bootstrap_admin_ui: Session data before resolution: platform_admin=true, platform_role=super_admin, user_id=7, session_id=i6vkrbmbs6puipob97gsagi13j
[2026-04-26T06:29:44-04:00] bootstrap_admin_ui: Identity resolved: source=platform_session, is_authenticated=true, user_id=7, is_platform_admin=true, preferred_language=en
[2026-04-26T06:29:44-04:00] bootstrap_admin_ui: Final preferred_language: en
[2026-04-26T06:29:51-04:00] bootstrap_admin_ui: Session data before resolution: platform_admin=true, platform_role=super_admin, user_id=7, session_id=i6vkrbmbs6puipob97gsagi13j
[2026-04-26T06:29:51-04:00] bootstrap_admin_ui: Identity resolved: source=platform_session, is_authenticated=true, user_id=7, is_platform_admin=true, preferred_language=en
[2026-04-26T06:29:51-04:00] bootstrap_admin_ui: Final preferred_language: en
[2026-04-26T06:31:50-04:00] bootstrap_admin_ui: Session data before resolution: platform_admin=true, platform_role=super_admin, user_id=7, session_id=i6vkrbmbs6puipob97gsagi13j
[2026-04-26T06:31:50-04:00] bootstrap_admin_ui: Identity resolved: source=platform_session, is_authenticated=true, user_id=7, is_platform_admin=true, preferred_language=en
[2026-04-26T06:31:50-04:00] bootstrap_admin_ui: Final preferred_language: en
[2026-04-26T06:32:04-04:00] bootstrap_admin_ui: Session data before resolution: platform_admin=true, platform_role=super_admin, user_id=7, session_id=0h3441a36gsk9svqjhtn7cd3l6
[2026-04-26T06:32:04-04:00] bootstrap_admin_ui: Identity resolved: source=platform_session, is_authenticated=true, user_id=7, is_platform_admin=true, preferred_language=en
[2026-04-26T06:32:04-04:00] bootstrap_admin_ui: Final preferred_language: en
[2026-04-26T06:32:08-04:00] bootstrap_admin_ui: Session data before resolution: platform_admin=true, platform_role=super_admin, user_id=7, session_id=0h3441a36gsk9svqjhtn7cd3l6
[2026-04-26T06:32:08-04:00] bootstrap_admin_ui: Identity resolved: source=platform_session, is_authenticated=true, user_id=7, is_platform_admin=true, preferred_language=en
[2026-04-26T06:32:08-04:00] bootstrap_admin_ui: Final preferred_language: en
[2026-04-26T06:32:17-04:00] bootstrap_admin_ui: Session data before resolution: platform_admin=true, platform_role=super_admin, user_id=7, session_id=0h3441a36gsk9svqjhtn7cd3l6
[2026-04-26T06:32:17-04:00] bootstrap_admin_ui: Identity resolved: source=platform_session, is_authenticated=true, user_id=7, is_platform_admin=true, preferred_language=en
[2026-04-26T06:32:17-04:00] bootstrap_admin_ui: Final preferred_language: en
[2026-04-26T06:32:18-04:00] bootstrap_admin_ui: Session data before resolution: platform_admin=true, platform_role=super_admin, user_id=7, session_id=0h3441a36gsk9svqjhtn7cd3l6
[2026-04-26T06:32:18-04:00] bootstrap_admin_ui: Identity resolved: source=platform_session, is_authenticated=true, user_id=7, is_platform_admin=true, preferred_language=en
[2026-04-26T06:32:18-04:00] bootstrap_admin_ui: Final preferred_language: en
[2026-04-26T06:32:20-04:00] bootstrap_admin_ui: Session data before resolution: platform_admin=true, platform_role=super_admin, user_id=7, session_id=0h3441a36gsk9svqjhtn7cd3l6
[2026-04-26T06:32:20-04:00] bootstrap_admin_ui: Identity resolved: source=platform_session, is_authenticated=true, user_id=7, is_platform_admin=true, preferred_language=en
[2026-04-26T06:32:20-04:00] bootstrap_admin_ui: Final preferred_language: en
[2026-04-26T06:32:26-04:00] bootstrap_admin_ui: Session data before resolution: platform_admin=true, platform_role=super_admin, user_id=7, session_id=0h3441a36gsk9svqjhtn7cd3l6
[2026-04-26T06:32:26-04:00] bootstrap_admin_ui: Identity resolved: source=platform_session, is_authenticated=true, user_id=7, is_platform_admin=true, preferred_language=en
[2026-04-26T06:32:26-04:00] bootstrap_admin_ui: Final preferred_language: en
[2026-04-26T06:32:26-04:00] bootstrap_admin_ui: Session data before resolution: platform_admin=true, platform_role=super_admin, user_id=7, session_id=0h3441a36gsk9svqjhtn7cd3l6
[2026-04-26T06:32:26-04:00] bootstrap_admin_ui: Identity resolved: source=platform_session, is_authenticated=true, user_id=7, is_platform_admin=true, preferred_language=en
[2026-04-26T06:32:26-04:00] bootstrap_admin_ui: Final preferred_language: en
[2026-04-26T06:32:29-04:00] bootstrap_admin_ui: Session data before resolution: platform_admin=true, platform_role=super_admin, user_id=7, session_id=0h3441a36gsk9svqjhtn7cd3l6
[2026-04-26T06:32:29-04:00] bootstrap_admin_ui: Identity resolved: source=platform_session, is_authenticated=true, user_id=7, is_platform_admin=true, preferred_language=en
[2026-04-26T06:32:29-04:00] bootstrap_admin_ui: Final preferred_language: en
[2026-04-26T06:33:40-04:00] bootstrap_admin_ui: Session data before resolution: platform_admin=true, platform_role=super_admin, user_id=7, session_id=0h3441a36gsk9svqjhtn7cd3l6
[2026-04-26T06:33:40-04:00] bootstrap_admin_ui: Identity resolved: source=platform_session, is_authenticated=true, user_id=7, is_platform_admin=true, preferred_language=en
[2026-04-26T06:33:40-04:00] bootstrap_admin_ui: Final preferred_language: en
[2026-04-26T06:33:44-04:00] bootstrap_admin_ui: Session data before resolution: platform_admin=true, platform_role=super_admin, user_id=7, session_id=0h3441a36gsk9svqjhtn7cd3l6
[2026-04-26T06:33:44-04:00] bootstrap_admin_ui: Identity resolved: source=platform_session, is_authenticated=true, user_id=7, is_platform_admin=true, preferred_language=en
[2026-04-26T06:33:44-04:00] bootstrap_admin_ui: Final preferred_language: en
[2026-04-26T06:33:45-04:00] bootstrap_admin_ui: Session data before resolution: platform_admin=true, platform_role=super_admin, user_id=7, session_id=0h3441a36gsk9svqjhtn7cd3l6
[2026-04-26T06:33:45-04:00] bootstrap_admin_ui: Identity resolved: source=platform_session, is_authenticated=true, user_id=7, is_platform_admin=true, preferred_language=en
[2026-04-26T06:33:45-04:00] bootstrap_admin_ui: Final preferred_language: en
[2026-04-26T06:35:03-04:00] bootstrap_admin_ui: Session data before resolution: platform_admin=true, platform_role=super_admin, user_id=7, session_id=0h3441a36gsk9svqjhtn7cd3l6
[2026-04-26T06:35:03-04:00] bootstrap_admin_ui: Identity resolved: source=platform_session, is_authenticated=true, user_id=7, is_platform_admin=true, preferred_language=en
[2026-04-26T06:35:03-04:00] bootstrap_admin_ui: Final preferred_language: en
[2026-04-26T06:35:07-04:00] bootstrap_admin_ui: Session data before resolution: platform_admin=true, platform_role=super_admin, user_id=7, session_id=0h3441a36gsk9svqjhtn7cd3l6
[2026-04-26T06:35:07-04:00] bootstrap_admin_ui: Identity resolved: source=platform_session, is_authenticated=true, user_id=7, is_platform_admin=true, preferred_language=en
[2026-04-26T06:35:07-04:00] bootstrap_admin_ui: Final preferred_language: en
[2026-04-26T06:35:07-04:00] bootstrap_admin_ui: Session data before resolution: platform_admin=true, platform_role=super_admin, user_id=7, session_id=0h3441a36gsk9svqjhtn7cd3l6
[2026-04-26T06:35:07-04:00] bootstrap_admin_ui: Identity resolved: source=platform_session, is_authenticated=true, user_id=7, is_platform_admin=true, preferred_language=en
[2026-04-26T06:35:07-04:00] bootstrap_admin_ui: Final preferred_language: en
[2026-04-26T06:41:30-04:00] bootstrap_admin_ui: Session data before resolution: platform_admin=true, platform_role=super_admin, user_id=7, session_id=0h3441a36gsk9svqjhtn7cd3l6
[2026-04-26T06:41:30-04:00] bootstrap_admin_ui: Identity resolved: source=platform_session, is_authenticated=true, user_id=7, is_platform_admin=true, preferred_language=en
[2026-04-26T06:41:30-04:00] bootstrap_admin_ui: Final preferred_language: en
[2026-04-26T06:41:34-04:00] bootstrap_admin_ui: Session data before resolution: platform_admin=true, platform_role=super_admin, user_id=7, session_id=0h3441a36gsk9svqjhtn7cd3l6
[2026-04-26T06:41:34-04:00] bootstrap_admin_ui: Identity resolved: source=platform_session, is_authenticated=true, user_id=7, is_platform_admin=true, preferred_language=en
[2026-04-26T06:41:34-04:00] bootstrap_admin_ui: Final preferred_language: en
[2026-04-26T06:41:34-04:00] bootstrap_admin_ui: Session data before resolution: platform_admin=true, platform_role=super_admin, user_id=7, session_id=0h3441a36gsk9svqjhtn7cd3l6
[2026-04-26T06:41:34-04:00] bootstrap_admin_ui: Identity resolved: source=platform_session, is_authenticated=true, user_id=7, is_platform_admin=true, preferred_language=en
[2026-04-26T06:41:34-04:00] bootstrap_admin_ui: Final preferred_language: en
[2026-04-26T06:44:07-04:00] bootstrap_admin_ui: Session data before resolution: platform_admin=true, platform_role=super_admin, user_id=7, session_id=0h3441a36gsk9svqjhtn7cd3l6
[2026-04-26T06:44:07-04:00] bootstrap_admin_ui: Identity resolved: source=platform_session, is_authenticated=true, user_id=7, is_platform_admin=true, preferred_language=en
[2026-04-26T06:44:07-04:00] bootstrap_admin_ui: Final preferred_language: en
[2026-04-26T06:44:10-04:00] bootstrap_admin_ui: Session data before resolution: platform_admin=true, platform_role=super_admin, user_id=7, session_id=0h3441a36gsk9svqjhtn7cd3l6
[2026-04-26T06:44:10-04:00] bootstrap_admin_ui: Identity resolved: source=platform_session, is_authenticated=true, user_id=7, is_platform_admin=true, preferred_language=en
[2026-04-26T06:44:10-04:00] bootstrap_admin_ui: Final preferred_language: en
[2026-04-26T06:44:10-04:00] bootstrap_admin_ui: Session data before resolution: platform_admin=true, platform_role=super_admin, user_id=7, session_id=0h3441a36gsk9svqjhtn7cd3l6
[2026-04-26T06:44:10-04:00] bootstrap_admin_ui: Identity resolved: source=platform_session, is_authenticated=true, user_id=7, is_platform_admin=true, preferred_language=en
[2026-04-26T06:44:10-04:00] bootstrap_admin_ui: Final preferred_language: en
[2026-04-26T06:45:09-04:00] bootstrap_admin_ui: Session data before resolution: platform_admin=true, platform_role=super_admin, user_id=7, session_id=0h3441a36gsk9svqjhtn7cd3l6
[2026-04-26T06:45:09-04:00] bootstrap_admin_ui: Identity resolved: source=platform_session, is_authenticated=true, user_id=7, is_platform_admin=true, preferred_language=en
[2026-04-26T06:45:09-04:00] bootstrap_admin_ui: Final preferred_language: en
[2026-04-26T06:45:09-04:00] bootstrap_admin_ui: Session data before resolution: platform_admin=true, platform_role=super_admin, user_id=7, session_id=0h3441a36gsk9svqjhtn7cd3l6
[2026-04-26T06:45:09-04:00] bootstrap_admin_ui: Identity resolved: source=platform_session, is_authenticated=true, user_id=7, is_platform_admin=true, preferred_language=en
[2026-04-26T06:45:09-04:00] bootstrap_admin_ui: Final preferred_language: en
[2026-04-26T06:45:37-04:00] bootstrap_admin_ui: Session data before resolution: platform_admin=true, platform_role=super_admin, user_id=7, session_id=0h3441a36gsk9svqjhtn7cd3l6
[2026-04-26T06:45:37-04:00] bootstrap_admin_ui: Identity resolved: source=platform_session, is_authenticated=true, user_id=7, is_platform_admin=true, preferred_language=en
[2026-04-26T06:45:37-04:00] bootstrap_admin_ui: Final preferred_language: en
[2026-04-26T06:45:37-04:00] bootstrap_admin_ui: Session data before resolution: platform_admin=true, platform_role=super_admin, user_id=7, session_id=0h3441a36gsk9svqjhtn7cd3l6
[2026-04-26T06:45:37-04:00] bootstrap_admin_ui: Identity resolved: source=platform_session, is_authenticated=true, user_id=7, is_platform_admin=true, preferred_language=en
[2026-04-26T06:45:37-04:00] bootstrap_admin_ui: Final preferred_language: en
[2026-04-26T06:46:36-04:00] bootstrap_admin_ui: Session data before resolution: platform_admin=true, platform_role=super_admin, user_id=7, session_id=0h3441a36gsk9svqjhtn7cd3l6
[2026-04-26T06:46:36-04:00] bootstrap_admin_ui: Identity resolved: source=platform_session, is_authenticated=true, user_id=7, is_platform_admin=true, preferred_language=en
[2026-04-26T06:46:36-04:00] bootstrap_admin_ui: Final preferred_language: en
[2026-04-26T06:46:36-04:00] bootstrap_admin_ui: Session data before resolution: platform_admin=true, platform_role=super_admin, user_id=7, session_id=0h3441a36gsk9svqjhtn7cd3l6
[2026-04-26T06:46:36-04:00] bootstrap_admin_ui: Identity resolved: source=platform_session, is_authenticated=true, user_id=7, is_platform_admin=true, preferred_language=en
[2026-04-26T06:46:36-04:00] bootstrap_admin_ui: Final preferred_language: en
[2026-04-26T06:47:12-04:00] bootstrap_admin_ui: Session data before resolution: platform_admin=false, platform_role=null, user_id=40, session_id=i64vndk9r8ibdeqq41jmmicthg
[2026-04-26T06:47:12-04:00] bootstrap_admin_ui: Identity resolved: source=session, is_authenticated=true, user_id=40, is_platform_admin=false, preferred_language=en
[2026-04-26T06:47:12-04:00] bootstrap_admin_ui: Final preferred_language: en
[2026-04-26T06:47:16-04:00] bootstrap_admin_ui: Session data before resolution: platform_admin=false, platform_role=null, user_id=40, session_id=i64vndk9r8ibdeqq41jmmicthg
[2026-04-26T06:47:16-04:00] bootstrap_admin_ui: Identity resolved: source=session, is_authenticated=true, user_id=40, is_platform_admin=false, preferred_language=en
[2026-04-26T06:47:16-04:00] bootstrap_admin_ui: Final preferred_language: en
[2026-04-26T06:47:17-04:00] bootstrap_admin_ui: Session data before resolution: platform_admin=false, platform_role=null, user_id=40, session_id=i64vndk9r8ibdeqq41jmmicthg
[2026-04-26T06:47:17-04:00] bootstrap_admin_ui: Identity resolved: source=session, is_authenticated=true, user_id=40, is_platform_admin=false, preferred_language=en
[2026-04-26T06:47:17-04:00] bootstrap_admin_ui: Final preferred_language: en
[2026-04-26T06:52:44-04:00] bootstrap_admin_ui: Session data before resolution: platform_admin=false, platform_role=null, user_id=40, session_id=i64vndk9r8ibdeqq41jmmicthg
[2026-04-26T06:52:44-04:00] bootstrap_admin_ui: Identity resolved: source=session, is_authenticated=true, user_id=40, is_platform_admin=false, preferred_language=en
[2026-04-26T06:52:44-04:00] bootstrap_admin_ui: Final preferred_language: en
[2026-04-26T06:52:48-04:00] bootstrap_admin_ui: Session data before resolution: platform_admin=false, platform_role=null, user_id=40, session_id=i64vndk9r8ibdeqq41jmmicthg
[2026-04-26T06:52:48-04:00] bootstrap_admin_ui: Identity resolved: source=session, is_authenticated=true, user_id=40, is_platform_admin=false, preferred_language=en
[2026-04-26T06:52:48-04:00] bootstrap_admin_ui: Final preferred_language: en
[2026-04-26T06:52:48-04:00] bootstrap_admin_ui: Session data before resolution: platform_admin=false, platform_role=null, user_id=40, session_id=i64vndk9r8ibdeqq41jmmicthg
[2026-04-26T06:52:48-04:00] bootstrap_admin_ui: Identity resolved: source=session, is_authenticated=true, user_id=40, is_platform_admin=false, preferred_language=en
[2026-04-26T06:52:48-04:00] bootstrap_admin_ui: Final preferred_language: en
[2026-04-26T06:56:25-04:00] bootstrap_admin_ui: Session data before resolution: platform_admin=false, platform_role=null, user_id=40, session_id=i64vndk9r8ibdeqq41jmmicthg
[2026-04-26T06:56:25-04:00] bootstrap_admin_ui: Identity resolved: source=session, is_authenticated=true, user_id=40, is_platform_admin=false, preferred_language=en
[2026-04-26T06:56:25-04:00] bootstrap_admin_ui: Final preferred_language: en
[2026-04-26T07:06:13-04:00] bootstrap_admin_ui: Session data before resolution: platform_admin=false, platform_role=null, user_id=40, session_id=i64vndk9r8ibdeqq41jmmicthg
[2026-04-26T07:06:13-04:00] bootstrap_admin_ui: Identity resolved: source=session, is_authenticated=true, user_id=40, is_platform_admin=false, preferred_language=en
[2026-04-26T07:06:13-04:00] bootstrap_admin_ui: Final preferred_language: en
[2026-04-26T07:06:17-04:00] bootstrap_admin_ui: Session data before resolution: platform_admin=false, platform_role=null, user_id=40, session_id=i64vndk9r8ibdeqq41jmmicthg
[2026-04-26T07:06:17-04:00] bootstrap_admin_ui: Identity resolved: source=session, is_authenticated=true, user_id=40, is_platform_admin=false, preferred_language=en
[2026-04-26T07:06:17-04:00] bootstrap_admin_ui: Final preferred_language: en
[2026-04-26T07:06:17-04:00] bootstrap_admin_ui: Session data before resolution: platform_admin=false, platform_role=null, user_id=40, session_id=i64vndk9r8ibdeqq41jmmicthg
[2026-04-26T07:06:17-04:00] bootstrap_admin_ui: Identity resolved: source=session, is_authenticated=true, user_id=40, is_platform_admin=false, preferred_language=en
[2026-04-26T07:06:17-04:00] bootstrap_admin_ui: Final preferred_language: en
[2026-04-26T07:06:46-04:00] bootstrap_admin_ui: Session data before resolution: platform_admin=true, platform_role=super_admin, user_id=7, session_id=4eqhnos6itpse7uliomlu9pq5i
[2026-04-26T07:06:46-04:00] bootstrap_admin_ui: Identity resolved: source=platform_session, is_authenticated=true, user_id=7, is_platform_admin=true, preferred_language=en
[2026-04-26T07:06:46-04:00] bootstrap_admin_ui: Final preferred_language: en
[2026-04-26T07:06:50-04:00] bootstrap_admin_ui: Session data before resolution: platform_admin=true, platform_role=super_admin, user_id=7, session_id=4eqhnos6itpse7uliomlu9pq5i
[2026-04-26T07:06:50-04:00] bootstrap_admin_ui: Identity resolved: source=platform_session, is_authenticated=true, user_id=7, is_platform_admin=true, preferred_language=en
[2026-04-26T07:06:50-04:00] bootstrap_admin_ui: Final preferred_language: en
[2026-04-26T07:06:51-04:00] bootstrap_admin_ui: Session data before resolution: platform_admin=true, platform_role=super_admin, user_id=7, session_id=4eqhnos6itpse7uliomlu9pq5i
[2026-04-26T07:06:51-04:00] bootstrap_admin_ui: Identity resolved: source=platform_session, is_authenticated=true, user_id=7, is_platform_admin=true, preferred_language=en
[2026-04-26T07:06:51-04:00] bootstrap_admin_ui: Final preferred_language: en
[2026-04-26T07:07:54-04:00] bootstrap_admin_ui: Session data before resolution: platform_admin=false, platform_role=null, user_id=40, session_id=e9n8kfen7ondbc55639c80mkqd
[2026-04-26T07:07:54-04:00] bootstrap_admin_ui: Identity resolved: source=session, is_authenticated=true, user_id=40, is_platform_admin=false, preferred_language=en
[2026-04-26T07:07:54-04:00] bootstrap_admin_ui: Final preferred_language: en
[2026-04-26T07:07:58-04:00] bootstrap_admin_ui: Session data before resolution: platform_admin=false, platform_role=null, user_id=40, session_id=e9n8kfen7ondbc55639c80mkqd
[2026-04-26T07:07:58-04:00] bootstrap_admin_ui: Identity resolved: source=session, is_authenticated=true, user_id=40, is_platform_admin=false, preferred_language=en
[2026-04-26T07:07:58-04:00] bootstrap_admin_ui: Final preferred_language: en
[2026-04-26T07:07:58-04:00] bootstrap_admin_ui: Session data before resolution: platform_admin=false, platform_role=null, user_id=40, session_id=e9n8kfen7ondbc55639c80mkqd
[2026-04-26T07:07:58-04:00] bootstrap_admin_ui: Identity resolved: source=session, is_authenticated=true, user_id=40, is_platform_admin=false, preferred_language=en
[2026-04-26T07:07:58-04:00] bootstrap_admin_ui: Final preferred_language: en
[2026-04-26T07:08:43-04:00] bootstrap_admin_ui: Session data before resolution: platform_admin=false, platform_role=null, user_id=40, session_id=e9n8kfen7ondbc55639c80mkqd
[2026-04-26T07:08:43-04:00] bootstrap_admin_ui: Identity resolved: source=session, is_authenticated=true, user_id=40, is_platform_admin=false, preferred_language=en
[2026-04-26T07:08:43-04:00] bootstrap_admin_ui: Final preferred_language: en
[2026-04-26T07:08:43-04:00] bootstrap_admin_ui: Session data before resolution: platform_admin=false, platform_role=null, user_id=40, session_id=e9n8kfen7ondbc55639c80mkqd
[2026-04-26T07:08:43-04:00] bootstrap_admin_ui: Identity resolved: source=session, is_authenticated=true, user_id=40, is_platform_admin=false, preferred_language=en
[2026-04-26T07:08:43-04:00] bootstrap_admin_ui: Final preferred_language: en
[2026-04-26T07:09:08-04:00] bootstrap_admin_ui: Session data before resolution: platform_admin=true, platform_role=super_admin, user_id=7, session_id=aq9o1pv8r1uluc2eef3lbk6bl2
[2026-04-26T07:09:08-04:00] bootstrap_admin_ui: Identity resolved: source=platform_session, is_authenticated=true, user_id=7, is_platform_admin=true, preferred_language=en
[2026-04-26T07:09:08-04:00] bootstrap_admin_ui: Final preferred_language: en
[2026-04-26T07:09:13-04:00] bootstrap_admin_ui: Session data before resolution: platform_admin=true, platform_role=super_admin, user_id=7, session_id=aq9o1pv8r1uluc2eef3lbk6bl2
[2026-04-26T07:09:13-04:00] bootstrap_admin_ui: Identity resolved: source=platform_session, is_authenticated=true, user_id=7, is_platform_admin=true, preferred_language=en
[2026-04-26T07:09:13-04:00] bootstrap_admin_ui: Final preferred_language: en
[2026-04-26T07:09:13-04:00] bootstrap_admin_ui: Session data before resolution: platform_admin=true, platform_role=super_admin, user_id=7, session_id=aq9o1pv8r1uluc2eef3lbk6bl2
[2026-04-26T07:09:13-04:00] bootstrap_admin_ui: Identity resolved: source=platform_session, is_authenticated=true, user_id=7, is_platform_admin=true, preferred_language=en
[2026-04-26T07:09:13-04:00] bootstrap_admin_ui: Final preferred_language: en
[2026-04-26T07:11:33-04:00] bootstrap_admin_ui: Session data before resolution: platform_admin=true, platform_role=super_admin, user_id=7, session_id=aq9o1pv8r1uluc2eef3lbk6bl2
[2026-04-26T07:11:33-04:00] bootstrap_admin_ui: Identity resolved: source=platform_session, is_authenticated=true, user_id=7, is_platform_admin=true, preferred_language=en
[2026-04-26T07:11:33-04:00] bootstrap_admin_ui: Final preferred_language: en
[2026-04-26T07:11:39-04:00] bootstrap_admin_ui: Session data before resolution: platform_admin=true, platform_role=super_admin, user_id=7, session_id=aq9o1pv8r1uluc2eef3lbk6bl2
[2026-04-26T07:11:39-04:00] bootstrap_admin_ui: Identity resolved: source=platform_session, is_authenticated=true, user_id=7, is_platform_admin=true, preferred_language=en
[2026-04-26T07:11:39-04:00] bootstrap_admin_ui: Final preferred_language: en
[2026-04-26T07:11:39-04:00] bootstrap_admin_ui: Session data before resolution: platform_admin=true, platform_role=super_admin, user_id=7, session_id=aq9o1pv8r1uluc2eef3lbk6bl2
[2026-04-26T07:11:39-04:00] bootstrap_admin_ui: Identity resolved: source=platform_session, is_authenticated=true, user_id=7, is_platform_admin=true, preferred_language=en
[2026-04-26T07:11:39-04:00] bootstrap_admin_ui: Final preferred_language: en
[2026-04-26T07:13:33-04:00] bootstrap_admin_ui: Session data before resolution: platform_admin=true, platform_role=super_admin, user_id=7, session_id=aq9o1pv8r1uluc2eef3lbk6bl2
[2026-04-26T07:13:33-04:00] bootstrap_admin_ui: Identity resolved: source=platform_session, is_authenticated=true, user_id=7, is_platform_admin=true, preferred_language=en
[2026-04-26T07:13:33-04:00] bootstrap_admin_ui: Final preferred_language: en
[2026-04-26T07:13:37-04:00] bootstrap_admin_ui: Session data before resolution: platform_admin=true, platform_role=super_admin, user_id=7, session_id=aq9o1pv8r1uluc2eef3lbk6bl2
[2026-04-26T07:13:37-04:00] bootstrap_admin_ui: Identity resolved: source=platform_session, is_authenticated=true, user_id=7, is_platform_admin=true, preferred_language=en
[2026-04-26T07:13:37-04:00] bootstrap_admin_ui: Final preferred_language: en
[2026-04-26T07:13:38-04:00] bootstrap_admin_ui: Session data before resolution: platform_admin=true, platform_role=super_admin, user_id=7, session_id=aq9o1pv8r1uluc2eef3lbk6bl2
[2026-04-26T07:13:38-04:00] bootstrap_admin_ui: Identity resolved: source=platform_session, is_authenticated=true, user_id=7, is_platform_admin=true, preferred_language=en
[2026-04-26T07:13:38-04:00] bootstrap_admin_ui: Final preferred_language: en
[2026-04-26T07:17:41-04:00] bootstrap_admin_ui: Session data before resolution: platform_admin=true, platform_role=super_admin, user_id=7, session_id=aq9o1pv8r1uluc2eef3lbk6bl2
[2026-04-26T07:17:41-04:00] bootstrap_admin_ui: Identity resolved: source=platform_session, is_authenticated=true, user_id=7, is_platform_admin=true, preferred_language=en
[2026-04-26T07:17:41-04:00] bootstrap_admin_ui: Final preferred_language: en
[2026-04-26T07:17:49-04:00] bootstrap_admin_ui: Session data before resolution: platform_admin=true, platform_role=super_admin, user_id=7, session_id=aq9o1pv8r1uluc2eef3lbk6bl2
[2026-04-26T07:17:49-04:00] bootstrap_admin_ui: Identity resolved: source=platform_session, is_authenticated=true, user_id=7, is_platform_admin=true, preferred_language=en
[2026-04-26T07:17:49-04:00] bootstrap_admin_ui: Final preferred_language: en
[2026-04-26T07:17:49-04:00] bootstrap_admin_ui: Session data before resolution: platform_admin=true, platform_role=super_admin, user_id=7, session_id=aq9o1pv8r1uluc2eef3lbk6bl2
[2026-04-26T07:17:49-04:00] bootstrap_admin_ui: Identity resolved: source=platform_session, is_authenticated=true, user_id=7, is_platform_admin=true, preferred_language=en
[2026-04-26T07:17:49-04:00] bootstrap_admin_ui: Final preferred_language: en
[2026-04-26T07:18:56-04:00] bootstrap_admin_ui: Session data before resolution: platform_admin=true, platform_role=super_admin, user_id=7, session_id=aq9o1pv8r1uluc2eef3lbk6bl2
[2026-04-26T07:18:56-04:00] bootstrap_admin_ui: Identity resolved: source=platform_session, is_authenticated=true, user_id=7, is_platform_admin=true, preferred_language=en
[2026-04-26T07:18:56-04:00] bootstrap_admin_ui: Final preferred_language: en
[2026-04-26T07:18:56-04:00] bootstrap_admin_ui: Session data before resolution: platform_admin=true, platform_role=super_admin, user_id=7, session_id=aq9o1pv8r1uluc2eef3lbk6bl2
[2026-04-26T07:18:56-04:00] bootstrap_admin_ui: Identity resolved: source=platform_session, is_authenticated=true, user_id=7, is_platform_admin=true, preferred_language=en
[2026-04-26T07:18:56-04:00] bootstrap_admin_ui: Final preferred_language: en
[2026-04-26T07:18:56-04:00] bootstrap_admin_ui: Session data before resolution: platform_admin=true, platform_role=super_admin, user_id=7, session_id=aq9o1pv8r1uluc2eef3lbk6bl2
[2026-04-26T07:18:56-04:00] bootstrap_admin_ui: Identity resolved: source=platform_session, is_authenticated=true, user_id=7, is_platform_admin=true, preferred_language=en
[2026-04-26T07:18:56-04:00] bootstrap_admin_ui: Final preferred_language: en
[2026-04-26T07:19:31-04:00] bootstrap_admin_ui: Session data before resolution: platform_admin=false, platform_role=null, user_id=40, session_id=pnm6brduc3o1bano9of397n161
[2026-04-26T07:19:31-04:00] bootstrap_admin_ui: Identity resolved: source=session, is_authenticated=true, user_id=40, is_platform_admin=false, preferred_language=en
[2026-04-26T07:19:31-04:00] bootstrap_admin_ui: Final preferred_language: en
[2026-04-26T07:19:36-04:00] bootstrap_admin_ui: Session data before resolution: platform_admin=false, platform_role=null, user_id=40, session_id=pnm6brduc3o1bano9of397n161
[2026-04-26T07:19:36-04:00] bootstrap_admin_ui: Identity resolved: source=session, is_authenticated=true, user_id=40, is_platform_admin=false, preferred_language=en
[2026-04-26T07:19:36-04:00] bootstrap_admin_ui: Final preferred_language: en
[2026-04-26T07:19:36-04:00] bootstrap_admin_ui: Session data before resolution: platform_admin=false, platform_role=null, user_id=40, session_id=pnm6brduc3o1bano9of397n161
[2026-04-26T07:19:36-04:00] bootstrap_admin_ui: Identity resolved: source=session, is_authenticated=true, user_id=40, is_platform_admin=false, preferred_language=en
[2026-04-26T07:19:36-04:00] bootstrap_admin_ui: Final preferred_language: en
[2026-04-26T07:24:30-04:00] bootstrap_admin_ui: Session data before resolution: platform_admin=false, platform_role=null, user_id=40, session_id=pnm6brduc3o1bano9of397n161
[2026-04-26T07:24:30-04:00] bootstrap_admin_ui: Identity resolved: source=session, is_authenticated=true, user_id=40, is_platform_admin=false, preferred_language=ar
[2026-04-26T07:24:30-04:00] bootstrap_admin_ui: Final preferred_language: ar
[2026-04-26T07:24:38-04:00] bootstrap_admin_ui: Session data before resolution: platform_admin=false, platform_role=null, user_id=40, session_id=pnm6brduc3o1bano9of397n161
[2026-04-26T07:24:38-04:00] bootstrap_admin_ui: Identity resolved: source=session, is_authenticated=true, user_id=40, is_platform_admin=false, preferred_language=ar
[2026-04-26T07:24:38-04:00] bootstrap_admin_ui: Final preferred_language: ar
[2026-04-26T07:24:38-04:00] bootstrap_admin_ui: Session data before resolution: platform_admin=false, platform_role=null, user_id=40, session_id=pnm6brduc3o1bano9of397n161
[2026-04-26T07:24:38-04:00] bootstrap_admin_ui: Identity resolved: source=session, is_authenticated=true, user_id=40, is_platform_admin=false, preferred_language=ar
[2026-04-26T07:24:38-04:00] bootstrap_admin_ui: Final preferred_language: ar
[2026-04-26T07:26:52-04:00] bootstrap_admin_ui: Session data before resolution: platform_admin=false, platform_role=null, user_id=40, session_id=pnm6brduc3o1bano9of397n161
[2026-04-26T07:26:52-04:00] bootstrap_admin_ui: Identity resolved: source=session, is_authenticated=true, user_id=40, is_platform_admin=false, preferred_language=ar
[2026-04-26T07:26:52-04:00] bootstrap_admin_ui: Final preferred_language: ar
[2026-04-26T07:26:59-04:00] bootstrap_admin_ui: Session data before resolution: platform_admin=false, platform_role=null, user_id=40, session_id=pnm6brduc3o1bano9of397n161
[2026-04-26T07:26:59-04:00] bootstrap_admin_ui: Identity resolved: source=session, is_authenticated=true, user_id=40, is_platform_admin=false, preferred_language=ar
[2026-04-26T07:26:59-04:00] bootstrap_admin_ui: Final preferred_language: ar
[2026-04-26T07:27:00-04:00] bootstrap_admin_ui: Session data before resolution: platform_admin=false, platform_role=null, user_id=40, session_id=pnm6brduc3o1bano9of397n161
[2026-04-26T07:27:00-04:00] bootstrap_admin_ui: Identity resolved: source=session, is_authenticated=true, user_id=40, is_platform_admin=false, preferred_language=ar
[2026-04-26T07:27:00-04:00] bootstrap_admin_ui: Final preferred_language: ar
[2026-04-26T07:27:26-04:00] bootstrap_admin_ui: Session data before resolution: platform_admin=true, platform_role=super_admin, user_id=7, session_id=avmo8q7f0f0mfkdao6b3aark3e
[2026-04-26T07:27:26-04:00] bootstrap_admin_ui: Identity resolved: source=platform_session, is_authenticated=true, user_id=7, is_platform_admin=true, preferred_language=en
[2026-04-26T07:27:26-04:00] bootstrap_admin_ui: Final preferred_language: en
[2026-04-26T07:27:33-04:00] bootstrap_admin_ui: Session data before resolution: platform_admin=true, platform_role=super_admin, user_id=7, session_id=avmo8q7f0f0mfkdao6b3aark3e
[2026-04-26T07:27:33-04:00] bootstrap_admin_ui: Identity resolved: source=platform_session, is_authenticated=true, user_id=7, is_platform_admin=true, preferred_language=en
[2026-04-26T07:27:33-04:00] bootstrap_admin_ui: Final preferred_language: en
[2026-04-26T07:27:33-04:00] bootstrap_admin_ui: Session data before resolution: platform_admin=true, platform_role=super_admin, user_id=7, session_id=avmo8q7f0f0mfkdao6b3aark3e
[2026-04-26T07:27:33-04:00] bootstrap_admin_ui: Identity resolved: source=platform_session, is_authenticated=true, user_id=7, is_platform_admin=true, preferred_language=en
[2026-04-26T07:27:33-04:00] bootstrap_admin_ui: Final preferred_language: en
[2026-04-26T07:27:56-04:00] bootstrap_admin_ui: Session data before resolution: platform_admin=true, platform_role=super_admin, user_id=7, session_id=avmo8q7f0f0mfkdao6b3aark3e
[2026-04-26T07:27:56-04:00] bootstrap_admin_ui: Identity resolved: source=platform_session, is_authenticated=true, user_id=7, is_platform_admin=true, preferred_language=en
[2026-04-26T07:27:56-04:00] bootstrap_admin_ui: Final preferred_language: en
[2026-04-26T07:27:56-04:00] bootstrap_admin_ui: Session data before resolution: platform_admin=true, platform_role=super_admin, user_id=7, session_id=avmo8q7f0f0mfkdao6b3aark3e
[2026-04-26T07:27:56-04:00] bootstrap_admin_ui: Identity resolved: source=platform_session, is_authenticated=true, user_id=7, is_platform_admin=true, preferred_language=en
[2026-04-26T07:27:56-04:00] bootstrap_admin_ui: Final preferred_language: en
[2026-04-26T07:27:57-04:00] bootstrap_admin_ui: Session data before resolution: platform_admin=true, platform_role=super_admin, user_id=7, session_id=avmo8q7f0f0mfkdao6b3aark3e
[2026-04-26T07:27:57-04:00] bootstrap_admin_ui: Identity resolved: source=platform_session, is_authenticated=true, user_id=7, is_platform_admin=true, preferred_language=en
[2026-04-26T07:27:57-04:00] bootstrap_admin_ui: Final preferred_language: en
[2026-04-26T07:28:22-04:00] bootstrap_admin_ui: Session data before resolution: platform_admin=true, platform_role=super_admin, user_id=7, session_id=avmo8q7f0f0mfkdao6b3aark3e
[2026-04-26T07:28:22-04:00] bootstrap_admin_ui: Identity resolved: source=platform_session, is_authenticated=true, user_id=7, is_platform_admin=true, preferred_language=en
[2026-04-26T07:28:22-04:00] bootstrap_admin_ui: Final preferred_language: en
[2026-04-26T07:28:22-04:00] bootstrap_admin_ui: Session data before resolution: platform_admin=true, platform_role=super_admin, user_id=7, session_id=avmo8q7f0f0mfkdao6b3aark3e
[2026-04-26T07:28:22-04:00] bootstrap_admin_ui: Identity resolved: source=platform_session, is_authenticated=true, user_id=7, is_platform_admin=true, preferred_language=en
[2026-04-26T07:28:22-04:00] bootstrap_admin_ui: Final preferred_language: en
[2026-04-26T07:28:22-04:00] bootstrap_admin_ui: Session data before resolution: platform_admin=true, platform_role=super_admin, user_id=7, session_id=avmo8q7f0f0mfkdao6b3aark3e
[2026-04-26T07:28:22-04:00] bootstrap_admin_ui: Identity resolved: source=platform_session, is_authenticated=true, user_id=7, is_platform_admin=true, preferred_language=en
[2026-04-26T07:28:22-04:00] bootstrap_admin_ui: Final preferred_language: en
[2026-04-26T07:29:02-04:00] bootstrap_admin_ui: Session data before resolution: platform_admin=true, platform_role=super_admin, user_id=7, session_id=avmo8q7f0f0mfkdao6b3aark3e
[2026-04-26T07:29:02-04:00] bootstrap_admin_ui: Identity resolved: source=platform_session, is_authenticated=true, user_id=7, is_platform_admin=true, preferred_language=en
[2026-04-26T07:29:02-04:00] bootstrap_admin_ui: Final preferred_language: en
[2026-04-26T07:29:07-04:00] bootstrap_admin_ui: Session data before resolution: platform_admin=true, platform_role=super_admin, user_id=7, session_id=avmo8q7f0f0mfkdao6b3aark3e
[2026-04-26T07:29:07-04:00] bootstrap_admin_ui: Identity resolved: source=platform_session, is_authenticated=true, user_id=7, is_platform_admin=true, preferred_language=en
[2026-04-26T07:29:07-04:00] bootstrap_admin_ui: Final preferred_language: en
[2026-04-26T07:29:07-04:00] bootstrap_admin_ui: Session data before resolution: platform_admin=true, platform_role=super_admin, user_id=7, session_id=avmo8q7f0f0mfkdao6b3aark3e
[2026-04-26T07:29:07-04:00] bootstrap_admin_ui: Identity resolved: source=platform_session, is_authenticated=true, user_id=7, is_platform_admin=true, preferred_language=en
[2026-04-26T07:29:07-04:00] bootstrap_admin_ui: Final preferred_language: en
[2026-04-26T07:29:07-04:00] bootstrap_admin_ui: Session data before resolution: platform_admin=true, platform_role=super_admin, user_id=7, session_id=avmo8q7f0f0mfkdao6b3aark3e
[2026-04-26T07:29:07-04:00] bootstrap_admin_ui: Identity resolved: source=platform_session, is_authenticated=true, user_id=7, is_platform_admin=true, preferred_language=en
[2026-04-26T07:29:07-04:00] bootstrap_admin_ui: Final preferred_language: en
[2026-04-26T07:29:36-04:00] bootstrap_admin_ui: Session data before resolution: platform_admin=true, platform_role=super_admin, user_id=7, session_id=avmo8q7f0f0mfkdao6b3aark3e
[2026-04-26T07:29:36-04:00] bootstrap_admin_ui: Identity resolved: source=platform_session, is_authenticated=true, user_id=7, is_platform_admin=true, preferred_language=en
[2026-04-26T07:29:36-04:00] bootstrap_admin_ui: Final preferred_language: en
[2026-04-26T07:35:40-04:00] bootstrap_admin_ui: Session data before resolution: platform_admin=true, platform_role=super_admin, user_id=7, session_id=avmo8q7f0f0mfkdao6b3aark3e
[2026-04-26T07:35:40-04:00] bootstrap_admin_ui: Identity resolved: source=platform_session, is_authenticated=true, user_id=7, is_platform_admin=true, preferred_language=en
[2026-04-26T07:35:40-04:00] bootstrap_admin_ui: Final preferred_language: en
[2026-04-26T07:35:44-04:00] bootstrap_admin_ui: Session data before resolution: platform_admin=true, platform_role=super_admin, user_id=7, session_id=avmo8q7f0f0mfkdao6b3aark3e
[2026-04-26T07:35:44-04:00] bootstrap_admin_ui: Identity resolved: source=platform_session, is_authenticated=true, user_id=7, is_platform_admin=true, preferred_language=en
[2026-04-26T07:35:44-04:00] bootstrap_admin_ui: Final preferred_language: en
[2026-04-26T07:35:44-04:00] bootstrap_admin_ui: Session data before resolution: platform_admin=true, platform_role=super_admin, user_id=7, session_id=avmo8q7f0f0mfkdao6b3aark3e
[2026-04-26T07:35:44-04:00] bootstrap_admin_ui: Identity resolved: source=platform_session, is_authenticated=true, user_id=7, is_platform_admin=true, preferred_language=en
[2026-04-26T07:35:44-04:00] bootstrap_admin_ui: Final preferred_language: en
[2026-04-26T07:35:45-04:00] bootstrap_admin_ui: Session data before resolution: platform_admin=true, platform_role=super_admin, user_id=7, session_id=avmo8q7f0f0mfkdao6b3aark3e
[2026-04-26T07:35:45-04:00] bootstrap_admin_ui: Identity resolved: source=platform_session, is_authenticated=true, user_id=7, is_platform_admin=true, preferred_language=en
[2026-04-26T07:35:45-04:00] bootstrap_admin_ui: Final preferred_language: en
[2026-04-26T07:37:56-04:00] bootstrap_admin_ui: Session data before resolution: platform_admin=true, platform_role=super_admin, user_id=7, session_id=avmo8q7f0f0mfkdao6b3aark3e
[2026-04-26T07:37:56-04:00] bootstrap_admin_ui: Identity resolved: source=platform_session, is_authenticated=true, user_id=7, is_platform_admin=true, preferred_language=en
[2026-04-26T07:37:56-04:00] bootstrap_admin_ui: Final preferred_language: en
[2026-04-26T07:38:00-04:00] bootstrap_admin_ui: Session data before resolution: platform_admin=true, platform_role=super_admin, user_id=7, session_id=avmo8q7f0f0mfkdao6b3aark3e
[2026-04-26T07:38:00-04:00] bootstrap_admin_ui: Identity resolved: source=platform_session, is_authenticated=true, user_id=7, is_platform_admin=true, preferred_language=en
[2026-04-26T07:38:00-04:00] bootstrap_admin_ui: Final preferred_language: en
[2026-04-26T07:38:00-04:00] bootstrap_admin_ui: Session data before resolution: platform_admin=true, platform_role=super_admin, user_id=7, session_id=avmo8q7f0f0mfkdao6b3aark3e
[2026-04-26T07:38:00-04:00] bootstrap_admin_ui: Identity resolved: source=platform_session, is_authenticated=true, user_id=7, is_platform_admin=true, preferred_language=en
[2026-04-26T07:38:00-04:00] bootstrap_admin_ui: Final preferred_language: en
[2026-04-26T07:38:00-04:00] bootstrap_admin_ui: Session data before resolution: platform_admin=true, platform_role=super_admin, user_id=7, session_id=avmo8q7f0f0mfkdao6b3aark3e
[2026-04-26T07:38:00-04:00] bootstrap_admin_ui: Identity resolved: source=platform_session, is_authenticated=true, user_id=7, is_platform_admin=true, preferred_language=en
[2026-04-26T07:38:00-04:00] bootstrap_admin_ui: Final preferred_language: en
[2026-04-26T07:38:28-04:00] bootstrap_admin_ui: Session data before resolution: platform_admin=false, platform_role=null, user_id=40, session_id=130e864rkf9d0tfoon4h249ft7
[2026-04-26T07:38:28-04:00] bootstrap_admin_ui: Identity resolved: source=session, is_authenticated=true, user_id=40, is_platform_admin=false, preferred_language=ar
[2026-04-26T07:38:28-04:00] bootstrap_admin_ui: Final preferred_language: ar
[2026-04-26T07:38:33-04:00] bootstrap_admin_ui: Session data before resolution: platform_admin=false, platform_role=null, user_id=40, session_id=130e864rkf9d0tfoon4h249ft7
[2026-04-26T07:38:33-04:00] bootstrap_admin_ui: Identity resolved: source=session, is_authenticated=true, user_id=40, is_platform_admin=false, preferred_language=ar
[2026-04-26T07:38:33-04:00] bootstrap_admin_ui: Final preferred_language: ar
[2026-04-26T07:38:33-04:00] bootstrap_admin_ui: Session data before resolution: platform_admin=false, platform_role=null, user_id=40, session_id=130e864rkf9d0tfoon4h249ft7
[2026-04-26T07:38:33-04:00] bootstrap_admin_ui: Identity resolved: source=session, is_authenticated=true, user_id=40, is_platform_admin=false, preferred_language=ar
[2026-04-26T07:38:33-04:00] bootstrap_admin_ui: Final preferred_language: ar
[2026-04-26T07:38:33-04:00] bootstrap_admin_ui: Session data before resolution: platform_admin=false, platform_role=null, user_id=40, session_id=130e864rkf9d0tfoon4h249ft7
[2026-04-26T07:38:33-04:00] bootstrap_admin_ui: Identity resolved: source=session, is_authenticated=true, user_id=40, is_platform_admin=false, preferred_language=ar
[2026-04-26T07:38:33-04:00] bootstrap_admin_ui: Final preferred_language: ar
[2026-04-26T07:48:23-04:00] bootstrap_admin_ui: Session data before resolution: platform_admin=false, platform_role=null, user_id=40, session_id=130e864rkf9d0tfoon4h249ft7
[2026-04-26T07:48:23-04:00] bootstrap_admin_ui: Identity resolved: source=session, is_authenticated=true, user_id=40, is_platform_admin=false, preferred_language=ar
[2026-04-26T07:48:23-04:00] bootstrap_admin_ui: Final preferred_language: ar
[2026-04-26T07:48:28-04:00] bootstrap_admin_ui: Session data before resolution: platform_admin=false, platform_role=null, user_id=40, session_id=130e864rkf9d0tfoon4h249ft7
[2026-04-26T07:48:28-04:00] bootstrap_admin_ui: Identity resolved: source=session, is_authenticated=true, user_id=40, is_platform_admin=false, preferred_language=ar
[2026-04-26T07:48:28-04:00] bootstrap_admin_ui: Final preferred_language: ar
[2026-04-26T07:48:28-04:00] bootstrap_admin_ui: Session data before resolution: platform_admin=false, platform_role=null, user_id=40, session_id=130e864rkf9d0tfoon4h249ft7
[2026-04-26T07:48:28-04:00] bootstrap_admin_ui: Identity resolved: source=session, is_authenticated=true, user_id=40, is_platform_admin=false, preferred_language=ar
[2026-04-26T07:48:28-04:00] bootstrap_admin_ui: Final preferred_language: ar
[2026-04-26T07:48:49-04:00] bootstrap_admin_ui: Session data before resolution: platform_admin=true, platform_role=super_admin, user_id=7, session_id=niq16np4b3lm9piikejftf9fh6
[2026-04-26T07:48:49-04:00] bootstrap_admin_ui: Identity resolved: source=platform_session, is_authenticated=true, user_id=7, is_platform_admin=true, preferred_language=en
[2026-04-26T07:48:49-04:00] bootstrap_admin_ui: Final preferred_language: en
[2026-04-26T07:48:55-04:00] bootstrap_admin_ui: Session data before resolution: platform_admin=true, platform_role=super_admin, user_id=7, session_id=niq16np4b3lm9piikejftf9fh6
[2026-04-26T07:48:55-04:00] bootstrap_admin_ui: Identity resolved: source=platform_session, is_authenticated=true, user_id=7, is_platform_admin=true, preferred_language=en
[2026-04-26T07:48:55-04:00] bootstrap_admin_ui: Final preferred_language: en
[2026-04-26T07:48:55-04:00] bootstrap_admin_ui: Session data before resolution: platform_admin=true, platform_role=super_admin, user_id=7, session_id=niq16np4b3lm9piikejftf9fh6
[2026-04-26T07:48:55-04:00] bootstrap_admin_ui: Identity resolved: source=platform_session, is_authenticated=true, user_id=7, is_platform_admin=true, preferred_language=en
[2026-04-26T07:48:55-04:00] bootstrap_admin_ui: Final preferred_language: en
[2026-04-26T07:49:40-04:00] bootstrap_admin_ui: Session data before resolution: platform_admin=true, platform_role=super_admin, user_id=7, session_id=niq16np4b3lm9piikejftf9fh6
[2026-04-26T07:49:40-04:00] bootstrap_admin_ui: Identity resolved: source=platform_session, is_authenticated=true, user_id=7, is_platform_admin=true, preferred_language=en
[2026-04-26T07:49:40-04:00] bootstrap_admin_ui: Final preferred_language: en
[2026-04-26T07:49:40-04:00] bootstrap_admin_ui: Session data before resolution: platform_admin=true, platform_role=super_admin, user_id=7, session_id=niq16np4b3lm9piikejftf9fh6
[2026-04-26T07:49:40-04:00] bootstrap_admin_ui: Identity resolved: source=platform_session, is_authenticated=true, user_id=7, is_platform_admin=true, preferred_language=en
[2026-04-26T07:49:40-04:00] bootstrap_admin_ui: Final preferred_language: en
[2026-04-26T07:49:40-04:00] bootstrap_admin_ui: Session data before resolution: platform_admin=true, platform_role=super_admin, user_id=7, session_id=niq16np4b3lm9piikejftf9fh6
[2026-04-26T07:49:40-04:00] bootstrap_admin_ui: Identity resolved: source=platform_session, is_authenticated=true, user_id=7, is_platform_admin=true, preferred_language=en
[2026-04-26T07:49:40-04:00] bootstrap_admin_ui: Final preferred_language: en
[2026-04-26T07:49:48-04:00] bootstrap_admin_ui: Session data before resolution: platform_admin=true, platform_role=super_admin, user_id=7, session_id=niq16np4b3lm9piikejftf9fh6
[2026-04-26T07:49:48-04:00] bootstrap_admin_ui: Identity resolved: source=platform_session, is_authenticated=true, user_id=7, is_platform_admin=true, preferred_language=en
[2026-04-26T07:49:48-04:00] bootstrap_admin_ui: Final preferred_language: en
[2026-04-26T08:30:31-04:00] bootstrap_admin_ui: Session data before resolution: platform_admin=true, platform_role=super_admin, user_id=7, session_id=niq16np4b3lm9piikejftf9fh6
[2026-04-26T08:30:31-04:00] bootstrap_admin_ui: Identity resolved: source=platform_session, is_authenticated=true, user_id=7, is_platform_admin=true, preferred_language=en
[2026-04-26T08:30:31-04:00] bootstrap_admin_ui: Final preferred_language: en
[2026-04-26T08:30:32-04:00] bootstrap_admin_ui: Session data before resolution: platform_admin=true, platform_role=super_admin, user_id=7, session_id=niq16np4b3lm9piikejftf9fh6
[2026-04-26T08:30:32-04:00] bootstrap_admin_ui: Identity resolved: source=platform_session, is_authenticated=true, user_id=7, is_platform_admin=true, preferred_language=en
[2026-04-26T08:30:32-04:00] bootstrap_admin_ui: Final preferred_language: en
[2026-04-26T08:30:32-04:00] bootstrap_admin_ui: Session data before resolution: platform_admin=true, platform_role=super_admin, user_id=7, session_id=niq16np4b3lm9piikejftf9fh6
[2026-04-26T08:30:32-04:00] bootstrap_admin_ui: Identity resolved: source=platform_session, is_authenticated=true, user_id=7, is_platform_admin=true, preferred_language=en
[2026-04-26T08:30:32-04:00] bootstrap_admin_ui: Final preferred_language: en
[2026-04-26T08:48:36-04:00] bootstrap_admin_ui: Session data before resolution: platform_admin=true, platform_role=super_admin, user_id=7, session_id=niq16np4b3lm9piikejftf9fh6
[2026-04-26T08:48:36-04:00] bootstrap_admin_ui: Identity resolved: source=platform_session, is_authenticated=true, user_id=7, is_platform_admin=true, preferred_language=en
[2026-04-26T08:48:36-04:00] bootstrap_admin_ui: Final preferred_language: en
[2026-04-26T08:48:39-04:00] bootstrap_admin_ui: Session data before resolution: platform_admin=true, platform_role=super_admin, user_id=7, session_id=niq16np4b3lm9piikejftf9fh6
[2026-04-26T08:48:39-04:00] bootstrap_admin_ui: Identity resolved: source=platform_session, is_authenticated=true, user_id=7, is_platform_admin=true, preferred_language=en
[2026-04-26T08:48:39-04:00] bootstrap_admin_ui: Final preferred_language: en
[2026-04-26T08:49:04-04:00] bootstrap_admin_ui: Session data before resolution: platform_admin=true, platform_role=super_admin, user_id=7, session_id=niq16np4b3lm9piikejftf9fh6
[2026-04-26T08:49:04-04:00] bootstrap_admin_ui: Identity resolved: source=platform_session, is_authenticated=true, user_id=7, is_platform_admin=true, preferred_language=en
[2026-04-26T08:49:04-04:00] bootstrap_admin_ui: Final preferred_language: en
[2026-04-26T08:49:15-04:00] bootstrap_admin_ui: Session data before resolution: platform_admin=true, platform_role=super_admin, user_id=7, session_id=sn6m7d1ud9j9vqgk1ehat4g3gm
[2026-04-26T08:49:15-04:00] bootstrap_admin_ui: Identity resolved: source=platform_session, is_authenticated=true, user_id=7, is_platform_admin=true, preferred_language=en
[2026-04-26T08:49:15-04:00] bootstrap_admin_ui: Final preferred_language: en
[2026-04-26T08:49:19-04:00] bootstrap_admin_ui: Session data before resolution: platform_admin=true, platform_role=super_admin, user_id=7, session_id=sn6m7d1ud9j9vqgk1ehat4g3gm
[2026-04-26T08:49:19-04:00] bootstrap_admin_ui: Identity resolved: source=platform_session, is_authenticated=true, user_id=7, is_platform_admin=true, preferred_language=en
[2026-04-26T08:49:19-04:00] bootstrap_admin_ui: Final preferred_language: en
[2026-04-26T08:49:28-04:00] bootstrap_admin_ui: Session data before resolution: platform_admin=true, platform_role=super_admin, user_id=7, session_id=sn6m7d1ud9j9vqgk1ehat4g3gm
[2026-04-26T08:49:28-04:00] bootstrap_admin_ui: Identity resolved: source=platform_session, is_authenticated=true, user_id=7, is_platform_admin=true, preferred_language=en
[2026-04-26T08:49:28-04:00] bootstrap_admin_ui: Final preferred_language: en
[2026-04-26T08:49:33-04:00] bootstrap_admin_ui: Session data before resolution: platform_admin=true, platform_role=super_admin, user_id=7, session_id=sn6m7d1ud9j9vqgk1ehat4g3gm
[2026-04-26T08:49:33-04:00] bootstrap_admin_ui: Identity resolved: source=platform_session, is_authenticated=true, user_id=7, is_platform_admin=true, preferred_language=en
[2026-04-26T08:49:33-04:00] bootstrap_admin_ui: Final preferred_language: en
[2026-04-26T08:51:25-04:00] bootstrap_admin_ui: Session data before resolution: platform_admin=true, platform_role=super_admin, user_id=7, session_id=sn6m7d1ud9j9vqgk1ehat4g3gm
[2026-04-26T08:51:25-04:00] bootstrap_admin_ui: Identity resolved: source=platform_session, is_authenticated=true, user_id=7, is_platform_admin=true, preferred_language=en
[2026-04-26T08:51:25-04:00] bootstrap_admin_ui: Final preferred_language: en
[2026-04-26T08:51:27-04:00] bootstrap_admin_ui: Session data before resolution: platform_admin=true, platform_role=super_admin, user_id=7, session_id=sn6m7d1ud9j9vqgk1ehat4g3gm
[2026-04-26T08:51:27-04:00] bootstrap_admin_ui: Identity resolved: source=platform_session, is_authenticated=true, user_id=7, is_platform_admin=true, preferred_language=en
[2026-04-26T08:51:27-04:00] bootstrap_admin_ui: Final preferred_language: en
[2026-04-26T08:53:21-04:00] bootstrap_admin_ui: Session data before resolution: platform_admin=true, platform_role=super_admin, user_id=7, session_id=sn6m7d1ud9j9vqgk1ehat4g3gm
[2026-04-26T08:53:21-04:00] bootstrap_admin_ui: Identity resolved: source=platform_session, is_authenticated=true, user_id=7, is_platform_admin=true, preferred_language=en
[2026-04-26T08:53:21-04:00] bootstrap_admin_ui: Final preferred_language: en
[2026-04-26T08:54:10-04:00] bootstrap_admin_ui: Session data before resolution: platform_admin=true, platform_role=super_admin, user_id=7, session_id=f56frbi1u5ksmlmsobssl2blrh
[2026-04-26T08:54:10-04:00] bootstrap_admin_ui: Identity resolved: source=platform_session, is_authenticated=true, user_id=7, is_platform_admin=true, preferred_language=en
[2026-04-26T08:54:10-04:00] bootstrap_admin_ui: Final preferred_language: en
[2026-04-26T08:54:11-04:00] bootstrap_admin_ui: Session data before resolution: platform_admin=true, platform_role=super_admin, user_id=7, session_id=f56frbi1u5ksmlmsobssl2blrh
[2026-04-26T08:54:11-04:00] bootstrap_admin_ui: Identity resolved: source=platform_session, is_authenticated=true, user_id=7, is_platform_admin=true, preferred_language=en
[2026-04-26T08:54:11-04:00] bootstrap_admin_ui: Final preferred_language: en
[2026-04-26T08:56:58-04:00] bootstrap_admin_ui: Session data before resolution: platform_admin=true, platform_role=super_admin, user_id=7, session_id=hn2pjle0fdefg4jgh6qg65dkis
[2026-04-26T08:56:58-04:00] bootstrap_admin_ui: Identity resolved: source=platform_session, is_authenticated=true, user_id=7, is_platform_admin=true, preferred_language=en
[2026-04-26T08:56:58-04:00] bootstrap_admin_ui: Final preferred_language: en
[2026-04-26T08:57:01-04:00] bootstrap_admin_ui: Session data before resolution: platform_admin=true, platform_role=super_admin, user_id=7, session_id=hn2pjle0fdefg4jgh6qg65dkis
[2026-04-26T08:57:01-04:00] bootstrap_admin_ui: Identity resolved: source=platform_session, is_authenticated=true, user_id=7, is_platform_admin=true, preferred_language=en
[2026-04-26T08:57:01-04:00] bootstrap_admin_ui: Final preferred_language: en
[2026-04-26T09:04:34-04:00] bootstrap_admin_ui: Session data before resolution: platform_admin=true, platform_role=super_admin, user_id=7, session_id=i243vdam9u78h22c1gg0iadvac
[2026-04-26T09:04:34-04:00] bootstrap_admin_ui: Identity resolved: source=platform_session, is_authenticated=true, user_id=7, is_platform_admin=true, preferred_language=en
[2026-04-26T09:04:34-04:00] bootstrap_admin_ui: Final preferred_language: en
[2026-04-26T09:04:38-04:00] bootstrap_admin_ui: Session data before resolution: platform_admin=true, platform_role=super_admin, user_id=7, session_id=i243vdam9u78h22c1gg0iadvac
[2026-04-26T09:04:38-04:00] bootstrap_admin_ui: Identity resolved: source=platform_session, is_authenticated=true, user_id=7, is_platform_admin=true, preferred_language=en
[2026-04-26T09:04:38-04:00] bootstrap_admin_ui: Final preferred_language: en
[2026-04-26T09:09:45-04:00] bootstrap_admin_ui: Session data before resolution: platform_admin=true, platform_role=super_admin, user_id=7, session_id=av8s69b3l4tntgg15ckq1a7j8j
[2026-04-26T09:09:45-04:00] bootstrap_admin_ui: Identity resolved: source=platform_session, is_authenticated=true, user_id=7, is_platform_admin=true, preferred_language=en
[2026-04-26T09:09:45-04:00] bootstrap_admin_ui: Final preferred_language: en
[2026-04-26T09:10:22-04:00] bootstrap_admin_ui: Session data before resolution: platform_admin=true, platform_role=super_admin, user_id=7, session_id=av8s69b3l4tntgg15ckq1a7j8j
[2026-04-26T09:10:22-04:00] bootstrap_admin_ui: Identity resolved: source=platform_session, is_authenticated=true, user_id=7, is_platform_admin=true, preferred_language=en
[2026-04-26T09:10:22-04:00] bootstrap_admin_ui: Final preferred_language: en
[2026-04-26T09:10:27-04:00] bootstrap_admin_ui: Session data before resolution: platform_admin=true, platform_role=super_admin, user_id=7, session_id=av8s69b3l4tntgg15ckq1a7j8j
[2026-04-26T09:10:27-04:00] bootstrap_admin_ui: Identity resolved: source=platform_session, is_authenticated=true, user_id=7, is_platform_admin=true, preferred_language=en
[2026-04-26T09:10:27-04:00] bootstrap_admin_ui: Final preferred_language: en
[2026-04-26T09:10:31-04:00] bootstrap_admin_ui: Session data before resolution: platform_admin=true, platform_role=super_admin, user_id=7, session_id=av8s69b3l4tntgg15ckq1a7j8j
[2026-04-26T09:10:31-04:00] bootstrap_admin_ui: Identity resolved: source=platform_session, is_authenticated=true, user_id=7, is_platform_admin=true, preferred_language=en
[2026-04-26T09:10:31-04:00] bootstrap_admin_ui: Final preferred_language: en
[2026-04-26T09:10:38-04:00] bootstrap_admin_ui: Session data before resolution: platform_admin=true, platform_role=super_admin, user_id=7, session_id=av8s69b3l4tntgg15ckq1a7j8j
[2026-04-26T09:10:38-04:00] bootstrap_admin_ui: Identity resolved: source=platform_session, is_authenticated=true, user_id=7, is_platform_admin=true, preferred_language=en
[2026-04-26T09:10:38-04:00] bootstrap_admin_ui: Final preferred_language: en
[2026-04-26T09:12:44-04:00] bootstrap_admin_ui: Session data before resolution: platform_admin=true, platform_role=super_admin, user_id=7, session_id=gpb0qdtamqoac19g6g2423n476
[2026-04-26T09:12:44-04:00] bootstrap_admin_ui: Identity resolved: source=platform_session, is_authenticated=true, user_id=7, is_platform_admin=true, preferred_language=en
[2026-04-26T09:12:44-04:00] bootstrap_admin_ui: Final preferred_language: en
[2026-04-26T09:12:47-04:00] bootstrap_admin_ui: Session data before resolution: platform_admin=true, platform_role=super_admin, user_id=7, session_id=gpb0qdtamqoac19g6g2423n476
[2026-04-26T09:12:47-04:00] bootstrap_admin_ui: Identity resolved: source=platform_session, is_authenticated=true, user_id=7, is_platform_admin=true, preferred_language=en
[2026-04-26T09:12:47-04:00] bootstrap_admin_ui: Final preferred_language: en
[2026-04-26T09:12:47-04:00] bootstrap_admin_ui: Session data before resolution: platform_admin=true, platform_role=super_admin, user_id=7, session_id=gpb0qdtamqoac19g6g2423n476
[2026-04-26T09:12:47-04:00] bootstrap_admin_ui: Identity resolved: source=platform_session, is_authenticated=true, user_id=7, is_platform_admin=true, preferred_language=en
[2026-04-26T09:12:47-04:00] bootstrap_admin_ui: Final preferred_language: en
[2026-04-26T09:13:35-04:00] bootstrap_admin_ui: Session data before resolution: platform_admin=true, platform_role=super_admin, user_id=7, session_id=aamca20saslsh1j7kmmaim47ei
[2026-04-26T09:13:35-04:00] bootstrap_admin_ui: Identity resolved: source=platform_session, is_authenticated=true, user_id=7, is_platform_admin=true, preferred_language=en
[2026-04-26T09:13:35-04:00] bootstrap_admin_ui: Final preferred_language: en
[2026-04-26T09:14:02-04:00] bootstrap_admin_ui: Session data before resolution: platform_admin=true, platform_role=super_admin, user_id=7, session_id=aamca20saslsh1j7kmmaim47ei
[2026-04-26T09:14:02-04:00] bootstrap_admin_ui: Identity resolved: source=platform_session, is_authenticated=true, user_id=7, is_platform_admin=true, preferred_language=en
[2026-04-26T09:14:02-04:00] bootstrap_admin_ui: Final preferred_language: en
[2026-04-26T09:14:10-04:00] bootstrap_admin_ui: Session data before resolution: platform_admin=true, platform_role=super_admin, user_id=7, session_id=aamca20saslsh1j7kmmaim47ei
[2026-04-26T09:14:10-04:00] bootstrap_admin_ui: Identity resolved: source=platform_session, is_authenticated=true, user_id=7, is_platform_admin=true, preferred_language=en
[2026-04-26T09:14:10-04:00] bootstrap_admin_ui: Final preferred_language: en
[2026-04-26T09:14:16-04:00] bootstrap_admin_ui: Session data before resolution: platform_admin=true, platform_role=super_admin, user_id=7, session_id=aamca20saslsh1j7kmmaim47ei
[2026-04-26T09:14:16-04:00] bootstrap_admin_ui: Identity resolved: source=platform_session, is_authenticated=true, user_id=7, is_platform_admin=true, preferred_language=en
[2026-04-26T09:14:16-04:00] bootstrap_admin_ui: Final preferred_language: en
[2026-04-26T09:15:04-04:00] bootstrap_admin_ui: Session data before resolution: platform_admin=true, platform_role=super_admin, user_id=7, session_id=aamca20saslsh1j7kmmaim47ei
[2026-04-26T09:15:04-04:00] bootstrap_admin_ui: Identity resolved: source=platform_session, is_authenticated=true, user_id=7, is_platform_admin=true, preferred_language=en
[2026-04-26T09:15:04-04:00] bootstrap_admin_ui: Final preferred_language: en
[2026-04-26T09:15:11-04:00] bootstrap_admin_ui: Session data before resolution: platform_admin=true, platform_role=super_admin, user_id=7, session_id=aamca20saslsh1j7kmmaim47ei
[2026-04-26T09:15:11-04:00] bootstrap_admin_ui: Identity resolved: source=platform_session, is_authenticated=true, user_id=7, is_platform_admin=true, preferred_language=en
[2026-04-26T09:15:11-04:00] bootstrap_admin_ui: Final preferred_language: en
[2026-04-26T09:16:43-04:00] bootstrap_admin_ui: Session data before resolution: platform_admin=true, platform_role=super_admin, user_id=7, session_id=obf9khksceq769ao88s4g4j3ik
[2026-04-26T09:16:43-04:00] bootstrap_admin_ui: Identity resolved: source=platform_session, is_authenticated=true, user_id=7, is_platform_admin=true, preferred_language=en
[2026-04-26T09:16:43-04:00] bootstrap_admin_ui: Final preferred_language: en
[2026-04-26T09:16:46-04:00] bootstrap_admin_ui: Session data before resolution: platform_admin=true, platform_role=super_admin, user_id=7, session_id=obf9khksceq769ao88s4g4j3ik
[2026-04-26T09:16:46-04:00] bootstrap_admin_ui: Identity resolved: source=platform_session, is_authenticated=true, user_id=7, is_platform_admin=true, preferred_language=en
[2026-04-26T09:16:46-04:00] bootstrap_admin_ui: Final preferred_language: en
[2026-04-26T09:16:46-04:00] bootstrap_admin_ui: Session data before resolution: platform_admin=true, platform_role=super_admin, user_id=7, session_id=obf9khksceq769ao88s4g4j3ik
[2026-04-26T09:16:46-04:00] bootstrap_admin_ui: Identity resolved: source=platform_session, is_authenticated=true, user_id=7, is_platform_admin=true, preferred_language=en
[2026-04-26T09:16:46-04:00] bootstrap_admin_ui: Final preferred_language: en
[2026-04-26T09:58:53-04:00] bootstrap_admin_ui: Session data before resolution: platform_admin=true, platform_role=super_admin, user_id=7, session_id=obf9khksceq769ao88s4g4j3ik
[2026-04-26T09:58:53-04:00] bootstrap_admin_ui: Identity resolved: source=platform_session, is_authenticated=true, user_id=7, is_platform_admin=true, preferred_language=en
[2026-04-26T09:58:53-04:00] bootstrap_admin_ui: Final preferred_language: en
[2026-04-26T09:58:58-04:00] bootstrap_admin_ui: Session data before resolution: platform_admin=true, platform_role=super_admin, user_id=7, session_id=obf9khksceq769ao88s4g4j3ik
[2026-04-26T09:58:58-04:00] bootstrap_admin_ui: Identity resolved: source=platform_session, is_authenticated=true, user_id=7, is_platform_admin=true, preferred_language=en
[2026-04-26T09:58:58-04:00] bootstrap_admin_ui: Final preferred_language: en
[2026-04-26T09:58:58-04:00] bootstrap_admin_ui: Session data before resolution: platform_admin=true, platform_role=super_admin, user_id=7, session_id=obf9khksceq769ao88s4g4j3ik
[2026-04-26T09:58:58-04:00] bootstrap_admin_ui: Identity resolved: source=platform_session, is_authenticated=true, user_id=7, is_platform_admin=true, preferred_language=en
[2026-04-26T09:58:58-04:00] bootstrap_admin_ui: Final preferred_language: en
[2026-04-26T09:58:58-04:00] bootstrap_admin_ui: Session data before resolution: platform_admin=true, platform_role=super_admin, user_id=7, session_id=obf9khksceq769ao88s4g4j3ik
[2026-04-26T09:58:58-04:00] bootstrap_admin_ui: Identity resolved: source=platform_session, is_authenticated=true, user_id=7, is_platform_admin=true, preferred_language=en
[2026-04-26T09:58:58-04:00] bootstrap_admin_ui: Final preferred_language: en
[2026-04-26T10:06:59-04:00] bootstrap_admin_ui: Session data before resolution: platform_admin=true, platform_role=super_admin, user_id=7, session_id=obf9khksceq769ao88s4g4j3ik
[2026-04-26T10:06:59-04:00] bootstrap_admin_ui: Identity resolved: source=platform_session, is_authenticated=true, user_id=7, is_platform_admin=true, preferred_language=en
[2026-04-26T10:06:59-04:00] bootstrap_admin_ui: Final preferred_language: en
[2026-04-26T10:06:59-04:00] bootstrap_admin_ui: Session data before resolution: platform_admin=true, platform_role=super_admin, user_id=7, session_id=obf9khksceq769ao88s4g4j3ik
[2026-04-26T10:06:59-04:00] bootstrap_admin_ui: Identity resolved: source=platform_session, is_authenticated=true, user_id=7, is_platform_admin=true, preferred_language=en
[2026-04-26T10:06:59-04:00] bootstrap_admin_ui: Final preferred_language: en
[2026-04-26T10:37:46-04:00] bootstrap_admin_ui: Session data before resolution: platform_admin=true, platform_role=super_admin, user_id=7, session_id=ofkd2kkt5010r3vj6fbm3rott0
[2026-04-26T10:37:46-04:00] bootstrap_admin_ui: Identity resolved: source=platform_session, is_authenticated=true, user_id=7, is_platform_admin=true, preferred_language=en
[2026-04-26T10:37:46-04:00] bootstrap_admin_ui: Final preferred_language: en
[2026-04-26T10:37:56-04:00] bootstrap_admin_ui: Session data before resolution: platform_admin=true, platform_role=super_admin, user_id=7, session_id=ofkd2kkt5010r3vj6fbm3rott0
[2026-04-26T10:37:56-04:00] bootstrap_admin_ui: Identity resolved: source=platform_session, is_authenticated=true, user_id=7, is_platform_admin=true, preferred_language=en
[2026-04-26T10:37:56-04:00] bootstrap_admin_ui: Final preferred_language: en
[2026-04-26T10:37:56-04:00] bootstrap_admin_ui: Session data before resolution: platform_admin=true, platform_role=super_admin, user_id=7, session_id=ofkd2kkt5010r3vj6fbm3rott0
[2026-04-26T10:37:56-04:00] bootstrap_admin_ui: Identity resolved: source=platform_session, is_authenticated=true, user_id=7, is_platform_admin=true, preferred_language=en
[2026-04-26T10:37:56-04:00] bootstrap_admin_ui: Final preferred_language: en
[2026-04-26T10:37:56-04:00] bootstrap_admin_ui: Session data before resolution: platform_admin=true, platform_role=super_admin, user_id=7, session_id=ofkd2kkt5010r3vj6fbm3rott0
[2026-04-26T10:37:56-04:00] bootstrap_admin_ui: Identity resolved: source=platform_session, is_authenticated=true, user_id=7, is_platform_admin=true, preferred_language=en
[2026-04-26T10:37:56-04:00] bootstrap_admin_ui: Final preferred_language: en
[2026-04-26T10:38:06-04:00] bootstrap_admin_ui: Session data before resolution: platform_admin=true, platform_role=super_admin, user_id=7, session_id=ofkd2kkt5010r3vj6fbm3rott0
[2026-04-26T10:38:06-04:00] bootstrap_admin_ui: Identity resolved: source=platform_session, is_authenticated=true, user_id=7, is_platform_admin=true, preferred_language=en
[2026-04-26T10:38:06-04:00] bootstrap_admin_ui: Final preferred_language: en
[2026-04-26T10:38:06-04:00] bootstrap_admin_ui: Session data before resolution: platform_admin=true, platform_role=super_admin, user_id=7, session_id=ofkd2kkt5010r3vj6fbm3rott0
[2026-04-26T10:38:06-04:00] bootstrap_admin_ui: Identity resolved: source=platform_session, is_authenticated=true, user_id=7, is_platform_admin=true, preferred_language=en
[2026-04-26T10:38:06-04:00] bootstrap_admin_ui: Final preferred_language: en
[2026-04-26T10:39:05-04:00] bootstrap_admin_ui: Session data before resolution: platform_admin=true, platform_role=super_admin, user_id=7, session_id=ofkd2kkt5010r3vj6fbm3rott0
[2026-04-26T10:39:05-04:00] bootstrap_admin_ui: Identity resolved: source=platform_session, is_authenticated=true, user_id=7, is_platform_admin=true, preferred_language=en
[2026-04-26T10:39:05-04:00] bootstrap_admin_ui: Final preferred_language: en
[2026-04-26T10:42:42-04:00] bootstrap_admin_ui: Session data before resolution: platform_admin=true, platform_role=super_admin, user_id=7, session_id=ofkd2kkt5010r3vj6fbm3rott0
[2026-04-26T10:42:42-04:00] bootstrap_admin_ui: Identity resolved: source=platform_session, is_authenticated=true, user_id=7, is_platform_admin=true, preferred_language=en
[2026-04-26T10:42:42-04:00] bootstrap_admin_ui: Final preferred_language: en
[2026-04-26T10:42:45-04:00] bootstrap_admin_ui: Session data before resolution: platform_admin=true, platform_role=super_admin, user_id=7, session_id=ofkd2kkt5010r3vj6fbm3rott0
[2026-04-26T10:42:45-04:00] bootstrap_admin_ui: Identity resolved: source=platform_session, is_authenticated=true, user_id=7, is_platform_admin=true, preferred_language=en
[2026-04-26T10:42:45-04:00] bootstrap_admin_ui: Final preferred_language: en
[2026-04-26T10:42:45-04:00] bootstrap_admin_ui: Session data before resolution: platform_admin=true, platform_role=super_admin, user_id=7, session_id=ofkd2kkt5010r3vj6fbm3rott0
[2026-04-26T10:42:45-04:00] bootstrap_admin_ui: Identity resolved: source=platform_session, is_authenticated=true, user_id=7, is_platform_admin=true, preferred_language=en
[2026-04-26T10:42:45-04:00] bootstrap_admin_ui: Final preferred_language: en
[2026-04-26T10:43:49-04:00] bootstrap_admin_ui: Session data before resolution: platform_admin=true, platform_role=super_admin, user_id=7, session_id=ofkd2kkt5010r3vj6fbm3rott0
[2026-04-26T10:43:49-04:00] bootstrap_admin_ui: Identity resolved: source=platform_session, is_authenticated=true, user_id=7, is_platform_admin=true, preferred_language=en
[2026-04-26T10:43:49-04:00] bootstrap_admin_ui: Final preferred_language: en
[2026-04-26T10:44:01-04:00] bootstrap_admin_ui: Session data before resolution: platform_admin=true, platform_role=super_admin, user_id=7, session_id=ofkd2kkt5010r3vj6fbm3rott0
[2026-04-26T10:44:01-04:00] bootstrap_admin_ui: Identity resolved: source=platform_session, is_authenticated=true, user_id=7, is_platform_admin=true, preferred_language=en
[2026-04-26T10:44:01-04:00] bootstrap_admin_ui: Final preferred_language: en
[2026-04-26T10:44:01-04:00] bootstrap_admin_ui: Session data before resolution: platform_admin=true, platform_role=super_admin, user_id=7, session_id=ofkd2kkt5010r3vj6fbm3rott0
[2026-04-26T10:44:01-04:00] bootstrap_admin_ui: Identity resolved: source=platform_session, is_authenticated=true, user_id=7, is_platform_admin=true, preferred_language=en
[2026-04-26T10:44:01-04:00] bootstrap_admin_ui: Final preferred_language: en
[2026-04-26T10:49:50-04:00] bootstrap_admin_ui: Session data before resolution: platform_admin=true, platform_role=super_admin, user_id=7, session_id=ofkd2kkt5010r3vj6fbm3rott0
[2026-04-26T10:49:50-04:00] bootstrap_admin_ui: Identity resolved: source=platform_session, is_authenticated=true, user_id=7, is_platform_admin=true, preferred_language=en
[2026-04-26T10:49:50-04:00] bootstrap_admin_ui: Final preferred_language: en
[2026-04-26T10:49:53-04:00] bootstrap_admin_ui: Session data before resolution: platform_admin=true, platform_role=super_admin, user_id=7, session_id=ofkd2kkt5010r3vj6fbm3rott0
[2026-04-26T10:49:53-04:00] bootstrap_admin_ui: Identity resolved: source=platform_session, is_authenticated=true, user_id=7, is_platform_admin=true, preferred_language=en
[2026-04-26T10:49:53-04:00] bootstrap_admin_ui: Final preferred_language: en
[2026-04-26T10:49:53-04:00] bootstrap_admin_ui: Session data before resolution: platform_admin=true, platform_role=super_admin, user_id=7, session_id=ofkd2kkt5010r3vj6fbm3rott0
[2026-04-26T10:49:53-04:00] bootstrap_admin_ui: Identity resolved: source=platform_session, is_authenticated=true, user_id=7, is_platform_admin=true, preferred_language=en
[2026-04-26T10:49:53-04:00] bootstrap_admin_ui: Final preferred_language: en
[2026-04-26T10:52:07-04:00] bootstrap_admin_ui: Session data before resolution: platform_admin=true, platform_role=super_admin, user_id=7, session_id=ofkd2kkt5010r3vj6fbm3rott0
[2026-04-26T10:52:07-04:00] bootstrap_admin_ui: Identity resolved: source=platform_session, is_authenticated=true, user_id=7, is_platform_admin=true, preferred_language=en
[2026-04-26T10:52:07-04:00] bootstrap_admin_ui: Final preferred_language: en
[2026-04-26T10:52:23-04:00] bootstrap_admin_ui: Session data before resolution: platform_admin=true, platform_role=super_admin, user_id=7, session_id=e9q7g42aj6d3k4b0u89tunctak
[2026-04-26T10:52:23-04:00] bootstrap_admin_ui: Identity resolved: source=platform_session, is_authenticated=true, user_id=7, is_platform_admin=true, preferred_language=en
[2026-04-26T10:52:23-04:00] bootstrap_admin_ui: Final preferred_language: en
[2026-04-26T10:52:27-04:00] bootstrap_admin_ui: Session data before resolution: platform_admin=true, platform_role=super_admin, user_id=7, session_id=e9q7g42aj6d3k4b0u89tunctak
[2026-04-26T10:52:27-04:00] bootstrap_admin_ui: Identity resolved: source=platform_session, is_authenticated=true, user_id=7, is_platform_admin=true, preferred_language=en
[2026-04-26T10:52:27-04:00] bootstrap_admin_ui: Final preferred_language: en
[2026-04-26T10:52:28-04:00] bootstrap_admin_ui: Session data before resolution: platform_admin=true, platform_role=super_admin, user_id=7, session_id=e9q7g42aj6d3k4b0u89tunctak
[2026-04-26T10:52:28-04:00] bootstrap_admin_ui: Identity resolved: source=platform_session, is_authenticated=true, user_id=7, is_platform_admin=true, preferred_language=en
[2026-04-26T10:52:28-04:00] bootstrap_admin_ui: Final preferred_language: en
[2026-04-26T10:53:09-04:00] bootstrap_admin_ui: Session data before resolution: platform_admin=true, platform_role=super_admin, user_id=7, session_id=e9q7g42aj6d3k4b0u89tunctak
[2026-04-26T10:53:09-04:00] bootstrap_admin_ui: Identity resolved: source=platform_session, is_authenticated=true, user_id=7, is_platform_admin=true, preferred_language=en
[2026-04-26T10:53:09-04:00] bootstrap_admin_ui: Final preferred_language: en
[2026-04-26T10:53:27-04:00] bootstrap_admin_ui: Session data before resolution: platform_admin=true, platform_role=super_admin, user_id=7, session_id=k0cdj5705sk0kpetm0u61blm1g
[2026-04-26T10:53:27-04:00] bootstrap_admin_ui: Identity resolved: source=platform_session, is_authenticated=true, user_id=7, is_platform_admin=true, preferred_language=en
[2026-04-26T10:53:27-04:00] bootstrap_admin_ui: Final preferred_language: en
[2026-04-26T10:58:15-04:00] bootstrap_admin_ui: Session data before resolution: platform_admin=true, platform_role=super_admin, user_id=7, session_id=k0cdj5705sk0kpetm0u61blm1g
[2026-04-26T10:58:15-04:00] bootstrap_admin_ui: Identity resolved: source=platform_session, is_authenticated=true, user_id=7, is_platform_admin=true, preferred_language=en
[2026-04-26T10:58:15-04:00] bootstrap_admin_ui: Final preferred_language: en
[2026-04-26T10:58:16-04:00] bootstrap_admin_ui: Session data before resolution: platform_admin=true, platform_role=super_admin, user_id=7, session_id=k0cdj5705sk0kpetm0u61blm1g
[2026-04-26T10:58:16-04:00] bootstrap_admin_ui: Identity resolved: source=platform_session, is_authenticated=true, user_id=7, is_platform_admin=true, preferred_language=en
[2026-04-26T10:58:16-04:00] bootstrap_admin_ui: Final preferred_language: en
[2026-04-26T10:58:21-04:00] bootstrap_admin_ui: Session data before resolution: platform_admin=true, platform_role=super_admin, user_id=7, session_id=k0cdj5705sk0kpetm0u61blm1g
[2026-04-26T10:58:21-04:00] bootstrap_admin_ui: Identity resolved: source=platform_session, is_authenticated=true, user_id=7, is_platform_admin=true, preferred_language=en
[2026-04-26T10:58:21-04:00] bootstrap_admin_ui: Final preferred_language: en
[2026-04-26T10:58:21-04:00] bootstrap_admin_ui: Session data before resolution: platform_admin=true, platform_role=super_admin, user_id=7, session_id=k0cdj5705sk0kpetm0u61blm1g
[2026-04-26T10:58:21-04:00] bootstrap_admin_ui: Identity resolved: source=platform_session, is_authenticated=true, user_id=7, is_platform_admin=true, preferred_language=en
[2026-04-26T10:58:21-04:00] bootstrap_admin_ui: Final preferred_language: en
[2026-04-26T10:59:17-04:00] bootstrap_admin_ui: Session data before resolution: platform_admin=true, platform_role=super_admin, user_id=7, session_id=k0cdj5705sk0kpetm0u61blm1g
[2026-04-26T10:59:17-04:00] bootstrap_admin_ui: Identity resolved: source=platform_session, is_authenticated=true, user_id=7, is_platform_admin=true, preferred_language=en
[2026-04-26T10:59:17-04:00] bootstrap_admin_ui: Final preferred_language: en
[2026-04-26T11:03:55-04:00] bootstrap_admin_ui: Session data before resolution: platform_admin=true, platform_role=super_admin, user_id=7, session_id=k0cdj5705sk0kpetm0u61blm1g
[2026-04-26T11:03:55-04:00] bootstrap_admin_ui: Identity resolved: source=platform_session, is_authenticated=true, user_id=7, is_platform_admin=true, preferred_language=en
[2026-04-26T11:03:55-04:00] bootstrap_admin_ui: Final preferred_language: en
[2026-04-26T11:03:59-04:00] bootstrap_admin_ui: Session data before resolution: platform_admin=true, platform_role=super_admin, user_id=7, session_id=k0cdj5705sk0kpetm0u61blm1g
[2026-04-26T11:03:59-04:00] bootstrap_admin_ui: Identity resolved: source=platform_session, is_authenticated=true, user_id=7, is_platform_admin=true, preferred_language=en
[2026-04-26T11:03:59-04:00] bootstrap_admin_ui: Final preferred_language: en
[2026-04-26T11:04:07-04:00] bootstrap_admin_ui: Session data before resolution: platform_admin=true, platform_role=super_admin, user_id=7, session_id=k0cdj5705sk0kpetm0u61blm1g
[2026-04-26T11:04:07-04:00] bootstrap_admin_ui: Identity resolved: source=platform_session, is_authenticated=true, user_id=7, is_platform_admin=true, preferred_language=en
[2026-04-26T11:04:07-04:00] bootstrap_admin_ui: Final preferred_language: en
[2026-04-26T11:04:07-04:00] bootstrap_admin_ui: Session data before resolution: platform_admin=true, platform_role=super_admin, user_id=7, session_id=k0cdj5705sk0kpetm0u61blm1g
[2026-04-26T11:04:07-04:00] bootstrap_admin_ui: Identity resolved: source=platform_session, is_authenticated=true, user_id=7, is_platform_admin=true, preferred_language=en
[2026-04-26T11:04:07-04:00] bootstrap_admin_ui: Final preferred_language: en
[2026-04-26T11:04:35-04:00] bootstrap_admin_ui: Session data before resolution: platform_admin=false, platform_role=null, user_id=7, session_id=uiqh76dar6v1ot3rnkkcp59k0l
[2026-04-26T11:04:35-04:00] bootstrap_admin_ui: Identity resolved: source=session, is_authenticated=true, user_id=7, is_platform_admin=false, preferred_language=ar
[2026-04-26T11:04:35-04:00] bootstrap_admin_ui: Final preferred_language: ar
[2026-04-26T11:04:38-04:00] bootstrap_admin_ui: Session data before resolution: platform_admin=false, platform_role=null, user_id=7, session_id=uiqh76dar6v1ot3rnkkcp59k0l
[2026-04-26T11:04:38-04:00] bootstrap_admin_ui: Identity resolved: source=session, is_authenticated=true, user_id=7, is_platform_admin=false, preferred_language=ar
[2026-04-26T11:04:38-04:00] bootstrap_admin_ui: Final preferred_language: ar
[2026-04-26T11:04:38-04:00] bootstrap_admin_ui: Session data before resolution: platform_admin=false, platform_role=null, user_id=7, session_id=uiqh76dar6v1ot3rnkkcp59k0l
[2026-04-26T11:04:38-04:00] bootstrap_admin_ui: Identity resolved: source=session, is_authenticated=true, user_id=7, is_platform_admin=false, preferred_language=ar
[2026-04-26T11:04:38-04:00] bootstrap_admin_ui: Final preferred_language: ar
[2026-04-26T11:04:40-04:00] bootstrap_admin_ui: Session data before resolution: platform_admin=false, platform_role=null, user_id=7, session_id=uiqh76dar6v1ot3rnkkcp59k0l
[2026-04-26T11:04:40-04:00] bootstrap_admin_ui: Identity resolved: source=session, is_authenticated=true, user_id=7, is_platform_admin=false, preferred_language=ar
[2026-04-26T11:04:40-04:00] bootstrap_admin_ui: Final preferred_language: ar
[2026-04-26T11:04:40-04:00] bootstrap_admin_ui: Session data before resolution: platform_admin=false, platform_role=null, user_id=7, session_id=uiqh76dar6v1ot3rnkkcp59k0l
[2026-04-26T11:04:40-04:00] bootstrap_admin_ui: Identity resolved: source=session, is_authenticated=true, user_id=7, is_platform_admin=false, preferred_language=ar
[2026-04-26T11:04:40-04:00] bootstrap_admin_ui: Final preferred_language: ar
[2026-04-26T11:04:55-04:00] bootstrap_admin_ui: Session data before resolution: platform_admin=false, platform_role=null, user_id=39, session_id=g20a3jitttkb89e81kfq5ebeei
[2026-04-26T11:04:55-04:00] bootstrap_admin_ui: Identity resolved: source=session, is_authenticated=true, user_id=39, is_platform_admin=false, preferred_language=en
[2026-04-26T11:04:55-04:00] bootstrap_admin_ui: Final preferred_language: en
[2026-04-26T11:05:04-04:00] bootstrap_admin_ui: Session data before resolution: platform_admin=false, platform_role=null, user_id=39, session_id=g20a3jitttkb89e81kfq5ebeei
[2026-04-26T11:05:04-04:00] bootstrap_admin_ui: Identity resolved: source=session, is_authenticated=true, user_id=39, is_platform_admin=false, preferred_language=en
[2026-04-26T11:05:04-04:00] bootstrap_admin_ui: Final preferred_language: en
[2026-04-26T11:05:11-04:00] bootstrap_admin_ui: Session data before resolution: platform_admin=false, platform_role=null, user_id=39, session_id=g20a3jitttkb89e81kfq5ebeei
[2026-04-26T11:05:11-04:00] bootstrap_admin_ui: Identity resolved: source=session, is_authenticated=true, user_id=39, is_platform_admin=false, preferred_language=en
[2026-04-26T11:05:11-04:00] bootstrap_admin_ui: Final preferred_language: en
[2026-04-26T11:06:29-04:00] bootstrap_admin_ui: Session data before resolution: platform_admin=false, platform_role=null, user_id=40, session_id=kv0ck6eb9nncrst87f68ibahr1
[2026-04-26T11:06:29-04:00] bootstrap_admin_ui: Identity resolved: source=session, is_authenticated=true, user_id=40, is_platform_admin=false, preferred_language=ar
[2026-04-26T11:06:29-04:00] bootstrap_admin_ui: Final preferred_language: ar
[2026-04-26T11:06:46-04:00] bootstrap_admin_ui: Session data before resolution: platform_admin=false, platform_role=null, user_id=41, session_id=a5295rgnkousi9i5irch94eb4a
[2026-04-26T11:06:46-04:00] bootstrap_admin_ui: Identity resolved: source=session, is_authenticated=true, user_id=41, is_platform_admin=false, preferred_language=ar
[2026-04-26T11:06:46-04:00] bootstrap_admin_ui: Final preferred_language: ar
[2026-04-26T11:07:22-04:00] bootstrap_admin_ui: Session data before resolution: platform_admin=false, platform_role=null, user_id=41, session_id=a5295rgnkousi9i5irch94eb4a
[2026-04-26T11:07:22-04:00] bootstrap_admin_ui: Identity resolved: source=session, is_authenticated=true, user_id=41, is_platform_admin=false, preferred_language=ar
[2026-04-26T11:07:22-04:00] bootstrap_admin_ui: Final preferred_language: ar
[2026-04-26T11:07:22-04:00] bootstrap_admin_ui: Session data before resolution: platform_admin=false, platform_role=null, user_id=41, session_id=a5295rgnkousi9i5irch94eb4a
[2026-04-26T11:07:22-04:00] bootstrap_admin_ui: Identity resolved: source=session, is_authenticated=true, user_id=41, is_platform_admin=false, preferred_language=ar
[2026-04-26T11:07:22-04:00] bootstrap_admin_ui: Final preferred_language: ar
[2026-04-26T11:07:45-04:00] bootstrap_admin_ui: Session data before resolution: platform_admin=false, platform_role=null, user_id=39, session_id=9h336qhqff710dj46ufpvk3a2r
[2026-04-26T11:07:45-04:00] bootstrap_admin_ui: Identity resolved: source=session, is_authenticated=true, user_id=39, is_platform_admin=false, preferred_language=en
[2026-04-26T11:07:45-04:00] bootstrap_admin_ui: Final preferred_language: en
[2026-04-26T11:07:51-04:00] bootstrap_admin_ui: Session data before resolution: platform_admin=false, platform_role=null, user_id=39, session_id=9h336qhqff710dj46ufpvk3a2r
[2026-04-26T11:07:51-04:00] bootstrap_admin_ui: Identity resolved: source=session, is_authenticated=true, user_id=39, is_platform_admin=false, preferred_language=en
[2026-04-26T11:07:51-04:00] bootstrap_admin_ui: Final preferred_language: en
[2026-04-26T11:07:51-04:00] bootstrap_admin_ui: Session data before resolution: platform_admin=false, platform_role=null, user_id=39, session_id=9h336qhqff710dj46ufpvk3a2r
[2026-04-26T11:07:51-04:00] bootstrap_admin_ui: Identity resolved: source=session, is_authenticated=true, user_id=39, is_platform_admin=false, preferred_language=en
[2026-04-26T11:07:51-04:00] bootstrap_admin_ui: Final preferred_language: en
[2026-04-26T11:08:49-04:00] bootstrap_admin_ui: Session data before resolution: platform_admin=false, platform_role=null, user_id=39, session_id=9h336qhqff710dj46ufpvk3a2r
[2026-04-26T11:08:49-04:00] bootstrap_admin_ui: Identity resolved: source=session, is_authenticated=true, user_id=39, is_platform_admin=false, preferred_language=en
[2026-04-26T11:08:49-04:00] bootstrap_admin_ui: Final preferred_language: en
[2026-04-26T11:09:06-04:00] bootstrap_admin_ui: Session data before resolution: platform_admin=false, platform_role=null, user_id=39, session_id=pmhv3ffvp0o8ntsufhqhu4niqm
[2026-04-26T11:09:06-04:00] bootstrap_admin_ui: Identity resolved: source=session, is_authenticated=true, user_id=39, is_platform_admin=false, preferred_language=en
[2026-04-26T11:09:06-04:00] bootstrap_admin_ui: Final preferred_language: en
[2026-04-26T11:09:13-04:00] bootstrap_admin_ui: Session data before resolution: platform_admin=false, platform_role=null, user_id=39, session_id=pmhv3ffvp0o8ntsufhqhu4niqm
[2026-04-26T11:09:13-04:00] bootstrap_admin_ui: Identity resolved: source=session, is_authenticated=true, user_id=39, is_platform_admin=false, preferred_language=en
[2026-04-26T11:09:13-04:00] bootstrap_admin_ui: Final preferred_language: en
[2026-04-26T11:11:00-04:00] bootstrap_admin_ui: Session data before resolution: platform_admin=false, platform_role=null, user_id=39, session_id=pmhv3ffvp0o8ntsufhqhu4niqm
[2026-04-26T11:11:00-04:00] bootstrap_admin_ui: Identity resolved: source=session, is_authenticated=true, user_id=39, is_platform_admin=false, preferred_language=en
[2026-04-26T11:11:00-04:00] bootstrap_admin_ui: Final preferred_language: en
[2026-04-26T11:11:03-04:00] bootstrap_admin_ui: Session data before resolution: platform_admin=false, platform_role=null, user_id=39, session_id=pmhv3ffvp0o8ntsufhqhu4niqm
[2026-04-26T11:11:03-04:00] bootstrap_admin_ui: Identity resolved: source=session, is_authenticated=true, user_id=39, is_platform_admin=false, preferred_language=en
[2026-04-26T11:11:03-04:00] bootstrap_admin_ui: Final preferred_language: en
[2026-04-26T11:13:47-04:00] bootstrap_admin_ui: Session data before resolution: platform_admin=false, platform_role=null, user_id=39, session_id=pmhv3ffvp0o8ntsufhqhu4niqm
[2026-04-26T11:13:47-04:00] bootstrap_admin_ui: Identity resolved: source=session, is_authenticated=true, user_id=39, is_platform_admin=false, preferred_language=en
[2026-04-26T11:13:47-04:00] bootstrap_admin_ui: Final preferred_language: en
[2026-04-26T11:14:16-04:00] bootstrap_admin_ui: Session data before resolution: platform_admin=false, platform_role=null, user_id=39, session_id=kva2l8c9l116g184h4jtcb03cn
[2026-04-26T11:14:16-04:00] bootstrap_admin_ui: Identity resolved: source=session, is_authenticated=true, user_id=39, is_platform_admin=false, preferred_language=en
[2026-04-26T11:14:16-04:00] bootstrap_admin_ui: Final preferred_language: en
[2026-04-26T11:14:19-04:00] bootstrap_admin_ui: Session data before resolution: platform_admin=false, platform_role=null, user_id=39, session_id=kva2l8c9l116g184h4jtcb03cn
[2026-04-26T11:14:19-04:00] bootstrap_admin_ui: Identity resolved: source=session, is_authenticated=true, user_id=39, is_platform_admin=false, preferred_language=en
[2026-04-26T11:14:19-04:00] bootstrap_admin_ui: Final preferred_language: en
[2026-04-26T11:14:23-04:00] bootstrap_admin_ui: Session data before resolution: platform_admin=false, platform_role=null, user_id=39, session_id=kva2l8c9l116g184h4jtcb03cn
[2026-04-26T11:14:23-04:00] bootstrap_admin_ui: Identity resolved: source=session, is_authenticated=true, user_id=39, is_platform_admin=false, preferred_language=en
[2026-04-26T11:14:23-04:00] bootstrap_admin_ui: Final preferred_language: en
[2026-04-26T11:15:36-04:00] bootstrap_admin_ui: Session data before resolution: platform_admin=false, platform_role=null, user_id=39, session_id=kva2l8c9l116g184h4jtcb03cn
[2026-04-26T11:15:36-04:00] bootstrap_admin_ui: Identity resolved: source=session, is_authenticated=true, user_id=39, is_platform_admin=false, preferred_language=en
[2026-04-26T11:15:36-04:00] bootstrap_admin_ui: Final preferred_language: en
[2026-04-26T11:18:51-04:00] bootstrap_admin_ui: Session data before resolution: platform_admin=false, platform_role=null, user_id=39, session_id=kva2l8c9l116g184h4jtcb03cn
[2026-04-26T11:18:51-04:00] bootstrap_admin_ui: Identity resolved: source=session, is_authenticated=true, user_id=39, is_platform_admin=false, preferred_language=en
[2026-04-26T11:18:51-04:00] bootstrap_admin_ui: Final preferred_language: en
[2026-04-26T11:18:55-04:00] bootstrap_admin_ui: Session data before resolution: platform_admin=false, platform_role=null, user_id=39, session_id=kva2l8c9l116g184h4jtcb03cn
[2026-04-26T11:18:55-04:00] bootstrap_admin_ui: Identity resolved: source=session, is_authenticated=true, user_id=39, is_platform_admin=false, preferred_language=en
[2026-04-26T11:18:55-04:00] bootstrap_admin_ui: Final preferred_language: en
[2026-04-26T11:22:01-04:00] bootstrap_admin_ui: Session data before resolution: platform_admin=false, platform_role=null, user_id=39, session_id=kva2l8c9l116g184h4jtcb03cn
[2026-04-26T11:22:01-04:00] bootstrap_admin_ui: Identity resolved: source=session, is_authenticated=true, user_id=39, is_platform_admin=false, preferred_language=en
[2026-04-26T11:22:01-04:00] bootstrap_admin_ui: Final preferred_language: en
[2026-04-26T11:23:42-04:00] bootstrap_admin_ui: Session data before resolution: platform_admin=false, platform_role=null, user_id=39, session_id=kva2l8c9l116g184h4jtcb03cn
[2026-04-26T11:23:42-04:00] bootstrap_admin_ui: Identity resolved: source=session, is_authenticated=true, user_id=39, is_platform_admin=false, preferred_language=en
[2026-04-26T11:23:42-04:00] bootstrap_admin_ui: Final preferred_language: en
[2026-04-26T11:23:45-04:00] bootstrap_admin_ui: Session data before resolution: platform_admin=false, platform_role=null, user_id=39, session_id=kva2l8c9l116g184h4jtcb03cn
[2026-04-26T11:23:45-04:00] bootstrap_admin_ui: Identity resolved: source=session, is_authenticated=true, user_id=39, is_platform_admin=false, preferred_language=en
[2026-04-26T11:23:45-04:00] bootstrap_admin_ui: Final preferred_language: en
[2026-04-26T11:24:03-04:00] bootstrap_admin_ui: Session data before resolution: platform_admin=false, platform_role=null, user_id=39, session_id=tu4g7q263se67beme5hh303fto
[2026-04-26T11:24:03-04:00] bootstrap_admin_ui: Identity resolved: source=session, is_authenticated=true, user_id=39, is_platform_admin=false, preferred_language=en
[2026-04-26T11:24:03-04:00] bootstrap_admin_ui: Final preferred_language: en
[2026-04-26T11:24:05-04:00] bootstrap_admin_ui: Session data before resolution: platform_admin=false, platform_role=null, user_id=39, session_id=tu4g7q263se67beme5hh303fto
[2026-04-26T11:24:05-04:00] bootstrap_admin_ui: Identity resolved: source=session, is_authenticated=true, user_id=39, is_platform_admin=false, preferred_language=en
[2026-04-26T11:24:05-04:00] bootstrap_admin_ui: Final preferred_language: en
[2026-04-26T11:24:09-04:00] bootstrap_admin_ui: Session data before resolution: platform_admin=false, platform_role=null, user_id=39, session_id=tu4g7q263se67beme5hh303fto
[2026-04-26T11:24:09-04:00] bootstrap_admin_ui: Identity resolved: source=session, is_authenticated=true, user_id=39, is_platform_admin=false, preferred_language=en
[2026-04-26T11:24:09-04:00] bootstrap_admin_ui: Final preferred_language: en
[2026-04-26T13:50:55-04:00] bootstrap_admin_ui: Session data before resolution: platform_admin=false, platform_role=null, user_id=39, session_id=tu4g7q263se67beme5hh303fto
[2026-04-26T13:50:55-04:00] bootstrap_admin_ui: Identity resolved: source=session, is_authenticated=true, user_id=39, is_platform_admin=false, preferred_language=en
[2026-04-26T13:50:55-04:00] bootstrap_admin_ui: Final preferred_language: en
[2026-04-26T13:51:13-04:00] bootstrap_admin_ui: Session data before resolution: platform_admin=false, platform_role=null, user_id=39, session_id=tu4g7q263se67beme5hh303fto
[2026-04-26T13:51:13-04:00] bootstrap_admin_ui: Identity resolved: source=session, is_authenticated=true, user_id=39, is_platform_admin=false, preferred_language=en
[2026-04-26T13:51:13-04:00] bootstrap_admin_ui: Final preferred_language: en
[2026-04-26T13:51:32-04:00] bootstrap_admin_ui: Session data before resolution: platform_admin=false, platform_role=null, user_id=39, session_id=rqp0au1obv9rhnd314of0lldra
[2026-04-26T13:51:32-04:00] bootstrap_admin_ui: Identity resolved: source=session, is_authenticated=true, user_id=39, is_platform_admin=false, preferred_language=en
[2026-04-26T13:51:32-04:00] bootstrap_admin_ui: Final preferred_language: en
[2026-04-26T13:51:38-04:00] bootstrap_admin_ui: Session data before resolution: platform_admin=false, platform_role=null, user_id=39, session_id=rqp0au1obv9rhnd314of0lldra
[2026-04-26T13:51:38-04:00] bootstrap_admin_ui: Identity resolved: source=session, is_authenticated=true, user_id=39, is_platform_admin=false, preferred_language=en
[2026-04-26T13:51:38-04:00] bootstrap_admin_ui: Final preferred_language: en
[2026-04-26T13:54:33-04:00] bootstrap_admin_ui: Session data before resolution: platform_admin=false, platform_role=null, user_id=39, session_id=rqp0au1obv9rhnd314of0lldra
[2026-04-26T13:54:33-04:00] bootstrap_admin_ui: Identity resolved: source=session, is_authenticated=true, user_id=39, is_platform_admin=false, preferred_language=en
[2026-04-26T13:54:33-04:00] bootstrap_admin_ui: Final preferred_language: en
[2026-04-26T13:54:33-04:00] bootstrap_admin_ui: Theme resolution: tenant_id=5, is_platform_admin=false, user_type=tenant_admin
[2026-04-26T13:54:33-04:00] bootstrap_admin_ui: Theme result: EMPTY
[2026-04-26T13:57:04-04:00] bootstrap_admin_ui: Session data before resolution: platform_admin=false, platform_role=null, user_id=39, session_id=rqp0au1obv9rhnd314of0lldra
[2026-04-26T13:57:04-04:00] bootstrap_admin_ui: Identity resolved: source=session, is_authenticated=true, user_id=39, is_platform_admin=false, preferred_language=en
[2026-04-26T13:57:04-04:00] bootstrap_admin_ui: Final preferred_language: en
[2026-04-26T13:57:04-04:00] bootstrap_admin_ui: Theme resolution: tenant_id=5, is_platform_admin=false, user_type=tenant_admin
[2026-04-26T13:57:04-04:00] bootstrap_admin_ui: Theme result: EMPTY
[2026-04-26T13:57:42-04:00] bootstrap_admin_ui: Session data before resolution: platform_admin=false, platform_role=null, user_id=39, session_id=rqp0au1obv9rhnd314of0lldra
[2026-04-26T13:57:42-04:00] bootstrap_admin_ui: Identity resolved: source=session, is_authenticated=true, user_id=39, is_platform_admin=false, preferred_language=en
[2026-04-26T13:57:42-04:00] bootstrap_admin_ui: Final preferred_language: en
[2026-04-26T13:57:42-04:00] bootstrap_admin_ui: Theme resolution: tenant_id=5, is_platform_admin=false, user_type=tenant_admin
[2026-04-26T13:57:42-04:00] bootstrap_admin_ui: Theme result: EMPTY
[2026-04-26T13:59:49-04:00] bootstrap_admin_ui: Session data before resolution: platform_admin=false, platform_role=null, user_id=39, session_id=rqp0au1obv9rhnd314of0lldra
[2026-04-26T13:59:49-04:00] bootstrap_admin_ui: Identity resolved: source=session, is_authenticated=true, user_id=39, is_platform_admin=false, preferred_language=en
[2026-04-26T13:59:49-04:00] bootstrap_admin_ui: Final preferred_language: en
[2026-04-26T13:59:49-04:00] bootstrap_admin_ui: Theme resolution: tenant_id=5, is_platform_admin=false, user_type=tenant_admin
[2026-04-26T13:59:49-04:00] bootstrap_admin_ui: Theme result: theme_id=1
[2026-04-26T14:00:02-04:00] bootstrap_admin_ui: Session data before resolution: platform_admin=false, platform_role=null, user_id=39, session_id=rqp0au1obv9rhnd314of0lldra
[2026-04-26T14:00:02-04:00] bootstrap_admin_ui: Identity resolved: source=session, is_authenticated=true, user_id=39, is_platform_admin=false, preferred_language=en
[2026-04-26T14:00:02-04:00] bootstrap_admin_ui: Final preferred_language: en
[2026-04-26T14:00:02-04:00] bootstrap_admin_ui: Theme resolution: tenant_id=5, is_platform_admin=false, user_type=tenant_admin
[2026-04-26T14:00:02-04:00] bootstrap_admin_ui: Theme result: theme_id=1
[2026-04-26T14:00:05-04:00] bootstrap_admin_ui: Session data before resolution: platform_admin=false, platform_role=null, user_id=39, session_id=rqp0au1obv9rhnd314of0lldra
[2026-04-26T14:00:05-04:00] bootstrap_admin_ui: Identity resolved: source=session, is_authenticated=true, user_id=39, is_platform_admin=false, preferred_language=en
[2026-04-26T14:00:05-04:00] bootstrap_admin_ui: Final preferred_language: en
[2026-04-26T14:00:05-04:00] bootstrap_admin_ui: Theme resolution: tenant_id=5, is_platform_admin=false, user_type=tenant_admin
[2026-04-26T14:00:05-04:00] bootstrap_admin_ui: Theme result: theme_id=1
[2026-04-26T14:00:21-04:00] bootstrap_admin_ui: Session data before resolution: platform_admin=false, platform_role=null, user_id=39, session_id=gj03136uupcdq3sn8k8mgpsrgb
[2026-04-26T14:00:21-04:00] bootstrap_admin_ui: Identity resolved: source=session, is_authenticated=true, user_id=39, is_platform_admin=false, preferred_language=en
[2026-04-26T14:00:21-04:00] bootstrap_admin_ui: Final preferred_language: en
[2026-04-26T14:00:21-04:00] bootstrap_admin_ui: Theme resolution: tenant_id=5, is_platform_admin=false, user_type=tenant_admin
[2026-04-26T14:00:21-04:00] bootstrap_admin_ui: Theme result: theme_id=1
[2026-04-26T14:03:03-04:00] bootstrap_admin_ui: Session data before resolution: platform_admin=false, platform_role=null, user_id=39, session_id=gj03136uupcdq3sn8k8mgpsrgb
[2026-04-26T14:03:03-04:00] bootstrap_admin_ui: Identity resolved: source=session, is_authenticated=true, user_id=39, is_platform_admin=false, preferred_language=en
[2026-04-26T14:03:03-04:00] bootstrap_admin_ui: Final preferred_language: en
[2026-04-26T14:03:03-04:00] bootstrap_admin_ui: Theme resolution: tenant_id=5, is_platform_admin=false, user_type=tenant_admin
[2026-04-26T14:03:03-04:00] bootstrap_admin_ui: Theme result: theme_id=6
[2026-04-26T14:03:07-04:00] bootstrap_admin_ui: Session data before resolution: platform_admin=false, platform_role=null, user_id=39, session_id=gj03136uupcdq3sn8k8mgpsrgb
[2026-04-26T14:03:08-04:00] bootstrap_admin_ui: Identity resolved: source=session, is_authenticated=true, user_id=39, is_platform_admin=false, preferred_language=en
[2026-04-26T14:03:08-04:00] bootstrap_admin_ui: Final preferred_language: en
[2026-04-26T14:03:08-04:00] bootstrap_admin_ui: Theme resolution: tenant_id=5, is_platform_admin=false, user_type=tenant_admin
[2026-04-26T14:03:08-04:00] bootstrap_admin_ui: Theme result: theme_id=6
[2026-04-26T14:10:33-04:00] bootstrap_admin_ui: Session data before resolution: platform_admin=false, platform_role=null, user_id=39, session_id=gj03136uupcdq3sn8k8mgpsrgb
[2026-04-26T14:10:33-04:00] bootstrap_admin_ui: Identity resolved: source=session, is_authenticated=true, user_id=39, is_platform_admin=false, preferred_language=en
[2026-04-26T14:10:33-04:00] bootstrap_admin_ui: Final preferred_language: en
[2026-04-26T14:10:33-04:00] bootstrap_admin_ui: Theme resolution: tenant_id=5, is_platform_admin=false, user_type=tenant_admin
[2026-04-26T14:10:33-04:00] bootstrap_admin_ui: Theme result: theme_id=6
[2026-04-26T14:10:36-04:00] bootstrap_admin_ui: Session data before resolution: platform_admin=false, platform_role=null, user_id=39, session_id=gj03136uupcdq3sn8k8mgpsrgb
[2026-04-26T14:10:36-04:00] bootstrap_admin_ui: Identity resolved: source=session, is_authenticated=true, user_id=39, is_platform_admin=false, preferred_language=en
[2026-04-26T14:10:36-04:00] bootstrap_admin_ui: Final preferred_language: en
[2026-04-26T14:10:36-04:00] bootstrap_admin_ui: Theme resolution: tenant_id=5, is_platform_admin=false, user_type=tenant_admin
[2026-04-26T14:10:36-04:00] bootstrap_admin_ui: Theme result: theme_id=6
[2026-04-26T14:12:16-04:00] bootstrap_admin_ui: Session data before resolution: platform_admin=false, platform_role=null, user_id=39, session_id=gj03136uupcdq3sn8k8mgpsrgb
[2026-04-26T14:12:16-04:00] bootstrap_admin_ui: Identity resolved: source=session, is_authenticated=true, user_id=39, is_platform_admin=false, preferred_language=en
[2026-04-26T14:12:16-04:00] bootstrap_admin_ui: Final preferred_language: en
[2026-04-26T14:12:16-04:00] bootstrap_admin_ui: Theme resolution: tenant_id=5, is_platform_admin=false, user_type=tenant_admin
[2026-04-26T14:12:16-04:00] bootstrap_admin_ui: Theme result: theme_id=6
[2026-04-26T14:12:27-04:00] bootstrap_admin_ui: Session data before resolution: platform_admin=false, platform_role=null, user_id=39, session_id=gj03136uupcdq3sn8k8mgpsrgb
[2026-04-26T14:12:27-04:00] bootstrap_admin_ui: Identity resolved: source=session, is_authenticated=true, user_id=39, is_platform_admin=false, preferred_language=en
[2026-04-26T14:12:27-04:00] bootstrap_admin_ui: Final preferred_language: en
[2026-04-26T14:12:27-04:00] bootstrap_admin_ui: Theme resolution: tenant_id=5, is_platform_admin=false, user_type=tenant_admin
[2026-04-26T14:12:27-04:00] bootstrap_admin_ui: Theme result: theme_id=6
[2026-04-26T14:13:04-04:00] bootstrap_admin_ui: Session data before resolution: platform_admin=false, platform_role=null, user_id=39, session_id=gj03136uupcdq3sn8k8mgpsrgb
[2026-04-26T14:13:04-04:00] bootstrap_admin_ui: Identity resolved: source=session, is_authenticated=true, user_id=39, is_platform_admin=false, preferred_language=en
[2026-04-26T14:13:04-04:00] bootstrap_admin_ui: Final preferred_language: en
[2026-04-26T14:13:04-04:00] bootstrap_admin_ui: Theme resolution: tenant_id=5, is_platform_admin=false, user_type=tenant_admin
[2026-04-26T14:13:04-04:00] bootstrap_admin_ui: Theme result: theme_id=6
[2026-04-26T14:13:11-04:00] bootstrap_admin_ui: Session data before resolution: platform_admin=false, platform_role=null, user_id=39, session_id=gj03136uupcdq3sn8k8mgpsrgb
[2026-04-26T14:13:11-04:00] bootstrap_admin_ui: Identity resolved: source=session, is_authenticated=true, user_id=39, is_platform_admin=false, preferred_language=en
[2026-04-26T14:13:11-04:00] bootstrap_admin_ui: Final preferred_language: en
[2026-04-26T14:13:11-04:00] bootstrap_admin_ui: Theme resolution: tenant_id=5, is_platform_admin=false, user_type=tenant_admin
[2026-04-26T14:13:11-04:00] bootstrap_admin_ui: Theme result: theme_id=6
[2026-04-26T14:13:12-04:00] bootstrap_admin_ui: Session data before resolution: platform_admin=false, platform_role=null, user_id=39, session_id=gj03136uupcdq3sn8k8mgpsrgb
[2026-04-26T14:13:12-04:00] bootstrap_admin_ui: Identity resolved: source=session, is_authenticated=true, user_id=39, is_platform_admin=false, preferred_language=en
[2026-04-26T14:13:12-04:00] bootstrap_admin_ui: Final preferred_language: en
[2026-04-26T14:13:12-04:00] bootstrap_admin_ui: Theme resolution: tenant_id=5, is_platform_admin=false, user_type=tenant_admin
[2026-04-26T14:13:12-04:00] bootstrap_admin_ui: Theme result: theme_id=6
[2026-04-26T14:14:14-04:00] bootstrap_admin_ui: Session data before resolution: platform_admin=false, platform_role=null, user_id=39, session_id=gj03136uupcdq3sn8k8mgpsrgb
[2026-04-26T14:14:14-04:00] bootstrap_admin_ui: Identity resolved: source=session, is_authenticated=true, user_id=39, is_platform_admin=false, preferred_language=en
[2026-04-26T14:14:14-04:00] bootstrap_admin_ui: Final preferred_language: en
[2026-04-26T14:14:14-04:00] bootstrap_admin_ui: Theme resolution: tenant_id=5, is_platform_admin=false, user_type=tenant_admin
[2026-04-26T14:14:14-04:00] bootstrap_admin_ui: Theme result: theme_id=6
[2026-04-26T14:14:18-04:00] bootstrap_admin_ui: Session data before resolution: platform_admin=false, platform_role=null, user_id=39, session_id=gj03136uupcdq3sn8k8mgpsrgb
[2026-04-26T14:14:18-04:00] bootstrap_admin_ui: Identity resolved: source=session, is_authenticated=true, user_id=39, is_platform_admin=false, preferred_language=en
[2026-04-26T14:14:18-04:00] bootstrap_admin_ui: Final preferred_language: en
[2026-04-26T14:14:18-04:00] bootstrap_admin_ui: Theme resolution: tenant_id=5, is_platform_admin=false, user_type=tenant_admin
[2026-04-26T14:14:18-04:00] bootstrap_admin_ui: Theme result: theme_id=6
[2026-04-26T14:14:18-04:00] bootstrap_admin_ui: Session data before resolution: platform_admin=false, platform_role=null, user_id=39, session_id=gj03136uupcdq3sn8k8mgpsrgb
[2026-04-26T14:14:18-04:00] bootstrap_admin_ui: Identity resolved: source=session, is_authenticated=true, user_id=39, is_platform_admin=false, preferred_language=en
[2026-04-26T14:14:18-04:00] bootstrap_admin_ui: Final preferred_language: en
[2026-04-26T14:14:18-04:00] bootstrap_admin_ui: Theme resolution: tenant_id=5, is_platform_admin=false, user_type=tenant_admin
[2026-04-26T14:14:18-04:00] bootstrap_admin_ui: Theme result: theme_id=6
[2026-04-26T14:14:25-04:00] bootstrap_admin_ui: Session data before resolution: platform_admin=false, platform_role=null, user_id=39, session_id=gj03136uupcdq3sn8k8mgpsrgb
[2026-04-26T14:14:25-04:00] bootstrap_admin_ui: Identity resolved: source=session, is_authenticated=true, user_id=39, is_platform_admin=false, preferred_language=en
[2026-04-26T14:14:25-04:00] bootstrap_admin_ui: Final preferred_language: en
[2026-04-26T14:14:25-04:00] bootstrap_admin_ui: Theme resolution: tenant_id=5, is_platform_admin=false, user_type=tenant_admin
[2026-04-26T14:14:25-04:00] bootstrap_admin_ui: Theme result: theme_id=6
[2026-04-26T14:14:26-04:00] bootstrap_admin_ui: Session data before resolution: platform_admin=false, platform_role=null, user_id=39, session_id=gj03136uupcdq3sn8k8mgpsrgb
[2026-04-26T14:14:26-04:00] bootstrap_admin_ui: Identity resolved: source=session, is_authenticated=true, user_id=39, is_platform_admin=false, preferred_language=en
[2026-04-26T14:14:26-04:00] bootstrap_admin_ui: Final preferred_language: en
[2026-04-26T14:14:26-04:00] bootstrap_admin_ui: Theme resolution: tenant_id=5, is_platform_admin=false, user_type=tenant_admin
[2026-04-26T14:14:26-04:00] bootstrap_admin_ui: Theme result: theme_id=6
[2026-04-26T14:16:16-04:00] bootstrap_admin_ui: Session data before resolution: platform_admin=false, platform_role=null, user_id=39, session_id=gj03136uupcdq3sn8k8mgpsrgb
[2026-04-26T14:16:16-04:00] bootstrap_admin_ui: Identity resolved: source=session, is_authenticated=true, user_id=39, is_platform_admin=false, preferred_language=en
[2026-04-26T14:16:16-04:00] bootstrap_admin_ui: Final preferred_language: en
[2026-04-26T14:16:16-04:00] bootstrap_admin_ui: Theme resolution: tenant_id=5, is_platform_admin=false, user_type=tenant_admin
[2026-04-26T14:16:16-04:00] bootstrap_admin_ui: Theme result: theme_id=6
[2026-04-26T14:16:23-04:00] bootstrap_admin_ui: Session data before resolution: platform_admin=false, platform_role=null, user_id=39, session_id=gj03136uupcdq3sn8k8mgpsrgb
[2026-04-26T14:16:23-04:00] bootstrap_admin_ui: Identity resolved: source=session, is_authenticated=true, user_id=39, is_platform_admin=false, preferred_language=en
[2026-04-26T14:16:23-04:00] bootstrap_admin_ui: Final preferred_language: en
[2026-04-26T14:16:23-04:00] bootstrap_admin_ui: Theme resolution: tenant_id=5, is_platform_admin=false, user_type=tenant_admin
[2026-04-26T14:16:23-04:00] bootstrap_admin_ui: Theme result: theme_id=6
[2026-04-26T14:19:30-04:00] bootstrap_admin_ui: Session data before resolution: platform_admin=false, platform_role=null, user_id=39, session_id=gj03136uupcdq3sn8k8mgpsrgb
[2026-04-26T14:19:30-04:00] bootstrap_admin_ui: Identity resolved: source=session, is_authenticated=true, user_id=39, is_platform_admin=false, preferred_language=en
[2026-04-26T14:19:30-04:00] bootstrap_admin_ui: Final preferred_language: en
[2026-04-26T14:19:30-04:00] bootstrap_admin_ui: Theme resolution: tenant_id=5, is_platform_admin=false, user_type=tenant_admin
[2026-04-26T14:19:30-04:00] bootstrap_admin_ui: Theme result: theme_id=6
[2026-04-26T14:19:36-04:00] bootstrap_admin_ui: Session data before resolution: platform_admin=false, platform_role=null, user_id=39, session_id=gj03136uupcdq3sn8k8mgpsrgb
[2026-04-26T14:19:36-04:00] bootstrap_admin_ui: Identity resolved: source=session, is_authenticated=true, user_id=39, is_platform_admin=false, preferred_language=en
[2026-04-26T14:19:36-04:00] bootstrap_admin_ui: Final preferred_language: en
[2026-04-26T14:19:36-04:00] bootstrap_admin_ui: Theme resolution: tenant_id=5, is_platform_admin=false, user_type=tenant_admin
[2026-04-26T14:19:36-04:00] bootstrap_admin_ui: Theme result: theme_id=6
[2026-04-26T14:19:36-04:00] bootstrap_admin_ui: Session data before resolution: platform_admin=false, platform_role=null, user_id=39, session_id=gj03136uupcdq3sn8k8mgpsrgb
[2026-04-26T14:19:36-04:00] bootstrap_admin_ui: Identity resolved: source=session, is_authenticated=true, user_id=39, is_platform_admin=false, preferred_language=en
[2026-04-26T14:19:36-04:00] bootstrap_admin_ui: Final preferred_language: en
[2026-04-26T14:19:36-04:00] bootstrap_admin_ui: Theme resolution: tenant_id=5, is_platform_admin=false, user_type=tenant_admin
[2026-04-26T14:19:36-04:00] bootstrap_admin_ui: Theme result: theme_id=6
[2026-04-26T14:20:39-04:00] bootstrap_admin_ui: Session data before resolution: platform_admin=true, platform_role=super_admin, user_id=7, session_id=6dss4bh92qvoboujcabjem6khq
[2026-04-26T14:20:39-04:00] bootstrap_admin_ui: Identity resolved: source=platform_session, is_authenticated=true, user_id=7, is_platform_admin=true, preferred_language=en
[2026-04-26T14:20:39-04:00] bootstrap_admin_ui: Final preferred_language: en
[2026-04-26T14:20:39-04:00] bootstrap_admin_ui: Theme resolution: tenant_id=1, is_platform_admin=true, user_type=platform_admin
[2026-04-26T14:20:39-04:00] bootstrap_admin_ui: Theme result: theme_id=1
[2026-04-26T14:20:50-04:00] bootstrap_admin_ui: Session data before resolution: platform_admin=true, platform_role=super_admin, user_id=7, session_id=6dss4bh92qvoboujcabjem6khq
[2026-04-26T14:20:50-04:00] bootstrap_admin_ui: Identity resolved: source=platform_session, is_authenticated=true, user_id=7, is_platform_admin=true, preferred_language=en
[2026-04-26T14:20:50-04:00] bootstrap_admin_ui: Final preferred_language: en
[2026-04-26T14:20:50-04:00] bootstrap_admin_ui: Theme resolution: tenant_id=1, is_platform_admin=true, user_type=platform_admin
[2026-04-26T14:20:50-04:00] bootstrap_admin_ui: Theme result: theme_id=1
[2026-04-26T14:20:50-04:00] bootstrap_admin_ui: Session data before resolution: platform_admin=true, platform_role=super_admin, user_id=7, session_id=6dss4bh92qvoboujcabjem6khq
[2026-04-26T14:20:50-04:00] bootstrap_admin_ui: Identity resolved: source=platform_session, is_authenticated=true, user_id=7, is_platform_admin=true, preferred_language=en
[2026-04-26T14:20:50-04:00] bootstrap_admin_ui: Final preferred_language: en
[2026-04-26T14:20:50-04:00] bootstrap_admin_ui: Theme resolution: tenant_id=1, is_platform_admin=true, user_type=platform_admin
[2026-04-26T14:20:50-04:00] bootstrap_admin_ui: Theme result: theme_id=1
[2026-04-26T14:43:09-04:00] bootstrap_admin_ui: Session data before resolution: platform_admin=true, platform_role=super_admin, user_id=7, session_id=6dss4bh92qvoboujcabjem6khq
[2026-04-26T14:43:09-04:00] bootstrap_admin_ui: Identity resolved: source=platform_session, is_authenticated=true, user_id=7, is_platform_admin=true, preferred_language=en
[2026-04-26T14:43:09-04:00] bootstrap_admin_ui: Final preferred_language: en
[2026-04-26T14:43:09-04:00] bootstrap_admin_ui: Theme resolution: tenant_id=1, is_platform_admin=true, user_type=platform_admin
[2026-04-26T14:43:09-04:00] bootstrap_admin_ui: Theme result: theme_id=1
[2026-04-26T14:43:14-04:00] bootstrap_admin_ui: Session data before resolution: platform_admin=true, platform_role=super_admin, user_id=7, session_id=6dss4bh92qvoboujcabjem6khq
[2026-04-26T14:43:14-04:00] bootstrap_admin_ui: Identity resolved: source=platform_session, is_authenticated=true, user_id=7, is_platform_admin=true, preferred_language=en
[2026-04-26T14:43:14-04:00] bootstrap_admin_ui: Final preferred_language: en
[2026-04-26T14:43:14-04:00] bootstrap_admin_ui: Theme resolution: tenant_id=1, is_platform_admin=true, user_type=platform_admin
[2026-04-26T14:43:14-04:00] bootstrap_admin_ui: Theme result: theme_id=1
[2026-04-26T14:43:14-04:00] bootstrap_admin_ui: Session data before resolution: platform_admin=true, platform_role=super_admin, user_id=7, session_id=6dss4bh92qvoboujcabjem6khq
[2026-04-26T14:43:14-04:00] bootstrap_admin_ui: Identity resolved: source=platform_session, is_authenticated=true, user_id=7, is_platform_admin=true, preferred_language=en
[2026-04-26T14:43:14-04:00] bootstrap_admin_ui: Final preferred_language: en
[2026-04-26T14:43:14-04:00] bootstrap_admin_ui: Theme resolution: tenant_id=1, is_platform_admin=true, user_type=platform_admin
[2026-04-26T14:43:14-04:00] bootstrap_admin_ui: Theme result: theme_id=1
[2026-04-26T14:56:16-04:00] bootstrap_admin_ui: Session data before resolution: platform_admin=true, platform_role=super_admin, user_id=7, session_id=6dss4bh92qvoboujcabjem6khq
[2026-04-26T14:56:16-04:00] bootstrap_admin_ui: Identity resolved: source=platform_session, is_authenticated=true, user_id=7, is_platform_admin=true, preferred_language=en
[2026-04-26T14:56:16-04:00] bootstrap_admin_ui: Final preferred_language: en
[2026-04-26T14:56:16-04:00] bootstrap_admin_ui: Theme resolution: tenant_id=1, is_platform_admin=true, user_type=platform_admin
[2026-04-26T14:56:16-04:00] bootstrap_admin_ui: Theme result: theme_id=1
[2026-04-26T15:03:17-04:00] bootstrap_admin_ui: Session data before resolution: platform_admin=true, platform_role=super_admin, user_id=7, session_id=6dss4bh92qvoboujcabjem6khq
[2026-04-26T15:03:17-04:00] bootstrap_admin_ui: Identity resolved: source=platform_session, is_authenticated=true, user_id=7, is_platform_admin=true, preferred_language=en
[2026-04-26T15:03:17-04:00] bootstrap_admin_ui: Final preferred_language: en
[2026-04-26T15:03:17-04:00] bootstrap_admin_ui: Theme resolution: tenant_id=1, is_platform_admin=true, user_type=platform_admin
[2026-04-26T15:03:17-04:00] bootstrap_admin_ui: Theme result: theme_id=1
[2026-04-26T15:03:30-04:00] bootstrap_admin_ui: Session data before resolution: platform_admin=true, platform_role=super_admin, user_id=7, session_id=6dss4bh92qvoboujcabjem6khq
[2026-04-26T15:03:30-04:00] bootstrap_admin_ui: Identity resolved: source=platform_session, is_authenticated=true, user_id=7, is_platform_admin=true, preferred_language=en
[2026-04-26T15:03:30-04:00] bootstrap_admin_ui: Final preferred_language: en
[2026-04-26T15:03:30-04:00] bootstrap_admin_ui: Theme resolution: tenant_id=1, is_platform_admin=true, user_type=platform_admin
[2026-04-26T15:03:30-04:00] bootstrap_admin_ui: Theme result: theme_id=1
[2026-04-26T15:03:32-04:00] bootstrap_admin_ui: Session data before resolution: platform_admin=true, platform_role=super_admin, user_id=7, session_id=6dss4bh92qvoboujcabjem6khq
[2026-04-26T15:03:32-04:00] bootstrap_admin_ui: Identity resolved: source=platform_session, is_authenticated=true, user_id=7, is_platform_admin=true, preferred_language=en
[2026-04-26T15:03:32-04:00] bootstrap_admin_ui: Final preferred_language: en
[2026-04-26T15:03:32-04:00] bootstrap_admin_ui: Theme resolution: tenant_id=1, is_platform_admin=true, user_type=platform_admin
[2026-04-26T15:03:32-04:00] bootstrap_admin_ui: Theme result: theme_id=1
[2026-04-26T15:15:10-04:00] bootstrap_admin_ui: Session data before resolution: platform_admin=true, platform_role=super_admin, user_id=7, session_id=6dss4bh92qvoboujcabjem6khq
[2026-04-26T15:15:10-04:00] bootstrap_admin_ui: Identity resolved: source=platform_session, is_authenticated=true, user_id=7, is_platform_admin=true, preferred_language=en
[2026-04-26T15:15:10-04:00] bootstrap_admin_ui: Final preferred_language: en
[2026-04-26T15:15:10-04:00] bootstrap_admin_ui: Theme resolution: tenant_id=1, is_platform_admin=true, user_type=platform_admin
[2026-04-26T15:15:10-04:00] bootstrap_admin_ui: Theme result: theme_id=1
[2026-04-26T15:15:22-04:00] bootstrap_admin_ui: Session data before resolution: platform_admin=true, platform_role=super_admin, user_id=7, session_id=6dss4bh92qvoboujcabjem6khq
[2026-04-26T15:15:22-04:00] bootstrap_admin_ui: Identity resolved: source=platform_session, is_authenticated=true, user_id=7, is_platform_admin=true, preferred_language=en
[2026-04-26T15:15:22-04:00] bootstrap_admin_ui: Final preferred_language: en
[2026-04-26T15:15:22-04:00] bootstrap_admin_ui: Theme resolution: tenant_id=1, is_platform_admin=true, user_type=platform_admin
[2026-04-26T15:15:22-04:00] bootstrap_admin_ui: Theme result: theme_id=1
[2026-04-26T15:15:22-04:00] bootstrap_admin_ui: Session data before resolution: platform_admin=true, platform_role=super_admin, user_id=7, session_id=6dss4bh92qvoboujcabjem6khq
[2026-04-26T15:15:22-04:00] bootstrap_admin_ui: Identity resolved: source=platform_session, is_authenticated=true, user_id=7, is_platform_admin=true, preferred_language=en
[2026-04-26T15:15:22-04:00] bootstrap_admin_ui: Final preferred_language: en
[2026-04-26T15:15:22-04:00] bootstrap_admin_ui: Theme resolution: tenant_id=1, is_platform_admin=true, user_type=platform_admin
[2026-04-26T15:15:22-04:00] bootstrap_admin_ui: Theme result: theme_id=1
[2026-04-26T15:24:43-04:00] bootstrap_admin_ui: Session data before resolution: platform_admin=true, platform_role=super_admin, user_id=7, session_id=6dss4bh92qvoboujcabjem6khq
[2026-04-26T15:24:43-04:00] bootstrap_admin_ui: Identity resolved: source=platform_session, is_authenticated=true, user_id=7, is_platform_admin=true, preferred_language=en
[2026-04-26T15:24:43-04:00] bootstrap_admin_ui: Final preferred_language: en
[2026-04-26T15:24:43-04:00] bootstrap_admin_ui: Theme resolution: tenant_id=1, is_platform_admin=true, user_type=platform_admin
[2026-04-26T15:24:43-04:00] bootstrap_admin_ui: Theme result: theme_id=1
[2026-04-26T15:24:48-04:00] bootstrap_admin_ui: Session data before resolution: platform_admin=true, platform_role=super_admin, user_id=7, session_id=6dss4bh92qvoboujcabjem6khq
[2026-04-26T15:24:48-04:00] bootstrap_admin_ui: Identity resolved: source=platform_session, is_authenticated=true, user_id=7, is_platform_admin=true, preferred_language=en
[2026-04-26T15:24:48-04:00] bootstrap_admin_ui: Final preferred_language: en
[2026-04-26T15:24:48-04:00] bootstrap_admin_ui: Theme resolution: tenant_id=1, is_platform_admin=true, user_type=platform_admin
[2026-04-26T15:24:48-04:00] bootstrap_admin_ui: Theme result: theme_id=1
[2026-04-26T15:24:49-04:00] bootstrap_admin_ui: Session data before resolution: platform_admin=true, platform_role=super_admin, user_id=7, session_id=6dss4bh92qvoboujcabjem6khq
[2026-04-26T15:24:49-04:00] bootstrap_admin_ui: Identity resolved: source=platform_session, is_authenticated=true, user_id=7, is_platform_admin=true, preferred_language=en
[2026-04-26T15:24:49-04:00] bootstrap_admin_ui: Final preferred_language: en
[2026-04-26T15:24:49-04:00] bootstrap_admin_ui: Theme resolution: tenant_id=1, is_platform_admin=true, user_type=platform_admin
[2026-04-26T15:24:49-04:00] bootstrap_admin_ui: Theme result: theme_id=1
[2026-04-26T15:26:55-04:00] bootstrap_admin_ui: Session data before resolution: platform_admin=false, platform_role=null, user_id=39, session_id=gb56mg30d7089fniag17pep6j7
[2026-04-26T15:26:55-04:00] bootstrap_admin_ui: Identity resolved: source=session, is_authenticated=true, user_id=39, is_platform_admin=false, preferred_language=en
[2026-04-26T15:26:55-04:00] bootstrap_admin_ui: Final preferred_language: en
[2026-04-26T15:26:55-04:00] bootstrap_admin_ui: Theme resolution: tenant_id=5, is_platform_admin=false, user_type=tenant_admin
[2026-04-26T15:26:55-04:00] bootstrap_admin_ui: Theme result: theme_id=6
[2026-04-26T15:27:20-04:00] bootstrap_admin_ui: Session data before resolution: platform_admin=true, platform_role=super_admin, user_id=7, session_id=r0sinp6p0kbb7a6i8ojeg4h83b
[2026-04-26T15:27:20-04:00] bootstrap_admin_ui: Identity resolved: source=platform_session, is_authenticated=true, user_id=7, is_platform_admin=true, preferred_language=en
[2026-04-26T15:27:20-04:00] bootstrap_admin_ui: Final preferred_language: en
[2026-04-26T15:27:20-04:00] bootstrap_admin_ui: Theme resolution: tenant_id=1, is_platform_admin=true, user_type=platform_admin
[2026-04-26T15:27:20-04:00] bootstrap_admin_ui: Theme result: theme_id=1
[2026-04-26T15:27:27-04:00] bootstrap_admin_ui: Session data before resolution: platform_admin=true, platform_role=super_admin, user_id=7, session_id=r0sinp6p0kbb7a6i8ojeg4h83b
[2026-04-26T15:27:27-04:00] bootstrap_admin_ui: Identity resolved: source=platform_session, is_authenticated=true, user_id=7, is_platform_admin=true, preferred_language=en
[2026-04-26T15:27:27-04:00] bootstrap_admin_ui: Final preferred_language: en
[2026-04-26T15:27:27-04:00] bootstrap_admin_ui: Theme resolution: tenant_id=1, is_platform_admin=true, user_type=platform_admin
[2026-04-26T15:27:27-04:00] bootstrap_admin_ui: Theme result: theme_id=1
[2026-04-26T15:27:27-04:00] bootstrap_admin_ui: Session data before resolution: platform_admin=true, platform_role=super_admin, user_id=7, session_id=r0sinp6p0kbb7a6i8ojeg4h83b
[2026-04-26T15:27:27-04:00] bootstrap_admin_ui: Identity resolved: source=platform_session, is_authenticated=true, user_id=7, is_platform_admin=true, preferred_language=en
[2026-04-26T15:27:27-04:00] bootstrap_admin_ui: Final preferred_language: en
[2026-04-26T15:27:27-04:00] bootstrap_admin_ui: Theme resolution: tenant_id=1, is_platform_admin=true, user_type=platform_admin
[2026-04-26T15:27:27-04:00] bootstrap_admin_ui: Theme result: theme_id=1
[2026-04-26T15:29:25-04:00] bootstrap_admin_ui: Session data before resolution: platform_admin=true, platform_role=super_admin, user_id=7, session_id=r0sinp6p0kbb7a6i8ojeg4h83b
[2026-04-26T15:29:25-04:00] bootstrap_admin_ui: Identity resolved: source=platform_session, is_authenticated=true, user_id=7, is_platform_admin=true, preferred_language=en
[2026-04-26T15:29:25-04:00] bootstrap_admin_ui: Final preferred_language: en
[2026-04-26T15:29:25-04:00] bootstrap_admin_ui: Theme resolution: tenant_id=1, is_platform_admin=true, user_type=platform_admin
[2026-04-26T15:29:25-04:00] bootstrap_admin_ui: Theme result: theme_id=1
[2026-04-26T15:29:30-04:00] bootstrap_admin_ui: Session data before resolution: platform_admin=true, platform_role=super_admin, user_id=7, session_id=r0sinp6p0kbb7a6i8ojeg4h83b
[2026-04-26T15:29:30-04:00] bootstrap_admin_ui: Identity resolved: source=platform_session, is_authenticated=true, user_id=7, is_platform_admin=true, preferred_language=en
[2026-04-26T15:29:30-04:00] bootstrap_admin_ui: Final preferred_language: en
[2026-04-26T15:29:30-04:00] bootstrap_admin_ui: Theme resolution: tenant_id=1, is_platform_admin=true, user_type=platform_admin
[2026-04-26T15:29:30-04:00] bootstrap_admin_ui: Theme result: theme_id=1
[2026-04-26T15:29:30-04:00] bootstrap_admin_ui: Session data before resolution: platform_admin=true, platform_role=super_admin, user_id=7, session_id=r0sinp6p0kbb7a6i8ojeg4h83b
[2026-04-26T15:29:30-04:00] bootstrap_admin_ui: Identity resolved: source=platform_session, is_authenticated=true, user_id=7, is_platform_admin=true, preferred_language=en
[2026-04-26T15:29:30-04:00] bootstrap_admin_ui: Final preferred_language: en
[2026-04-26T15:29:30-04:00] bootstrap_admin_ui: Theme resolution: tenant_id=1, is_platform_admin=true, user_type=platform_admin
[2026-04-26T15:29:30-04:00] bootstrap_admin_ui: Theme result: theme_id=1
[2026-04-26T15:40:17-04:00] bootstrap_admin_ui: Session data before resolution: platform_admin=true, platform_role=super_admin, user_id=7, session_id=r0sinp6p0kbb7a6i8ojeg4h83b
[2026-04-26T15:40:17-04:00] bootstrap_admin_ui: Identity resolved: source=platform_session, is_authenticated=true, user_id=7, is_platform_admin=true, preferred_language=en
[2026-04-26T15:40:17-04:00] bootstrap_admin_ui: Final preferred_language: en
[2026-04-26T15:40:17-04:00] bootstrap_admin_ui: Theme resolution: tenant_id=1, is_platform_admin=true, user_type=platform_admin
[2026-04-26T15:40:17-04:00] bootstrap_admin_ui: Theme result: theme_id=1
[2026-04-26T15:40:21-04:00] bootstrap_admin_ui: Session data before resolution: platform_admin=true, platform_role=super_admin, user_id=7, session_id=r0sinp6p0kbb7a6i8ojeg4h83b
[2026-04-26T15:40:21-04:00] bootstrap_admin_ui: Identity resolved: source=platform_session, is_authenticated=true, user_id=7, is_platform_admin=true, preferred_language=en
[2026-04-26T15:40:21-04:00] bootstrap_admin_ui: Final preferred_language: en
[2026-04-26T15:40:21-04:00] bootstrap_admin_ui: Theme resolution: tenant_id=1, is_platform_admin=true, user_type=platform_admin
[2026-04-26T15:40:22-04:00] bootstrap_admin_ui: Theme result: theme_id=1
[2026-04-26T15:40:22-04:00] bootstrap_admin_ui: Session data before resolution: platform_admin=true, platform_role=super_admin, user_id=7, session_id=r0sinp6p0kbb7a6i8ojeg4h83b
[2026-04-26T15:40:22-04:00] bootstrap_admin_ui: Identity resolved: source=platform_session, is_authenticated=true, user_id=7, is_platform_admin=true, preferred_language=en
[2026-04-26T15:40:22-04:00] bootstrap_admin_ui: Final preferred_language: en
[2026-04-26T15:40:22-04:00] bootstrap_admin_ui: Theme resolution: tenant_id=1, is_platform_admin=true, user_type=platform_admin
[2026-04-26T15:40:22-04:00] bootstrap_admin_ui: Theme result: theme_id=1
[2026-04-26T15:48:57-04:00] bootstrap_admin_ui: Session data before resolution: platform_admin=true, platform_role=super_admin, user_id=7, session_id=r0sinp6p0kbb7a6i8ojeg4h83b
[2026-04-26T15:48:57-04:00] bootstrap_admin_ui: Identity resolved: source=platform_session, is_authenticated=true, user_id=7, is_platform_admin=true, preferred_language=en
[2026-04-26T15:48:57-04:00] bootstrap_admin_ui: Final preferred_language: en
[2026-04-26T15:48:57-04:00] bootstrap_admin_ui: Theme resolution: tenant_id=1, is_platform_admin=true, user_type=platform_admin
[2026-04-26T15:48:57-04:00] bootstrap_admin_ui: Theme result: theme_id=1
[2026-04-26T15:49:01-04:00] bootstrap_admin_ui: Session data before resolution: platform_admin=true, platform_role=super_admin, user_id=7, session_id=r0sinp6p0kbb7a6i8ojeg4h83b
[2026-04-26T15:49:01-04:00] bootstrap_admin_ui: Identity resolved: source=platform_session, is_authenticated=true, user_id=7, is_platform_admin=true, preferred_language=en
[2026-04-26T15:49:01-04:00] bootstrap_admin_ui: Final preferred_language: en
[2026-04-26T15:49:01-04:00] bootstrap_admin_ui: Theme resolution: tenant_id=1, is_platform_admin=true, user_type=platform_admin
[2026-04-26T15:49:01-04:00] bootstrap_admin_ui: Theme result: theme_id=1
[2026-04-26T15:49:02-04:00] bootstrap_admin_ui: Session data before resolution: platform_admin=true, platform_role=super_admin, user_id=7, session_id=r0sinp6p0kbb7a6i8ojeg4h83b
[2026-04-26T15:49:02-04:00] bootstrap_admin_ui: Identity resolved: source=platform_session, is_authenticated=true, user_id=7, is_platform_admin=true, preferred_language=en
[2026-04-26T15:49:02-04:00] bootstrap_admin_ui: Final preferred_language: en
[2026-04-26T15:49:02-04:00] bootstrap_admin_ui: Theme resolution: tenant_id=1, is_platform_admin=true, user_type=platform_admin
[2026-04-26T15:49:02-04:00] bootstrap_admin_ui: Theme result: theme_id=1
[2026-04-27T00:36:30-04:00] bootstrap_admin_ui: Session data before resolution: platform_admin=true, platform_role=super_admin, user_id=7, session_id=11n9bced0j4bp45pavemnpiu01
[2026-04-27T00:36:30-04:00] bootstrap_admin_ui: Identity resolved: source=platform_session, is_authenticated=true, user_id=7, is_platform_admin=true, preferred_language=en
[2026-04-27T00:36:30-04:00] bootstrap_admin_ui: Final preferred_language: en
[2026-04-27T00:36:30-04:00] bootstrap_admin_ui: Theme resolution: tenant_id=1, is_platform_admin=true, user_type=platform_admin
[2026-04-27T00:36:30-04:00] bootstrap_admin_ui: Theme result: theme_id=1
[2026-04-27T00:36:40-04:00] bootstrap_admin_ui: Session data before resolution: platform_admin=true, platform_role=super_admin, user_id=7, session_id=11n9bced0j4bp45pavemnpiu01
[2026-04-27T00:36:40-04:00] bootstrap_admin_ui: Identity resolved: source=platform_session, is_authenticated=true, user_id=7, is_platform_admin=true, preferred_language=en
[2026-04-27T00:36:40-04:00] bootstrap_admin_ui: Final preferred_language: en
[2026-04-27T00:36:40-04:00] bootstrap_admin_ui: Theme resolution: tenant_id=1, is_platform_admin=true, user_type=platform_admin
[2026-04-27T00:36:40-04:00] bootstrap_admin_ui: Theme result: theme_id=1
[2026-04-27T00:36:41-04:00] bootstrap_admin_ui: Session data before resolution: platform_admin=true, platform_role=super_admin, user_id=7, session_id=11n9bced0j4bp45pavemnpiu01
[2026-04-27T00:36:41-04:00] bootstrap_admin_ui: Identity resolved: source=platform_session, is_authenticated=true, user_id=7, is_platform_admin=true, preferred_language=en
[2026-04-27T00:36:41-04:00] bootstrap_admin_ui: Final preferred_language: en
[2026-04-27T00:36:41-04:00] bootstrap_admin_ui: Theme resolution: tenant_id=1, is_platform_admin=true, user_type=platform_admin
[2026-04-27T00:36:41-04:00] bootstrap_admin_ui: Theme result: theme_id=1
[2026-04-27T00:36:42-04:00] bootstrap_admin_ui: Session data before resolution: platform_admin=true, platform_role=super_admin, user_id=7, session_id=11n9bced0j4bp45pavemnpiu01
[2026-04-27T00:36:42-04:00] bootstrap_admin_ui: Identity resolved: source=platform_session, is_authenticated=true, user_id=7, is_platform_admin=true, preferred_language=en
[2026-04-27T00:36:42-04:00] bootstrap_admin_ui: Final preferred_language: en
[2026-04-27T00:36:42-04:00] bootstrap_admin_ui: Theme resolution: tenant_id=1, is_platform_admin=true, user_type=platform_admin
[2026-04-27T00:36:42-04:00] bootstrap_admin_ui: Theme result: theme_id=1
[2026-04-27T00:37:24-04:00] bootstrap_admin_ui: Session data before resolution: platform_admin=true, platform_role=super_admin, user_id=7, session_id=11n9bced0j4bp45pavemnpiu01
[2026-04-27T00:37:24-04:00] bootstrap_admin_ui: Identity resolved: source=platform_session, is_authenticated=true, user_id=7, is_platform_admin=true, preferred_language=en
[2026-04-27T00:37:24-04:00] bootstrap_admin_ui: Final preferred_language: en
[2026-04-27T00:37:24-04:00] bootstrap_admin_ui: Theme resolution: tenant_id=1, is_platform_admin=true, user_type=platform_admin
[2026-04-27T00:37:24-04:00] bootstrap_admin_ui: Theme result: theme_id=1
[2026-04-27T01:37:01-04:00] bootstrap_admin_ui: Session data before resolution: platform_admin=true, platform_role=super_admin, user_id=7, session_id=5dvuc2vtlv3hl1dfjj86koplp0
[2026-04-27T01:37:01-04:00] bootstrap_admin_ui: Identity resolved: source=platform_session, is_authenticated=true, user_id=7, is_platform_admin=true, preferred_language=en
[2026-04-27T01:37:01-04:00] bootstrap_admin_ui: Final preferred_language: en
[2026-04-27T01:37:01-04:00] bootstrap_admin_ui: Theme resolution: tenant_id=1, is_platform_admin=true, user_type=platform_admin
[2026-04-27T01:37:01-04:00] bootstrap_admin_ui: Theme result: theme_id=1
[2026-04-27T01:37:07-04:00] bootstrap_admin_ui: Session data before resolution: platform_admin=true, platform_role=super_admin, user_id=7, session_id=5dvuc2vtlv3hl1dfjj86koplp0
[2026-04-27T01:37:07-04:00] bootstrap_admin_ui: Identity resolved: source=platform_session, is_authenticated=true, user_id=7, is_platform_admin=true, preferred_language=en
[2026-04-27T01:37:07-04:00] bootstrap_admin_ui: Final preferred_language: en
[2026-04-27T01:37:07-04:00] bootstrap_admin_ui: Theme resolution: tenant_id=1, is_platform_admin=true, user_type=platform_admin
[2026-04-27T01:37:07-04:00] bootstrap_admin_ui: Theme result: theme_id=1
[2026-04-27T01:37:08-04:00] bootstrap_admin_ui: Session data before resolution: platform_admin=true, platform_role=super_admin, user_id=7, session_id=5dvuc2vtlv3hl1dfjj86koplp0
[2026-04-27T01:37:08-04:00] bootstrap_admin_ui: Identity resolved: source=platform_session, is_authenticated=true, user_id=7, is_platform_admin=true, preferred_language=en
[2026-04-27T01:37:08-04:00] bootstrap_admin_ui: Final preferred_language: en
[2026-04-27T01:37:08-04:00] bootstrap_admin_ui: Theme resolution: tenant_id=1, is_platform_admin=true, user_type=platform_admin
[2026-04-27T01:37:08-04:00] bootstrap_admin_ui: Theme result: theme_id=1
[2026-04-27T01:50:26-04:00] bootstrap_admin_ui: Session data before resolution: platform_admin=true, platform_role=super_admin, user_id=7, session_id=5dvuc2vtlv3hl1dfjj86koplp0
[2026-04-27T01:50:26-04:00] bootstrap_admin_ui: Identity resolved: source=platform_session, is_authenticated=true, user_id=7, is_platform_admin=true, preferred_language=en
[2026-04-27T01:50:26-04:00] bootstrap_admin_ui: Final preferred_language: en
[2026-04-27T01:50:26-04:00] bootstrap_admin_ui: Theme resolution: tenant_id=1, is_platform_admin=true, user_type=platform_admin
[2026-04-27T01:50:26-04:00] bootstrap_admin_ui: Theme result: theme_id=1
[2026-04-27T01:50:26-04:00] bootstrap_admin_ui: Session data before resolution: platform_admin=true, platform_role=super_admin, user_id=7, session_id=5dvuc2vtlv3hl1dfjj86koplp0
[2026-04-27T01:50:26-04:00] bootstrap_admin_ui: Identity resolved: source=platform_session, is_authenticated=true, user_id=7, is_platform_admin=true, preferred_language=en
[2026-04-27T01:50:26-04:00] bootstrap_admin_ui: Final preferred_language: en
[2026-04-27T01:50:26-04:00] bootstrap_admin_ui: Theme resolution: tenant_id=1, is_platform_admin=true, user_type=platform_admin
[2026-04-27T01:50:26-04:00] bootstrap_admin_ui: Theme result: theme_id=1
[2026-04-27T01:51:02-04:00] bootstrap_admin_ui: Session data before resolution: platform_admin=true, platform_role=super_admin, user_id=7, session_id=5dvuc2vtlv3hl1dfjj86koplp0
[2026-04-27T01:51:02-04:00] bootstrap_admin_ui: Identity resolved: source=platform_session, is_authenticated=true, user_id=7, is_platform_admin=true, preferred_language=en
[2026-04-27T01:51:02-04:00] bootstrap_admin_ui: Final preferred_language: en
[2026-04-27T01:51:02-04:00] bootstrap_admin_ui: Theme resolution: tenant_id=1, is_platform_admin=true, user_type=platform_admin
[2026-04-27T01:51:02-04:00] bootstrap_admin_ui: Theme result: theme_id=1
[2026-04-27T01:51:02-04:00] bootstrap_admin_ui: Session data before resolution: platform_admin=true, platform_role=super_admin, user_id=7, session_id=5dvuc2vtlv3hl1dfjj86koplp0
[2026-04-27T01:51:02-04:00] bootstrap_admin_ui: Identity resolved: source=platform_session, is_authenticated=true, user_id=7, is_platform_admin=true, preferred_language=en
[2026-04-27T01:51:02-04:00] bootstrap_admin_ui: Final preferred_language: en
[2026-04-27T01:51:02-04:00] bootstrap_admin_ui: Theme resolution: tenant_id=1, is_platform_admin=true, user_type=platform_admin
[2026-04-27T01:51:02-04:00] bootstrap_admin_ui: Theme result: theme_id=1
[2026-04-27T01:52:00-04:00] bootstrap_admin_ui: Session data before resolution: platform_admin=false, platform_role=null, user_id=40, session_id=6vpkm08hhalgd1qi2gfg67g6gk
[2026-04-27T01:52:00-04:00] bootstrap_admin_ui: Identity resolved: source=session, is_authenticated=true, user_id=40, is_platform_admin=false, preferred_language=ar
[2026-04-27T01:52:00-04:00] bootstrap_admin_ui: Final preferred_language: ar
[2026-04-27T01:52:00-04:00] bootstrap_admin_ui: Theme resolution: tenant_id=1, is_platform_admin=false, user_type=tenant_admin
[2026-04-27T01:52:00-04:00] bootstrap_admin_ui: Theme result: theme_id=1
[2026-04-27T01:52:06-04:00] bootstrap_admin_ui: Session data before resolution: platform_admin=false, platform_role=null, user_id=40, session_id=6vpkm08hhalgd1qi2gfg67g6gk
[2026-04-27T01:52:06-04:00] bootstrap_admin_ui: Identity resolved: source=session, is_authenticated=true, user_id=40, is_platform_admin=false, preferred_language=ar
[2026-04-27T01:52:06-04:00] bootstrap_admin_ui: Final preferred_language: ar
[2026-04-27T01:52:06-04:00] bootstrap_admin_ui: Theme resolution: tenant_id=1, is_platform_admin=false, user_type=tenant_admin
[2026-04-27T01:52:06-04:00] bootstrap_admin_ui: Theme result: theme_id=1
[2026-04-27T01:52:07-04:00] bootstrap_admin_ui: Session data before resolution: platform_admin=false, platform_role=null, user_id=40, session_id=6vpkm08hhalgd1qi2gfg67g6gk
[2026-04-27T01:52:07-04:00] bootstrap_admin_ui: Identity resolved: source=session, is_authenticated=true, user_id=40, is_platform_admin=false, preferred_language=ar
[2026-04-27T01:52:07-04:00] bootstrap_admin_ui: Final preferred_language: ar
[2026-04-27T01:52:07-04:00] bootstrap_admin_ui: Theme resolution: tenant_id=1, is_platform_admin=false, user_type=tenant_admin
[2026-04-27T01:52:07-04:00] bootstrap_admin_ui: Theme result: theme_id=1
[2026-04-27T01:52:22-04:00] bootstrap_admin_ui: Session data before resolution: platform_admin=false, platform_role=null, user_id=40, session_id=6vpkm08hhalgd1qi2gfg67g6gk
[2026-04-27T01:52:22-04:00] bootstrap_admin_ui: Identity resolved: source=session, is_authenticated=true, user_id=40, is_platform_admin=false, preferred_language=ar
[2026-04-27T01:52:22-04:00] bootstrap_admin_ui: Final preferred_language: ar
[2026-04-27T01:52:22-04:00] bootstrap_admin_ui: Theme resolution: tenant_id=1, is_platform_admin=false, user_type=tenant_admin
[2026-04-27T01:52:22-04:00] bootstrap_admin_ui: Theme result: theme_id=1
[2026-04-27T01:52:23-04:00] bootstrap_admin_ui: Session data before resolution: platform_admin=false, platform_role=null, user_id=40, session_id=6vpkm08hhalgd1qi2gfg67g6gk
[2026-04-27T01:52:23-04:00] bootstrap_admin_ui: Identity resolved: source=session, is_authenticated=true, user_id=40, is_platform_admin=false, preferred_language=ar
[2026-04-27T01:52:23-04:00] bootstrap_admin_ui: Final preferred_language: ar
[2026-04-27T01:52:23-04:00] bootstrap_admin_ui: Theme resolution: tenant_id=1, is_platform_admin=false, user_type=tenant_admin
[2026-04-27T01:52:23-04:00] bootstrap_admin_ui: Theme result: theme_id=1
[2026-04-27T01:52:31-04:00] bootstrap_admin_ui: Session data before resolution: platform_admin=false, platform_role=null, user_id=40, session_id=6vpkm08hhalgd1qi2gfg67g6gk
[2026-04-27T01:52:31-04:00] bootstrap_admin_ui: Identity resolved: source=session, is_authenticated=true, user_id=40, is_platform_admin=false, preferred_language=ar
[2026-04-27T01:52:31-04:00] bootstrap_admin_ui: Final preferred_language: ar
[2026-04-27T01:52:31-04:00] bootstrap_admin_ui: Theme resolution: tenant_id=1, is_platform_admin=false, user_type=tenant_admin
[2026-04-27T01:52:31-04:00] bootstrap_admin_ui: Theme result: theme_id=1
[2026-04-27T01:52:32-04:00] bootstrap_admin_ui: Session data before resolution: platform_admin=false, platform_role=null, user_id=40, session_id=6vpkm08hhalgd1qi2gfg67g6gk
[2026-04-27T01:52:32-04:00] bootstrap_admin_ui: Identity resolved: source=session, is_authenticated=true, user_id=40, is_platform_admin=false, preferred_language=ar
[2026-04-27T01:52:32-04:00] bootstrap_admin_ui: Final preferred_language: ar
[2026-04-27T01:52:32-04:00] bootstrap_admin_ui: Theme resolution: tenant_id=1, is_platform_admin=false, user_type=tenant_admin
[2026-04-27T01:52:32-04:00] bootstrap_admin_ui: Theme result: theme_id=1
[2026-04-27T01:52:44-04:00] bootstrap_admin_ui: Session data before resolution: platform_admin=false, platform_role=null, user_id=40, session_id=6vpkm08hhalgd1qi2gfg67g6gk
[2026-04-27T01:52:44-04:00] bootstrap_admin_ui: Identity resolved: source=session, is_authenticated=true, user_id=40, is_platform_admin=false, preferred_language=ar
[2026-04-27T01:52:44-04:00] bootstrap_admin_ui: Final preferred_language: ar
[2026-04-27T01:52:44-04:00] bootstrap_admin_ui: Theme resolution: tenant_id=1, is_platform_admin=false, user_type=tenant_admin
[2026-04-27T01:52:44-04:00] bootstrap_admin_ui: Theme result: theme_id=1
[2026-04-27T01:52:44-04:00] bootstrap_admin_ui: Session data before resolution: platform_admin=false, platform_role=null, user_id=40, session_id=6vpkm08hhalgd1qi2gfg67g6gk
[2026-04-27T01:52:44-04:00] bootstrap_admin_ui: Identity resolved: source=session, is_authenticated=true, user_id=40, is_platform_admin=false, preferred_language=ar
[2026-04-27T01:52:44-04:00] bootstrap_admin_ui: Final preferred_language: ar
[2026-04-27T01:52:44-04:00] bootstrap_admin_ui: Theme resolution: tenant_id=1, is_platform_admin=false, user_type=tenant_admin
[2026-04-27T01:52:44-04:00] bootstrap_admin_ui: Theme result: theme_id=1
[2026-04-27T01:52:45-04:00] bootstrap_admin_ui: Session data before resolution: platform_admin=false, platform_role=null, user_id=40, session_id=6vpkm08hhalgd1qi2gfg67g6gk
[2026-04-27T01:52:45-04:00] bootstrap_admin_ui: Identity resolved: source=session, is_authenticated=true, user_id=40, is_platform_admin=false, preferred_language=ar
[2026-04-27T01:52:45-04:00] bootstrap_admin_ui: Final preferred_language: ar
[2026-04-27T01:52:45-04:00] bootstrap_admin_ui: Theme resolution: tenant_id=1, is_platform_admin=false, user_type=tenant_admin
[2026-04-27T01:52:45-04:00] bootstrap_admin_ui: Theme result: theme_id=1
[2026-04-27T11:33:07-04:00] bootstrap_admin_ui: Session data before resolution: platform_admin=false, platform_role=null, user_id=7, session_id=ae8iv3t2drpc6drg7a8h1s7jmv
[2026-04-27T11:33:07-04:00] bootstrap_admin_ui: Identity resolved: source=session, is_authenticated=true, user_id=7, is_platform_admin=false, preferred_language=ar
[2026-04-27T11:33:07-04:00] bootstrap_admin_ui: Final preferred_language: ar
[2026-04-27T11:33:07-04:00] bootstrap_admin_ui: Theme resolution: tenant_id=0, is_platform_admin=false, user_type=tenant_user
[2026-04-27T11:33:07-04:00] bootstrap_admin_ui: Theme result: theme_id=1
[2026-04-27T11:34:54-04:00] bootstrap_admin_ui: Session data before resolution: platform_admin=true, platform_role=super_admin, user_id=7, session_id=33s2mrcfdb2125ulbiolcfckhg
[2026-04-27T11:34:54-04:00] bootstrap_admin_ui: Identity resolved: source=platform_session, is_authenticated=true, user_id=7, is_platform_admin=true, preferred_language=en
[2026-04-27T11:34:54-04:00] bootstrap_admin_ui: Final preferred_language: en
[2026-04-27T11:34:54-04:00] bootstrap_admin_ui: Theme resolution: tenant_id=1, is_platform_admin=true, user_type=platform_admin
[2026-04-27T11:34:54-04:00] bootstrap_admin_ui: Theme result: theme_id=1
[2026-04-27T11:35:00-04:00] bootstrap_admin_ui: Session data before resolution: platform_admin=true, platform_role=super_admin, user_id=7, session_id=33s2mrcfdb2125ulbiolcfckhg
[2026-04-27T11:35:00-04:00] bootstrap_admin_ui: Identity resolved: source=platform_session, is_authenticated=true, user_id=7, is_platform_admin=true, preferred_language=en
[2026-04-27T11:35:00-04:00] bootstrap_admin_ui: Final preferred_language: en
[2026-04-27T11:35:00-04:00] bootstrap_admin_ui: Theme resolution: tenant_id=1, is_platform_admin=true, user_type=platform_admin
[2026-04-27T11:35:00-04:00] bootstrap_admin_ui: Theme result: theme_id=1
[2026-04-27T11:35:00-04:00] bootstrap_admin_ui: Session data before resolution: platform_admin=true, platform_role=super_admin, user_id=7, session_id=33s2mrcfdb2125ulbiolcfckhg
[2026-04-27T11:35:00-04:00] bootstrap_admin_ui: Identity resolved: source=platform_session, is_authenticated=true, user_id=7, is_platform_admin=true, preferred_language=en
[2026-04-27T11:35:00-04:00] bootstrap_admin_ui: Final preferred_language: en
[2026-04-27T11:35:00-04:00] bootstrap_admin_ui: Theme resolution: tenant_id=1, is_platform_admin=true, user_type=platform_admin
[2026-04-27T11:35:00-04:00] bootstrap_admin_ui: Theme result: theme_id=1
[2026-04-27T11:35:01-04:00] bootstrap_admin_ui: Session data before resolution: platform_admin=true, platform_role=super_admin, user_id=7, session_id=33s2mrcfdb2125ulbiolcfckhg
[2026-04-27T11:35:01-04:00] bootstrap_admin_ui: Identity resolved: source=platform_session, is_authenticated=true, user_id=7, is_platform_admin=true, preferred_language=en
[2026-04-27T11:35:01-04:00] bootstrap_admin_ui: Final preferred_language: en
[2026-04-27T11:35:01-04:00] bootstrap_admin_ui: Theme resolution: tenant_id=1, is_platform_admin=true, user_type=platform_admin
[2026-04-27T11:35:01-04:00] bootstrap_admin_ui: Theme result: theme_id=1
[2026-04-27T12:44:05-04:00] bootstrap_admin_ui: Session data before resolution: platform_admin=true, platform_role=super_admin, user_id=7, session_id=33s2mrcfdb2125ulbiolcfckhg
[2026-04-27T12:44:05-04:00] bootstrap_admin_ui: Identity resolved: source=platform_session, is_authenticated=true, user_id=7, is_platform_admin=true, preferred_language=en
[2026-04-27T12:44:05-04:00] bootstrap_admin_ui: Final preferred_language: en
[2026-04-27T12:44:05-04:00] bootstrap_admin_ui: Theme resolution: tenant_id=1, is_platform_admin=true, user_type=platform_admin
[2026-04-27T12:44:05-04:00] bootstrap_admin_ui: Theme result: theme_id=1
[2026-04-27T12:44:05-04:00] bootstrap_admin_ui: Session data before resolution: platform_admin=true, platform_role=super_admin, user_id=7, session_id=33s2mrcfdb2125ulbiolcfckhg
[2026-04-27T12:44:05-04:00] bootstrap_admin_ui: Identity resolved: source=platform_session, is_authenticated=true, user_id=7, is_platform_admin=true, preferred_language=en
[2026-04-27T12:44:05-04:00] bootstrap_admin_ui: Final preferred_language: en
[2026-04-27T12:44:05-04:00] bootstrap_admin_ui: Theme resolution: tenant_id=1, is_platform_admin=true, user_type=platform_admin
[2026-04-27T12:44:05-04:00] bootstrap_admin_ui: Theme result: theme_id=1
[2026-04-27T12:44:26-04:00] bootstrap_admin_ui: Session data before resolution: platform_admin=true, platform_role=super_admin, user_id=7, session_id=33s2mrcfdb2125ulbiolcfckhg
[2026-04-27T12:44:26-04:00] bootstrap_admin_ui: Identity resolved: source=platform_session, is_authenticated=true, user_id=7, is_platform_admin=true, preferred_language=en
[2026-04-27T12:44:26-04:00] bootstrap_admin_ui: Final preferred_language: en
[2026-04-27T12:44:26-04:00] bootstrap_admin_ui: Theme resolution: tenant_id=1, is_platform_admin=true, user_type=platform_admin
[2026-04-27T12:44:26-04:00] bootstrap_admin_ui: Theme result: theme_id=1
[2026-04-27T12:44:26-04:00] bootstrap_admin_ui: Session data before resolution: platform_admin=true, platform_role=super_admin, user_id=7, session_id=33s2mrcfdb2125ulbiolcfckhg
[2026-04-27T12:44:26-04:00] bootstrap_admin_ui: Identity resolved: source=platform_session, is_authenticated=true, user_id=7, is_platform_admin=true, preferred_language=en
[2026-04-27T12:44:26-04:00] bootstrap_admin_ui: Final preferred_language: en
[2026-04-27T12:44:26-04:00] bootstrap_admin_ui: Theme resolution: tenant_id=1, is_platform_admin=true, user_type=platform_admin
[2026-04-27T12:44:26-04:00] bootstrap_admin_ui: Theme result: theme_id=1
[2026-04-27T12:44:26-04:00] bootstrap_admin_ui: Session data before resolution: platform_admin=true, platform_role=super_admin, user_id=7, session_id=33s2mrcfdb2125ulbiolcfckhg
[2026-04-27T12:44:26-04:00] bootstrap_admin_ui: Identity resolved: source=platform_session, is_authenticated=true, user_id=7, is_platform_admin=true, preferred_language=en
[2026-04-27T12:44:26-04:00] bootstrap_admin_ui: Final preferred_language: en
[2026-04-27T12:44:26-04:00] bootstrap_admin_ui: Theme resolution: tenant_id=1, is_platform_admin=true, user_type=platform_admin
[2026-04-27T12:44:26-04:00] bootstrap_admin_ui: Theme result: theme_id=1
[2026-04-27T12:45:39-04:00] bootstrap_admin_ui: Session data before resolution: platform_admin=true, platform_role=super_admin, user_id=7, session_id=33s2mrcfdb2125ulbiolcfckhg
[2026-04-27T12:45:39-04:00] bootstrap_admin_ui: Identity resolved: source=platform_session, is_authenticated=true, user_id=7, is_platform_admin=true, preferred_language=en
[2026-04-27T12:45:39-04:00] bootstrap_admin_ui: Final preferred_language: en
[2026-04-27T12:45:39-04:00] bootstrap_admin_ui: Theme resolution: tenant_id=1, is_platform_admin=true, user_type=platform_admin
[2026-04-27T12:45:39-04:00] bootstrap_admin_ui: Theme result: theme_id=1
[2026-04-27T12:45:45-04:00] bootstrap_admin_ui: Session data before resolution: platform_admin=true, platform_role=super_admin, user_id=7, session_id=33s2mrcfdb2125ulbiolcfckhg
[2026-04-27T12:45:45-04:00] bootstrap_admin_ui: Identity resolved: source=platform_session, is_authenticated=true, user_id=7, is_platform_admin=true, preferred_language=en
[2026-04-27T12:45:45-04:00] bootstrap_admin_ui: Final preferred_language: en
[2026-04-27T12:45:45-04:00] bootstrap_admin_ui: Theme resolution: tenant_id=1, is_platform_admin=true, user_type=platform_admin
[2026-04-27T12:45:45-04:00] bootstrap_admin_ui: Theme result: theme_id=1
[2026-04-27T12:45:45-04:00] bootstrap_admin_ui: Session data before resolution: platform_admin=true, platform_role=super_admin, user_id=7, session_id=33s2mrcfdb2125ulbiolcfckhg
[2026-04-27T12:45:45-04:00] bootstrap_admin_ui: Identity resolved: source=platform_session, is_authenticated=true, user_id=7, is_platform_admin=true, preferred_language=en
[2026-04-27T12:45:45-04:00] bootstrap_admin_ui: Final preferred_language: en
[2026-04-27T12:45:45-04:00] bootstrap_admin_ui: Theme resolution: tenant_id=1, is_platform_admin=true, user_type=platform_admin
[2026-04-27T12:45:45-04:00] bootstrap_admin_ui: Theme result: theme_id=1
[2026-04-27T12:45:45-04:00] bootstrap_admin_ui: Session data before resolution: platform_admin=true, platform_role=super_admin, user_id=7, session_id=33s2mrcfdb2125ulbiolcfckhg
[2026-04-27T12:45:45-04:00] bootstrap_admin_ui: Identity resolved: source=platform_session, is_authenticated=true, user_id=7, is_platform_admin=true, preferred_language=en
[2026-04-27T12:45:45-04:00] bootstrap_admin_ui: Final preferred_language: en
[2026-04-27T12:45:45-04:00] bootstrap_admin_ui: Theme resolution: tenant_id=1, is_platform_admin=true, user_type=platform_admin
[2026-04-27T12:45:45-04:00] bootstrap_admin_ui: Theme result: theme_id=1
[2026-04-27T12:45:56-04:00] bootstrap_admin_ui: Session data before resolution: platform_admin=true, platform_role=super_admin, user_id=7, session_id=33s2mrcfdb2125ulbiolcfckhg
[2026-04-27T12:45:56-04:00] bootstrap_admin_ui: Identity resolved: source=platform_session, is_authenticated=true, user_id=7, is_platform_admin=true, preferred_language=en
[2026-04-27T12:45:56-04:00] bootstrap_admin_ui: Final preferred_language: en
[2026-04-27T12:45:56-04:00] bootstrap_admin_ui: Theme resolution: tenant_id=1, is_platform_admin=true, user_type=platform_admin
[2026-04-27T12:45:56-04:00] bootstrap_admin_ui: Theme result: theme_id=1
[2026-04-27T12:46:05-04:00] bootstrap_admin_ui: Session data before resolution: platform_admin=true, platform_role=super_admin, user_id=7, session_id=33s2mrcfdb2125ulbiolcfckhg
[2026-04-27T12:46:05-04:00] bootstrap_admin_ui: Identity resolved: source=platform_session, is_authenticated=true, user_id=7, is_platform_admin=true, preferred_language=en
[2026-04-27T12:46:05-04:00] bootstrap_admin_ui: Final preferred_language: en
[2026-04-27T12:46:05-04:00] bootstrap_admin_ui: Theme resolution: tenant_id=1, is_platform_admin=true, user_type=platform_admin
[2026-04-27T12:46:05-04:00] bootstrap_admin_ui: Theme result: theme_id=1
[2026-04-27T12:46:05-04:00] bootstrap_admin_ui: Session data before resolution: platform_admin=true, platform_role=super_admin, user_id=7, session_id=33s2mrcfdb2125ulbiolcfckhg
[2026-04-27T12:46:05-04:00] bootstrap_admin_ui: Identity resolved: source=platform_session, is_authenticated=true, user_id=7, is_platform_admin=true, preferred_language=en
[2026-04-27T12:46:05-04:00] bootstrap_admin_ui: Final preferred_language: en
[2026-04-27T12:46:05-04:00] bootstrap_admin_ui: Theme resolution: tenant_id=1, is_platform_admin=true, user_type=platform_admin
[2026-04-27T12:46:05-04:00] bootstrap_admin_ui: Theme result: theme_id=1
[2026-04-27T12:46:06-04:00] bootstrap_admin_ui: Session data before resolution: platform_admin=true, platform_role=super_admin, user_id=7, session_id=33s2mrcfdb2125ulbiolcfckhg
[2026-04-27T12:46:06-04:00] bootstrap_admin_ui: Identity resolved: source=platform_session, is_authenticated=true, user_id=7, is_platform_admin=true, preferred_language=en
[2026-04-27T12:46:06-04:00] bootstrap_admin_ui: Final preferred_language: en
[2026-04-27T12:46:06-04:00] bootstrap_admin_ui: Theme resolution: tenant_id=1, is_platform_admin=true, user_type=platform_admin
[2026-04-27T12:46:06-04:00] bootstrap_admin_ui: Theme result: theme_id=1
[2026-04-27T12:47:46-04:00] bootstrap_admin_ui: Session data before resolution: platform_admin=true, platform_role=super_admin, user_id=7, session_id=33s2mrcfdb2125ulbiolcfckhg
[2026-04-27T12:47:46-04:00] bootstrap_admin_ui: Identity resolved: source=platform_session, is_authenticated=true, user_id=7, is_platform_admin=true, preferred_language=en
[2026-04-27T12:47:46-04:00] bootstrap_admin_ui: Final preferred_language: en
[2026-04-27T12:47:46-04:00] bootstrap_admin_ui: Theme resolution: tenant_id=1, is_platform_admin=true, user_type=platform_admin
[2026-04-27T12:47:46-04:00] bootstrap_admin_ui: Theme result: theme_id=1
[2026-04-27T12:47:52-04:00] bootstrap_admin_ui: Session data before resolution: platform_admin=true, platform_role=super_admin, user_id=7, session_id=33s2mrcfdb2125ulbiolcfckhg
[2026-04-27T12:47:52-04:00] bootstrap_admin_ui: Identity resolved: source=platform_session, is_authenticated=true, user_id=7, is_platform_admin=true, preferred_language=en
[2026-04-27T12:47:52-04:00] bootstrap_admin_ui: Final preferred_language: en
[2026-04-27T12:47:52-04:00] bootstrap_admin_ui: Theme resolution: tenant_id=1, is_platform_admin=true, user_type=platform_admin
[2026-04-27T12:47:52-04:00] bootstrap_admin_ui: Theme result: theme_id=1
[2026-04-27T12:47:52-04:00] bootstrap_admin_ui: Session data before resolution: platform_admin=true, platform_role=super_admin, user_id=7, session_id=33s2mrcfdb2125ulbiolcfckhg
[2026-04-27T12:47:52-04:00] bootstrap_admin_ui: Identity resolved: source=platform_session, is_authenticated=true, user_id=7, is_platform_admin=true, preferred_language=en
[2026-04-27T12:47:52-04:00] bootstrap_admin_ui: Final preferred_language: en
[2026-04-27T12:47:52-04:00] bootstrap_admin_ui: Theme resolution: tenant_id=1, is_platform_admin=true, user_type=platform_admin
[2026-04-27T12:47:52-04:00] bootstrap_admin_ui: Theme result: theme_id=1
[2026-04-27T12:47:52-04:00] bootstrap_admin_ui: Session data before resolution: platform_admin=true, platform_role=super_admin, user_id=7, session_id=33s2mrcfdb2125ulbiolcfckhg
[2026-04-27T12:47:52-04:00] bootstrap_admin_ui: Identity resolved: source=platform_session, is_authenticated=true, user_id=7, is_platform_admin=true, preferred_language=en
[2026-04-27T12:47:52-04:00] bootstrap_admin_ui: Final preferred_language: en
[2026-04-27T12:47:52-04:00] bootstrap_admin_ui: Theme resolution: tenant_id=1, is_platform_admin=true, user_type=platform_admin
[2026-04-27T12:47:52-04:00] bootstrap_admin_ui: Theme result: theme_id=1
[2026-04-27T12:51:24-04:00] bootstrap_admin_ui: Session data before resolution: platform_admin=true, platform_role=super_admin, user_id=7, session_id=33s2mrcfdb2125ulbiolcfckhg
[2026-04-27T12:51:24-04:00] bootstrap_admin_ui: Identity resolved: source=platform_session, is_authenticated=true, user_id=7, is_platform_admin=true, preferred_language=en
[2026-04-27T12:51:24-04:00] bootstrap_admin_ui: Final preferred_language: en
[2026-04-27T12:51:24-04:00] bootstrap_admin_ui: Theme resolution: tenant_id=1, is_platform_admin=true, user_type=platform_admin
[2026-04-27T12:51:24-04:00] bootstrap_admin_ui: Theme result: theme_id=1
[2026-04-27T12:51:29-04:00] bootstrap_admin_ui: Session data before resolution: platform_admin=true, platform_role=super_admin, user_id=7, session_id=33s2mrcfdb2125ulbiolcfckhg
[2026-04-27T12:51:29-04:00] bootstrap_admin_ui: Identity resolved: source=platform_session, is_authenticated=true, user_id=7, is_platform_admin=true, preferred_language=en
[2026-04-27T12:51:29-04:00] bootstrap_admin_ui: Final preferred_language: en
[2026-04-27T12:51:29-04:00] bootstrap_admin_ui: Theme resolution: tenant_id=1, is_platform_admin=true, user_type=platform_admin
[2026-04-27T12:51:29-04:00] bootstrap_admin_ui: Theme result: theme_id=1
[2026-04-27T12:51:29-04:00] bootstrap_admin_ui: Session data before resolution: platform_admin=true, platform_role=super_admin, user_id=7, session_id=33s2mrcfdb2125ulbiolcfckhg
[2026-04-27T12:51:29-04:00] bootstrap_admin_ui: Identity resolved: source=platform_session, is_authenticated=true, user_id=7, is_platform_admin=true, preferred_language=en
[2026-04-27T12:51:29-04:00] bootstrap_admin_ui: Final preferred_language: en
[2026-04-27T12:51:29-04:00] bootstrap_admin_ui: Theme resolution: tenant_id=1, is_platform_admin=true, user_type=platform_admin
[2026-04-27T12:51:29-04:00] bootstrap_admin_ui: Theme result: theme_id=1
[2026-04-27T12:51:29-04:00] bootstrap_admin_ui: Session data before resolution: platform_admin=true, platform_role=super_admin, user_id=7, session_id=33s2mrcfdb2125ulbiolcfckhg
[2026-04-27T12:51:29-04:00] bootstrap_admin_ui: Identity resolved: source=platform_session, is_authenticated=true, user_id=7, is_platform_admin=true, preferred_language=en
[2026-04-27T12:51:29-04:00] bootstrap_admin_ui: Final preferred_language: en
[2026-04-27T12:51:29-04:00] bootstrap_admin_ui: Theme resolution: tenant_id=1, is_platform_admin=true, user_type=platform_admin
[2026-04-27T12:51:29-04:00] bootstrap_admin_ui: Theme result: theme_id=1
[2026-04-27T12:53:08-04:00] bootstrap_admin_ui: Session data before resolution: platform_admin=true, platform_role=super_admin, user_id=7, session_id=33s2mrcfdb2125ulbiolcfckhg
[2026-04-27T12:53:08-04:00] bootstrap_admin_ui: Identity resolved: source=platform_session, is_authenticated=true, user_id=7, is_platform_admin=true, preferred_language=en
[2026-04-27T12:53:08-04:00] bootstrap_admin_ui: Final preferred_language: en
[2026-04-27T12:53:08-04:00] bootstrap_admin_ui: Theme resolution: tenant_id=1, is_platform_admin=true, user_type=platform_admin
[2026-04-27T12:53:08-04:00] bootstrap_admin_ui: Theme result: theme_id=1
[2026-04-27T12:53:12-04:00] bootstrap_admin_ui: Session data before resolution: platform_admin=true, platform_role=super_admin, user_id=7, session_id=33s2mrcfdb2125ulbiolcfckhg
[2026-04-27T12:53:12-04:00] bootstrap_admin_ui: Identity resolved: source=platform_session, is_authenticated=true, user_id=7, is_platform_admin=true, preferred_language=en
[2026-04-27T12:53:12-04:00] bootstrap_admin_ui: Final preferred_language: en
[2026-04-27T12:53:12-04:00] bootstrap_admin_ui: Theme resolution: tenant_id=1, is_platform_admin=true, user_type=platform_admin
[2026-04-27T12:53:12-04:00] bootstrap_admin_ui: Theme result: theme_id=1
[2026-04-27T12:53:13-04:00] bootstrap_admin_ui: Session data before resolution: platform_admin=true, platform_role=super_admin, user_id=7, session_id=33s2mrcfdb2125ulbiolcfckhg
[2026-04-27T12:53:13-04:00] bootstrap_admin_ui: Identity resolved: source=platform_session, is_authenticated=true, user_id=7, is_platform_admin=true, preferred_language=en
[2026-04-27T12:53:13-04:00] bootstrap_admin_ui: Final preferred_language: en
[2026-04-27T12:53:13-04:00] bootstrap_admin_ui: Theme resolution: tenant_id=1, is_platform_admin=true, user_type=platform_admin
[2026-04-27T12:53:13-04:00] bootstrap_admin_ui: Theme result: theme_id=1
[2026-04-27T12:53:13-04:00] bootstrap_admin_ui: Session data before resolution: platform_admin=true, platform_role=super_admin, user_id=7, session_id=33s2mrcfdb2125ulbiolcfckhg
[2026-04-27T12:53:13-04:00] bootstrap_admin_ui: Identity resolved: source=platform_session, is_authenticated=true, user_id=7, is_platform_admin=true, preferred_language=en
[2026-04-27T12:53:13-04:00] bootstrap_admin_ui: Final preferred_language: en
[2026-04-27T12:53:13-04:00] bootstrap_admin_ui: Theme resolution: tenant_id=1, is_platform_admin=true, user_type=platform_admin
[2026-04-27T12:53:13-04:00] bootstrap_admin_ui: Theme result: theme_id=1
[2026-04-27T13:22:45-04:00] bootstrap_admin_ui: Session data before resolution: platform_admin=true, platform_role=super_admin, user_id=7, session_id=33s2mrcfdb2125ulbiolcfckhg
[2026-04-27T13:22:45-04:00] bootstrap_admin_ui: Identity resolved: source=platform_session, is_authenticated=true, user_id=7, is_platform_admin=true, preferred_language=en
[2026-04-27T13:22:45-04:00] bootstrap_admin_ui: Final preferred_language: en
[2026-04-27T13:22:45-04:00] bootstrap_admin_ui: Theme resolution: tenant_id=1, is_platform_admin=true, user_type=platform_admin
[2026-04-27T13:22:45-04:00] bootstrap_admin_ui: Theme result: theme_id=1
[2026-04-27T13:22:50-04:00] bootstrap_admin_ui: Session data before resolution: platform_admin=true, platform_role=super_admin, user_id=7, session_id=33s2mrcfdb2125ulbiolcfckhg
[2026-04-27T13:22:50-04:00] bootstrap_admin_ui: Identity resolved: source=platform_session, is_authenticated=true, user_id=7, is_platform_admin=true, preferred_language=en
[2026-04-27T13:22:50-04:00] bootstrap_admin_ui: Final preferred_language: en
[2026-04-27T13:22:50-04:00] bootstrap_admin_ui: Theme resolution: tenant_id=1, is_platform_admin=true, user_type=platform_admin
[2026-04-27T13:22:50-04:00] bootstrap_admin_ui: Theme result: theme_id=1
[2026-04-27T13:22:50-04:00] bootstrap_admin_ui: Session data before resolution: platform_admin=true, platform_role=super_admin, user_id=7, session_id=33s2mrcfdb2125ulbiolcfckhg
[2026-04-27T13:22:50-04:00] bootstrap_admin_ui: Identity resolved: source=platform_session, is_authenticated=true, user_id=7, is_platform_admin=true, preferred_language=en
[2026-04-27T13:22:50-04:00] bootstrap_admin_ui: Final preferred_language: en
[2026-04-27T13:22:50-04:00] bootstrap_admin_ui: Theme resolution: tenant_id=1, is_platform_admin=true, user_type=platform_admin
[2026-04-27T13:22:50-04:00] bootstrap_admin_ui: Theme result: theme_id=1
[2026-04-27T13:22:52-04:00] bootstrap_admin_ui: Session data before resolution: platform_admin=true, platform_role=super_admin, user_id=7, session_id=33s2mrcfdb2125ulbiolcfckhg
[2026-04-27T13:22:52-04:00] bootstrap_admin_ui: Identity resolved: source=platform_session, is_authenticated=true, user_id=7, is_platform_admin=true, preferred_language=en
[2026-04-27T13:22:52-04:00] bootstrap_admin_ui: Final preferred_language: en
[2026-04-27T13:22:52-04:00] bootstrap_admin_ui: Theme resolution: tenant_id=1, is_platform_admin=true, user_type=platform_admin
[2026-04-27T13:22:52-04:00] bootstrap_admin_ui: Theme result: theme_id=1
[2026-04-27T13:22:52-04:00] bootstrap_admin_ui: Session data before resolution: platform_admin=true, platform_role=super_admin, user_id=7, session_id=33s2mrcfdb2125ulbiolcfckhg
[2026-04-27T13:22:52-04:00] bootstrap_admin_ui: Identity resolved: source=platform_session, is_authenticated=true, user_id=7, is_platform_admin=true, preferred_language=en
[2026-04-27T13:22:52-04:00] bootstrap_admin_ui: Final preferred_language: en
[2026-04-27T13:22:52-04:00] bootstrap_admin_ui: Theme resolution: tenant_id=1, is_platform_admin=true, user_type=platform_admin
[2026-04-27T13:22:52-04:00] bootstrap_admin_ui: Theme result: theme_id=1
[2026-04-27T13:22:58-04:00] bootstrap_admin_ui: Session data before resolution: platform_admin=true, platform_role=super_admin, user_id=7, session_id=33s2mrcfdb2125ulbiolcfckhg
[2026-04-27T13:22:58-04:00] bootstrap_admin_ui: Identity resolved: source=platform_session, is_authenticated=true, user_id=7, is_platform_admin=true, preferred_language=en
[2026-04-27T13:22:58-04:00] bootstrap_admin_ui: Final preferred_language: en
[2026-04-27T13:22:58-04:00] bootstrap_admin_ui: Theme resolution: tenant_id=1, is_platform_admin=true, user_type=platform_admin
[2026-04-27T13:22:58-04:00] bootstrap_admin_ui: Theme result: theme_id=1
[2026-04-27T13:22:58-04:00] bootstrap_admin_ui: Session data before resolution: platform_admin=true, platform_role=super_admin, user_id=7, session_id=33s2mrcfdb2125ulbiolcfckhg
[2026-04-27T13:22:58-04:00] bootstrap_admin_ui: Identity resolved: source=platform_session, is_authenticated=true, user_id=7, is_platform_admin=true, preferred_language=en
[2026-04-27T13:22:58-04:00] bootstrap_admin_ui: Final preferred_language: en
[2026-04-27T13:22:58-04:00] bootstrap_admin_ui: Theme resolution: tenant_id=1, is_platform_admin=true, user_type=platform_admin
[2026-04-27T13:22:58-04:00] bootstrap_admin_ui: Theme result: theme_id=1
[2026-04-27T13:22:58-04:00] bootstrap_admin_ui: Session data before resolution: platform_admin=true, platform_role=super_admin, user_id=7, session_id=33s2mrcfdb2125ulbiolcfckhg
[2026-04-27T13:22:58-04:00] bootstrap_admin_ui: Identity resolved: source=platform_session, is_authenticated=true, user_id=7, is_platform_admin=true, preferred_language=en
[2026-04-27T13:22:58-04:00] bootstrap_admin_ui: Final preferred_language: en
[2026-04-27T13:22:58-04:00] bootstrap_admin_ui: Theme resolution: tenant_id=1, is_platform_admin=true, user_type=platform_admin
[2026-04-27T13:22:58-04:00] bootstrap_admin_ui: Theme result: theme_id=1
[2026-04-27T13:50:14-04:00] bootstrap_admin_ui: Session data before resolution: platform_admin=true, platform_role=super_admin, user_id=7, session_id=33s2mrcfdb2125ulbiolcfckhg
[2026-04-27T13:50:14-04:00] bootstrap_admin_ui: Identity resolved: source=platform_session, is_authenticated=true, user_id=7, is_platform_admin=true, preferred_language=en
[2026-04-27T13:50:14-04:00] bootstrap_admin_ui: Final preferred_language: en
[2026-04-27T13:50:14-04:00] bootstrap_admin_ui: Theme resolution: tenant_id=1, is_platform_admin=true, user_type=platform_admin
[2026-04-27T13:50:14-04:00] bootstrap_admin_ui: Theme result: theme_id=1
[2026-04-27T13:50:22-04:00] bootstrap_admin_ui: Session data before resolution: platform_admin=true, platform_role=super_admin, user_id=7, session_id=33s2mrcfdb2125ulbiolcfckhg
[2026-04-27T13:50:22-04:00] bootstrap_admin_ui: Identity resolved: source=platform_session, is_authenticated=true, user_id=7, is_platform_admin=true, preferred_language=en
[2026-04-27T13:50:22-04:00] bootstrap_admin_ui: Final preferred_language: en
[2026-04-27T13:50:22-04:00] bootstrap_admin_ui: Theme resolution: tenant_id=1, is_platform_admin=true, user_type=platform_admin
[2026-04-27T13:50:22-04:00] bootstrap_admin_ui: Theme result: theme_id=1
[2026-04-27T13:50:22-04:00] bootstrap_admin_ui: Session data before resolution: platform_admin=true, platform_role=super_admin, user_id=7, session_id=33s2mrcfdb2125ulbiolcfckhg
[2026-04-27T13:50:22-04:00] bootstrap_admin_ui: Identity resolved: source=platform_session, is_authenticated=true, user_id=7, is_platform_admin=true, preferred_language=en
[2026-04-27T13:50:22-04:00] bootstrap_admin_ui: Final preferred_language: en
[2026-04-27T13:50:22-04:00] bootstrap_admin_ui: Theme resolution: tenant_id=1, is_platform_admin=true, user_type=platform_admin
[2026-04-27T13:50:22-04:00] bootstrap_admin_ui: Theme result: theme_id=1
[2026-04-27T13:50:22-04:00] bootstrap_admin_ui: Session data before resolution: platform_admin=true, platform_role=super_admin, user_id=7, session_id=33s2mrcfdb2125ulbiolcfckhg
[2026-04-27T13:50:22-04:00] bootstrap_admin_ui: Identity resolved: source=platform_session, is_authenticated=true, user_id=7, is_platform_admin=true, preferred_language=en
[2026-04-27T13:50:22-04:00] bootstrap_admin_ui: Final preferred_language: en
[2026-04-27T13:50:22-04:00] bootstrap_admin_ui: Theme resolution: tenant_id=1, is_platform_admin=true, user_type=platform_admin
[2026-04-27T13:50:22-04:00] bootstrap_admin_ui: Theme result: theme_id=1
[2026-04-27T13:59:36-04:00] bootstrap_admin_ui: Session data before resolution: platform_admin=true, platform_role=super_admin, user_id=7, session_id=33s2mrcfdb2125ulbiolcfckhg
[2026-04-27T13:59:36-04:00] bootstrap_admin_ui: Identity resolved: source=platform_session, is_authenticated=true, user_id=7, is_platform_admin=true, preferred_language=en
[2026-04-27T13:59:36-04:00] bootstrap_admin_ui: Final preferred_language: en
[2026-04-27T13:59:36-04:00] bootstrap_admin_ui: Theme resolution: tenant_id=1, is_platform_admin=true, user_type=platform_admin
[2026-04-27T13:59:36-04:00] bootstrap_admin_ui: Theme result: theme_id=1
[2026-04-27T13:59:43-04:00] bootstrap_admin_ui: Session data before resolution: platform_admin=true, platform_role=super_admin, user_id=7, session_id=33s2mrcfdb2125ulbiolcfckhg
[2026-04-27T13:59:43-04:00] bootstrap_admin_ui: Identity resolved: source=platform_session, is_authenticated=true, user_id=7, is_platform_admin=true, preferred_language=en
[2026-04-27T13:59:43-04:00] bootstrap_admin_ui: Final preferred_language: en
[2026-04-27T13:59:43-04:00] bootstrap_admin_ui: Theme resolution: tenant_id=1, is_platform_admin=true, user_type=platform_admin
[2026-04-27T13:59:43-04:00] bootstrap_admin_ui: Theme result: theme_id=1
[2026-04-27T13:59:43-04:00] bootstrap_admin_ui: Session data before resolution: platform_admin=true, platform_role=super_admin, user_id=7, session_id=33s2mrcfdb2125ulbiolcfckhg
[2026-04-27T13:59:43-04:00] bootstrap_admin_ui: Identity resolved: source=platform_session, is_authenticated=true, user_id=7, is_platform_admin=true, preferred_language=en
[2026-04-27T13:59:43-04:00] bootstrap_admin_ui: Final preferred_language: en
[2026-04-27T13:59:43-04:00] bootstrap_admin_ui: Theme resolution: tenant_id=1, is_platform_admin=true, user_type=platform_admin
[2026-04-27T13:59:43-04:00] bootstrap_admin_ui: Theme result: theme_id=1
[2026-04-27T13:59:46-04:00] bootstrap_admin_ui: Session data before resolution: platform_admin=true, platform_role=super_admin, user_id=7, session_id=33s2mrcfdb2125ulbiolcfckhg
[2026-04-27T13:59:46-04:00] bootstrap_admin_ui: Identity resolved: source=platform_session, is_authenticated=true, user_id=7, is_platform_admin=true, preferred_language=en
[2026-04-27T13:59:46-04:00] bootstrap_admin_ui: Final preferred_language: en
[2026-04-27T13:59:46-04:00] bootstrap_admin_ui: Theme resolution: tenant_id=1, is_platform_admin=true, user_type=platform_admin
[2026-04-27T13:59:46-04:00] bootstrap_admin_ui: Theme result: theme_id=1
[2026-04-27T13:59:46-04:00] bootstrap_admin_ui: Session data before resolution: platform_admin=true, platform_role=super_admin, user_id=7, session_id=33s2mrcfdb2125ulbiolcfckhg
[2026-04-27T13:59:46-04:00] bootstrap_admin_ui: Identity resolved: source=platform_session, is_authenticated=true, user_id=7, is_platform_admin=true, preferred_language=en
[2026-04-27T13:59:46-04:00] bootstrap_admin_ui: Final preferred_language: en
[2026-04-27T13:59:46-04:00] bootstrap_admin_ui: Theme resolution: tenant_id=1, is_platform_admin=true, user_type=platform_admin
[2026-04-27T13:59:46-04:00] bootstrap_admin_ui: Theme result: theme_id=1
[2026-04-27T13:59:55-04:00] bootstrap_admin_ui: Session data before resolution: platform_admin=true, platform_role=super_admin, user_id=7, session_id=33s2mrcfdb2125ulbiolcfckhg
[2026-04-27T13:59:55-04:00] bootstrap_admin_ui: Identity resolved: source=platform_session, is_authenticated=true, user_id=7, is_platform_admin=true, preferred_language=en
[2026-04-27T13:59:55-04:00] bootstrap_admin_ui: Final preferred_language: en
[2026-04-27T13:59:55-04:00] bootstrap_admin_ui: Theme resolution: tenant_id=1, is_platform_admin=true, user_type=platform_admin
[2026-04-27T13:59:55-04:00] bootstrap_admin_ui: Theme result: theme_id=1
[2026-04-27T13:59:55-04:00] bootstrap_admin_ui: Session data before resolution: platform_admin=true, platform_role=super_admin, user_id=7, session_id=33s2mrcfdb2125ulbiolcfckhg
[2026-04-27T13:59:55-04:00] bootstrap_admin_ui: Identity resolved: source=platform_session, is_authenticated=true, user_id=7, is_platform_admin=true, preferred_language=en
[2026-04-27T13:59:55-04:00] bootstrap_admin_ui: Final preferred_language: en
[2026-04-27T13:59:55-04:00] bootstrap_admin_ui: Theme resolution: tenant_id=1, is_platform_admin=true, user_type=platform_admin
[2026-04-27T13:59:55-04:00] bootstrap_admin_ui: Theme result: theme_id=1
[2026-04-27T13:59:55-04:00] bootstrap_admin_ui: Session data before resolution: platform_admin=true, platform_role=super_admin, user_id=7, session_id=33s2mrcfdb2125ulbiolcfckhg
[2026-04-27T13:59:55-04:00] bootstrap_admin_ui: Identity resolved: source=platform_session, is_authenticated=true, user_id=7, is_platform_admin=true, preferred_language=en
[2026-04-27T13:59:55-04:00] bootstrap_admin_ui: Final preferred_language: en
[2026-04-27T13:59:55-04:00] bootstrap_admin_ui: Theme resolution: tenant_id=1, is_platform_admin=true, user_type=platform_admin
[2026-04-27T13:59:55-04:00] bootstrap_admin_ui: Theme result: theme_id=1
[2026-04-27T14:02:40-04:00] bootstrap_admin_ui: Session data before resolution: platform_admin=true, platform_role=super_admin, user_id=7, session_id=33s2mrcfdb2125ulbiolcfckhg
[2026-04-27T14:02:40-04:00] bootstrap_admin_ui: Identity resolved: source=platform_session, is_authenticated=true, user_id=7, is_platform_admin=true, preferred_language=en
[2026-04-27T14:02:40-04:00] bootstrap_admin_ui: Final preferred_language: en
[2026-04-27T14:02:40-04:00] bootstrap_admin_ui: Theme resolution: tenant_id=1, is_platform_admin=true, user_type=platform_admin
[2026-04-27T14:02:40-04:00] bootstrap_admin_ui: Theme result: theme_id=1
[2026-04-27T14:02:44-04:00] bootstrap_admin_ui: Session data before resolution: platform_admin=true, platform_role=super_admin, user_id=7, session_id=33s2mrcfdb2125ulbiolcfckhg
[2026-04-27T14:02:44-04:00] bootstrap_admin_ui: Identity resolved: source=platform_session, is_authenticated=true, user_id=7, is_platform_admin=true, preferred_language=en
[2026-04-27T14:02:44-04:00] bootstrap_admin_ui: Final preferred_language: en
[2026-04-27T14:02:44-04:00] bootstrap_admin_ui: Theme resolution: tenant_id=1, is_platform_admin=true, user_type=platform_admin
[2026-04-27T14:02:44-04:00] bootstrap_admin_ui: Theme result: theme_id=1
[2026-04-27T14:02:44-04:00] bootstrap_admin_ui: Session data before resolution: platform_admin=true, platform_role=super_admin, user_id=7, session_id=33s2mrcfdb2125ulbiolcfckhg
[2026-04-27T14:02:44-04:00] bootstrap_admin_ui: Identity resolved: source=platform_session, is_authenticated=true, user_id=7, is_platform_admin=true, preferred_language=en
[2026-04-27T14:02:44-04:00] bootstrap_admin_ui: Final preferred_language: en
[2026-04-27T14:02:44-04:00] bootstrap_admin_ui: Theme resolution: tenant_id=1, is_platform_admin=true, user_type=platform_admin
[2026-04-27T14:02:44-04:00] bootstrap_admin_ui: Theme result: theme_id=1
[2026-04-27T14:02:44-04:00] bootstrap_admin_ui: Session data before resolution: platform_admin=true, platform_role=super_admin, user_id=7, session_id=33s2mrcfdb2125ulbiolcfckhg
[2026-04-27T14:02:44-04:00] bootstrap_admin_ui: Identity resolved: source=platform_session, is_authenticated=true, user_id=7, is_platform_admin=true, preferred_language=en
[2026-04-27T14:02:44-04:00] bootstrap_admin_ui: Final preferred_language: en
[2026-04-27T14:02:44-04:00] bootstrap_admin_ui: Theme resolution: tenant_id=1, is_platform_admin=true, user_type=platform_admin
[2026-04-27T14:02:44-04:00] bootstrap_admin_ui: Theme result: theme_id=1
[2026-04-27T14:09:42-04:00] bootstrap_admin_ui: Session data before resolution: platform_admin=true, platform_role=super_admin, user_id=7, session_id=33s2mrcfdb2125ulbiolcfckhg
[2026-04-27T14:09:42-04:00] bootstrap_admin_ui: Identity resolved: source=platform_session, is_authenticated=true, user_id=7, is_platform_admin=true, preferred_language=en
[2026-04-27T14:09:42-04:00] bootstrap_admin_ui: Final preferred_language: en
[2026-04-27T14:09:42-04:00] bootstrap_admin_ui: Theme resolution: tenant_id=1, is_platform_admin=true, user_type=platform_admin
[2026-04-27T14:09:42-04:00] bootstrap_admin_ui: Theme result: theme_id=1
[2026-04-27T14:09:46-04:00] bootstrap_admin_ui: Session data before resolution: platform_admin=true, platform_role=super_admin, user_id=7, session_id=33s2mrcfdb2125ulbiolcfckhg
[2026-04-27T14:09:46-04:00] bootstrap_admin_ui: Identity resolved: source=platform_session, is_authenticated=true, user_id=7, is_platform_admin=true, preferred_language=en
[2026-04-27T14:09:46-04:00] bootstrap_admin_ui: Final preferred_language: en
[2026-04-27T14:09:46-04:00] bootstrap_admin_ui: Theme resolution: tenant_id=1, is_platform_admin=true, user_type=platform_admin
[2026-04-27T14:09:46-04:00] bootstrap_admin_ui: Theme result: theme_id=1
[2026-04-27T14:09:46-04:00] bootstrap_admin_ui: Session data before resolution: platform_admin=true, platform_role=super_admin, user_id=7, session_id=33s2mrcfdb2125ulbiolcfckhg
[2026-04-27T14:09:46-04:00] bootstrap_admin_ui: Identity resolved: source=platform_session, is_authenticated=true, user_id=7, is_platform_admin=true, preferred_language=en
[2026-04-27T14:09:46-04:00] bootstrap_admin_ui: Final preferred_language: en
[2026-04-27T14:09:46-04:00] bootstrap_admin_ui: Theme resolution: tenant_id=1, is_platform_admin=true, user_type=platform_admin
[2026-04-27T14:09:46-04:00] bootstrap_admin_ui: Theme result: theme_id=1
[2026-04-27T14:09:46-04:00] bootstrap_admin_ui: Session data before resolution: platform_admin=true, platform_role=super_admin, user_id=7, session_id=33s2mrcfdb2125ulbiolcfckhg
[2026-04-27T14:09:46-04:00] bootstrap_admin_ui: Identity resolved: source=platform_session, is_authenticated=true, user_id=7, is_platform_admin=true, preferred_language=en
[2026-04-27T14:09:46-04:00] bootstrap_admin_ui: Final preferred_language: en
[2026-04-27T14:09:46-04:00] bootstrap_admin_ui: Theme resolution: tenant_id=1, is_platform_admin=true, user_type=platform_admin
[2026-04-27T14:09:46-04:00] bootstrap_admin_ui: Theme result: theme_id=1
[2026-04-27T14:50:48-04:00] bootstrap_admin_ui: Session data before resolution: platform_admin=true, platform_role=super_admin, user_id=7, session_id=33s2mrcfdb2125ulbiolcfckhg
[2026-04-27T14:50:48-04:00] bootstrap_admin_ui: Identity resolved: source=platform_session, is_authenticated=true, user_id=7, is_platform_admin=true, preferred_language=en
[2026-04-27T14:50:48-04:00] bootstrap_admin_ui: Final preferred_language: en
[2026-04-27T14:50:48-04:00] bootstrap_admin_ui: Theme resolution: tenant_id=1, is_platform_admin=true, user_type=platform_admin
[2026-04-27T14:50:48-04:00] bootstrap_admin_ui: Theme result: theme_id=1
[2026-04-27T14:50:48-04:00] bootstrap_admin_ui: Session data before resolution: platform_admin=true, platform_role=super_admin, user_id=7, session_id=33s2mrcfdb2125ulbiolcfckhg
[2026-04-27T14:50:48-04:00] bootstrap_admin_ui: Identity resolved: source=platform_session, is_authenticated=true, user_id=7, is_platform_admin=true, preferred_language=en
[2026-04-27T14:50:48-04:00] bootstrap_admin_ui: Final preferred_language: en
[2026-04-27T14:50:48-04:00] bootstrap_admin_ui: Theme resolution: tenant_id=1, is_platform_admin=true, user_type=platform_admin
[2026-04-27T14:50:48-04:00] bootstrap_admin_ui: Theme result: theme_id=1
[2026-04-27T14:50:51-04:00] bootstrap_admin_ui: Session data before resolution: platform_admin=true, platform_role=super_admin, user_id=7, session_id=33s2mrcfdb2125ulbiolcfckhg
[2026-04-27T14:50:51-04:00] bootstrap_admin_ui: Identity resolved: source=platform_session, is_authenticated=true, user_id=7, is_platform_admin=true, preferred_language=en
[2026-04-27T14:50:51-04:00] bootstrap_admin_ui: Final preferred_language: en
[2026-04-27T14:50:51-04:00] bootstrap_admin_ui: Theme resolution: tenant_id=1, is_platform_admin=true, user_type=platform_admin
[2026-04-27T14:50:51-04:00] bootstrap_admin_ui: Theme result: theme_id=1
[2026-04-27T14:50:51-04:00] bootstrap_admin_ui: Session data before resolution: platform_admin=true, platform_role=super_admin, user_id=7, session_id=33s2mrcfdb2125ulbiolcfckhg
[2026-04-27T14:50:51-04:00] bootstrap_admin_ui: Identity resolved: source=platform_session, is_authenticated=true, user_id=7, is_platform_admin=true, preferred_language=en
[2026-04-27T14:50:51-04:00] bootstrap_admin_ui: Final preferred_language: en
[2026-04-27T14:50:51-04:00] bootstrap_admin_ui: Theme resolution: tenant_id=1, is_platform_admin=true, user_type=platform_admin
[2026-04-27T14:50:51-04:00] bootstrap_admin_ui: Theme result: theme_id=1
[2026-04-27T14:51:02-04:00] bootstrap_admin_ui: Session data before resolution: platform_admin=true, platform_role=super_admin, user_id=7, session_id=33s2mrcfdb2125ulbiolcfckhg
[2026-04-27T14:51:02-04:00] bootstrap_admin_ui: Identity resolved: source=platform_session, is_authenticated=true, user_id=7, is_platform_admin=true, preferred_language=en
[2026-04-27T14:51:02-04:00] bootstrap_admin_ui: Final preferred_language: en
[2026-04-27T14:51:02-04:00] bootstrap_admin_ui: Theme resolution: tenant_id=1, is_platform_admin=true, user_type=platform_admin
[2026-04-27T14:51:02-04:00] bootstrap_admin_ui: Theme result: theme_id=1
[2026-04-27T14:51:02-04:00] bootstrap_admin_ui: Session data before resolution: platform_admin=true, platform_role=super_admin, user_id=7, session_id=33s2mrcfdb2125ulbiolcfckhg
[2026-04-27T14:51:02-04:00] bootstrap_admin_ui: Identity resolved: source=platform_session, is_authenticated=true, user_id=7, is_platform_admin=true, preferred_language=en
[2026-04-27T14:51:02-04:00] bootstrap_admin_ui: Final preferred_language: en
[2026-04-27T14:51:02-04:00] bootstrap_admin_ui: Theme resolution: tenant_id=1, is_platform_admin=true, user_type=platform_admin
[2026-04-27T14:51:03-04:00] bootstrap_admin_ui: Theme result: theme_id=1
[2026-04-27T15:00:39-04:00] bootstrap_admin_ui: Session data before resolution: platform_admin=true, platform_role=super_admin, user_id=7, session_id=33s2mrcfdb2125ulbiolcfckhg
[2026-04-27T15:00:39-04:00] bootstrap_admin_ui: Identity resolved: source=platform_session, is_authenticated=true, user_id=7, is_platform_admin=true, preferred_language=en
[2026-04-27T15:00:39-04:00] bootstrap_admin_ui: Final preferred_language: en
[2026-04-27T15:00:39-04:00] bootstrap_admin_ui: Theme resolution: tenant_id=1, is_platform_admin=true, user_type=platform_admin
[2026-04-27T15:00:39-04:00] bootstrap_admin_ui: Theme result: theme_id=1
[2026-04-27T15:00:48-04:00] bootstrap_admin_ui: Session data before resolution: platform_admin=true, platform_role=super_admin, user_id=7, session_id=33s2mrcfdb2125ulbiolcfckhg
[2026-04-27T15:00:48-04:00] bootstrap_admin_ui: Identity resolved: source=platform_session, is_authenticated=true, user_id=7, is_platform_admin=true, preferred_language=en
[2026-04-27T15:00:48-04:00] bootstrap_admin_ui: Final preferred_language: en
[2026-04-27T15:00:48-04:00] bootstrap_admin_ui: Theme resolution: tenant_id=1, is_platform_admin=true, user_type=platform_admin
[2026-04-27T15:00:48-04:00] bootstrap_admin_ui: Theme result: theme_id=1
[2026-04-27T15:00:48-04:00] bootstrap_admin_ui: Session data before resolution: platform_admin=true, platform_role=super_admin, user_id=7, session_id=33s2mrcfdb2125ulbiolcfckhg
[2026-04-27T15:00:48-04:00] bootstrap_admin_ui: Identity resolved: source=platform_session, is_authenticated=true, user_id=7, is_platform_admin=true, preferred_language=en
[2026-04-27T15:00:48-04:00] bootstrap_admin_ui: Final preferred_language: en
[2026-04-27T15:00:48-04:00] bootstrap_admin_ui: Theme resolution: tenant_id=1, is_platform_admin=true, user_type=platform_admin
[2026-04-27T15:00:48-04:00] bootstrap_admin_ui: Theme result: theme_id=1
[2026-04-27T15:01:13-04:00] bootstrap_admin_ui: Session data before resolution: platform_admin=true, platform_role=super_admin, user_id=7, session_id=33s2mrcfdb2125ulbiolcfckhg
[2026-04-27T15:01:13-04:00] bootstrap_admin_ui: Identity resolved: source=platform_session, is_authenticated=true, user_id=7, is_platform_admin=true, preferred_language=en
[2026-04-27T15:01:13-04:00] bootstrap_admin_ui: Final preferred_language: en
[2026-04-27T15:01:13-04:00] bootstrap_admin_ui: Theme resolution: tenant_id=1, is_platform_admin=true, user_type=platform_admin
[2026-04-27T15:01:13-04:00] bootstrap_admin_ui: Theme result: theme_id=1
[2026-04-27T15:01:13-04:00] bootstrap_admin_ui: Session data before resolution: platform_admin=true, platform_role=super_admin, user_id=7, session_id=33s2mrcfdb2125ulbiolcfckhg
[2026-04-27T15:01:13-04:00] bootstrap_admin_ui: Identity resolved: source=platform_session, is_authenticated=true, user_id=7, is_platform_admin=true, preferred_language=en
[2026-04-27T15:01:13-04:00] bootstrap_admin_ui: Final preferred_language: en
[2026-04-27T15:01:13-04:00] bootstrap_admin_ui: Theme resolution: tenant_id=1, is_platform_admin=true, user_type=platform_admin
[2026-04-27T15:01:13-04:00] bootstrap_admin_ui: Theme result: theme_id=1
[2026-04-27T15:01:16-04:00] bootstrap_admin_ui: Session data before resolution: platform_admin=true, platform_role=super_admin, user_id=7, session_id=33s2mrcfdb2125ulbiolcfckhg
[2026-04-27T15:01:16-04:00] bootstrap_admin_ui: Identity resolved: source=platform_session, is_authenticated=true, user_id=7, is_platform_admin=true, preferred_language=en
[2026-04-27T15:01:16-04:00] bootstrap_admin_ui: Final preferred_language: en
[2026-04-27T15:01:16-04:00] bootstrap_admin_ui: Theme resolution: tenant_id=1, is_platform_admin=true, user_type=platform_admin
[2026-04-27T15:01:16-04:00] bootstrap_admin_ui: Theme result: theme_id=1
[2026-04-27T15:01:22-04:00] bootstrap_admin_ui: Session data before resolution: platform_admin=true, platform_role=super_admin, user_id=7, session_id=33s2mrcfdb2125ulbiolcfckhg
[2026-04-27T15:01:22-04:00] bootstrap_admin_ui: Identity resolved: source=platform_session, is_authenticated=true, user_id=7, is_platform_admin=true, preferred_language=en
[2026-04-27T15:01:22-04:00] bootstrap_admin_ui: Final preferred_language: en
[2026-04-27T15:01:22-04:00] bootstrap_admin_ui: Theme resolution: tenant_id=1, is_platform_admin=true, user_type=platform_admin
[2026-04-27T15:01:22-04:00] bootstrap_admin_ui: Theme result: theme_id=1
[2026-04-27T15:01:22-04:00] bootstrap_admin_ui: Session data before resolution: platform_admin=true, platform_role=super_admin, user_id=7, session_id=33s2mrcfdb2125ulbiolcfckhg
[2026-04-27T15:01:22-04:00] bootstrap_admin_ui: Identity resolved: source=platform_session, is_authenticated=true, user_id=7, is_platform_admin=true, preferred_language=en
[2026-04-27T15:01:22-04:00] bootstrap_admin_ui: Final preferred_language: en
[2026-04-27T15:01:22-04:00] bootstrap_admin_ui: Theme resolution: tenant_id=1, is_platform_admin=true, user_type=platform_admin
[2026-04-27T15:01:22-04:00] bootstrap_admin_ui: Theme result: theme_id=1
[2026-04-27T15:01:29-04:00] bootstrap_admin_ui: Session data before resolution: platform_admin=true, platform_role=super_admin, user_id=7, session_id=33s2mrcfdb2125ulbiolcfckhg
[2026-04-27T15:01:29-04:00] bootstrap_admin_ui: Identity resolved: source=platform_session, is_authenticated=true, user_id=7, is_platform_admin=true, preferred_language=en
[2026-04-27T15:01:29-04:00] bootstrap_admin_ui: Final preferred_language: en
[2026-04-27T15:01:29-04:00] bootstrap_admin_ui: Theme resolution: tenant_id=1, is_platform_admin=true, user_type=platform_admin
[2026-04-27T15:01:29-04:00] bootstrap_admin_ui: Theme result: theme_id=1
[2026-04-27T15:01:29-04:00] bootstrap_admin_ui: Session data before resolution: platform_admin=true, platform_role=super_admin, user_id=7, session_id=33s2mrcfdb2125ulbiolcfckhg
[2026-04-27T15:01:29-04:00] bootstrap_admin_ui: Identity resolved: source=platform_session, is_authenticated=true, user_id=7, is_platform_admin=true, preferred_language=en
[2026-04-27T15:01:29-04:00] bootstrap_admin_ui: Final preferred_language: en
[2026-04-27T15:01:29-04:00] bootstrap_admin_ui: Theme resolution: tenant_id=1, is_platform_admin=true, user_type=platform_admin
[2026-04-27T15:01:29-04:00] bootstrap_admin_ui: Theme result: theme_id=1
[2026-04-27T15:01:33-04:00] bootstrap_admin_ui: Session data before resolution: platform_admin=true, platform_role=super_admin, user_id=7, session_id=33s2mrcfdb2125ulbiolcfckhg
[2026-04-27T15:01:33-04:00] bootstrap_admin_ui: Identity resolved: source=platform_session, is_authenticated=true, user_id=7, is_platform_admin=true, preferred_language=en
[2026-04-27T15:01:33-04:00] bootstrap_admin_ui: Final preferred_language: en
[2026-04-27T15:01:33-04:00] bootstrap_admin_ui: Theme resolution: tenant_id=1, is_platform_admin=true, user_type=platform_admin
[2026-04-27T15:01:34-04:00] bootstrap_admin_ui: Theme result: theme_id=1
[2026-04-27T15:01:34-04:00] bootstrap_admin_ui: Session data before resolution: platform_admin=true, platform_role=super_admin, user_id=7, session_id=33s2mrcfdb2125ulbiolcfckhg
[2026-04-27T15:01:34-04:00] bootstrap_admin_ui: Identity resolved: source=platform_session, is_authenticated=true, user_id=7, is_platform_admin=true, preferred_language=en
[2026-04-27T15:01:34-04:00] bootstrap_admin_ui: Final preferred_language: en
[2026-04-27T15:01:34-04:00] bootstrap_admin_ui: Theme resolution: tenant_id=1, is_platform_admin=true, user_type=platform_admin
[2026-04-27T15:01:34-04:00] bootstrap_admin_ui: Theme result: theme_id=1
[2026-04-27T15:01:38-04:00] bootstrap_admin_ui: Session data before resolution: platform_admin=true, platform_role=super_admin, user_id=7, session_id=33s2mrcfdb2125ulbiolcfckhg
[2026-04-27T15:01:38-04:00] bootstrap_admin_ui: Identity resolved: source=platform_session, is_authenticated=true, user_id=7, is_platform_admin=true, preferred_language=en
[2026-04-27T15:01:38-04:00] bootstrap_admin_ui: Final preferred_language: en
[2026-04-27T15:01:38-04:00] bootstrap_admin_ui: Theme resolution: tenant_id=1, is_platform_admin=true, user_type=platform_admin
[2026-04-27T15:01:38-04:00] bootstrap_admin_ui: Theme result: theme_id=1
[2026-04-27T15:01:38-04:00] bootstrap_admin_ui: Session data before resolution: platform_admin=true, platform_role=super_admin, user_id=7, session_id=33s2mrcfdb2125ulbiolcfckhg
[2026-04-27T15:01:38-04:00] bootstrap_admin_ui: Identity resolved: source=platform_session, is_authenticated=true, user_id=7, is_platform_admin=true, preferred_language=en
[2026-04-27T15:01:38-04:00] bootstrap_admin_ui: Final preferred_language: en
[2026-04-27T15:01:38-04:00] bootstrap_admin_ui: Theme resolution: tenant_id=1, is_platform_admin=true, user_type=platform_admin
[2026-04-27T15:01:38-04:00] bootstrap_admin_ui: Theme result: theme_id=1
[2026-04-27T15:01:43-04:00] bootstrap_admin_ui: Session data before resolution: platform_admin=true, platform_role=super_admin, user_id=7, session_id=33s2mrcfdb2125ulbiolcfckhg
[2026-04-27T15:01:43-04:00] bootstrap_admin_ui: Identity resolved: source=platform_session, is_authenticated=true, user_id=7, is_platform_admin=true, preferred_language=en
[2026-04-27T15:01:43-04:00] bootstrap_admin_ui: Final preferred_language: en
[2026-04-27T15:01:43-04:00] bootstrap_admin_ui: Theme resolution: tenant_id=1, is_platform_admin=true, user_type=platform_admin
[2026-04-27T15:01:43-04:00] bootstrap_admin_ui: Theme result: theme_id=1
[2026-04-27T15:01:43-04:00] bootstrap_admin_ui: Session data before resolution: platform_admin=true, platform_role=super_admin, user_id=7, session_id=33s2mrcfdb2125ulbiolcfckhg
[2026-04-27T15:01:43-04:00] bootstrap_admin_ui: Identity resolved: source=platform_session, is_authenticated=true, user_id=7, is_platform_admin=true, preferred_language=en
[2026-04-27T15:01:43-04:00] bootstrap_admin_ui: Final preferred_language: en
[2026-04-27T15:01:43-04:00] bootstrap_admin_ui: Theme resolution: tenant_id=1, is_platform_admin=true, user_type=platform_admin
[2026-04-27T15:01:43-04:00] bootstrap_admin_ui: Theme result: theme_id=1
[2026-04-27T15:01:51-04:00] bootstrap_admin_ui: Session data before resolution: platform_admin=true, platform_role=super_admin, user_id=7, session_id=33s2mrcfdb2125ulbiolcfckhg
[2026-04-27T15:01:51-04:00] bootstrap_admin_ui: Identity resolved: source=platform_session, is_authenticated=true, user_id=7, is_platform_admin=true, preferred_language=en
[2026-04-27T15:01:51-04:00] bootstrap_admin_ui: Final preferred_language: en
[2026-04-27T15:01:51-04:00] bootstrap_admin_ui: Theme resolution: tenant_id=1, is_platform_admin=true, user_type=platform_admin
[2026-04-27T15:01:51-04:00] bootstrap_admin_ui: Theme result: theme_id=1
[2026-04-27T15:01:51-04:00] bootstrap_admin_ui: Session data before resolution: platform_admin=true, platform_role=super_admin, user_id=7, session_id=33s2mrcfdb2125ulbiolcfckhg
[2026-04-27T15:01:51-04:00] bootstrap_admin_ui: Identity resolved: source=platform_session, is_authenticated=true, user_id=7, is_platform_admin=true, preferred_language=en
[2026-04-27T15:01:51-04:00] bootstrap_admin_ui: Final preferred_language: en
[2026-04-27T15:01:51-04:00] bootstrap_admin_ui: Theme resolution: tenant_id=1, is_platform_admin=true, user_type=platform_admin
[2026-04-27T15:01:51-04:00] bootstrap_admin_ui: Theme result: theme_id=1
[2026-04-27T15:01:55-04:00] bootstrap_admin_ui: Session data before resolution: platform_admin=true, platform_role=super_admin, user_id=7, session_id=33s2mrcfdb2125ulbiolcfckhg
[2026-04-27T15:01:55-04:00] bootstrap_admin_ui: Identity resolved: source=platform_session, is_authenticated=true, user_id=7, is_platform_admin=true, preferred_language=en
[2026-04-27T15:01:55-04:00] bootstrap_admin_ui: Final preferred_language: en
[2026-04-27T15:01:55-04:00] bootstrap_admin_ui: Theme resolution: tenant_id=1, is_platform_admin=true, user_type=platform_admin
[2026-04-27T15:01:55-04:00] bootstrap_admin_ui: Theme result: theme_id=1
[2026-04-27T15:02:58-04:00] bootstrap_admin_ui: Session data before resolution: platform_admin=true, platform_role=super_admin, user_id=7, session_id=33s2mrcfdb2125ulbiolcfckhg
[2026-04-27T15:02:58-04:00] bootstrap_admin_ui: Identity resolved: source=platform_session, is_authenticated=true, user_id=7, is_platform_admin=true, preferred_language=en
[2026-04-27T15:02:58-04:00] bootstrap_admin_ui: Final preferred_language: en
[2026-04-27T15:02:58-04:00] bootstrap_admin_ui: Theme resolution: tenant_id=1, is_platform_admin=true, user_type=platform_admin
[2026-04-27T15:02:58-04:00] bootstrap_admin_ui: Theme result: theme_id=1
[2026-04-27T15:02:58-04:00] bootstrap_admin_ui: Session data before resolution: platform_admin=true, platform_role=super_admin, user_id=7, session_id=33s2mrcfdb2125ulbiolcfckhg
[2026-04-27T15:02:58-04:00] bootstrap_admin_ui: Identity resolved: source=platform_session, is_authenticated=true, user_id=7, is_platform_admin=true, preferred_language=en
[2026-04-27T15:02:58-04:00] bootstrap_admin_ui: Final preferred_language: en
[2026-04-27T15:02:58-04:00] bootstrap_admin_ui: Theme resolution: tenant_id=1, is_platform_admin=true, user_type=platform_admin
[2026-04-27T15:02:58-04:00] bootstrap_admin_ui: Theme result: theme_id=1
[2026-04-27T15:03:02-04:00] bootstrap_admin_ui: Session data before resolution: platform_admin=true, platform_role=super_admin, user_id=7, session_id=33s2mrcfdb2125ulbiolcfckhg
[2026-04-27T15:03:02-04:00] bootstrap_admin_ui: Identity resolved: source=platform_session, is_authenticated=true, user_id=7, is_platform_admin=true, preferred_language=en
[2026-04-27T15:03:02-04:00] bootstrap_admin_ui: Final preferred_language: en
[2026-04-27T15:03:02-04:00] bootstrap_admin_ui: Theme resolution: tenant_id=1, is_platform_admin=true, user_type=platform_admin
[2026-04-27T15:03:02-04:00] bootstrap_admin_ui: Theme result: theme_id=1
[2026-04-27T16:03:14-04:00] bootstrap_admin_ui: Session data before resolution: platform_admin=true, platform_role=super_admin, user_id=7, session_id=33s2mrcfdb2125ulbiolcfckhg
[2026-04-27T16:03:14-04:00] bootstrap_admin_ui: Identity resolved: source=platform_session, is_authenticated=true, user_id=7, is_platform_admin=true, preferred_language=en
[2026-04-27T16:03:14-04:00] bootstrap_admin_ui: Final preferred_language: en
[2026-04-27T16:03:14-04:00] bootstrap_admin_ui: Theme resolution: tenant_id=1, is_platform_admin=true, user_type=platform_admin
[2026-04-27T16:03:14-04:00] bootstrap_admin_ui: Theme result: theme_id=1
[2026-04-27T16:03:15-04:00] bootstrap_admin_ui: Session data before resolution: platform_admin=true, platform_role=super_admin, user_id=7, session_id=33s2mrcfdb2125ulbiolcfckhg
[2026-04-27T16:03:15-04:00] bootstrap_admin_ui: Identity resolved: source=platform_session, is_authenticated=true, user_id=7, is_platform_admin=true, preferred_language=en
[2026-04-27T16:03:15-04:00] bootstrap_admin_ui: Final preferred_language: en
[2026-04-27T16:03:15-04:00] bootstrap_admin_ui: Theme resolution: tenant_id=1, is_platform_admin=true, user_type=platform_admin
[2026-04-27T16:03:15-04:00] bootstrap_admin_ui: Theme result: theme_id=1
[2026-04-27T16:14:23-04:00] bootstrap_admin_ui: Session data before resolution: platform_admin=false, platform_role=null, user_id=7, session_id=83mhs9auovirmn1d0eogb6el4o
[2026-04-27T16:14:23-04:00] bootstrap_admin_ui: Identity resolved: source=session, is_authenticated=true, user_id=7, is_platform_admin=false, preferred_language=ar
[2026-04-27T16:14:23-04:00] bootstrap_admin_ui: Final preferred_language: ar
[2026-04-27T16:14:23-04:00] bootstrap_admin_ui: Theme resolution: tenant_id=0, is_platform_admin=false, user_type=tenant_user
[2026-04-27T16:14:23-04:00] bootstrap_admin_ui: Theme result: theme_id=3
[2026-04-27T16:14:29-04:00] bootstrap_admin_ui: Session data before resolution: platform_admin=false, platform_role=null, user_id=7, session_id=83mhs9auovirmn1d0eogb6el4o
[2026-04-27T16:14:29-04:00] bootstrap_admin_ui: Identity resolved: source=session, is_authenticated=true, user_id=7, is_platform_admin=false, preferred_language=ar
[2026-04-27T16:14:29-04:00] bootstrap_admin_ui: Final preferred_language: ar
[2026-04-27T16:14:29-04:00] bootstrap_admin_ui: Theme resolution: tenant_id=0, is_platform_admin=false, user_type=tenant_user
[2026-04-27T16:14:29-04:00] bootstrap_admin_ui: Theme result: theme_id=3
[2026-04-27T16:14:29-04:00] bootstrap_admin_ui: Session data before resolution: platform_admin=false, platform_role=null, user_id=7, session_id=83mhs9auovirmn1d0eogb6el4o
[2026-04-27T16:14:29-04:00] bootstrap_admin_ui: Identity resolved: source=session, is_authenticated=true, user_id=7, is_platform_admin=false, preferred_language=ar
[2026-04-27T16:14:29-04:00] bootstrap_admin_ui: Final preferred_language: ar
[2026-04-27T16:14:29-04:00] bootstrap_admin_ui: Theme resolution: tenant_id=0, is_platform_admin=false, user_type=tenant_user
[2026-04-27T16:14:29-04:00] bootstrap_admin_ui: Theme result: theme_id=3
[2026-04-27T16:14:43-04:00] bootstrap_admin_ui: Session data before resolution: platform_admin=false, platform_role=null, user_id=7, session_id=83mhs9auovirmn1d0eogb6el4o
[2026-04-27T16:14:43-04:00] bootstrap_admin_ui: Identity resolved: source=session, is_authenticated=true, user_id=7, is_platform_admin=false, preferred_language=ar
[2026-04-27T16:14:43-04:00] bootstrap_admin_ui: Final preferred_language: ar
[2026-04-27T16:14:43-04:00] bootstrap_admin_ui: Theme resolution: tenant_id=0, is_platform_admin=false, user_type=tenant_user
[2026-04-27T16:14:43-04:00] bootstrap_admin_ui: Theme result: theme_id=3
[2026-04-27T16:14:43-04:00] bootstrap_admin_ui: Session data before resolution: platform_admin=false, platform_role=null, user_id=7, session_id=83mhs9auovirmn1d0eogb6el4o
[2026-04-27T16:14:43-04:00] bootstrap_admin_ui: Identity resolved: source=session, is_authenticated=true, user_id=7, is_platform_admin=false, preferred_language=ar
[2026-04-27T16:14:43-04:00] bootstrap_admin_ui: Final preferred_language: ar
[2026-04-27T16:14:43-04:00] bootstrap_admin_ui: Theme resolution: tenant_id=0, is_platform_admin=false, user_type=tenant_user
[2026-04-27T16:14:43-04:00] bootstrap_admin_ui: Theme result: theme_id=3
[2026-04-28T03:43:32-04:00] bootstrap_admin_ui: Session data before resolution: platform_admin=true, platform_role=super_admin, user_id=7, session_id=28kbrmlvti95l1ur5glckop0e0
[2026-04-28T03:43:32-04:00] bootstrap_admin_ui: Identity resolved: source=platform_session, is_authenticated=true, user_id=7, is_platform_admin=true, preferred_language=en
[2026-04-28T03:43:32-04:00] bootstrap_admin_ui: Final preferred_language: en
[2026-04-28T03:43:32-04:00] bootstrap_admin_ui: Theme resolution: tenant_id=1, is_platform_admin=true, user_type=platform_admin
[2026-04-28T03:43:32-04:00] bootstrap_admin_ui: Theme result: theme_id=3
[2026-04-28T03:43:58-04:00] bootstrap_admin_ui: Session data before resolution: platform_admin=true, platform_role=super_admin, user_id=7, session_id=28kbrmlvti95l1ur5glckop0e0
[2026-04-28T03:43:58-04:00] bootstrap_admin_ui: Identity resolved: source=platform_session, is_authenticated=true, user_id=7, is_platform_admin=true, preferred_language=en
[2026-04-28T03:43:58-04:00] bootstrap_admin_ui: Final preferred_language: en
[2026-04-28T03:43:58-04:00] bootstrap_admin_ui: Theme resolution: tenant_id=1, is_platform_admin=true, user_type=platform_admin
[2026-04-28T03:43:58-04:00] bootstrap_admin_ui: Theme result: theme_id=3
[2026-04-28T03:44:00-04:00] bootstrap_admin_ui: Session data before resolution: platform_admin=true, platform_role=super_admin, user_id=7, session_id=28kbrmlvti95l1ur5glckop0e0
[2026-04-28T03:44:00-04:00] bootstrap_admin_ui: Identity resolved: source=platform_session, is_authenticated=true, user_id=7, is_platform_admin=true, preferred_language=en
[2026-04-28T03:44:00-04:00] bootstrap_admin_ui: Final preferred_language: en
[2026-04-28T03:44:00-04:00] bootstrap_admin_ui: Theme resolution: tenant_id=1, is_platform_admin=true, user_type=platform_admin
[2026-04-28T03:44:00-04:00] bootstrap_admin_ui: Theme result: theme_id=3
[2026-04-28T03:44:13-04:00] bootstrap_admin_ui: Session data before resolution: platform_admin=true, platform_role=super_admin, user_id=7, session_id=28kbrmlvti95l1ur5glckop0e0
[2026-04-28T03:44:13-04:00] bootstrap_admin_ui: Identity resolved: source=platform_session, is_authenticated=true, user_id=7, is_platform_admin=true, preferred_language=en
[2026-04-28T03:44:13-04:00] bootstrap_admin_ui: Final preferred_language: en
[2026-04-28T03:44:13-04:00] bootstrap_admin_ui: Theme resolution: tenant_id=1, is_platform_admin=true, user_type=platform_admin
[2026-04-28T03:44:13-04:00] bootstrap_admin_ui: Theme result: theme_id=3
[2026-04-28T03:44:13-04:00] bootstrap_admin_ui: Session data before resolution: platform_admin=true, platform_role=super_admin, user_id=7, session_id=28kbrmlvti95l1ur5glckop0e0
[2026-04-28T03:44:13-04:00] bootstrap_admin_ui: Identity resolved: source=platform_session, is_authenticated=true, user_id=7, is_platform_admin=true, preferred_language=en
[2026-04-28T03:44:13-04:00] bootstrap_admin_ui: Final preferred_language: en
[2026-04-28T03:44:13-04:00] bootstrap_admin_ui: Theme resolution: tenant_id=1, is_platform_admin=true, user_type=platform_admin
[2026-04-28T03:44:13-04:00] bootstrap_admin_ui: Theme result: theme_id=3
[2026-04-28T03:44:13-04:00] bootstrap_admin_ui: Session data before resolution: platform_admin=true, platform_role=super_admin, user_id=7, session_id=28kbrmlvti95l1ur5glckop0e0
[2026-04-28T03:44:13-04:00] bootstrap_admin_ui: Identity resolved: source=platform_session, is_authenticated=true, user_id=7, is_platform_admin=true, preferred_language=en
[2026-04-28T03:44:13-04:00] bootstrap_admin_ui: Final preferred_language: en
[2026-04-28T03:44:13-04:00] bootstrap_admin_ui: Theme resolution: tenant_id=1, is_platform_admin=true, user_type=platform_admin
[2026-04-28T03:44:13-04:00] bootstrap_admin_ui: Theme result: theme_id=3
[2026-04-28T03:45:29-04:00] bootstrap_admin_ui: Session data before resolution: platform_admin=true, platform_role=super_admin, user_id=7, session_id=83mhs9auovirmn1d0eogb6el4o
[2026-04-28T03:45:29-04:00] bootstrap_admin_ui: Identity resolved: source=platform_session, is_authenticated=true, user_id=7, is_platform_admin=true, preferred_language=en
[2026-04-28T03:45:29-04:00] bootstrap_admin_ui: Final preferred_language: en
[2026-04-28T03:45:29-04:00] bootstrap_admin_ui: Theme resolution: tenant_id=1, is_platform_admin=true, user_type=platform_admin
[2026-04-28T03:45:29-04:00] bootstrap_admin_ui: Theme result: theme_id=3
[2026-04-28T03:45:37-04:00] bootstrap_admin_ui: Session data before resolution: platform_admin=true, platform_role=super_admin, user_id=7, session_id=83mhs9auovirmn1d0eogb6el4o
[2026-04-28T03:45:37-04:00] bootstrap_admin_ui: Identity resolved: source=platform_session, is_authenticated=true, user_id=7, is_platform_admin=true, preferred_language=en
[2026-04-28T03:45:37-04:00] bootstrap_admin_ui: Final preferred_language: en
[2026-04-28T03:45:37-04:00] bootstrap_admin_ui: Theme resolution: tenant_id=1, is_platform_admin=true, user_type=platform_admin
[2026-04-28T03:45:37-04:00] bootstrap_admin_ui: Theme result: theme_id=3
[2026-04-28T03:45:37-04:00] bootstrap_admin_ui: Session data before resolution: platform_admin=true, platform_role=super_admin, user_id=7, session_id=83mhs9auovirmn1d0eogb6el4o
[2026-04-28T03:45:37-04:00] bootstrap_admin_ui: Identity resolved: source=platform_session, is_authenticated=true, user_id=7, is_platform_admin=true, preferred_language=en
[2026-04-28T03:45:37-04:00] bootstrap_admin_ui: Final preferred_language: en
[2026-04-28T03:45:37-04:00] bootstrap_admin_ui: Theme resolution: tenant_id=1, is_platform_admin=true, user_type=platform_admin
[2026-04-28T03:45:37-04:00] bootstrap_admin_ui: Theme result: theme_id=3
[2026-04-28T03:45:42-04:00] bootstrap_admin_ui: Session data before resolution: platform_admin=true, platform_role=super_admin, user_id=7, session_id=83mhs9auovirmn1d0eogb6el4o
[2026-04-28T03:45:42-04:00] bootstrap_admin_ui: Identity resolved: source=platform_session, is_authenticated=true, user_id=7, is_platform_admin=true, preferred_language=en
[2026-04-28T03:45:42-04:00] bootstrap_admin_ui: Final preferred_language: en
[2026-04-28T03:45:42-04:00] bootstrap_admin_ui: Theme resolution: tenant_id=1, is_platform_admin=true, user_type=platform_admin
[2026-04-28T03:45:42-04:00] bootstrap_admin_ui: Theme result: theme_id=3
[2026-04-28T03:45:42-04:00] bootstrap_admin_ui: Session data before resolution: platform_admin=true, platform_role=super_admin, user_id=7, session_id=83mhs9auovirmn1d0eogb6el4o
[2026-04-28T03:45:42-04:00] bootstrap_admin_ui: Identity resolved: source=platform_session, is_authenticated=true, user_id=7, is_platform_admin=true, preferred_language=en
[2026-04-28T03:45:42-04:00] bootstrap_admin_ui: Final preferred_language: en
[2026-04-28T03:45:42-04:00] bootstrap_admin_ui: Theme resolution: tenant_id=1, is_platform_admin=true, user_type=platform_admin
[2026-04-28T03:45:42-04:00] bootstrap_admin_ui: Theme result: theme_id=3
[2026-04-28T03:45:48-04:00] bootstrap_admin_ui: Session data before resolution: platform_admin=true, platform_role=super_admin, user_id=7, session_id=83mhs9auovirmn1d0eogb6el4o
[2026-04-28T03:45:48-04:00] bootstrap_admin_ui: Identity resolved: source=platform_session, is_authenticated=true, user_id=7, is_platform_admin=true, preferred_language=en
[2026-04-28T03:45:48-04:00] bootstrap_admin_ui: Final preferred_language: en
[2026-04-28T03:45:48-04:00] bootstrap_admin_ui: Theme resolution: tenant_id=1, is_platform_admin=true, user_type=platform_admin
[2026-04-28T03:45:48-04:00] bootstrap_admin_ui: Theme result: theme_id=3
[2026-04-28T03:45:48-04:00] bootstrap_admin_ui: Session data before resolution: platform_admin=true, platform_role=super_admin, user_id=7, session_id=83mhs9auovirmn1d0eogb6el4o
[2026-04-28T03:45:48-04:00] bootstrap_admin_ui: Identity resolved: source=platform_session, is_authenticated=true, user_id=7, is_platform_admin=true, preferred_language=en
[2026-04-28T03:45:48-04:00] bootstrap_admin_ui: Final preferred_language: en
[2026-04-28T03:45:48-04:00] bootstrap_admin_ui: Theme resolution: tenant_id=1, is_platform_admin=true, user_type=platform_admin
[2026-04-28T03:45:48-04:00] bootstrap_admin_ui: Theme result: theme_id=3
[2026-04-28T03:45:52-04:00] bootstrap_admin_ui: Session data before resolution: platform_admin=true, platform_role=super_admin, user_id=7, session_id=83mhs9auovirmn1d0eogb6el4o
[2026-04-28T03:45:52-04:00] bootstrap_admin_ui: Identity resolved: source=platform_session, is_authenticated=true, user_id=7, is_platform_admin=true, preferred_language=en
[2026-04-28T03:45:52-04:00] bootstrap_admin_ui: Final preferred_language: en
[2026-04-28T03:45:52-04:00] bootstrap_admin_ui: Theme resolution: tenant_id=1, is_platform_admin=true, user_type=platform_admin
[2026-04-28T03:45:52-04:00] bootstrap_admin_ui: Theme result: theme_id=3
[2026-04-28T03:45:53-04:00] bootstrap_admin_ui: Session data before resolution: platform_admin=true, platform_role=super_admin, user_id=7, session_id=83mhs9auovirmn1d0eogb6el4o
[2026-04-28T03:45:53-04:00] bootstrap_admin_ui: Identity resolved: source=platform_session, is_authenticated=true, user_id=7, is_platform_admin=true, preferred_language=en
[2026-04-28T03:45:53-04:00] bootstrap_admin_ui: Final preferred_language: en
[2026-04-28T03:45:53-04:00] bootstrap_admin_ui: Theme resolution: tenant_id=1, is_platform_admin=true, user_type=platform_admin
[2026-04-28T03:45:53-04:00] bootstrap_admin_ui: Theme result: theme_id=3
[2026-04-28T03:45:57-04:00] bootstrap_admin_ui: Session data before resolution: platform_admin=true, platform_role=super_admin, user_id=7, session_id=83mhs9auovirmn1d0eogb6el4o
[2026-04-28T03:45:57-04:00] bootstrap_admin_ui: Identity resolved: source=platform_session, is_authenticated=true, user_id=7, is_platform_admin=true, preferred_language=en
[2026-04-28T03:45:57-04:00] bootstrap_admin_ui: Final preferred_language: en
[2026-04-28T03:45:57-04:00] bootstrap_admin_ui: Theme resolution: tenant_id=1, is_platform_admin=true, user_type=platform_admin
[2026-04-28T03:45:57-04:00] bootstrap_admin_ui: Theme result: theme_id=3
[2026-04-28T03:45:57-04:00] bootstrap_admin_ui: Session data before resolution: platform_admin=true, platform_role=super_admin, user_id=7, session_id=83mhs9auovirmn1d0eogb6el4o
[2026-04-28T03:45:57-04:00] bootstrap_admin_ui: Identity resolved: source=platform_session, is_authenticated=true, user_id=7, is_platform_admin=true, preferred_language=en
[2026-04-28T03:45:57-04:00] bootstrap_admin_ui: Final preferred_language: en
[2026-04-28T03:45:57-04:00] bootstrap_admin_ui: Theme resolution: tenant_id=1, is_platform_admin=true, user_type=platform_admin
[2026-04-28T03:45:57-04:00] bootstrap_admin_ui: Theme result: theme_id=3
[2026-04-28T03:45:58-04:00] bootstrap_admin_ui: Session data before resolution: platform_admin=true, platform_role=super_admin, user_id=7, session_id=83mhs9auovirmn1d0eogb6el4o
[2026-04-28T03:45:58-04:00] bootstrap_admin_ui: Identity resolved: source=platform_session, is_authenticated=true, user_id=7, is_platform_admin=true, preferred_language=en
[2026-04-28T03:45:58-04:00] bootstrap_admin_ui: Final preferred_language: en
[2026-04-28T03:45:58-04:00] bootstrap_admin_ui: Theme resolution: tenant_id=1, is_platform_admin=true, user_type=platform_admin
[2026-04-28T03:45:58-04:00] bootstrap_admin_ui: Theme result: theme_id=3
[2026-04-28T03:46:05-04:00] bootstrap_admin_ui: Session data before resolution: platform_admin=true, platform_role=super_admin, user_id=7, session_id=83mhs9auovirmn1d0eogb6el4o
[2026-04-28T03:46:05-04:00] bootstrap_admin_ui: Identity resolved: source=platform_session, is_authenticated=true, user_id=7, is_platform_admin=true, preferred_language=en
[2026-04-28T03:46:05-04:00] bootstrap_admin_ui: Final preferred_language: en
[2026-04-28T03:46:05-04:00] bootstrap_admin_ui: Theme resolution: tenant_id=1, is_platform_admin=true, user_type=platform_admin
[2026-04-28T03:46:05-04:00] bootstrap_admin_ui: Theme result: theme_id=3
[2026-04-28T03:46:05-04:00] bootstrap_admin_ui: Session data before resolution: platform_admin=true, platform_role=super_admin, user_id=7, session_id=83mhs9auovirmn1d0eogb6el4o
[2026-04-28T03:46:05-04:00] bootstrap_admin_ui: Identity resolved: source=platform_session, is_authenticated=true, user_id=7, is_platform_admin=true, preferred_language=en
[2026-04-28T03:46:05-04:00] bootstrap_admin_ui: Final preferred_language: en
[2026-04-28T03:46:05-04:00] bootstrap_admin_ui: Theme resolution: tenant_id=1, is_platform_admin=true, user_type=platform_admin
[2026-04-28T03:46:05-04:00] bootstrap_admin_ui: Theme result: theme_id=3
[2026-04-28T03:46:13-04:00] bootstrap_admin_ui: Session data before resolution: platform_admin=true, platform_role=super_admin, user_id=7, session_id=83mhs9auovirmn1d0eogb6el4o
[2026-04-28T03:46:13-04:00] bootstrap_admin_ui: Identity resolved: source=platform_session, is_authenticated=true, user_id=7, is_platform_admin=true, preferred_language=en
[2026-04-28T03:46:13-04:00] bootstrap_admin_ui: Final preferred_language: en
[2026-04-28T03:46:13-04:00] bootstrap_admin_ui: Theme resolution: tenant_id=1, is_platform_admin=true, user_type=platform_admin
[2026-04-28T03:46:13-04:00] bootstrap_admin_ui: Theme result: theme_id=3
[2026-04-28T03:46:13-04:00] bootstrap_admin_ui: Session data before resolution: platform_admin=true, platform_role=super_admin, user_id=7, session_id=83mhs9auovirmn1d0eogb6el4o
[2026-04-28T03:46:13-04:00] bootstrap_admin_ui: Identity resolved: source=platform_session, is_authenticated=true, user_id=7, is_platform_admin=true, preferred_language=en
[2026-04-28T03:46:13-04:00] bootstrap_admin_ui: Final preferred_language: en
[2026-04-28T03:46:13-04:00] bootstrap_admin_ui: Theme resolution: tenant_id=1, is_platform_admin=true, user_type=platform_admin
[2026-04-28T03:46:13-04:00] bootstrap_admin_ui: Theme result: theme_id=3
[2026-04-28T03:46:15-04:00] bootstrap_admin_ui: Session data before resolution: platform_admin=true, platform_role=super_admin, user_id=7, session_id=83mhs9auovirmn1d0eogb6el4o
[2026-04-28T03:46:15-04:00] bootstrap_admin_ui: Identity resolved: source=platform_session, is_authenticated=true, user_id=7, is_platform_admin=true, preferred_language=en
[2026-04-28T03:46:15-04:00] bootstrap_admin_ui: Final preferred_language: en
[2026-04-28T03:46:15-04:00] bootstrap_admin_ui: Theme resolution: tenant_id=1, is_platform_admin=true, user_type=platform_admin
[2026-04-28T03:46:15-04:00] bootstrap_admin_ui: Theme result: theme_id=3
[2026-04-28T03:46:16-04:00] bootstrap_admin_ui: Session data before resolution: platform_admin=true, platform_role=super_admin, user_id=7, session_id=83mhs9auovirmn1d0eogb6el4o
[2026-04-28T03:46:16-04:00] bootstrap_admin_ui: Identity resolved: source=platform_session, is_authenticated=true, user_id=7, is_platform_admin=true, preferred_language=en
[2026-04-28T03:46:16-04:00] bootstrap_admin_ui: Final preferred_language: en
[2026-04-28T03:46:16-04:00] bootstrap_admin_ui: Theme resolution: tenant_id=1, is_platform_admin=true, user_type=platform_admin
[2026-04-28T03:46:16-04:00] bootstrap_admin_ui: Theme result: theme_id=3
[2026-04-28T03:46:18-04:00] bootstrap_admin_ui: Session data before resolution: platform_admin=true, platform_role=super_admin, user_id=7, session_id=83mhs9auovirmn1d0eogb6el4o
[2026-04-28T03:46:18-04:00] bootstrap_admin_ui: Identity resolved: source=platform_session, is_authenticated=true, user_id=7, is_platform_admin=true, preferred_language=en
[2026-04-28T03:46:18-04:00] bootstrap_admin_ui: Final preferred_language: en
[2026-04-28T03:46:18-04:00] bootstrap_admin_ui: Theme resolution: tenant_id=1, is_platform_admin=true, user_type=platform_admin
[2026-04-28T03:46:18-04:00] bootstrap_admin_ui: Theme result: theme_id=3
[2026-04-28T03:46:18-04:00] bootstrap_admin_ui: Session data before resolution: platform_admin=true, platform_role=super_admin, user_id=7, session_id=83mhs9auovirmn1d0eogb6el4o
[2026-04-28T03:46:18-04:00] bootstrap_admin_ui: Identity resolved: source=platform_session, is_authenticated=true, user_id=7, is_platform_admin=true, preferred_language=en
[2026-04-28T03:46:18-04:00] bootstrap_admin_ui: Final preferred_language: en
[2026-04-28T03:46:18-04:00] bootstrap_admin_ui: Theme resolution: tenant_id=1, is_platform_admin=true, user_type=platform_admin
[2026-04-28T03:46:18-04:00] bootstrap_admin_ui: Theme result: theme_id=3
[2026-04-28T03:46:23-04:00] bootstrap_admin_ui: Session data before resolution: platform_admin=true, platform_role=super_admin, user_id=7, session_id=83mhs9auovirmn1d0eogb6el4o
[2026-04-28T03:46:23-04:00] bootstrap_admin_ui: Identity resolved: source=platform_session, is_authenticated=true, user_id=7, is_platform_admin=true, preferred_language=en
[2026-04-28T03:46:23-04:00] bootstrap_admin_ui: Final preferred_language: en
[2026-04-28T03:46:23-04:00] bootstrap_admin_ui: Theme resolution: tenant_id=1, is_platform_admin=true, user_type=platform_admin
[2026-04-28T03:46:23-04:00] bootstrap_admin_ui: Theme result: theme_id=3
[2026-04-28T03:46:23-04:00] bootstrap_admin_ui: Session data before resolution: platform_admin=true, platform_role=super_admin, user_id=7, session_id=83mhs9auovirmn1d0eogb6el4o
[2026-04-28T03:46:23-04:00] bootstrap_admin_ui: Identity resolved: source=platform_session, is_authenticated=true, user_id=7, is_platform_admin=true, preferred_language=en
[2026-04-28T03:46:23-04:00] bootstrap_admin_ui: Final preferred_language: en
[2026-04-28T03:46:23-04:00] bootstrap_admin_ui: Theme resolution: tenant_id=1, is_platform_admin=true, user_type=platform_admin
[2026-04-28T03:46:23-04:00] bootstrap_admin_ui: Theme result: theme_id=3
[2026-04-28T03:46:30-04:00] bootstrap_admin_ui: Session data before resolution: platform_admin=true, platform_role=super_admin, user_id=7, session_id=83mhs9auovirmn1d0eogb6el4o
[2026-04-28T03:46:30-04:00] bootstrap_admin_ui: Identity resolved: source=platform_session, is_authenticated=true, user_id=7, is_platform_admin=true, preferred_language=en
[2026-04-28T03:46:30-04:00] bootstrap_admin_ui: Final preferred_language: en
[2026-04-28T03:46:30-04:00] bootstrap_admin_ui: Theme resolution: tenant_id=1, is_platform_admin=true, user_type=platform_admin
[2026-04-28T03:46:30-04:00] bootstrap_admin_ui: Theme result: theme_id=3
[2026-04-28T03:46:30-04:00] bootstrap_admin_ui: Session data before resolution: platform_admin=true, platform_role=super_admin, user_id=7, session_id=83mhs9auovirmn1d0eogb6el4o
[2026-04-28T03:46:30-04:00] bootstrap_admin_ui: Identity resolved: source=platform_session, is_authenticated=true, user_id=7, is_platform_admin=true, preferred_language=en
[2026-04-28T03:46:30-04:00] bootstrap_admin_ui: Final preferred_language: en
[2026-04-28T03:46:30-04:00] bootstrap_admin_ui: Theme resolution: tenant_id=1, is_platform_admin=true, user_type=platform_admin
[2026-04-28T03:46:30-04:00] bootstrap_admin_ui: Theme result: theme_id=3
[2026-04-28T03:46:33-04:00] bootstrap_admin_ui: Session data before resolution: platform_admin=true, platform_role=super_admin, user_id=7, session_id=83mhs9auovirmn1d0eogb6el4o
[2026-04-28T03:46:33-04:00] bootstrap_admin_ui: Identity resolved: source=platform_session, is_authenticated=true, user_id=7, is_platform_admin=true, preferred_language=en
[2026-04-28T03:46:33-04:00] bootstrap_admin_ui: Final preferred_language: en
[2026-04-28T03:46:33-04:00] bootstrap_admin_ui: Theme resolution: tenant_id=1, is_platform_admin=true, user_type=platform_admin
[2026-04-28T03:46:33-04:00] bootstrap_admin_ui: Theme result: theme_id=3
[2026-04-28T03:46:34-04:00] bootstrap_admin_ui: Session data before resolution: platform_admin=true, platform_role=super_admin, user_id=7, session_id=83mhs9auovirmn1d0eogb6el4o
[2026-04-28T03:46:34-04:00] bootstrap_admin_ui: Identity resolved: source=platform_session, is_authenticated=true, user_id=7, is_platform_admin=true, preferred_language=en
[2026-04-28T03:46:34-04:00] bootstrap_admin_ui: Final preferred_language: en
[2026-04-28T03:46:34-04:00] bootstrap_admin_ui: Theme resolution: tenant_id=1, is_platform_admin=true, user_type=platform_admin
[2026-04-28T03:46:34-04:00] bootstrap_admin_ui: Theme result: theme_id=3
[2026-04-28T03:46:36-04:00] bootstrap_admin_ui: Session data before resolution: platform_admin=true, platform_role=super_admin, user_id=7, session_id=83mhs9auovirmn1d0eogb6el4o
[2026-04-28T03:46:36-04:00] bootstrap_admin_ui: Identity resolved: source=platform_session, is_authenticated=true, user_id=7, is_platform_admin=true, preferred_language=en
[2026-04-28T03:46:36-04:00] bootstrap_admin_ui: Final preferred_language: en
[2026-04-28T03:46:36-04:00] bootstrap_admin_ui: Theme resolution: tenant_id=1, is_platform_admin=true, user_type=platform_admin
[2026-04-28T03:46:36-04:00] bootstrap_admin_ui: Theme result: theme_id=3
[2026-04-28T03:46:37-04:00] bootstrap_admin_ui: Session data before resolution: platform_admin=true, platform_role=super_admin, user_id=7, session_id=83mhs9auovirmn1d0eogb6el4o
[2026-04-28T03:46:37-04:00] bootstrap_admin_ui: Identity resolved: source=platform_session, is_authenticated=true, user_id=7, is_platform_admin=true, preferred_language=en
[2026-04-28T03:46:37-04:00] bootstrap_admin_ui: Final preferred_language: en
[2026-04-28T03:46:37-04:00] bootstrap_admin_ui: Theme resolution: tenant_id=1, is_platform_admin=true, user_type=platform_admin
[2026-04-28T03:46:37-04:00] bootstrap_admin_ui: Theme result: theme_id=3
[2026-04-28T03:46:41-04:00] bootstrap_admin_ui: Session data before resolution: platform_admin=true, platform_role=super_admin, user_id=7, session_id=83mhs9auovirmn1d0eogb6el4o
[2026-04-28T03:46:41-04:00] bootstrap_admin_ui: Identity resolved: source=platform_session, is_authenticated=true, user_id=7, is_platform_admin=true, preferred_language=en
[2026-04-28T03:46:41-04:00] bootstrap_admin_ui: Final preferred_language: en
[2026-04-28T03:46:41-04:00] bootstrap_admin_ui: Theme resolution: tenant_id=1, is_platform_admin=true, user_type=platform_admin
[2026-04-28T03:46:41-04:00] bootstrap_admin_ui: Theme result: theme_id=3
[2026-04-28T03:46:41-04:00] bootstrap_admin_ui: Session data before resolution: platform_admin=true, platform_role=super_admin, user_id=7, session_id=83mhs9auovirmn1d0eogb6el4o
[2026-04-28T03:46:41-04:00] bootstrap_admin_ui: Identity resolved: source=platform_session, is_authenticated=true, user_id=7, is_platform_admin=true, preferred_language=en
[2026-04-28T03:46:41-04:00] bootstrap_admin_ui: Final preferred_language: en
[2026-04-28T03:46:41-04:00] bootstrap_admin_ui: Theme resolution: tenant_id=1, is_platform_admin=true, user_type=platform_admin
[2026-04-28T03:46:41-04:00] bootstrap_admin_ui: Theme result: theme_id=3
[2026-04-28T03:46:44-04:00] bootstrap_admin_ui: Session data before resolution: platform_admin=true, platform_role=super_admin, user_id=7, session_id=83mhs9auovirmn1d0eogb6el4o
[2026-04-28T03:46:44-04:00] bootstrap_admin_ui: Identity resolved: source=platform_session, is_authenticated=true, user_id=7, is_platform_admin=true, preferred_language=en
[2026-04-28T03:46:44-04:00] bootstrap_admin_ui: Final preferred_language: en
[2026-04-28T03:46:44-04:00] bootstrap_admin_ui: Theme resolution: tenant_id=1, is_platform_admin=true, user_type=platform_admin
[2026-04-28T03:46:44-04:00] bootstrap_admin_ui: Theme result: theme_id=3
[2026-04-28T03:46:44-04:00] bootstrap_admin_ui: Session data before resolution: platform_admin=true, platform_role=super_admin, user_id=7, session_id=83mhs9auovirmn1d0eogb6el4o
[2026-04-28T03:46:44-04:00] bootstrap_admin_ui: Identity resolved: source=platform_session, is_authenticated=true, user_id=7, is_platform_admin=true, preferred_language=en
[2026-04-28T03:46:44-04:00] bootstrap_admin_ui: Final preferred_language: en
[2026-04-28T03:46:44-04:00] bootstrap_admin_ui: Theme resolution: tenant_id=1, is_platform_admin=true, user_type=platform_admin
[2026-04-28T03:46:44-04:00] bootstrap_admin_ui: Theme result: theme_id=3
[2026-04-28T03:46:47-04:00] bootstrap_admin_ui: Session data before resolution: platform_admin=true, platform_role=super_admin, user_id=7, session_id=83mhs9auovirmn1d0eogb6el4o
[2026-04-28T03:46:47-04:00] bootstrap_admin_ui: Identity resolved: source=platform_session, is_authenticated=true, user_id=7, is_platform_admin=true, preferred_language=en
[2026-04-28T03:46:47-04:00] bootstrap_admin_ui: Final preferred_language: en
[2026-04-28T03:46:47-04:00] bootstrap_admin_ui: Theme resolution: tenant_id=1, is_platform_admin=true, user_type=platform_admin
[2026-04-28T03:46:47-04:00] bootstrap_admin_ui: Theme result: theme_id=3
[2026-04-28T03:46:48-04:00] bootstrap_admin_ui: Session data before resolution: platform_admin=true, platform_role=super_admin, user_id=7, session_id=83mhs9auovirmn1d0eogb6el4o
[2026-04-28T03:46:48-04:00] bootstrap_admin_ui: Identity resolved: source=platform_session, is_authenticated=true, user_id=7, is_platform_admin=true, preferred_language=en
[2026-04-28T03:46:48-04:00] bootstrap_admin_ui: Final preferred_language: en
[2026-04-28T03:46:48-04:00] bootstrap_admin_ui: Theme resolution: tenant_id=1, is_platform_admin=true, user_type=platform_admin
[2026-04-28T03:46:48-04:00] bootstrap_admin_ui: Theme result: theme_id=3
[2026-04-28T03:46:54-04:00] bootstrap_admin_ui: Session data before resolution: platform_admin=true, platform_role=super_admin, user_id=7, session_id=83mhs9auovirmn1d0eogb6el4o
[2026-04-28T03:46:54-04:00] bootstrap_admin_ui: Identity resolved: source=platform_session, is_authenticated=true, user_id=7, is_platform_admin=true, preferred_language=en
[2026-04-28T03:46:54-04:00] bootstrap_admin_ui: Final preferred_language: en
[2026-04-28T03:46:54-04:00] bootstrap_admin_ui: Theme resolution: tenant_id=1, is_platform_admin=true, user_type=platform_admin
[2026-04-28T03:46:54-04:00] bootstrap_admin_ui: Theme result: theme_id=3
[2026-04-28T03:46:54-04:00] bootstrap_admin_ui: Session data before resolution: platform_admin=true, platform_role=super_admin, user_id=7, session_id=83mhs9auovirmn1d0eogb6el4o
[2026-04-28T03:46:54-04:00] bootstrap_admin_ui: Identity resolved: source=platform_session, is_authenticated=true, user_id=7, is_platform_admin=true, preferred_language=en
[2026-04-28T03:46:54-04:00] bootstrap_admin_ui: Final preferred_language: en
[2026-04-28T03:46:54-04:00] bootstrap_admin_ui: Theme resolution: tenant_id=1, is_platform_admin=true, user_type=platform_admin
[2026-04-28T03:46:54-04:00] bootstrap_admin_ui: Theme result: theme_id=3
[2026-04-28T03:47:03-04:00] bootstrap_admin_ui: Session data before resolution: platform_admin=true, platform_role=super_admin, user_id=7, session_id=83mhs9auovirmn1d0eogb6el4o
[2026-04-28T03:47:03-04:00] bootstrap_admin_ui: Identity resolved: source=platform_session, is_authenticated=true, user_id=7, is_platform_admin=true, preferred_language=en
[2026-04-28T03:47:03-04:00] bootstrap_admin_ui: Final preferred_language: en
[2026-04-28T03:47:03-04:00] bootstrap_admin_ui: Theme resolution: tenant_id=1, is_platform_admin=true, user_type=platform_admin
[2026-04-28T03:47:03-04:00] bootstrap_admin_ui: Theme result: theme_id=3
[2026-04-28T03:47:03-04:00] bootstrap_admin_ui: Session data before resolution: platform_admin=true, platform_role=super_admin, user_id=7, session_id=83mhs9auovirmn1d0eogb6el4o
[2026-04-28T03:47:03-04:00] bootstrap_admin_ui: Identity resolved: source=platform_session, is_authenticated=true, user_id=7, is_platform_admin=true, preferred_language=en
[2026-04-28T03:47:03-04:00] bootstrap_admin_ui: Final preferred_language: en
[2026-04-28T03:47:03-04:00] bootstrap_admin_ui: Theme resolution: tenant_id=1, is_platform_admin=true, user_type=platform_admin
[2026-04-28T03:47:03-04:00] bootstrap_admin_ui: Theme result: theme_id=3
[2026-04-28T03:47:04-04:00] bootstrap_admin_ui: Session data before resolution: platform_admin=true, platform_role=super_admin, user_id=7, session_id=83mhs9auovirmn1d0eogb6el4o
[2026-04-28T03:47:04-04:00] bootstrap_admin_ui: Identity resolved: source=platform_session, is_authenticated=true, user_id=7, is_platform_admin=true, preferred_language=en
[2026-04-28T03:47:04-04:00] bootstrap_admin_ui: Final preferred_language: en
[2026-04-28T03:47:04-04:00] bootstrap_admin_ui: Theme resolution: tenant_id=1, is_platform_admin=true, user_type=platform_admin
[2026-04-28T03:47:04-04:00] bootstrap_admin_ui: Theme result: theme_id=3
[2026-04-28T03:47:10-04:00] bootstrap_admin_ui: Session data before resolution: platform_admin=true, platform_role=super_admin, user_id=7, session_id=83mhs9auovirmn1d0eogb6el4o
[2026-04-28T03:47:10-04:00] bootstrap_admin_ui: Identity resolved: source=platform_session, is_authenticated=true, user_id=7, is_platform_admin=true, preferred_language=en
[2026-04-28T03:47:10-04:00] bootstrap_admin_ui: Final preferred_language: en
[2026-04-28T03:47:10-04:00] bootstrap_admin_ui: Theme resolution: tenant_id=1, is_platform_admin=true, user_type=platform_admin
[2026-04-28T03:47:10-04:00] bootstrap_admin_ui: Theme result: theme_id=3
[2026-04-28T03:47:11-04:00] bootstrap_admin_ui: Session data before resolution: platform_admin=true, platform_role=super_admin, user_id=7, session_id=83mhs9auovirmn1d0eogb6el4o
[2026-04-28T03:47:11-04:00] bootstrap_admin_ui: Identity resolved: source=platform_session, is_authenticated=true, user_id=7, is_platform_admin=true, preferred_language=en
[2026-04-28T03:47:11-04:00] bootstrap_admin_ui: Final preferred_language: en
[2026-04-28T03:47:11-04:00] bootstrap_admin_ui: Theme resolution: tenant_id=1, is_platform_admin=true, user_type=platform_admin
[2026-04-28T03:47:11-04:00] bootstrap_admin_ui: Theme result: theme_id=3
[2026-04-28T03:47:15-04:00] bootstrap_admin_ui: Session data before resolution: platform_admin=true, platform_role=super_admin, user_id=7, session_id=83mhs9auovirmn1d0eogb6el4o
[2026-04-28T03:47:15-04:00] bootstrap_admin_ui: Identity resolved: source=platform_session, is_authenticated=true, user_id=7, is_platform_admin=true, preferred_language=en
[2026-04-28T03:47:15-04:00] bootstrap_admin_ui: Final preferred_language: en
[2026-04-28T03:47:15-04:00] bootstrap_admin_ui: Theme resolution: tenant_id=1, is_platform_admin=true, user_type=platform_admin
[2026-04-28T03:47:15-04:00] bootstrap_admin_ui: Theme result: theme_id=3
[2026-04-28T03:47:15-04:00] bootstrap_admin_ui: Session data before resolution: platform_admin=true, platform_role=super_admin, user_id=7, session_id=83mhs9auovirmn1d0eogb6el4o
[2026-04-28T03:47:15-04:00] bootstrap_admin_ui: Identity resolved: source=platform_session, is_authenticated=true, user_id=7, is_platform_admin=true, preferred_language=en
[2026-04-28T03:47:15-04:00] bootstrap_admin_ui: Final preferred_language: en
[2026-04-28T03:47:15-04:00] bootstrap_admin_ui: Theme resolution: tenant_id=1, is_platform_admin=true, user_type=platform_admin
[2026-04-28T03:47:15-04:00] bootstrap_admin_ui: Theme result: theme_id=3
[2026-04-28T03:47:19-04:00] bootstrap_admin_ui: Session data before resolution: platform_admin=true, platform_role=super_admin, user_id=7, session_id=83mhs9auovirmn1d0eogb6el4o
[2026-04-28T03:47:19-04:00] bootstrap_admin_ui: Identity resolved: source=platform_session, is_authenticated=true, user_id=7, is_platform_admin=true, preferred_language=en
[2026-04-28T03:47:19-04:00] bootstrap_admin_ui: Final preferred_language: en
[2026-04-28T03:47:19-04:00] bootstrap_admin_ui: Theme resolution: tenant_id=1, is_platform_admin=true, user_type=platform_admin
[2026-04-28T03:47:19-04:00] bootstrap_admin_ui: Theme result: theme_id=3
[2026-04-28T03:47:19-04:00] bootstrap_admin_ui: Session data before resolution: platform_admin=true, platform_role=super_admin, user_id=7, session_id=83mhs9auovirmn1d0eogb6el4o
[2026-04-28T03:47:19-04:00] bootstrap_admin_ui: Identity resolved: source=platform_session, is_authenticated=true, user_id=7, is_platform_admin=true, preferred_language=en
[2026-04-28T03:47:19-04:00] bootstrap_admin_ui: Final preferred_language: en
[2026-04-28T03:47:19-04:00] bootstrap_admin_ui: Theme resolution: tenant_id=1, is_platform_admin=true, user_type=platform_admin
[2026-04-28T03:47:19-04:00] bootstrap_admin_ui: Theme result: theme_id=3
[2026-04-28T03:47:22-04:00] bootstrap_admin_ui: Session data before resolution: platform_admin=true, platform_role=super_admin, user_id=7, session_id=83mhs9auovirmn1d0eogb6el4o
[2026-04-28T03:47:22-04:00] bootstrap_admin_ui: Identity resolved: source=platform_session, is_authenticated=true, user_id=7, is_platform_admin=true, preferred_language=en
[2026-04-28T03:47:22-04:00] bootstrap_admin_ui: Final preferred_language: en
[2026-04-28T03:47:22-04:00] bootstrap_admin_ui: Theme resolution: tenant_id=1, is_platform_admin=true, user_type=platform_admin
[2026-04-28T03:47:22-04:00] bootstrap_admin_ui: Theme result: theme_id=3
[2026-04-28T03:47:22-04:00] bootstrap_admin_ui: Session data before resolution: platform_admin=true, platform_role=super_admin, user_id=7, session_id=83mhs9auovirmn1d0eogb6el4o
[2026-04-28T03:47:22-04:00] bootstrap_admin_ui: Identity resolved: source=platform_session, is_authenticated=true, user_id=7, is_platform_admin=true, preferred_language=en
[2026-04-28T03:47:22-04:00] bootstrap_admin_ui: Final preferred_language: en
[2026-04-28T03:47:22-04:00] bootstrap_admin_ui: Theme resolution: tenant_id=1, is_platform_admin=true, user_type=platform_admin
[2026-04-28T03:47:22-04:00] bootstrap_admin_ui: Theme result: theme_id=3
[2026-04-28T03:48:24-04:00] bootstrap_admin_ui: Session data before resolution: platform_admin=true, platform_role=super_admin, user_id=7, session_id=83mhs9auovirmn1d0eogb6el4o
[2026-04-28T03:48:24-04:00] bootstrap_admin_ui: Identity resolved: source=platform_session, is_authenticated=true, user_id=7, is_platform_admin=true, preferred_language=en
[2026-04-28T03:48:24-04:00] bootstrap_admin_ui: Final preferred_language: en
[2026-04-28T03:48:24-04:00] bootstrap_admin_ui: Theme resolution: tenant_id=1, is_platform_admin=true, user_type=platform_admin
[2026-04-28T03:48:24-04:00] bootstrap_admin_ui: Theme result: theme_id=3
[2026-04-28T03:48:24-04:00] bootstrap_admin_ui: Session data before resolution: platform_admin=true, platform_role=super_admin, user_id=7, session_id=83mhs9auovirmn1d0eogb6el4o
[2026-04-28T03:48:24-04:00] bootstrap_admin_ui: Identity resolved: source=platform_session, is_authenticated=true, user_id=7, is_platform_admin=true, preferred_language=en
[2026-04-28T03:48:24-04:00] bootstrap_admin_ui: Final preferred_language: en
[2026-04-28T03:48:24-04:00] bootstrap_admin_ui: Theme resolution: tenant_id=1, is_platform_admin=true, user_type=platform_admin
[2026-04-28T03:48:24-04:00] bootstrap_admin_ui: Theme result: theme_id=3
[2026-04-28T03:48:26-04:00] bootstrap_admin_ui: Session data before resolution: platform_admin=true, platform_role=super_admin, user_id=7, session_id=83mhs9auovirmn1d0eogb6el4o
[2026-04-28T03:48:26-04:00] bootstrap_admin_ui: Identity resolved: source=platform_session, is_authenticated=true, user_id=7, is_platform_admin=true, preferred_language=en
[2026-04-28T03:48:26-04:00] bootstrap_admin_ui: Final preferred_language: en
[2026-04-28T03:48:26-04:00] bootstrap_admin_ui: Theme resolution: tenant_id=1, is_platform_admin=true, user_type=platform_admin
[2026-04-28T03:48:27-04:00] bootstrap_admin_ui: Theme result: theme_id=3
[2026-04-28T03:48:27-04:00] bootstrap_admin_ui: Session data before resolution: platform_admin=true, platform_role=super_admin, user_id=7, session_id=83mhs9auovirmn1d0eogb6el4o
[2026-04-28T03:48:27-04:00] bootstrap_admin_ui: Identity resolved: source=platform_session, is_authenticated=true, user_id=7, is_platform_admin=true, preferred_language=en
[2026-04-28T03:48:27-04:00] bootstrap_admin_ui: Final preferred_language: en
[2026-04-28T03:48:27-04:00] bootstrap_admin_ui: Theme resolution: tenant_id=1, is_platform_admin=true, user_type=platform_admin
[2026-04-28T03:48:27-04:00] bootstrap_admin_ui: Theme result: theme_id=3
[2026-04-28T03:48:29-04:00] bootstrap_admin_ui: Session data before resolution: platform_admin=true, platform_role=super_admin, user_id=7, session_id=83mhs9auovirmn1d0eogb6el4o
[2026-04-28T03:48:29-04:00] bootstrap_admin_ui: Identity resolved: source=platform_session, is_authenticated=true, user_id=7, is_platform_admin=true, preferred_language=en
[2026-04-28T03:48:29-04:00] bootstrap_admin_ui: Final preferred_language: en
[2026-04-28T03:48:29-04:00] bootstrap_admin_ui: Theme resolution: tenant_id=1, is_platform_admin=true, user_type=platform_admin
[2026-04-28T03:48:29-04:00] bootstrap_admin_ui: Theme result: theme_id=3
[2026-04-28T03:48:29-04:00] bootstrap_admin_ui: Session data before resolution: platform_admin=true, platform_role=super_admin, user_id=7, session_id=83mhs9auovirmn1d0eogb6el4o
[2026-04-28T03:48:29-04:00] bootstrap_admin_ui: Identity resolved: source=platform_session, is_authenticated=true, user_id=7, is_platform_admin=true, preferred_language=en
[2026-04-28T03:48:29-04:00] bootstrap_admin_ui: Final preferred_language: en
[2026-04-28T03:48:29-04:00] bootstrap_admin_ui: Theme resolution: tenant_id=1, is_platform_admin=true, user_type=platform_admin
[2026-04-28T03:48:29-04:00] bootstrap_admin_ui: Theme result: theme_id=3
[2026-04-28T03:48:30-04:00] bootstrap_admin_ui: Session data before resolution: platform_admin=true, platform_role=super_admin, user_id=7, session_id=83mhs9auovirmn1d0eogb6el4o
[2026-04-28T03:48:30-04:00] bootstrap_admin_ui: Identity resolved: source=platform_session, is_authenticated=true, user_id=7, is_platform_admin=true, preferred_language=en
[2026-04-28T03:48:30-04:00] bootstrap_admin_ui: Final preferred_language: en
[2026-04-28T03:48:30-04:00] bootstrap_admin_ui: Theme resolution: tenant_id=1, is_platform_admin=true, user_type=platform_admin
[2026-04-28T03:48:30-04:00] bootstrap_admin_ui: Theme result: theme_id=3
[2026-04-28T03:48:31-04:00] bootstrap_admin_ui: Session data before resolution: platform_admin=true, platform_role=super_admin, user_id=7, session_id=83mhs9auovirmn1d0eogb6el4o
[2026-04-28T03:48:31-04:00] bootstrap_admin_ui: Identity resolved: source=platform_session, is_authenticated=true, user_id=7, is_platform_admin=true, preferred_language=en
[2026-04-28T03:48:31-04:00] bootstrap_admin_ui: Final preferred_language: en
[2026-04-28T03:48:31-04:00] bootstrap_admin_ui: Theme resolution: tenant_id=1, is_platform_admin=true, user_type=platform_admin
[2026-04-28T03:48:31-04:00] bootstrap_admin_ui: Theme result: theme_id=3
[2026-04-28T03:48:33-04:00] bootstrap_admin_ui: Session data before resolution: platform_admin=true, platform_role=super_admin, user_id=7, session_id=83mhs9auovirmn1d0eogb6el4o
[2026-04-28T03:48:33-04:00] bootstrap_admin_ui: Identity resolved: source=platform_session, is_authenticated=true, user_id=7, is_platform_admin=true, preferred_language=en
[2026-04-28T03:48:33-04:00] bootstrap_admin_ui: Final preferred_language: en
[2026-04-28T03:48:33-04:00] bootstrap_admin_ui: Theme resolution: tenant_id=1, is_platform_admin=true, user_type=platform_admin
[2026-04-28T03:48:33-04:00] bootstrap_admin_ui: Theme result: theme_id=3
[2026-04-28T03:48:33-04:00] bootstrap_admin_ui: Session data before resolution: platform_admin=true, platform_role=super_admin, user_id=7, session_id=83mhs9auovirmn1d0eogb6el4o
[2026-04-28T03:48:33-04:00] bootstrap_admin_ui: Identity resolved: source=platform_session, is_authenticated=true, user_id=7, is_platform_admin=true, preferred_language=en
[2026-04-28T03:48:33-04:00] bootstrap_admin_ui: Final preferred_language: en
[2026-04-28T03:48:33-04:00] bootstrap_admin_ui: Theme resolution: tenant_id=1, is_platform_admin=true, user_type=platform_admin
[2026-04-28T03:48:33-04:00] bootstrap_admin_ui: Theme result: theme_id=3
[2026-04-28T03:48:33-04:00] bootstrap_admin_ui: Session data before resolution: platform_admin=true, platform_role=super_admin, user_id=7, session_id=83mhs9auovirmn1d0eogb6el4o
[2026-04-28T03:48:33-04:00] bootstrap_admin_ui: Identity resolved: source=platform_session, is_authenticated=true, user_id=7, is_platform_admin=true, preferred_language=en
[2026-04-28T03:48:33-04:00] bootstrap_admin_ui: Final preferred_language: en
[2026-04-28T03:48:33-04:00] bootstrap_admin_ui: Theme resolution: tenant_id=1, is_platform_admin=true, user_type=platform_admin
[2026-04-28T03:48:33-04:00] bootstrap_admin_ui: Theme result: theme_id=3
[2026-04-28T03:49:53-04:00] bootstrap_admin_ui: Session data before resolution: platform_admin=true, platform_role=super_admin, user_id=7, session_id=83mhs9auovirmn1d0eogb6el4o
[2026-04-28T03:49:53-04:00] bootstrap_admin_ui: Identity resolved: source=platform_session, is_authenticated=true, user_id=7, is_platform_admin=true, preferred_language=en
[2026-04-28T03:49:53-04:00] bootstrap_admin_ui: Final preferred_language: en
[2026-04-28T03:49:53-04:00] bootstrap_admin_ui: Theme resolution: tenant_id=1, is_platform_admin=true, user_type=platform_admin
[2026-04-28T03:49:53-04:00] bootstrap_admin_ui: Theme result: theme_id=3
[2026-04-28T03:49:53-04:00] bootstrap_admin_ui: Session data before resolution: platform_admin=true, platform_role=super_admin, user_id=7, session_id=83mhs9auovirmn1d0eogb6el4o
[2026-04-28T03:49:53-04:00] bootstrap_admin_ui: Identity resolved: source=platform_session, is_authenticated=true, user_id=7, is_platform_admin=true, preferred_language=en
[2026-04-28T03:49:53-04:00] bootstrap_admin_ui: Final preferred_language: en
[2026-04-28T03:49:53-04:00] bootstrap_admin_ui: Theme resolution: tenant_id=1, is_platform_admin=true, user_type=platform_admin
[2026-04-28T03:49:53-04:00] bootstrap_admin_ui: Theme result: theme_id=3
[2026-04-28T03:49:57-04:00] bootstrap_admin_ui: Session data before resolution: platform_admin=true, platform_role=super_admin, user_id=7, session_id=83mhs9auovirmn1d0eogb6el4o
[2026-04-28T03:49:57-04:00] bootstrap_admin_ui: Identity resolved: source=platform_session, is_authenticated=true, user_id=7, is_platform_admin=true, preferred_language=en
[2026-04-28T03:49:57-04:00] bootstrap_admin_ui: Final preferred_language: en
[2026-04-28T03:49:57-04:00] bootstrap_admin_ui: Theme resolution: tenant_id=1, is_platform_admin=true, user_type=platform_admin
[2026-04-28T03:49:57-04:00] bootstrap_admin_ui: Theme result: theme_id=3
[2026-04-28T03:49:57-04:00] bootstrap_admin_ui: Session data before resolution: platform_admin=true, platform_role=super_admin, user_id=7, session_id=83mhs9auovirmn1d0eogb6el4o
[2026-04-28T03:49:57-04:00] bootstrap_admin_ui: Identity resolved: source=platform_session, is_authenticated=true, user_id=7, is_platform_admin=true, preferred_language=en
[2026-04-28T03:49:57-04:00] bootstrap_admin_ui: Final preferred_language: en
[2026-04-28T03:49:57-04:00] bootstrap_admin_ui: Theme resolution: tenant_id=1, is_platform_admin=true, user_type=platform_admin
[2026-04-28T03:49:57-04:00] bootstrap_admin_ui: Theme result: theme_id=3
[2026-04-28T03:49:59-04:00] bootstrap_admin_ui: Session data before resolution: platform_admin=true, platform_role=super_admin, user_id=7, session_id=83mhs9auovirmn1d0eogb6el4o
[2026-04-28T03:49:59-04:00] bootstrap_admin_ui: Identity resolved: source=platform_session, is_authenticated=true, user_id=7, is_platform_admin=true, preferred_language=en
[2026-04-28T03:49:59-04:00] bootstrap_admin_ui: Final preferred_language: en
[2026-04-28T03:49:59-04:00] bootstrap_admin_ui: Theme resolution: tenant_id=1, is_platform_admin=true, user_type=platform_admin
[2026-04-28T03:49:59-04:00] bootstrap_admin_ui: Theme result: theme_id=3
[2026-04-28T03:49:59-04:00] bootstrap_admin_ui: Session data before resolution: platform_admin=true, platform_role=super_admin, user_id=7, session_id=83mhs9auovirmn1d0eogb6el4o
[2026-04-28T03:49:59-04:00] bootstrap_admin_ui: Identity resolved: source=platform_session, is_authenticated=true, user_id=7, is_platform_admin=true, preferred_language=en
[2026-04-28T03:49:59-04:00] bootstrap_admin_ui: Final preferred_language: en
[2026-04-28T03:49:59-04:00] bootstrap_admin_ui: Theme resolution: tenant_id=1, is_platform_admin=true, user_type=platform_admin
[2026-04-28T03:49:59-04:00] bootstrap_admin_ui: Theme result: theme_id=3
[2026-04-28T03:50:08-04:00] bootstrap_admin_ui: Session data before resolution: platform_admin=true, platform_role=super_admin, user_id=7, session_id=83mhs9auovirmn1d0eogb6el4o
[2026-04-28T03:50:08-04:00] bootstrap_admin_ui: Identity resolved: source=platform_session, is_authenticated=true, user_id=7, is_platform_admin=true, preferred_language=en
[2026-04-28T03:50:08-04:00] bootstrap_admin_ui: Final preferred_language: en
[2026-04-28T03:50:08-04:00] bootstrap_admin_ui: Theme resolution: tenant_id=1, is_platform_admin=true, user_type=platform_admin
[2026-04-28T03:50:08-04:00] bootstrap_admin_ui: Theme result: theme_id=3
[2026-04-28T03:50:09-04:00] bootstrap_admin_ui: Session data before resolution: platform_admin=true, platform_role=super_admin, user_id=7, session_id=83mhs9auovirmn1d0eogb6el4o
[2026-04-28T03:50:09-04:00] bootstrap_admin_ui: Identity resolved: source=platform_session, is_authenticated=true, user_id=7, is_platform_admin=true, preferred_language=en
[2026-04-28T03:50:09-04:00] bootstrap_admin_ui: Final preferred_language: en
[2026-04-28T03:50:09-04:00] bootstrap_admin_ui: Theme resolution: tenant_id=1, is_platform_admin=true, user_type=platform_admin
[2026-04-28T03:50:09-04:00] bootstrap_admin_ui: Theme result: theme_id=3
[2026-04-28T03:50:10-04:00] bootstrap_admin_ui: Session data before resolution: platform_admin=true, platform_role=super_admin, user_id=7, session_id=83mhs9auovirmn1d0eogb6el4o
[2026-04-28T03:50:10-04:00] bootstrap_admin_ui: Identity resolved: source=platform_session, is_authenticated=true, user_id=7, is_platform_admin=true, preferred_language=en
[2026-04-28T03:50:10-04:00] bootstrap_admin_ui: Final preferred_language: en
[2026-04-28T03:50:10-04:00] bootstrap_admin_ui: Theme resolution: tenant_id=1, is_platform_admin=true, user_type=platform_admin
[2026-04-28T03:50:10-04:00] bootstrap_admin_ui: Theme result: theme_id=3
[2026-04-28T03:50:15-04:00] bootstrap_admin_ui: Session data before resolution: platform_admin=true, platform_role=super_admin, user_id=7, session_id=83mhs9auovirmn1d0eogb6el4o
[2026-04-28T03:50:15-04:00] bootstrap_admin_ui: Identity resolved: source=platform_session, is_authenticated=true, user_id=7, is_platform_admin=true, preferred_language=en
[2026-04-28T03:50:15-04:00] bootstrap_admin_ui: Final preferred_language: en
[2026-04-28T03:50:15-04:00] bootstrap_admin_ui: Theme resolution: tenant_id=1, is_platform_admin=true, user_type=platform_admin
[2026-04-28T03:50:15-04:00] bootstrap_admin_ui: Theme result: theme_id=3
[2026-04-28T03:50:34-04:00] bootstrap_admin_ui: Session data before resolution: platform_admin=true, platform_role=super_admin, user_id=7, session_id=83mhs9auovirmn1d0eogb6el4o
[2026-04-28T03:50:34-04:00] bootstrap_admin_ui: Identity resolved: source=platform_session, is_authenticated=true, user_id=7, is_platform_admin=true, preferred_language=en
[2026-04-28T03:50:34-04:00] bootstrap_admin_ui: Final preferred_language: en
[2026-04-28T03:50:34-04:00] bootstrap_admin_ui: Theme resolution: tenant_id=1, is_platform_admin=true, user_type=platform_admin
[2026-04-28T03:50:34-04:00] bootstrap_admin_ui: Theme result: theme_id=3
[2026-04-28T03:50:34-04:00] bootstrap_admin_ui: Session data before resolution: platform_admin=true, platform_role=super_admin, user_id=7, session_id=83mhs9auovirmn1d0eogb6el4o
[2026-04-28T03:50:34-04:00] bootstrap_admin_ui: Identity resolved: source=platform_session, is_authenticated=true, user_id=7, is_platform_admin=true, preferred_language=en
[2026-04-28T03:50:34-04:00] bootstrap_admin_ui: Final preferred_language: en
[2026-04-28T03:50:34-04:00] bootstrap_admin_ui: Theme resolution: tenant_id=1, is_platform_admin=true, user_type=platform_admin
[2026-04-28T03:50:34-04:00] bootstrap_admin_ui: Theme result: theme_id=3
[2026-04-28T03:50:36-04:00] bootstrap_admin_ui: Session data before resolution: platform_admin=true, platform_role=super_admin, user_id=7, session_id=83mhs9auovirmn1d0eogb6el4o
[2026-04-28T03:50:36-04:00] bootstrap_admin_ui: Identity resolved: source=platform_session, is_authenticated=true, user_id=7, is_platform_admin=true, preferred_language=en
[2026-04-28T03:50:36-04:00] bootstrap_admin_ui: Final preferred_language: en
[2026-04-28T03:50:36-04:00] bootstrap_admin_ui: Theme resolution: tenant_id=1, is_platform_admin=true, user_type=platform_admin
[2026-04-28T03:50:36-04:00] bootstrap_admin_ui: Theme result: theme_id=3
[2026-04-28T03:50:36-04:00] bootstrap_admin_ui: Session data before resolution: platform_admin=true, platform_role=super_admin, user_id=7, session_id=83mhs9auovirmn1d0eogb6el4o
[2026-04-28T03:50:36-04:00] bootstrap_admin_ui: Identity resolved: source=platform_session, is_authenticated=true, user_id=7, is_platform_admin=true, preferred_language=en
[2026-04-28T03:50:36-04:00] bootstrap_admin_ui: Final preferred_language: en
[2026-04-28T03:50:36-04:00] bootstrap_admin_ui: Theme resolution: tenant_id=1, is_platform_admin=true, user_type=platform_admin
[2026-04-28T03:50:36-04:00] bootstrap_admin_ui: Theme result: theme_id=3
[2026-04-28T04:01:33-04:00] bootstrap_admin_ui: Session data before resolution: platform_admin=true, platform_role=super_admin, user_id=7, session_id=28kbrmlvti95l1ur5glckop0e0
[2026-04-28T04:01:33-04:00] bootstrap_admin_ui: Identity resolved: source=platform_session, is_authenticated=true, user_id=7, is_platform_admin=true, preferred_language=en
[2026-04-28T04:01:33-04:00] bootstrap_admin_ui: Final preferred_language: en
[2026-04-28T04:01:33-04:00] bootstrap_admin_ui: Theme resolution: tenant_id=1, is_platform_admin=true, user_type=platform_admin
[2026-04-28T04:01:33-04:00] bootstrap_admin_ui: Theme result: theme_id=3
[2026-04-28T04:01:34-04:00] bootstrap_admin_ui: Session data before resolution: platform_admin=true, platform_role=super_admin, user_id=7, session_id=28kbrmlvti95l1ur5glckop0e0
[2026-04-28T04:01:34-04:00] bootstrap_admin_ui: Identity resolved: source=platform_session, is_authenticated=true, user_id=7, is_platform_admin=true, preferred_language=en
[2026-04-28T04:01:34-04:00] bootstrap_admin_ui: Final preferred_language: en
[2026-04-28T04:01:34-04:00] bootstrap_admin_ui: Theme resolution: tenant_id=1, is_platform_admin=true, user_type=platform_admin
[2026-04-28T04:01:34-04:00] bootstrap_admin_ui: Theme result: theme_id=3
[2026-04-28T04:01:42-04:00] bootstrap_admin_ui: Session data before resolution: platform_admin=true, platform_role=super_admin, user_id=7, session_id=28kbrmlvti95l1ur5glckop0e0
[2026-04-28T04:01:42-04:00] bootstrap_admin_ui: Identity resolved: source=platform_session, is_authenticated=true, user_id=7, is_platform_admin=true, preferred_language=en
[2026-04-28T04:01:42-04:00] bootstrap_admin_ui: Final preferred_language: en
[2026-04-28T04:01:42-04:00] bootstrap_admin_ui: Theme resolution: tenant_id=1, is_platform_admin=true, user_type=platform_admin
[2026-04-28T04:01:42-04:00] bootstrap_admin_ui: Theme result: theme_id=3
[2026-04-28T04:01:42-04:00] bootstrap_admin_ui: Session data before resolution: platform_admin=true, platform_role=super_admin, user_id=7, session_id=28kbrmlvti95l1ur5glckop0e0
[2026-04-28T04:01:42-04:00] bootstrap_admin_ui: Identity resolved: source=platform_session, is_authenticated=true, user_id=7, is_platform_admin=true, preferred_language=en
[2026-04-28T04:01:42-04:00] bootstrap_admin_ui: Final preferred_language: en
[2026-04-28T04:01:42-04:00] bootstrap_admin_ui: Theme resolution: tenant_id=1, is_platform_admin=true, user_type=platform_admin
[2026-04-28T04:01:42-04:00] bootstrap_admin_ui: Theme result: theme_id=3
[2026-04-28T04:17:29-04:00] bootstrap_admin_ui: Session data before resolution: platform_admin=true, platform_role=super_admin, user_id=7, session_id=28kbrmlvti95l1ur5glckop0e0
[2026-04-28T04:17:29-04:00] bootstrap_admin_ui: Identity resolved: source=platform_session, is_authenticated=true, user_id=7, is_platform_admin=true, preferred_language=en
[2026-04-28T04:17:29-04:00] bootstrap_admin_ui: Final preferred_language: en
[2026-04-28T04:17:29-04:00] bootstrap_admin_ui: Theme resolution: tenant_id=1, is_platform_admin=true, user_type=platform_admin
[2026-04-28T04:17:29-04:00] bootstrap_admin_ui: Theme result: theme_id=3
[2026-04-28T04:17:29-04:00] bootstrap_admin_ui: Session data before resolution: platform_admin=true, platform_role=super_admin, user_id=7, session_id=28kbrmlvti95l1ur5glckop0e0
[2026-04-28T04:17:29-04:00] bootstrap_admin_ui: Identity resolved: source=platform_session, is_authenticated=true, user_id=7, is_platform_admin=true, preferred_language=en
[2026-04-28T04:17:29-04:00] bootstrap_admin_ui: Final preferred_language: en
[2026-04-28T04:17:29-04:00] bootstrap_admin_ui: Theme resolution: tenant_id=1, is_platform_admin=true, user_type=platform_admin
[2026-04-28T04:17:29-04:00] bootstrap_admin_ui: Theme result: theme_id=3
[2026-04-28T04:17:30-04:00] bootstrap_admin_ui: Session data before resolution: platform_admin=true, platform_role=super_admin, user_id=7, session_id=28kbrmlvti95l1ur5glckop0e0
[2026-04-28T04:17:30-04:00] bootstrap_admin_ui: Identity resolved: source=platform_session, is_authenticated=true, user_id=7, is_platform_admin=true, preferred_language=en
[2026-04-28T04:17:30-04:00] bootstrap_admin_ui: Final preferred_language: en
[2026-04-28T04:17:30-04:00] bootstrap_admin_ui: Theme resolution: tenant_id=1, is_platform_admin=true, user_type=platform_admin
[2026-04-28T04:17:30-04:00] bootstrap_admin_ui: Theme result: theme_id=3
[2026-04-28T04:35:24-04:00] bootstrap_admin_ui: Session data before resolution: platform_admin=true, platform_role=super_admin, user_id=7, session_id=uocpo436ajk0cc33pq140bien7
[2026-04-28T04:35:24-04:00] bootstrap_admin_ui: Identity resolved: source=platform_session, is_authenticated=true, user_id=7, is_platform_admin=true, preferred_language=en
[2026-04-28T04:35:24-04:00] bootstrap_admin_ui: Final preferred_language: en
[2026-04-28T04:35:24-04:00] bootstrap_admin_ui: Theme resolution: tenant_id=1, is_platform_admin=true, user_type=platform_admin
[2026-04-28T04:35:24-04:00] bootstrap_admin_ui: Theme result: theme_id=3
[2026-04-28T04:35:33-04:00] bootstrap_admin_ui: Session data before resolution: platform_admin=true, platform_role=super_admin, user_id=7, session_id=uocpo436ajk0cc33pq140bien7
[2026-04-28T04:35:33-04:00] bootstrap_admin_ui: Identity resolved: source=platform_session, is_authenticated=true, user_id=7, is_platform_admin=true, preferred_language=en
[2026-04-28T04:35:33-04:00] bootstrap_admin_ui: Final preferred_language: en
[2026-04-28T04:35:33-04:00] bootstrap_admin_ui: Theme resolution: tenant_id=1, is_platform_admin=true, user_type=platform_admin
[2026-04-28T04:35:33-04:00] bootstrap_admin_ui: Theme result: theme_id=3
[2026-04-28T04:35:33-04:00] bootstrap_admin_ui: Session data before resolution: platform_admin=true, platform_role=super_admin, user_id=7, session_id=uocpo436ajk0cc33pq140bien7
[2026-04-28T04:35:33-04:00] bootstrap_admin_ui: Identity resolved: source=platform_session, is_authenticated=true, user_id=7, is_platform_admin=true, preferred_language=en
[2026-04-28T04:35:33-04:00] bootstrap_admin_ui: Final preferred_language: en
[2026-04-28T04:35:33-04:00] bootstrap_admin_ui: Theme resolution: tenant_id=1, is_platform_admin=true, user_type=platform_admin
[2026-04-28T04:35:33-04:00] bootstrap_admin_ui: Theme result: theme_id=3
[2026-04-28T04:35:48-04:00] bootstrap_admin_ui: Session data before resolution: platform_admin=true, platform_role=super_admin, user_id=7, session_id=uocpo436ajk0cc33pq140bien7
[2026-04-28T04:35:48-04:00] bootstrap_admin_ui: Identity resolved: source=platform_session, is_authenticated=true, user_id=7, is_platform_admin=true, preferred_language=en
[2026-04-28T04:35:48-04:00] bootstrap_admin_ui: Final preferred_language: en
[2026-04-28T04:35:48-04:00] bootstrap_admin_ui: Theme resolution: tenant_id=1, is_platform_admin=true, user_type=platform_admin
[2026-04-28T04:35:48-04:00] bootstrap_admin_ui: Theme result: theme_id=3
[2026-04-28T04:35:48-04:00] bootstrap_admin_ui: Session data before resolution: platform_admin=true, platform_role=super_admin, user_id=7, session_id=uocpo436ajk0cc33pq140bien7
[2026-04-28T04:35:48-04:00] bootstrap_admin_ui: Identity resolved: source=platform_session, is_authenticated=true, user_id=7, is_platform_admin=true, preferred_language=en
[2026-04-28T04:35:48-04:00] bootstrap_admin_ui: Final preferred_language: en
[2026-04-28T04:35:48-04:00] bootstrap_admin_ui: Theme resolution: tenant_id=1, is_platform_admin=true, user_type=platform_admin
[2026-04-28T04:35:48-04:00] bootstrap_admin_ui: Theme result: theme_id=3
[2026-04-28T04:36:04-04:00] bootstrap_admin_ui: Session data before resolution: platform_admin=true, platform_role=super_admin, user_id=7, session_id=uocpo436ajk0cc33pq140bien7
[2026-04-28T04:36:04-04:00] bootstrap_admin_ui: Identity resolved: source=platform_session, is_authenticated=true, user_id=7, is_platform_admin=true, preferred_language=en
[2026-04-28T04:36:04-04:00] bootstrap_admin_ui: Final preferred_language: en
[2026-04-28T04:36:04-04:00] bootstrap_admin_ui: Theme resolution: tenant_id=1, is_platform_admin=true, user_type=platform_admin
[2026-04-28T04:36:04-04:00] bootstrap_admin_ui: Theme result: theme_id=3
[2026-04-28T04:36:04-04:00] bootstrap_admin_ui: Session data before resolution: platform_admin=true, platform_role=super_admin, user_id=7, session_id=uocpo436ajk0cc33pq140bien7
[2026-04-28T04:36:04-04:00] bootstrap_admin_ui: Identity resolved: source=platform_session, is_authenticated=true, user_id=7, is_platform_admin=true, preferred_language=en
[2026-04-28T04:36:04-04:00] bootstrap_admin_ui: Final preferred_language: en
[2026-04-28T04:36:04-04:00] bootstrap_admin_ui: Theme resolution: tenant_id=1, is_platform_admin=true, user_type=platform_admin
[2026-04-28T04:36:04-04:00] bootstrap_admin_ui: Theme result: theme_id=3
[2026-04-28T04:36:04-04:00] bootstrap_admin_ui: Session data before resolution: platform_admin=true, platform_role=super_admin, user_id=7, session_id=uocpo436ajk0cc33pq140bien7
[2026-04-28T04:36:04-04:00] bootstrap_admin_ui: Identity resolved: source=platform_session, is_authenticated=true, user_id=7, is_platform_admin=true, preferred_language=en
[2026-04-28T04:36:04-04:00] bootstrap_admin_ui: Final preferred_language: en
[2026-04-28T04:36:04-04:00] bootstrap_admin_ui: Theme resolution: tenant_id=1, is_platform_admin=true, user_type=platform_admin
[2026-04-28T04:36:04-04:00] bootstrap_admin_ui: Theme result: theme_id=3
[2026-04-28T04:36:14-04:00] bootstrap_admin_ui: Session data before resolution: platform_admin=true, platform_role=super_admin, user_id=7, session_id=uocpo436ajk0cc33pq140bien7
[2026-04-28T04:36:14-04:00] bootstrap_admin_ui: Identity resolved: source=platform_session, is_authenticated=true, user_id=7, is_platform_admin=true, preferred_language=en
[2026-04-28T04:36:14-04:00] bootstrap_admin_ui: Final preferred_language: en
[2026-04-28T04:36:14-04:00] bootstrap_admin_ui: Theme resolution: tenant_id=1, is_platform_admin=true, user_type=platform_admin
[2026-04-28T04:36:14-04:00] bootstrap_admin_ui: Theme result: theme_id=3
[2026-04-28T04:36:14-04:00] bootstrap_admin_ui: Session data before resolution: platform_admin=true, platform_role=super_admin, user_id=7, session_id=uocpo436ajk0cc33pq140bien7
[2026-04-28T04:36:14-04:00] bootstrap_admin_ui: Identity resolved: source=platform_session, is_authenticated=true, user_id=7, is_platform_admin=true, preferred_language=en
[2026-04-28T04:36:14-04:00] bootstrap_admin_ui: Final preferred_language: en
[2026-04-28T04:36:14-04:00] bootstrap_admin_ui: Theme resolution: tenant_id=1, is_platform_admin=true, user_type=platform_admin
[2026-04-28T04:36:14-04:00] bootstrap_admin_ui: Theme result: theme_id=3
[2026-04-28T04:36:25-04:00] bootstrap_admin_ui: Session data before resolution: platform_admin=true, platform_role=super_admin, user_id=7, session_id=uocpo436ajk0cc33pq140bien7
[2026-04-28T04:36:25-04:00] bootstrap_admin_ui: Identity resolved: source=platform_session, is_authenticated=true, user_id=7, is_platform_admin=true, preferred_language=en
[2026-04-28T04:36:25-04:00] bootstrap_admin_ui: Final preferred_language: en
[2026-04-28T04:36:25-04:00] bootstrap_admin_ui: Theme resolution: tenant_id=1, is_platform_admin=true, user_type=platform_admin
[2026-04-28T04:36:25-04:00] bootstrap_admin_ui: Theme result: theme_id=3
[2026-04-28T04:36:25-04:00] bootstrap_admin_ui: Session data before resolution: platform_admin=true, platform_role=super_admin, user_id=7, session_id=uocpo436ajk0cc33pq140bien7
[2026-04-28T04:36:25-04:00] bootstrap_admin_ui: Identity resolved: source=platform_session, is_authenticated=true, user_id=7, is_platform_admin=true, preferred_language=en
[2026-04-28T04:36:25-04:00] bootstrap_admin_ui: Final preferred_language: en
[2026-04-28T04:36:25-04:00] bootstrap_admin_ui: Theme resolution: tenant_id=1, is_platform_admin=true, user_type=platform_admin
[2026-04-28T04:36:25-04:00] bootstrap_admin_ui: Theme result: theme_id=3
[2026-04-28T04:36:33-04:00] bootstrap_admin_ui: Session data before resolution: platform_admin=true, platform_role=super_admin, user_id=7, session_id=uocpo436ajk0cc33pq140bien7
[2026-04-28T04:36:33-04:00] bootstrap_admin_ui: Identity resolved: source=platform_session, is_authenticated=true, user_id=7, is_platform_admin=true, preferred_language=en
[2026-04-28T04:36:33-04:00] bootstrap_admin_ui: Final preferred_language: en
[2026-04-28T04:36:33-04:00] bootstrap_admin_ui: Theme resolution: tenant_id=1, is_platform_admin=true, user_type=platform_admin
[2026-04-28T04:36:33-04:00] bootstrap_admin_ui: Theme result: theme_id=3
[2026-04-28T04:36:33-04:00] bootstrap_admin_ui: Session data before resolution: platform_admin=true, platform_role=super_admin, user_id=7, session_id=uocpo436ajk0cc33pq140bien7
[2026-04-28T04:36:33-04:00] bootstrap_admin_ui: Identity resolved: source=platform_session, is_authenticated=true, user_id=7, is_platform_admin=true, preferred_language=en
[2026-04-28T04:36:33-04:00] bootstrap_admin_ui: Final preferred_language: en
[2026-04-28T04:36:33-04:00] bootstrap_admin_ui: Theme resolution: tenant_id=1, is_platform_admin=true, user_type=platform_admin
[2026-04-28T04:36:33-04:00] bootstrap_admin_ui: Theme result: theme_id=3
[2026-04-28T04:36:33-04:00] bootstrap_admin_ui: Session data before resolution: platform_admin=true, platform_role=super_admin, user_id=7, session_id=uocpo436ajk0cc33pq140bien7
[2026-04-28T04:36:33-04:00] bootstrap_admin_ui: Identity resolved: source=platform_session, is_authenticated=true, user_id=7, is_platform_admin=true, preferred_language=en
[2026-04-28T04:36:33-04:00] bootstrap_admin_ui: Final preferred_language: en
[2026-04-28T04:36:33-04:00] bootstrap_admin_ui: Theme resolution: tenant_id=1, is_platform_admin=true, user_type=platform_admin
[2026-04-28T04:36:33-04:00] bootstrap_admin_ui: Theme result: theme_id=3
[2026-04-28T04:36:43-04:00] bootstrap_admin_ui: Session data before resolution: platform_admin=true, platform_role=super_admin, user_id=7, session_id=uocpo436ajk0cc33pq140bien7
[2026-04-28T04:36:43-04:00] bootstrap_admin_ui: Identity resolved: source=platform_session, is_authenticated=true, user_id=7, is_platform_admin=true, preferred_language=en
[2026-04-28T04:36:43-04:00] bootstrap_admin_ui: Final preferred_language: en
[2026-04-28T04:36:43-04:00] bootstrap_admin_ui: Theme resolution: tenant_id=1, is_platform_admin=true, user_type=platform_admin
[2026-04-28T04:36:43-04:00] bootstrap_admin_ui: Theme result: theme_id=3
[2026-04-28T04:36:43-04:00] bootstrap_admin_ui: Session data before resolution: platform_admin=true, platform_role=super_admin, user_id=7, session_id=uocpo436ajk0cc33pq140bien7
[2026-04-28T04:36:43-04:00] bootstrap_admin_ui: Identity resolved: source=platform_session, is_authenticated=true, user_id=7, is_platform_admin=true, preferred_language=en
[2026-04-28T04:36:43-04:00] bootstrap_admin_ui: Final preferred_language: en
[2026-04-28T04:36:43-04:00] bootstrap_admin_ui: Theme resolution: tenant_id=1, is_platform_admin=true, user_type=platform_admin
[2026-04-28T04:36:43-04:00] bootstrap_admin_ui: Theme result: theme_id=3
[2026-04-28T04:36:53-04:00] bootstrap_admin_ui: Session data before resolution: platform_admin=true, platform_role=super_admin, user_id=7, session_id=uocpo436ajk0cc33pq140bien7
[2026-04-28T04:36:53-04:00] bootstrap_admin_ui: Identity resolved: source=platform_session, is_authenticated=true, user_id=7, is_platform_admin=true, preferred_language=en
[2026-04-28T04:36:53-04:00] bootstrap_admin_ui: Final preferred_language: en
[2026-04-28T04:36:53-04:00] bootstrap_admin_ui: Theme resolution: tenant_id=1, is_platform_admin=true, user_type=platform_admin
[2026-04-28T04:36:54-04:00] bootstrap_admin_ui: Theme result: theme_id=3
[2026-04-28T04:36:54-04:00] bootstrap_admin_ui: Session data before resolution: platform_admin=true, platform_role=super_admin, user_id=7, session_id=uocpo436ajk0cc33pq140bien7
[2026-04-28T04:36:54-04:00] bootstrap_admin_ui: Identity resolved: source=platform_session, is_authenticated=true, user_id=7, is_platform_admin=true, preferred_language=en
[2026-04-28T04:36:54-04:00] bootstrap_admin_ui: Final preferred_language: en
[2026-04-28T04:36:54-04:00] bootstrap_admin_ui: Theme resolution: tenant_id=1, is_platform_admin=true, user_type=platform_admin
[2026-04-28T04:36:54-04:00] bootstrap_admin_ui: Theme result: theme_id=3
[2026-04-28T04:36:56-04:00] bootstrap_admin_ui: Session data before resolution: platform_admin=true, platform_role=super_admin, user_id=7, session_id=uocpo436ajk0cc33pq140bien7
[2026-04-28T04:36:56-04:00] bootstrap_admin_ui: Identity resolved: source=platform_session, is_authenticated=true, user_id=7, is_platform_admin=true, preferred_language=en
[2026-04-28T04:36:56-04:00] bootstrap_admin_ui: Final preferred_language: en
[2026-04-28T04:36:56-04:00] bootstrap_admin_ui: Theme resolution: tenant_id=1, is_platform_admin=true, user_type=platform_admin
[2026-04-28T04:36:56-04:00] bootstrap_admin_ui: Theme result: theme_id=3
[2026-04-28T04:36:56-04:00] bootstrap_admin_ui: Session data before resolution: platform_admin=true, platform_role=super_admin, user_id=7, session_id=uocpo436ajk0cc33pq140bien7
[2026-04-28T04:36:56-04:00] bootstrap_admin_ui: Identity resolved: source=platform_session, is_authenticated=true, user_id=7, is_platform_admin=true, preferred_language=en
[2026-04-28T04:36:56-04:00] bootstrap_admin_ui: Final preferred_language: en
[2026-04-28T04:36:56-04:00] bootstrap_admin_ui: Theme resolution: tenant_id=1, is_platform_admin=true, user_type=platform_admin
[2026-04-28T04:36:56-04:00] bootstrap_admin_ui: Theme result: theme_id=3
[2026-04-28T04:37:00-04:00] bootstrap_admin_ui: Session data before resolution: platform_admin=true, platform_role=super_admin, user_id=7, session_id=uocpo436ajk0cc33pq140bien7
[2026-04-28T04:37:00-04:00] bootstrap_admin_ui: Identity resolved: source=platform_session, is_authenticated=true, user_id=7, is_platform_admin=true, preferred_language=en
[2026-04-28T04:37:00-04:00] bootstrap_admin_ui: Final preferred_language: en
[2026-04-28T04:37:00-04:00] bootstrap_admin_ui: Theme resolution: tenant_id=1, is_platform_admin=true, user_type=platform_admin
[2026-04-28T04:37:00-04:00] bootstrap_admin_ui: Theme result: theme_id=3
[2026-04-28T04:37:00-04:00] bootstrap_admin_ui: Session data before resolution: platform_admin=true, platform_role=super_admin, user_id=7, session_id=uocpo436ajk0cc33pq140bien7
[2026-04-28T04:37:00-04:00] bootstrap_admin_ui: Identity resolved: source=platform_session, is_authenticated=true, user_id=7, is_platform_admin=true, preferred_language=en
[2026-04-28T04:37:00-04:00] bootstrap_admin_ui: Final preferred_language: en
[2026-04-28T04:37:00-04:00] bootstrap_admin_ui: Theme resolution: tenant_id=1, is_platform_admin=true, user_type=platform_admin
[2026-04-28T04:37:00-04:00] bootstrap_admin_ui: Theme result: theme_id=3
[2026-04-28T04:37:06-04:00] bootstrap_admin_ui: Session data before resolution: platform_admin=true, platform_role=super_admin, user_id=7, session_id=uocpo436ajk0cc33pq140bien7
[2026-04-28T04:37:06-04:00] bootstrap_admin_ui: Identity resolved: source=platform_session, is_authenticated=true, user_id=7, is_platform_admin=true, preferred_language=en
[2026-04-28T04:37:06-04:00] bootstrap_admin_ui: Final preferred_language: en
[2026-04-28T04:37:06-04:00] bootstrap_admin_ui: Theme resolution: tenant_id=1, is_platform_admin=true, user_type=platform_admin
[2026-04-28T04:37:06-04:00] bootstrap_admin_ui: Theme result: theme_id=3
[2026-04-28T04:37:07-04:00] bootstrap_admin_ui: Session data before resolution: platform_admin=true, platform_role=super_admin, user_id=7, session_id=uocpo436ajk0cc33pq140bien7
[2026-04-28T04:37:07-04:00] bootstrap_admin_ui: Identity resolved: source=platform_session, is_authenticated=true, user_id=7, is_platform_admin=true, preferred_language=en
[2026-04-28T04:37:07-04:00] bootstrap_admin_ui: Final preferred_language: en
[2026-04-28T04:37:07-04:00] bootstrap_admin_ui: Theme resolution: tenant_id=1, is_platform_admin=true, user_type=platform_admin
[2026-04-28T04:37:07-04:00] bootstrap_admin_ui: Theme result: theme_id=3
[2026-04-28T04:37:08-04:00] bootstrap_admin_ui: Session data before resolution: platform_admin=true, platform_role=super_admin, user_id=7, session_id=uocpo436ajk0cc33pq140bien7
[2026-04-28T04:37:08-04:00] bootstrap_admin_ui: Identity resolved: source=platform_session, is_authenticated=true, user_id=7, is_platform_admin=true, preferred_language=en
[2026-04-28T04:37:08-04:00] bootstrap_admin_ui: Final preferred_language: en
[2026-04-28T04:37:08-04:00] bootstrap_admin_ui: Theme resolution: tenant_id=1, is_platform_admin=true, user_type=platform_admin
[2026-04-28T04:37:08-04:00] bootstrap_admin_ui: Theme result: theme_id=3
[2026-04-28T04:37:14-04:00] bootstrap_admin_ui: Session data before resolution: platform_admin=true, platform_role=super_admin, user_id=7, session_id=uocpo436ajk0cc33pq140bien7
[2026-04-28T04:37:14-04:00] bootstrap_admin_ui: Identity resolved: source=platform_session, is_authenticated=true, user_id=7, is_platform_admin=true, preferred_language=en
[2026-04-28T04:37:14-04:00] bootstrap_admin_ui: Final preferred_language: en
[2026-04-28T04:37:14-04:00] bootstrap_admin_ui: Theme resolution: tenant_id=1, is_platform_admin=true, user_type=platform_admin
[2026-04-28T04:37:14-04:00] bootstrap_admin_ui: Theme result: theme_id=3
[2026-04-28T04:37:14-04:00] bootstrap_admin_ui: Session data before resolution: platform_admin=true, platform_role=super_admin, user_id=7, session_id=uocpo436ajk0cc33pq140bien7
[2026-04-28T04:37:14-04:00] bootstrap_admin_ui: Identity resolved: source=platform_session, is_authenticated=true, user_id=7, is_platform_admin=true, preferred_language=en
[2026-04-28T04:37:14-04:00] bootstrap_admin_ui: Final preferred_language: en
[2026-04-28T04:37:14-04:00] bootstrap_admin_ui: Theme resolution: tenant_id=1, is_platform_admin=true, user_type=platform_admin
[2026-04-28T04:37:14-04:00] bootstrap_admin_ui: Theme result: theme_id=3
[2026-04-28T04:37:20-04:00] bootstrap_admin_ui: Session data before resolution: platform_admin=true, platform_role=super_admin, user_id=7, session_id=uocpo436ajk0cc33pq140bien7
[2026-04-28T04:37:20-04:00] bootstrap_admin_ui: Identity resolved: source=platform_session, is_authenticated=true, user_id=7, is_platform_admin=true, preferred_language=en
[2026-04-28T04:37:20-04:00] bootstrap_admin_ui: Final preferred_language: en
[2026-04-28T04:37:20-04:00] bootstrap_admin_ui: Theme resolution: tenant_id=1, is_platform_admin=true, user_type=platform_admin
[2026-04-28T04:37:20-04:00] bootstrap_admin_ui: Theme result: theme_id=3
[2026-04-28T04:37:20-04:00] bootstrap_admin_ui: Session data before resolution: platform_admin=true, platform_role=super_admin, user_id=7, session_id=uocpo436ajk0cc33pq140bien7
[2026-04-28T04:37:20-04:00] bootstrap_admin_ui: Identity resolved: source=platform_session, is_authenticated=true, user_id=7, is_platform_admin=true, preferred_language=en
[2026-04-28T04:37:20-04:00] bootstrap_admin_ui: Final preferred_language: en
[2026-04-28T04:37:20-04:00] bootstrap_admin_ui: Theme resolution: tenant_id=1, is_platform_admin=true, user_type=platform_admin
[2026-04-28T04:37:20-04:00] bootstrap_admin_ui: Theme result: theme_id=3
[2026-04-28T04:37:39-04:00] bootstrap_admin_ui: Session data before resolution: platform_admin=true, platform_role=super_admin, user_id=7, session_id=uocpo436ajk0cc33pq140bien7
[2026-04-28T04:37:39-04:00] bootstrap_admin_ui: Identity resolved: source=platform_session, is_authenticated=true, user_id=7, is_platform_admin=true, preferred_language=en
[2026-04-28T04:37:39-04:00] bootstrap_admin_ui: Final preferred_language: en
[2026-04-28T04:37:39-04:00] bootstrap_admin_ui: Theme resolution: tenant_id=1, is_platform_admin=true, user_type=platform_admin
[2026-04-28T04:37:39-04:00] bootstrap_admin_ui: Theme result: theme_id=3
[2026-04-28T04:37:39-04:00] bootstrap_admin_ui: Session data before resolution: platform_admin=true, platform_role=super_admin, user_id=7, session_id=uocpo436ajk0cc33pq140bien7
[2026-04-28T04:37:39-04:00] bootstrap_admin_ui: Identity resolved: source=platform_session, is_authenticated=true, user_id=7, is_platform_admin=true, preferred_language=en
[2026-04-28T04:37:39-04:00] bootstrap_admin_ui: Final preferred_language: en
[2026-04-28T04:37:39-04:00] bootstrap_admin_ui: Theme resolution: tenant_id=1, is_platform_admin=true, user_type=platform_admin
[2026-04-28T04:37:39-04:00] bootstrap_admin_ui: Theme result: theme_id=3
[2026-04-28T04:37:44-04:00] bootstrap_admin_ui: Session data before resolution: platform_admin=true, platform_role=super_admin, user_id=7, session_id=uocpo436ajk0cc33pq140bien7
[2026-04-28T04:37:44-04:00] bootstrap_admin_ui: Identity resolved: source=platform_session, is_authenticated=true, user_id=7, is_platform_admin=true, preferred_language=en
[2026-04-28T04:37:44-04:00] bootstrap_admin_ui: Final preferred_language: en
[2026-04-28T04:37:44-04:00] bootstrap_admin_ui: Theme resolution: tenant_id=1, is_platform_admin=true, user_type=platform_admin
[2026-04-28T04:37:44-04:00] bootstrap_admin_ui: Theme result: theme_id=3
[2026-04-28T04:37:44-04:00] bootstrap_admin_ui: Session data before resolution: platform_admin=true, platform_role=super_admin, user_id=7, session_id=uocpo436ajk0cc33pq140bien7
[2026-04-28T04:37:44-04:00] bootstrap_admin_ui: Identity resolved: source=platform_session, is_authenticated=true, user_id=7, is_platform_admin=true, preferred_language=en
[2026-04-28T04:37:44-04:00] bootstrap_admin_ui: Final preferred_language: en
[2026-04-28T04:37:44-04:00] bootstrap_admin_ui: Theme resolution: tenant_id=1, is_platform_admin=true, user_type=platform_admin
[2026-04-28T04:37:44-04:00] bootstrap_admin_ui: Theme result: theme_id=3
[2026-04-28T04:37:59-04:00] bootstrap_admin_ui: Session data before resolution: platform_admin=true, platform_role=super_admin, user_id=7, session_id=uocpo436ajk0cc33pq140bien7
[2026-04-28T04:37:59-04:00] bootstrap_admin_ui: Identity resolved: source=platform_session, is_authenticated=true, user_id=7, is_platform_admin=true, preferred_language=en
[2026-04-28T04:37:59-04:00] bootstrap_admin_ui: Final preferred_language: en
[2026-04-28T04:37:59-04:00] bootstrap_admin_ui: Theme resolution: tenant_id=1, is_platform_admin=true, user_type=platform_admin
[2026-04-28T04:37:59-04:00] bootstrap_admin_ui: Theme result: theme_id=3
[2026-04-28T04:38:00-04:00] bootstrap_admin_ui: Session data before resolution: platform_admin=true, platform_role=super_admin, user_id=7, session_id=uocpo436ajk0cc33pq140bien7
[2026-04-28T04:38:00-04:00] bootstrap_admin_ui: Identity resolved: source=platform_session, is_authenticated=true, user_id=7, is_platform_admin=true, preferred_language=en
[2026-04-28T04:38:00-04:00] bootstrap_admin_ui: Final preferred_language: en
[2026-04-28T04:38:00-04:00] bootstrap_admin_ui: Theme resolution: tenant_id=1, is_platform_admin=true, user_type=platform_admin
[2026-04-28T04:38:00-04:00] bootstrap_admin_ui: Theme result: theme_id=3
[2026-04-28T04:38:21-04:00] bootstrap_admin_ui: Session data before resolution: platform_admin=true, platform_role=super_admin, user_id=7, session_id=uocpo436ajk0cc33pq140bien7
[2026-04-28T04:38:21-04:00] bootstrap_admin_ui: Identity resolved: source=platform_session, is_authenticated=true, user_id=7, is_platform_admin=true, preferred_language=en
[2026-04-28T04:38:21-04:00] bootstrap_admin_ui: Final preferred_language: en
[2026-04-28T04:38:21-04:00] bootstrap_admin_ui: Theme resolution: tenant_id=1, is_platform_admin=true, user_type=platform_admin
[2026-04-28T04:38:21-04:00] bootstrap_admin_ui: Theme result: theme_id=3
[2026-04-28T04:38:21-04:00] bootstrap_admin_ui: Session data before resolution: platform_admin=true, platform_role=super_admin, user_id=7, session_id=uocpo436ajk0cc33pq140bien7
[2026-04-28T04:38:21-04:00] bootstrap_admin_ui: Identity resolved: source=platform_session, is_authenticated=true, user_id=7, is_platform_admin=true, preferred_language=en
[2026-04-28T04:38:21-04:00] bootstrap_admin_ui: Final preferred_language: en
[2026-04-28T04:38:21-04:00] bootstrap_admin_ui: Theme resolution: tenant_id=1, is_platform_admin=true, user_type=platform_admin
[2026-04-28T04:38:21-04:00] bootstrap_admin_ui: Theme result: theme_id=3
[2026-04-28T04:38:27-04:00] bootstrap_admin_ui: Session data before resolution: platform_admin=true, platform_role=super_admin, user_id=7, session_id=uocpo436ajk0cc33pq140bien7
[2026-04-28T04:38:27-04:00] bootstrap_admin_ui: Identity resolved: source=platform_session, is_authenticated=true, user_id=7, is_platform_admin=true, preferred_language=en
[2026-04-28T04:38:27-04:00] bootstrap_admin_ui: Final preferred_language: en
[2026-04-28T04:38:27-04:00] bootstrap_admin_ui: Theme resolution: tenant_id=1, is_platform_admin=true, user_type=platform_admin
[2026-04-28T04:38:27-04:00] bootstrap_admin_ui: Theme result: theme_id=3
[2026-04-28T04:38:28-04:00] bootstrap_admin_ui: Session data before resolution: platform_admin=true, platform_role=super_admin, user_id=7, session_id=uocpo436ajk0cc33pq140bien7
[2026-04-28T04:38:28-04:00] bootstrap_admin_ui: Identity resolved: source=platform_session, is_authenticated=true, user_id=7, is_platform_admin=true, preferred_language=en
[2026-04-28T04:38:28-04:00] bootstrap_admin_ui: Final preferred_language: en
[2026-04-28T04:38:28-04:00] bootstrap_admin_ui: Theme resolution: tenant_id=1, is_platform_admin=true, user_type=platform_admin
[2026-04-28T04:38:28-04:00] bootstrap_admin_ui: Theme result: theme_id=3
[2026-04-28T04:38:45-04:00] bootstrap_admin_ui: Session data before resolution: platform_admin=true, platform_role=super_admin, user_id=7, session_id=uocpo436ajk0cc33pq140bien7
[2026-04-28T04:38:45-04:00] bootstrap_admin_ui: Identity resolved: source=platform_session, is_authenticated=true, user_id=7, is_platform_admin=true, preferred_language=en
[2026-04-28T04:38:45-04:00] bootstrap_admin_ui: Final preferred_language: en
[2026-04-28T04:38:45-04:00] bootstrap_admin_ui: Theme resolution: tenant_id=1, is_platform_admin=true, user_type=platform_admin
[2026-04-28T04:38:45-04:00] bootstrap_admin_ui: Theme result: theme_id=3
[2026-04-28T04:38:45-04:00] bootstrap_admin_ui: Session data before resolution: platform_admin=true, platform_role=super_admin, user_id=7, session_id=uocpo436ajk0cc33pq140bien7
[2026-04-28T04:38:45-04:00] bootstrap_admin_ui: Identity resolved: source=platform_session, is_authenticated=true, user_id=7, is_platform_admin=true, preferred_language=en
[2026-04-28T04:38:45-04:00] bootstrap_admin_ui: Final preferred_language: en
[2026-04-28T04:38:45-04:00] bootstrap_admin_ui: Theme resolution: tenant_id=1, is_platform_admin=true, user_type=platform_admin
[2026-04-28T04:38:45-04:00] bootstrap_admin_ui: Theme result: theme_id=3
[2026-04-28T04:38:46-04:00] bootstrap_admin_ui: Session data before resolution: platform_admin=true, platform_role=super_admin, user_id=7, session_id=uocpo436ajk0cc33pq140bien7
[2026-04-28T04:38:46-04:00] bootstrap_admin_ui: Identity resolved: source=platform_session, is_authenticated=true, user_id=7, is_platform_admin=true, preferred_language=en
[2026-04-28T04:38:46-04:00] bootstrap_admin_ui: Final preferred_language: en
[2026-04-28T04:38:46-04:00] bootstrap_admin_ui: Theme resolution: tenant_id=1, is_platform_admin=true, user_type=platform_admin
[2026-04-28T04:38:46-04:00] bootstrap_admin_ui: Theme result: theme_id=3
[2026-04-28T04:38:46-04:00] bootstrap_admin_ui: Session data before resolution: platform_admin=true, platform_role=super_admin, user_id=7, session_id=uocpo436ajk0cc33pq140bien7
[2026-04-28T04:38:46-04:00] bootstrap_admin_ui: Identity resolved: source=platform_session, is_authenticated=true, user_id=7, is_platform_admin=true, preferred_language=en
[2026-04-28T04:38:46-04:00] bootstrap_admin_ui: Final preferred_language: en
[2026-04-28T04:38:46-04:00] bootstrap_admin_ui: Theme resolution: tenant_id=1, is_platform_admin=true, user_type=platform_admin
[2026-04-28T04:38:46-04:00] bootstrap_admin_ui: Theme result: theme_id=3
[2026-04-28T04:38:48-04:00] bootstrap_admin_ui: Session data before resolution: platform_admin=true, platform_role=super_admin, user_id=7, session_id=uocpo436ajk0cc33pq140bien7
[2026-04-28T04:38:48-04:00] bootstrap_admin_ui: Identity resolved: source=platform_session, is_authenticated=true, user_id=7, is_platform_admin=true, preferred_language=en
[2026-04-28T04:38:48-04:00] bootstrap_admin_ui: Final preferred_language: en
[2026-04-28T04:38:48-04:00] bootstrap_admin_ui: Theme resolution: tenant_id=1, is_platform_admin=true, user_type=platform_admin
[2026-04-28T04:38:48-04:00] bootstrap_admin_ui: Theme result: theme_id=3
[2026-04-28T04:38:48-04:00] bootstrap_admin_ui: Session data before resolution: platform_admin=true, platform_role=super_admin, user_id=7, session_id=uocpo436ajk0cc33pq140bien7
[2026-04-28T04:38:48-04:00] bootstrap_admin_ui: Identity resolved: source=platform_session, is_authenticated=true, user_id=7, is_platform_admin=true, preferred_language=en
[2026-04-28T04:38:48-04:00] bootstrap_admin_ui: Final preferred_language: en
[2026-04-28T04:38:48-04:00] bootstrap_admin_ui: Theme resolution: tenant_id=1, is_platform_admin=true, user_type=platform_admin
[2026-04-28T04:38:48-04:00] bootstrap_admin_ui: Theme result: theme_id=3
[2026-04-28T04:38:48-04:00] bootstrap_admin_ui: Session data before resolution: platform_admin=true, platform_role=super_admin, user_id=7, session_id=uocpo436ajk0cc33pq140bien7
[2026-04-28T04:38:48-04:00] bootstrap_admin_ui: Identity resolved: source=platform_session, is_authenticated=true, user_id=7, is_platform_admin=true, preferred_language=en
[2026-04-28T04:38:48-04:00] bootstrap_admin_ui: Final preferred_language: en
[2026-04-28T04:38:48-04:00] bootstrap_admin_ui: Theme resolution: tenant_id=1, is_platform_admin=true, user_type=platform_admin
[2026-04-28T04:38:48-04:00] bootstrap_admin_ui: Theme result: theme_id=3
[2026-04-28T04:38:55-04:00] bootstrap_admin_ui: Session data before resolution: platform_admin=true, platform_role=super_admin, user_id=7, session_id=uocpo436ajk0cc33pq140bien7
[2026-04-28T04:38:55-04:00] bootstrap_admin_ui: Identity resolved: source=platform_session, is_authenticated=true, user_id=7, is_platform_admin=true, preferred_language=en
[2026-04-28T04:38:55-04:00] bootstrap_admin_ui: Final preferred_language: en
[2026-04-28T04:38:55-04:00] bootstrap_admin_ui: Theme resolution: tenant_id=1, is_platform_admin=true, user_type=platform_admin
[2026-04-28T04:38:55-04:00] bootstrap_admin_ui: Theme result: theme_id=3
[2026-04-28T05:48:56-04:00] bootstrap_admin_ui: Session data before resolution: platform_admin=true, platform_role=super_admin, user_id=7, session_id=28kbrmlvti95l1ur5glckop0e0
[2026-04-28T05:48:56-04:00] bootstrap_admin_ui: Identity resolved: source=platform_session, is_authenticated=true, user_id=7, is_platform_admin=true, preferred_language=en
[2026-04-28T05:48:56-04:00] bootstrap_admin_ui: Final preferred_language: en
[2026-04-28T05:48:56-04:00] bootstrap_admin_ui: Theme resolution: tenant_id=1, is_platform_admin=true, user_type=platform_admin
[2026-04-28T05:48:56-04:00] bootstrap_admin_ui: Theme result: theme_id=3
[2026-04-28T09:29:19-04:00] bootstrap_admin_ui: Session data before resolution: platform_admin=true, platform_role=super_admin, user_id=7, session_id=83mhs9auovirmn1d0eogb6el4o
[2026-04-28T09:29:19-04:00] bootstrap_admin_ui: Identity resolved: source=platform_session, is_authenticated=true, user_id=7, is_platform_admin=true, preferred_language=en
[2026-04-28T09:29:19-04:00] bootstrap_admin_ui: Final preferred_language: en
[2026-04-28T09:29:19-04:00] bootstrap_admin_ui: Theme resolution: tenant_id=1, is_platform_admin=true, user_type=platform_admin
[2026-04-28T09:29:19-04:00] bootstrap_admin_ui: Theme result: theme_id=3
